
Running 16 tests using 1 worker

(node:2220383) Warning: The 'NO_COLOR' env is ignored due to the 'FORCE_COLOR' env being set.
(Use `node --trace-warnings ...` to show where the warning was created)
  ✓   1 [webkit] › tests/browser/site-contribution-catalog.spec.ts:13:1 › browser contribution intent and signature commit separately, survive reopening and abort signing on lock without publishing (1.2s)
  ✓   2 [webkit] › tests/browser/site-contribution-catalog.spec.ts:214:1 › browser catalogue expiry preserves the old result and missing staging is an integrity error (594ms)
  ✓   3 [webkit] › tests/browser/site-contribution-catalog.spec.ts:320:1 › browser rechecks the fixed deadline after policy before signing, with a one-millisecond positive control (620ms)
  ✓   4 [webkit] › tests/browser/site-contribution-catalog.spec.ts:389:1 › browser retains one private encrypted envelope across reopen and cancels a late seal when the identity locks (1.2s)
  ✓   5 [webkit] › tests/browser/site-contribution-catalog.spec.ts:549:1 › repeating cancellation of an old proposal preserves a different active preparation (614ms)
  ✓   6 [webkit] › tests/browser/site-contribution-catalog.spec.ts:606:1 › browser queued handoff keeps source and envelope private, supports a second intent and preserves packet identity after expiry (844ms)
  ✓   7 [webkit] › tests/browser/site-contribution-copy.spec.ts:12:3 › proposal copy rechecks block and never reports an unavailable envelope as copied (1.1s)
  ✓   8 [webkit] › tests/browser/site-contribution-copy.spec.ts:12:3 › proposal copy rechecks withdraw and never reports an unavailable envelope as copied (1.1s)
  ✓   9 [webkit] › tests/browser/site-contribution-copy.spec.ts:12:3 › proposal copy rechecks lock and never reports an unavailable envelope as copied (1.2s)
  ✓  10 [webkit] › tests/browser/site-contribution-copy.spec.ts:12:3 › proposal copy rechecks lost-copy and never reports an unavailable envelope as copied (1.1s)
  ✓  11 [webkit] › tests/browser/site-contribution-send.spec.ts:107:1 › two autonomous browser accounts send a private form proposal through real RTC while the sender relay is paused (3.2s)
  ✓  12 [webkit] › tests/browser/site-contribution-serve-race.spec.ts:13:3 › in-flight proposal authorization cannot survive cancel while its policy read is retained (797ms)
  ✓  13 [webkit] › tests/browser/site-contribution-serve-race.spec.ts:13:3 › in-flight proposal authorization cannot survive expire while its policy read is retained (755ms)
  ✓  14 [webkit] › tests/browser/site-contribution-serve-race.spec.ts:13:3 › in-flight proposal authorization cannot survive close while its policy read is retained (763ms)
  ✓  15 [webkit] › tests/browser/site-contribution-worker.spec.ts:53:1 › production worker describes an authenticated form after UI setup and unlock without exposing keys or accepting caller authority (2.3s)
  ✓  16 [webkit] › tests/browser/site-contribution-worker.spec.ts:146:1 › production workers recover queued proposals offline and send through the UI-established RTC link without reviving cancellation (9.4s)

  16 passed (28.0s)
