
Running 16 tests using 1 worker

(node:2217011) Warning: The 'NO_COLOR' env is ignored due to the 'FORCE_COLOR' env being set.
(Use `node --trace-warnings ...` to show where the warning was created)
  ✓   1 [firefox] › tests/browser/site-contribution-catalog.spec.ts:13:1 › browser contribution intent and signature commit separately, survive reopening and abort signing on lock without publishing (3.2s)
  ✓   2 [firefox] › tests/browser/site-contribution-catalog.spec.ts:214:1 › browser catalogue expiry preserves the old result and missing staging is an integrity error (887ms)
  ✓   3 [firefox] › tests/browser/site-contribution-catalog.spec.ts:320:1 › browser rechecks the fixed deadline after policy before signing, with a one-millisecond positive control (938ms)
  ✓   4 [firefox] › tests/browser/site-contribution-catalog.spec.ts:389:1 › browser retains one private encrypted envelope across reopen and cancels a late seal when the identity locks (2.0s)
  ✓   5 [firefox] › tests/browser/site-contribution-catalog.spec.ts:549:1 › repeating cancellation of an old proposal preserves a different active preparation (942ms)
  ✓   6 [firefox] › tests/browser/site-contribution-catalog.spec.ts:606:1 › browser queued handoff keeps source and envelope private, supports a second intent and preserves packet identity after expiry (1.5s)
  ✓   7 [firefox] › tests/browser/site-contribution-copy.spec.ts:12:3 › proposal copy rechecks block and never reports an unavailable envelope as copied (1.9s)
  ✓   8 [firefox] › tests/browser/site-contribution-copy.spec.ts:12:3 › proposal copy rechecks withdraw and never reports an unavailable envelope as copied (1.8s)
  ✓   9 [firefox] › tests/browser/site-contribution-copy.spec.ts:12:3 › proposal copy rechecks lock and never reports an unavailable envelope as copied (2.4s)
  ✓  10 [firefox] › tests/browser/site-contribution-copy.spec.ts:12:3 › proposal copy rechecks lost-copy and never reports an unavailable envelope as copied (2.4s)
  ✓  11 [firefox] › tests/browser/site-contribution-send.spec.ts:107:1 › two autonomous browser accounts send a private form proposal through real RTC while the sender relay is paused (4.1s)
  ✓  12 [firefox] › tests/browser/site-contribution-serve-race.spec.ts:13:3 › in-flight proposal authorization cannot survive cancel while its policy read is retained (1.4s)
  ✓  13 [firefox] › tests/browser/site-contribution-serve-race.spec.ts:13:3 › in-flight proposal authorization cannot survive expire while its policy read is retained (1.3s)
  ✓  14 [firefox] › tests/browser/site-contribution-serve-race.spec.ts:13:3 › in-flight proposal authorization cannot survive close while its policy read is retained (1.3s)
  ✓  15 [firefox] › tests/browser/site-contribution-worker.spec.ts:53:1 › production worker describes an authenticated form after UI setup and unlock without exposing keys or accepting caller authority (2.2s)
  ✓  16 [firefox] › tests/browser/site-contribution-worker.spec.ts:146:1 › production workers recover queued proposals offline and send through the UI-established RTC link without reviving cancellation (9.8s)

  16 passed (40.1s)
