Monitoring boot status for RelayLoom-CI-b2b4a86b-c81d-452b-8304-c6ac8e760b2c (E3EF55D3-28F0-4D3B-921A-99F08F23CDD2).
[2026-09-23 01:40:14 +0000] Status=2, isTerminal=NO, Elapsed=00:41.
	Waiting on Data Migration
		Reason:Running plugin com.apple.-0LaunchServicesMigrator (00LaunchServicesMigrator.migrator, user-agnostic)
		Migration Elapsed:00:36 seconds

[2026-09-23 01:40:18 +0000] Status=2, isTerminal=NO, Elapsed=00:44.
	Waiting on Data Migration
		Reason:Running plugin com.apple.securityd.KeychainMigrator (KeychainMigrator.migrator, user-agnostic)
		Migration Elapsed:00:37 seconds

[2026-09-23 01:40:19 +0000] Status=2, isTerminal=NO, Elapsed=00:45.
	Waiting on Data Migration
		Reason:Running plugin com.apple.managedconfiguration.migrator (MCProfile.migrator, user-agnostic)
		Migration Elapsed:00:39 seconds

[2026-09-23 01:40:19 +0000] Status=2, isTerminal=NO, Elapsed=00:45.
	Waiting on Data Migration
		Reason:Running plugin com.apple.managedconfiguration.migrator (MCProfile.migrator, user-agnostic)
		Migration Elapsed:00:40 seconds

[2026-09-23 01:40:20 +0000] Status=2, isTerminal=NO, Elapsed=00:46.
	Waiting on Data Migration
		Reason:Running plugin com.apple.managedconfiguration.migrator (MCProfile.migrator, user-agnostic)
		Migration Elapsed:00:41 seconds

[2026-09-23 01:40:21 +0000] Status=2, isTerminal=NO, Elapsed=00:47.
	Waiting on Data Migration
		Reason:Running plugin com.apple.MobileSafari.migrator (MobileSafari.migrator)
		Migration Elapsed:00:42 seconds

[2026-09-23 01:40:23 +0000] Status=2, isTerminal=NO, Elapsed=00:49.
	Waiting on Data Migration
		Reason:Running plugin com.apple.accounts.obsolescencemigrator (AccountsObsolescence.migrator)
		Migration Elapsed:00:43 seconds

[2026-09-23 01:40:24 +0000] Status=4, isTerminal=NO, Elapsed=00:50.
	Waiting on System App

[2026-09-23 01:40:24 +0000] Status=4, isTerminal=NO, Elapsed=00:50.
	Waiting on System App

[2026-09-23 01:40:25 +0000] Status=4, isTerminal=NO, Elapsed=00:51.
	Waiting on System App

[2026-09-23 01:40:26 +0000] Status=4, isTerminal=NO, Elapsed=00:52.
	Waiting on System App

[2026-09-23 01:40:27 +0000] Status=4, isTerminal=NO, Elapsed=00:53.
	Waiting on System App

[2026-09-23 01:40:28 +0000] Status=4, isTerminal=NO, Elapsed=00:54.
	Waiting on System App

[2026-09-23 01:40:32 +0000] Status=4294967295, isTerminal=YES, Elapsed=00:58.
	Finished

