TAP version 13
# (node:903280) ExperimentalWarning: SQLite is an experimental feature and might change at any time
# (Use `node --trace-warnings ...` to show where the warning was created)
# Subtest: Node receipt batch rotates fairly and retains every pending original envelope
ok 1 - Node receipt batch rotates fairly and retains every pending original envelope
  ---
  duration_ms: 1394.168613
  type: 'test'
  ...
# Subtest: Node receipt batch charges failed copies and retains every pending original envelope
ok 2 - Node receipt batch charges failed copies and retains every pending original envelope
  ---
  duration_ms: 1174.916994
  type: 'test'
  ...
# Subtest: Go receipt runtime applies the same rotating copy budget, including real quota failures
ok 3 - Go receipt runtime applies the same rotating copy budget, including real quota failures
  ---
  duration_ms: 32115.859054
  type: 'test'
  ...
1..3
# tests 3
# suites 0
# pass 3
# fail 0
# cancelled 0
# skipped 0
# todo 0
# duration_ms 34919.867373
