
Running 36 tests using 1 worker

(node:519893) Warning: The 'NO_COLOR' env is ignored due to the 'FORCE_COLOR' env being set.
(Use `node --trace-warnings ...` to show where the warning was created)
  ✓   1 [chromium] › tests/browser/application.spec.ts:74:1 › autonomous Liquid Glass UI owns identity and offline outbox, connects through real RTC, receives signed confirmations and survives reload (8.2s)
  ✓   2 [chromium] › tests/browser/application.spec.ts:203:1 › autonomous social actions and safe signed site builder persist and remain viewable after author closes (13.4s)
  ✓   3 [chromium] › tests/browser/application.spec.ts:358:1 › production worker keeps private keys out of replies and recovers an applied send after the UI response is lost (22.3s)
  ✓   4 [chromium] › tests/browser/application.spec.ts:465:1 › a second tab cannot take ownership of a live application profile and an unknown or corrupt profile is never silently reset (1.6s)
  ✓   5 [chromium] › tests/browser/application.spec.ts:522:1 › cached application code and encrypted profile reopen when the static host is unavailable, without installing the PWA (2.1s)
  ✓   6 [chromium] › tests/browser/application.spec.ts:588:1 › corrupted cached worker is rejected offline and recovered only from verified available code (1.1s)
  ✓   7 [chromium] › tests/browser/connectivity.spec.ts:97:1 › both pending outboxes deliver after completing signalling; modes stay separate and diagnostics contain no secrets (13.0s)
  ✓   8 [chromium] › tests/browser/connectivity.spec.ts:241:1 › closing while a code is being generated releases the late pending peer (4.6s)
  ✓   9 [chromium] › tests/browser/contact-relay.spec.ts:120:1 › imported contact immediately appears once, survives reload and becomes the first real DM without a duplicate (5.0s)
  ✓  10 [chromium] › tests/browser/contact-relay.spec.ts:207:1 › relay consent through the UI gates a real A to B to C path and does not grant B private reading (32.3s)
  ✓  11 [chromium] › tests/browser/public-distribution.checks.ts:6:1 › public build serves every integrity-pinned asset below its prefix, with no daemon entry (49ms)
  ✓  12 [chromium] › tests/browser/public-distribution.checks.ts:59:1 › subpath offline installation preserves other installations' caches and uses no external runtime (637ms)
(node:528632) Warning: The 'NO_COLOR' env is ignored due to the 'FORCE_COLOR' env being set.
(Use `node --trace-warnings ...` to show where the warning was created)
  ✓  13 [firefox] › tests/browser/application.spec.ts:74:1 › autonomous Liquid Glass UI owns identity and offline outbox, connects through real RTC, receives signed confirmations and survives reload (12.3s)
  ✓  14 [firefox] › tests/browser/application.spec.ts:203:1 › autonomous social actions and safe signed site builder persist and remain viewable after author closes (14.9s)
  ✓  15 [firefox] › tests/browser/application.spec.ts:358:1 › production worker keeps private keys out of replies and recovers an applied send after the UI response is lost (25.0s)
  ✓  16 [firefox] › tests/browser/application.spec.ts:465:1 › a second tab cannot take ownership of a live application profile and an unknown or corrupt profile is never silently reset (2.3s)
  ✓  17 [firefox] › tests/browser/application.spec.ts:522:1 › cached application code and encrypted profile reopen when the static host is unavailable, without installing the PWA (2.6s)
  ✓  18 [firefox] › tests/browser/application.spec.ts:588:1 › corrupted cached worker is rejected offline and recovered only from verified available code (1.8s)
  ✓  19 [firefox] › tests/browser/connectivity.spec.ts:97:1 › both pending outboxes deliver after completing signalling; modes stay separate and diagnostics contain no secrets (16.8s)
  ✓  20 [firefox] › tests/browser/connectivity.spec.ts:241:1 › closing while a code is being generated releases the late pending peer (5.2s)
  ✓  21 [firefox] › tests/browser/contact-relay.spec.ts:120:1 › imported contact immediately appears once, survives reload and becomes the first real DM without a duplicate (8.0s)
  ✓  22 [firefox] › tests/browser/contact-relay.spec.ts:207:1 › relay consent through the UI gates a real A to B to C path and does not grant B private reading (31.4s)
  ✓  23 [firefox] › tests/browser/public-distribution.checks.ts:6:1 › public build serves every integrity-pinned asset below its prefix, with no daemon entry (51ms)
  ✓  24 [firefox] › tests/browser/public-distribution.checks.ts:59:1 › subpath offline installation preserves other installations' caches and uses no external runtime (1.2s)
(node:542961) Warning: The 'NO_COLOR' env is ignored due to the 'FORCE_COLOR' env being set.
(Use `node --trace-warnings ...` to show where the warning was created)
  ✓  25 [webkit] › tests/browser/application.spec.ts:74:1 › autonomous Liquid Glass UI owns identity and offline outbox, connects through real RTC, receives signed confirmations and survives reload (10.8s)
  ✓  26 [webkit] › tests/browser/application.spec.ts:203:1 › autonomous social actions and safe signed site builder persist and remain viewable after author closes (15.2s)
  ✓  27 [webkit] › tests/browser/application.spec.ts:358:1 › production worker keeps private keys out of replies and recovers an applied send after the UI response is lost (24.3s)
  ✓  28 [webkit] › tests/browser/application.spec.ts:465:1 › a second tab cannot take ownership of a live application profile and an unknown or corrupt profile is never silently reset (3.2s)
  ✓  29 [webkit] › tests/browser/application.spec.ts:522:1 › cached application code and encrypted profile reopen when the static host is unavailable, without installing the PWA (3.2s)
  ✓  30 [webkit] › tests/browser/application.spec.ts:588:1 › corrupted cached worker is rejected offline and recovered only from verified available code (2.0s)
  ✓  31 [webkit] › tests/browser/connectivity.spec.ts:97:1 › both pending outboxes deliver after completing signalling; modes stay separate and diagnostics contain no secrets (15.9s)
  ✓  32 [webkit] › tests/browser/connectivity.spec.ts:241:1 › closing while a code is being generated releases the late pending peer (5.2s)
  ✓  33 [webkit] › tests/browser/contact-relay.spec.ts:120:1 › imported contact immediately appears once, survives reload and becomes the first real DM without a duplicate (7.1s)
  ✓  34 [webkit] › tests/browser/contact-relay.spec.ts:207:1 › relay consent through the UI gates a real A to B to C path and does not grant B private reading (48.1s)
  ✓  35 [webkit] › tests/browser/public-distribution.checks.ts:6:1 › public build serves every integrity-pinned asset below its prefix, with no daemon entry (51ms)
  ✓  36 [webkit] › tests/browser/public-distribution.checks.ts:59:1 › subpath offline installation preserves other installations' caches and uses no external runtime (1.4s)

  36 passed (6.1m)
