go: downloading modernc.org/libc v1.75.6
go: downloading golang.org/x/sys v0.47.0
go: downloading modernc.org/fileutil v1.4.0
go: downloading modernc.org/mathutil v1.7.1
go: downloading github.com/google/pprof v0.0.0-20260802141513-ef3492d7dac3
go: downloading github.com/remyoudompheng/bigfft v0.0.0-20230129092748-24d4a6f8daec
go: downloading github.com/google/uuid v1.6.0
go: downloading modernc.org/memory v1.12.1
go: downloading github.com/dustin/go-humanize v1.0.1
go: downloading github.com/mattn/go-isatty v0.0.24
go: downloading github.com/ncruces/go-strftime v1.0.0
go: downloading golang.org/x/tools v0.48.0
go: downloading modernc.org/goabi0 v0.2.0
go: downloading modernc.org/cc/v4 v4.29.2
go: downloading modernc.org/ccgo/v4 v4.35.0
go: downloading golang.org/x/sync v0.22.0
go: downloading golang.org/x/mod v0.38.0
go: downloading modernc.org/sortutil v1.2.1
go: downloading modernc.org/token v1.1.0
go: downloading modernc.org/opt v0.2.0
go: downloading modernc.org/strutil v1.2.1
go: downloading modernc.org/gc/v2 v2.6.5
go: downloading modernc.org/gc/v3 v3.1.5
go: downloading github.com/hashicorp/golang-lru/v2 v2.0.7
