TAP version 13
# (node:3800397) ExperimentalWarning: SQLite is an experimental feature and might change at any time
# (Use `node --trace-warnings ...` to show where the warning was created)
# Subtest: node inbox persists an original proposal that the other process verifies and reopens with the same encrypted source
ok 1 - node inbox persists an original proposal that the other process verifies and reopens with the same encrypted source
  ---
  duration_ms: 5539.279855
  type: 'test'
  ...
# Subtest: go inbox persists an original proposal that the other process verifies and reopens with the same encrypted source
ok 2 - go inbox persists an original proposal that the other process verifies and reopens with the same encrypted source
  ---
  duration_ms: 5468.020165
  type: 'test'
  ...
# Subtest: Go inbox process exit before-commit during admit preserves the exact committed boundary
ok 3 - Go inbox process exit before-commit during admit preserves the exact committed boundary
  ---
  duration_ms: 2240.371014
  type: 'test'
  ...
# Subtest: Go inbox process exit after-command during admit preserves the exact committed boundary
ok 4 - Go inbox process exit after-command during admit preserves the exact committed boundary
  ---
  duration_ms: 2266.912012
  type: 'test'
  ...
# Subtest: Go inbox process exit before-commit during source preserves the exact committed boundary
ok 5 - Go inbox process exit before-commit during source preserves the exact committed boundary
  ---
  duration_ms: 2314.249896
  type: 'test'
  ...
# Subtest: Go inbox process exit after-command during source preserves the exact committed boundary
ok 6 - Go inbox process exit after-command during source preserves the exact committed boundary
  ---
  duration_ms: 2322.890117
  type: 'test'
  ...
# Subtest: native inbox refuses block/corruption and collects expired proof without erasing replay metadata
ok 7 - native inbox refuses block/corruption and collects expired proof without erasing replay metadata
  ---
  duration_ms: 5409.408192
  type: 'test'
  ...
# Subtest: node discards missing-source proposal durably across encrypted Node/Go reopen
ok 8 - node discards missing-source proposal durably across encrypted Node/Go reopen
  ---
  duration_ms: 8378.545684
  type: 'test'
  ...
# Subtest: node discards verified proposal durably across encrypted Node/Go reopen
ok 9 - node discards verified proposal durably across encrypted Node/Go reopen
  ---
  duration_ms: 8401.830565
  type: 'test'
  ...
# Subtest: go discards missing-source proposal durably across encrypted Node/Go reopen
ok 10 - go discards missing-source proposal durably across encrypted Node/Go reopen
  ---
  duration_ms: 9437.837174
  type: 'test'
  ...
# Subtest: go discards verified proposal durably across encrypted Node/Go reopen
ok 11 - go discards verified proposal durably across encrypted Node/Go reopen
  ---
  duration_ms: 9471.132165
  type: 'test'
  ...
# Subtest: Go discard process exit before-commit cannot separate proof disposal from replay tombstone
ok 12 - Go discard process exit before-commit cannot separate proof disposal from replay tombstone
  ---
  duration_ms: 2250.124975
  type: 'test'
  ...
# Subtest: Go discard process exit after-command cannot separate proof disposal from replay tombstone
ok 13 - Go discard process exit after-command cannot separate proof disposal from replay tombstone
  ---
  duration_ms: 2239.235034
  type: 'test'
  ...
# Subtest: Go dismissal detects corrupt evidence instead of laundering it through cleanup
ok 14 - Go dismissal detects corrupt evidence instead of laundering it through cleanup
  ---
  duration_ms: 1108.615958
  type: 'test'
  ...
1..14
# tests 14
# suites 0
# pass 14
# fail 0
# cancelled 0
# skipped 0
# todo 0
# duration_ms 69413.573973
