TAP version 13
# Subtest: node owner discards a blocked verified proposal across TCP/restart/replay with a positive channel control
ok 1 - node owner discards a blocked verified proposal across TCP/restart/replay with a positive channel control
  ---
  duration_ms: 1768.330326
  type: 'test'
  ...
# Subtest: node owner discards a blocked missing-source proposal across TCP/restart/replay with a positive channel control
ok 2 - node owner discards a blocked missing-source proposal across TCP/restart/replay with a positive channel control
  ---
  duration_ms: 1950.55599
  type: 'test'
  ...
# Subtest: native owner discards a blocked verified proposal across TCP/restart/replay with a positive channel control
ok 3 - native owner discards a blocked verified proposal across TCP/restart/replay with a positive channel control
  ---
  duration_ms: 1038.209599
  type: 'test'
  ...
# Subtest: native owner discards a blocked missing-source proposal across TCP/restart/replay with a positive channel control
ok 4 - native owner discards a blocked missing-source proposal across TCP/restart/replay with a positive channel control
  ---
  duration_ms: 1081.551489
  type: 'test'
  ...
1..4
# tests 4
# suites 0
# pass 4
# fail 0
# cancelled 0
# skipped 0
# todo 0
# duration_ms 6080.107036
