TAP version 13
# Subtest: node site author interoperates with the other runtime and an author-offline reader
ok 1 - node site author interoperates with the other runtime and an author-offline reader
  ---
  duration_ms: 1631.838
  type: 'test'
  ...
# Subtest: native site author interoperates with the other runtime and an author-offline reader
ok 2 - native site author interoperates with the other runtime and an author-offline reader
  ---
  duration_ms: 1120.183207
  type: 'test'
  ...
# Subtest: Node and Go installations of the same identity require explicit cross-runtime conflict resolution
ok 3 - Node and Go installations of the same identity require explicit cross-runtime conflict resolution
  ---
  duration_ms: 1116.878713
  type: 'test'
  ...
1..3
# tests 3
# suites 0
# pass 3
# fail 0
# cancelled 0
# skipped 0
# todo 0
# duration_ms 4058.276214
