
Running 60 tests using 1 worker

(node:2847734) Warning: The 'NO_COLOR' env is ignored due to the 'FORCE_COLOR' env being set.
(Use `node --trace-warnings ...` to show where the warning was created)
  ✓   1 [chromium] › tests/browser/application.spec.ts:75:1 › autonomous Liquid Glass UI owns identity and offline outbox, connects through real RTC, receives signed confirmations and survives reload (8.2s)
  ✓   2 [chromium] › tests/browser/application.spec.ts:204:1 › autonomous social actions and safe signed site builder persist and remain viewable after author closes (15.5s)
  ✓   3 [chromium] › tests/browser/application.spec.ts:359:1 › production worker keeps private keys out of replies and recovers an applied send after the UI response is lost (22.5s)
  ✓   4 [chromium] › tests/browser/application.spec.ts:466:1 › a second tab cannot take ownership of a live application profile and an unknown or corrupt profile is never silently reset (4.1s)
  ✓   5 [chromium] › tests/browser/application.spec.ts:523:1 › cached application code and encrypted profile reopen when the static host is unavailable, without installing the PWA (4.0s)
  ✓   6 [chromium] › tests/browser/application.spec.ts:589:1 › corrupted cached worker is rejected offline and recovered only from verified available code (1.3s)
  ✓   7 [chromium] › tests/browser/contact-relay.spec.ts:121:1 › imported contact immediately appears once, survives reload and becomes the first real DM without a duplicate (4.8s)
  ✓   8 [chromium] › tests/browser/contact-relay.spec.ts:208:1 › relay consent through the UI gates a real A to B to C path and does not grant B private reading (44.5s)
  ✓   9 [chromium] › tests/browser/core-fixed-envelope.spec.ts:15:1 › actual browser preserves saved envelope times, verifies Node bytes and refuses expired live admission (159ms)
  ✓  10 [chromium] › tests/browser/foundation.spec.ts:24:1 › Browser owns compatible identities/vaults/bundles: real Node and Go positive and negative controls (2.1s)
  ✓  11 [chromium] › tests/browser/foundation.spec.ts:205:1 › encrypted IndexedDB persists, coordinates two pages, rejects corruption and preserves pins on failed admission (958ms)
  ✓  12 [chromium] › tests/browser/foundation.spec.ts:397:1 › lock during unlock cannot resurrect keys; missing authenticated state is not replaced with empty success (602ms)
  ✓  13 [chromium] › tests/browser/foundation.spec.ts:449:1 › real WebRTC transfers encrypted chunks and an offline author's reader seeds identical bytes to a new reader (9.2s)
  ✓  14 [chromium] › tests/browser/foundation.spec.ts:623:1 › WebRTC rejects a correctly framed corrupt bundle before storage and rejects admission failure without ACK (1.3s)
  ✓  15 [chromium] › tests/browser/foundation.spec.ts:723:1 › identity recovery is compatible and cannot overwrite an existing profile; quota eviction retains pinned objects (404ms)
  ✓  16 [chromium] › tests/browser/foundation.spec.ts:783:1 › browser application bundle/ledger commit is atomic, pending reservations survive eviction pressure and IDB abort preserves prior state (274ms)
  ✓  17 [chromium] › tests/browser/private-values.spec.ts:4:1 › private values larger than the metadata index survive restart without becoming peer inventory (939ms)
  ✓  18 [chromium] › tests/browser/private-values.spec.ts:51:1 › legacy embedded values migrate lazily and encrypted value rows remain outside peer access (976ms)
  ✓  19 [chromium] › tests/browser/private-values.spec.ts:206:1 › bundle and private-value mutations commit together, and corruption cannot silently reset a value (420ms)
  ✓  20 [chromium] › tests/browser/private-values.spec.ts:385:1 › private-value byte and total budgets reject excess without losing committed values (3.9s)
  ✓  21 [chromium] › tests/browser/private-values.spec.ts:443:1 › multiple private values share one commit and a concurrent writer cannot remove a reader's snapshot (288ms)
  ✓  22 [chromium] › tests/browser/relay-policy-race.spec.ts:65:3 › relay policy race during request distinguishes a cancelled local response from an invalid peer frame (718ms)
  ✓  23 [chromium] › tests/browser/relay-policy-race.spec.ts:65:3 › relay policy race during serve distinguishes a cancelled local response from an invalid peer frame (946ms)
  ✓  24 [chromium] › tests/browser/relay-policy-race.spec.ts:65:3 › relay policy race during unrelated-error distinguishes a cancelled local response from an invalid peer frame (924ms)
  ✓  25 [chromium] › tests/browser/site-contribution-catalog.spec.ts:13:1 › browser contribution intent and signature commit separately, survive reopening and abort signing on lock without publishing (896ms)
  ✓  26 [chromium] › tests/browser/site-contribution-catalog.spec.ts:214:1 › browser catalogue expiry preserves the old result and missing staging is an integrity error (342ms)
  ✓  27 [chromium] › tests/browser/site-contribution-catalog.spec.ts:320:1 › browser rechecks the fixed deadline after policy before signing, with a one-millisecond positive control (348ms)
  ✓  28 [chromium] › tests/browser/site-contribution-catalog.spec.ts:389:1 › browser retains one private encrypted envelope across reopen and cancels a late seal when the identity locks (891ms)
  ✓  29 [chromium] › tests/browser/site-contribution-catalog.spec.ts:549:1 › repeating cancellation of an old proposal preserves a different active preparation (355ms)
  ✓  30 [chromium] › tests/browser/site-contribution-catalog.spec.ts:606:1 › browser queued handoff keeps source and envelope private, supports a second intent and preserves packet identity after expiry (535ms)
  ✓  31 [chromium] › tests/browser/site-contribution-context.spec.ts:13:1 › form inspection uses authenticated browser state and invalidates delayed replies after block, withdrawal, expiry or lock (2.8s)
  ✓  32 [chromium] › tests/browser/site-contribution-copy.spec.ts:12:3 › proposal copy rechecks block and never reports an unavailable envelope as copied (757ms)
  ✓  33 [chromium] › tests/browser/site-contribution-copy.spec.ts:12:3 › proposal copy rechecks withdraw and never reports an unavailable envelope as copied (728ms)
  ✓  34 [chromium] › tests/browser/site-contribution-copy.spec.ts:12:3 › proposal copy rechecks lock and never reports an unavailable envelope as copied (909ms)
  ✓  35 [chromium] › tests/browser/site-contribution-copy.spec.ts:12:3 › proposal copy rechecks lost-copy and never reports an unavailable envelope as copied (790ms)
  ✓  36 [chromium] › tests/browser/site-contribution-inbox.spec.ts:17:3 › browser durable proposal inbox reopen-conflict preserves original authority and never fabricates approval (730ms)
  ✓  37 [chromium] › tests/browser/site-contribution-inbox.spec.ts:17:3 › browser durable proposal inbox lock-source preserves original authority and never fabricates approval (677ms)
  ✓  38 [chromium] › tests/browser/site-contribution-inbox.spec.ts:17:3 › browser durable proposal inbox corruption-expiry preserves original authority and never fabricates approval (594ms)
  ✓  39 [chromium] › tests/browser/site-contribution-send.spec.ts:122:5 › private form proposals web-to-native cross RTC and WebSocket with node and an intermediary without a reading key (1.8s)
  ✓  40 [chromium] › tests/browser/site-contribution-send.spec.ts:122:5 › private form proposals native-to-web cross RTC and WebSocket with node and an intermediary without a reading key (1.9s)
  ✓  41 [chromium] › tests/browser/site-contribution-send.spec.ts:122:5 › private form proposals web-to-native cross RTC and WebSocket with native and an intermediary without a reading key (1.4s)
  ✓  42 [chromium] › tests/browser/site-contribution-send.spec.ts:122:5 › private form proposals native-to-web cross RTC and WebSocket with native and an intermediary without a reading key (1.6s)
  ✓  43 [chromium] › tests/browser/site-contribution-send.spec.ts:282:1 › two autonomous browser accounts send a private form proposal through real RTC while the sender relay is paused (1.7s)
  ✓  44 [chromium] › tests/browser/site-contribution-send.spec.ts:451:1 › browser reception journals the original source before review and survives actual cache eviction with the RTC sender closed (1.5s)
  ✓  45 [chromium] › tests/browser/site-contribution-serve-race.spec.ts:13:3 › in-flight proposal authorization cannot survive cancel while its policy read is retained (558ms)
  ✓  46 [chromium] › tests/browser/site-contribution-serve-race.spec.ts:13:3 › in-flight proposal authorization cannot survive expire while its policy read is retained (535ms)
  ✓  47 [chromium] › tests/browser/site-contribution-serve-race.spec.ts:13:3 › in-flight proposal authorization cannot survive close while its policy read is retained (555ms)
  ✓  48 [chromium] › tests/browser/site-contribution-worker.spec.ts:53:1 › production worker describes an authenticated form after UI setup and unlock without exposing keys or accepting caller authority (1.3s)
  ✓  49 [chromium] › tests/browser/site-contribution-worker.spec.ts:146:1 › production workers recover queued proposals offline and send through the UI-established RTC link without reviving cancellation (6.9s)
  ✓  50 [chromium] › tests/browser/site-contribution.spec.ts:50:1 › browser visitor certificates interoperate with Node and Go while encrypted proposals and publication consent remain separate (567ms)
  ✓  51 [chromium] › tests/browser/site-network.spec.ts:172:5 › version 1 sites cross RTC, WebSocket and TCP through node, heal a partition and survive with only a restarted reader (5.4s)
  ✓  52 [chromium] › tests/browser/site-network.spec.ts:172:5 › version 1 sites cross RTC, WebSocket and TCP through native, heal a partition and survive with only a restarted reader (5.3s)
  ✓  53 [chromium] › tests/browser/site-network.spec.ts:172:5 › version 2 sites cross RTC, WebSocket and TCP through node, heal a partition and survive with only a restarted reader (5.4s)
  ✓  54 [chromium] › tests/browser/site-network.spec.ts:172:5 › version 2 sites cross RTC, WebSocket and TCP through native, heal a partition and survive with only a restarted reader (5.3s)
  ✓  55 [chromium] › tests/browser/site-resource-catalog.spec.ts:11:1 › browser resource creation keeps its signature private until durable preparation, reopens and recovers one exact result (435ms)
  ✓  56 [chromium] › tests/browser/site-resource-catalog.spec.ts:116:1 › locking during resource signing aborts the private transaction and invalidates its old catalogue (373ms)
  ✓  57 [chromium] › tests/browser/site-resource-network.spec.ts:97:1 › browser resource admission rejects readable malformed bodies, preserves opaque seeding and keeps summaries distinct from full data (978ms)
  ✓  58 [chromium] › tests/browser/site-resource-network.spec.ts:221:3 › optional data crosses RTC and WS through node only on request and a restarted browser seeds it after author shutdown (17.5s)
  ✓  59 [chromium] › tests/browser/site-resource-network.spec.ts:221:3 › optional data crosses RTC and WS through native only on request and a restarted browser seeds it after author shutdown (17.2s)
  ✓  60 [chromium] › tests/browser/site-worker.spec.ts:26:1 › production worker publishes and recovers exact site requests, refuses forged snapshots and does not export signing helpers (1.5s)

  60 passed (3.7m)
