vite v7.3.6 building client environment for production...
transforming...
✓ 1845 modules transformed.
rendering chunks...
computing gzip size...
../../dist/web/assets/manifest-BWKlX33v.webmanifest         0.32 kB
../../dist/web/index.html                                   0.81 kB │ gzip:   0.40 kB
../../dist/web/browser/index.html                           1.17 kB │ gzip:   0.57 kB
../../dist/web/browser/worker-wilHcueF.js                 216.64 kB
../../dist/web/assets/editor-TdZUp6iQ.css                   2.66 kB │ gzip:   0.85 kB
../../dist/web/assets/main-DEi_Xkk3.css                    13.87 kB │ gzip:   3.10 kB
../../dist/web/assets/history-DpTwHcHw.css                 25.68 kB │ gzip:   5.44 kB
../../dist/web/assets/peers-CBwbv1q3.css                   61.71 kB │ gzip:  12.98 kB
../../dist/web/assets/modulepreload-polyfill-B5Qt9EMX.js    0.71 kB │ gzip:   0.40 kB
../../dist/web/assets/visit-DRYAygji.js                     3.59 kB │ gzip:   1.62 kB
../../dist/web/assets/editor-Da0xb7_n.js                   62.39 kB │ gzip:  19.12 kB
../../dist/web/assets/browser-CWFm01nv.js                  69.78 kB │ gzip:  23.66 kB
../../dist/web/assets/history-DuAfTwGr.js                 143.89 kB │ gzip:  45.68 kB
../../dist/web/assets/main-CNAA77oL.js                    149.20 kB │ gzip:  45.75 kB
../../dist/web/assets/peers-D1H6wmgT.js                   412.67 kB │ gzip: 132.80 kB
✓ built in 2.99s
