
Running 30 tests using 1 worker

(node:762494) Warning: The 'NO_COLOR' env is ignored due to the 'FORCE_COLOR' env being set.
(Use `node --trace-warnings ...` to show where the warning was created)
  ✓   1 [webkit] › tests/browser/application-api.spec.ts:11:1 › application API preserves send identity, rejects corrupt retained acceptance, and validates event author/read scope (589ms)
  ✓   2 [webkit] › tests/browser/application.spec.ts:74:1 › autonomous Liquid Glass UI owns identity and offline outbox, connects through real RTC, receives signed confirmations and survives reload (11.0s)
  ✓   3 [webkit] › tests/browser/application.spec.ts:200:1 › autonomous social actions and safe signed site builder persist and remain viewable after author closes (15.2s)
  ✓   4 [webkit] › tests/browser/application.spec.ts:355:1 › production worker keeps private keys out of replies and recovers an applied send after the UI response is lost (24.3s)
  ✓   5 [webkit] › tests/browser/application.spec.ts:459:1 › a second tab cannot take ownership of a live application profile and an unknown or corrupt profile is never silently reset (3.2s)
  ✓   6 [webkit] › tests/browser/application.spec.ts:516:1 › cached application code and encrypted profile reopen when the static host is unavailable, without installing the PWA (3.1s)
  ✓   7 [webkit] › tests/browser/application.spec.ts:579:1 › corrupted cached worker is rejected offline and recovered only from verified available code (1.9s)
  ✓   8 [webkit] › tests/browser/foundation.spec.ts:24:1 › Browser owns compatible identities/vaults/bundles: real Node and Go positive and negative controls (2.1s)
  ✓   9 [webkit] › tests/browser/foundation.spec.ts:205:1 › encrypted IndexedDB persists, coordinates two pages, rejects corruption and preserves pins on failed admission (1.2s)
  ✓  10 [webkit] › tests/browser/foundation.spec.ts:397:1 › lock during unlock cannot resurrect keys; missing authenticated state is not replaced with empty success (733ms)
  ✓  11 [webkit] › tests/browser/foundation.spec.ts:449:1 › real WebRTC transfers encrypted chunks and an offline author's reader seeds identical bytes to a new reader (2.8s)
  ✓  12 [webkit] › tests/browser/foundation.spec.ts:623:1 › WebRTC rejects a correctly framed corrupt bundle before storage and rejects admission failure without ACK (4.9s)
  ✓  13 [webkit] › tests/browser/foundation.spec.ts:723:1 › identity recovery is compatible and cannot overwrite an existing profile; quota eviction retains pinned objects (545ms)
  ✓  14 [webkit] › tests/browser/foundation.spec.ts:783:1 › browser application bundle/ledger commit is atomic, pending reservations survive eviction pressure and IDB abort preserves prior state (445ms)
  ✓  15 [webkit] › tests/browser/group-certificates.spec.ts:78:1 › browser identity and group authority refuse all small-order reference keys and noncanonical aliases (310ms)
  ✓  16 [webkit] › tests/browser/group-certificates.spec.ts:143:1 › browser, Node and Go verify shared group certificates, fresh consents, removal and strict signing ownership (947ms)
  ✓  17 [webkit] › tests/browser/native-transport.spec.ts:51:3 › browser WebRTC to browser WebSocket to real node daemon, reverse transfer and invitation revocation (4.9s)
  ✓  18 [webkit] › tests/browser/native-transport.spec.ts:51:3 › browser WebRTC to browser WebSocket to real native daemon, reverse transfer and invitation revocation (4.7s)
  ✓  19 [webkit] › tests/browser/native-transport.spec.ts:191:1 › private four-medium route WebRTC-WebSocket-TCP-serial, partition/heal and restarted browser seeder with author offline (11.2s)
  ✓  20 [webkit] › tests/browser/native-transport.spec.ts:419:1 › late native ACK cannot leave an orphan retry assembly or close an otherwise healthy WebSocket (4.6s)
  ✓  21 [webkit] › tests/browser/routing.spec.ts:83:1 › automatic A-B-C mesh: consent controls, own sends while paused, partition/heal and restarted reader takeover with author offline (7.4s)
  ✓  22 [webkit] › tests/browser/routing.spec.ts:211:1 › one network owner per profile and concurrent consent/preferences do not resurrect revoked relay (770ms)
  ✓  23 [webkit] › tests/browser/routing.spec.ts:269:1 › fragment scheduling preempts bulk with SOS, gives bulk a fair turn, and cancels relayed bytes without closing own traffic (2.8s)
  ✓  24 [webkit] › tests/browser/routing.spec.ts:475:1 › packet bounds reject expiry, hop loops and tampering; retained flood is bounded (282ms)
  ✓  25 [webkit] › tests/browser/routing.spec.ts:539:1 › low-power defers bulk on a live link, keeps SOS moving and never revives an expired queued packet (2.8s)
  ✓  26 [webkit] › tests/browser/routing.spec.ts:597:1 › browser routing packets cross real native TCP routers; native packet bytes verify in the browser and corruption never forwards (1.1s)
  ✓  27 [webkit] › tests/browser/routing.spec.ts:745:1 › opaque packet corruption is rejected by the browser mesh before storage or forwarding, with valid controls on both sides (2.6s)
  ✘  28 [webkit] › tests/browser/routing.spec.ts:828:1 › managed relay revocation cancels an in-flight forwarded packet and keeps an authored SOS on that same open link (3.4s)
(node:781546) Warning: The 'NO_COLOR' env is ignored due to the 'FORCE_COLOR' env being set.
(Use `node --trace-warnings ...` to show where the warning was created)
  ✓  29 [webkit] › tests/browser/x25519.spec.ts:5:1 › portable curves match RFC 7748, reject invalid reading keys and work when native curve operations fail (639ms)
  ✓  30 [webkit] › tests/browser/x25519.spec.ts:137:1 › identity lifecycle remains valid across 512 generated and reimported signing/reading key pairs (1.8s)


  1) [webkit] › tests/browser/routing.spec.ts:828:1 › managed relay revocation cancels an in-flight forwarded packet and keeps an authored SOS on that same open link 

    Error: expect(received).toBe(expected) // Object.is equality

    Expected: false
    Received: true

      907 |     expect(
      908 |       await b.evaluate(() => (window as any).links.bc.peer.link.closed),
    > 909 |     ).toBe(false);
          |       ^
      910 |     await expect
      911 |       .poll(() =>
      912 |         c.evaluate(() => (window as any).links.bc.peer.link.resources.incoming),
        at /home/absint0o/projects/relayloom/.cache/bm/tests/browser/routing.spec.ts:909:7

    attachment #1: screenshot (image/png) ──────────────────────────────────────────────────────────
    test-results/routing-managed-relay-revo-1548b--SOS-on-that-same-open-link-webkit/test-failed-1.png
    ────────────────────────────────────────────────────────────────────────────────────────────────

    attachment #2: screenshot (image/png) ──────────────────────────────────────────────────────────
    test-results/routing-managed-relay-revo-1548b--SOS-on-that-same-open-link-webkit/test-failed-2.png
    ────────────────────────────────────────────────────────────────────────────────────────────────

    attachment #3: screenshot (image/png) ──────────────────────────────────────────────────────────
    test-results/routing-managed-relay-revo-1548b--SOS-on-that-same-open-link-webkit/test-failed-3.png
    ────────────────────────────────────────────────────────────────────────────────────────────────

    Error Context: test-results/routing-managed-relay-revo-1548b--SOS-on-that-same-open-link-webkit/error-context.md

    Error Context: test-results/routing-managed-relay-revo-1548b--SOS-on-that-same-open-link-webkit/error-context.md

    attachment #6: trace (application/zip) ─────────────────────────────────────────────────────────
    test-results/routing-managed-relay-revo-1548b--SOS-on-that-same-open-link-webkit/trace.zip
    Usage:

        npx playwright show-trace test-results/routing-managed-relay-revo-1548b--SOS-on-that-same-open-link-webkit/trace.zip

    ────────────────────────────────────────────────────────────────────────────────────────────────

  1 failed
    [webkit] › tests/browser/routing.spec.ts:828:1 › managed relay revocation cancels an in-flight forwarded packet and keeps an authored SOS on that same open link 
  29 passed (2.1m)
