TAP version 13
# Subtest: node visitor receives an owner-signed private refusal from the other engine and never resumes the declined proposal after restart
ok 1 - node visitor receives an owner-signed private refusal from the other engine and never resumes the declined proposal after restart
  ---
  duration_ms: 9664.98615
  type: 'test'
  ...
# Subtest: native visitor receives an owner-signed private refusal from the other engine and never resumes the declined proposal after restart
ok 2 - native visitor receives an owner-signed private refusal from the other engine and never resumes the declined proposal after restart
  ---
  duration_ms: 9841.211499
  type: 'test'
  ...
# Subtest: late rejection survives an opaque seeder takeover and records reception without reviving a cancelled visitor proposal
ok 3 - late rejection survives an opaque seeder takeover and records reception without reviving a cancelled visitor proposal
  ---
  duration_ms: 11974.009975
  type: 'test'
  ...
# Subtest: late rejection survives an opaque seeder takeover and records reception without reviving a expired visitor proposal
ok 4 - late rejection survives an opaque seeder takeover and records reception without reviving a expired visitor proposal
  ---
  duration_ms: 23933.585706
  type: 'test'
  ...
1..4
# tests 4
# suites 0
# pass 4
# fail 0
# cancelled 0
# skipped 0
# todo 0
# duration_ms 55585.830787
