TAP version 13
# Subtest: Go A → Node B → Go C: isolated real sockets, encrypted messages/receipts, partition, restart and publisher-offline seeding
ok 1 - Go A → Node B → Go C: isolated real sockets, encrypted messages/receipts, partition, restart and publisher-offline seeding
  ---
  duration_ms: 9806.925041
  type: 'test'
  ...
# Subtest: Go A → Node B → Node C over TCP and serial PTYs preserves bytes, receipts and partition recovery
ok 2 - Go A → Node B → Node C over TCP and serial PTYs preserves bytes, receipts and partition recovery
  ---
  duration_ms: 4628.429802
  type: 'test'
  ...
# Subtest: node refuses public or forged proposals before storage and withholds unauthorized candidates
ok 3 - node refuses public or forged proposals before storage and withholds unauthorized candidates
  ---
  duration_ms: 1360.57925
  type: 'test'
  ...
# Subtest: native refuses public or forged proposals before storage and withholds unauthorized candidates
ok 4 - native refuses public or forged proposals before storage and withholds unauthorized candidates
  ---
  duration_ms: 901.643678
  type: 'test'
  ...
# Subtest: node unauthorized proposals for an available form cannot fill the private inbox ahead of an allowed contributor
ok 5 - node unauthorized proposals for an available form cannot fill the private inbox ahead of an allowed contributor
  ---
  duration_ms: 9499.878565
  type: 'test'
  ...
# Subtest: native unauthorized proposals for an available form cannot fill the private inbox ahead of an allowed contributor
ok 6 - native unauthorized proposals for an available form cannot fill the private inbox ahead of an allowed contributor
  ---
  duration_ms: 8803.432458
  type: 'test'
  ...
# (node:3501338) ExperimentalWarning: SQLite is an experimental feature and might change at any time
# (Use `node --trace-warnings ...` to show where the warning was created)
# Subtest: node prepares without signing; the other runtime resumes the same private intent and certificate
ok 7 - node prepares without signing; the other runtime resumes the same private intent and certificate
  ---
  duration_ms: 5303.020626
  type: 'test'
  ...
# Subtest: go prepares without signing; the other runtime resumes the same private intent and certificate
ok 8 - go prepares without signing; the other runtime resumes the same private intent and certificate
  ---
  duration_ms: 4493.189993
  type: 'test'
  ...
# Subtest: real Go process exit before-intent-commit leaves exactly the committed state for Node recovery
ok 9 - real Go process exit before-intent-commit leaves exactly the committed state for Node recovery
  ---
  duration_ms: 1190.04044
  type: 'test'
  ...
# Subtest: real Go process exit after-intent leaves exactly the committed state for Node recovery
ok 10 - real Go process exit after-intent leaves exactly the committed state for Node recovery
  ---
  duration_ms: 1195.678176
  type: 'test'
  ...
# Subtest: real Go process exit before-signature-commit leaves exactly the committed state for Node recovery
ok 11 - real Go process exit before-signature-commit leaves exactly the committed state for Node recovery
  ---
  duration_ms: 1228.578141
  type: 'test'
  ...
# Subtest: real Go process exit after-signature leaves exactly the committed state for Node recovery
ok 12 - real Go process exit after-signature leaves exactly the committed state for Node recovery
  ---
  duration_ms: 1247.663552
  type: 'test'
  ...
# Subtest: Go catalogue honors expiry without renewing, rejects another request and preserves a new monotonic sequence
ok 13 - Go catalogue honors expiry without renewing, rejects another request and preserves a new monotonic sequence
  ---
  duration_ms: 4368.420908
  type: 'test'
  ...
# Subtest: Go refuses authenticated-but-inconsistent stage without replacing the preparation
ok 14 - Go refuses authenticated-but-inconsistent stage without replacing the preparation
  ---
  duration_ms: 1096.9555
  type: 'test'
  ...
# Subtest: Go refuses authenticated-but-inconsistent record without replacing the preparation
ok 15 - Go refuses authenticated-but-inconsistent record without replacing the preparation
  ---
  duration_ms: 1088.441603
  type: 'test'
  ...
# Subtest: Go quota refusal leaves no proposal counter/stage and allows the original smaller request
ok 16 - Go quota refusal leaves no proposal counter/stage and allows the original smaller request
  ---
  duration_ms: 1661.415987
  type: 'test'
  ...
# Subtest: Go policy clock boundary -1ms rechecks the actual proposal handle
ok 17 - Go policy clock boundary -1ms rechecks the actual proposal handle
  ---
  duration_ms: 1157.108676
  type: 'test'
  ...
# Subtest: Go policy clock boundary 0ms rechecks the actual proposal handle
ok 18 - Go policy clock boundary 0ms rechecks the actual proposal handle
  ---
  duration_ms: 1121.551892
  type: 'test'
  ...
# Subtest: node seals a private envelope once and the other engine recovers its exact bytes and fixed deadline
ok 19 - node seals a private envelope once and the other engine recovers its exact bytes and fixed deadline
  ---
  duration_ms: 2360.196931
  type: 'test'
  ...
# Subtest: go seals a private envelope once and the other engine recovers its exact bytes and fixed deadline
ok 20 - go seals a private envelope once and the other engine recovers its exact bytes and fixed deadline
  ---
  duration_ms: 3513.665703
  type: 'test'
  ...
# Subtest: Go abrupt exit before-envelope-commit preserves only a committed encrypted envelope
ok 21 - Go abrupt exit before-envelope-commit preserves only a committed encrypted envelope
  ---
  duration_ms: 1289.217807
  type: 'test'
  ...
# Subtest: Go abrupt exit after-envelope preserves only a committed encrypted envelope
ok 22 - Go abrupt exit after-envelope preserves only a committed encrypted envelope
  ---
  duration_ms: 1298.272558
  type: 'test'
  ...
# Subtest: both catalogues reject a corrupted retained envelope without falling back to a fresh nonce
ok 23 - both catalogues reject a corrupted retained envelope without falling back to a fresh nonce
  ---
  duration_ms: 1183.895372
  type: 'test'
  ...
# Subtest: a Node sealer waits on the real Go writer transaction and recovers the envelope committed by that writer
ok 24 - a Node sealer waits on the real Go writer transaction and recovers the envelope committed by that writer
  ---
  duration_ms: 1423.818008
  type: 'test'
  ...
# Subtest: repeated Go cancellation of an old operation cannot remove the current preparation
ok 25 - repeated Go cancellation of an old operation cannot remove the current preparation
  ---
  duration_ms: 1216.672055
  type: 'test'
  ...
# Subtest: node queues before public copying, recovers bytes and frees only its own preparation slot
ok 26 - node queues before public copying, recovers bytes and frees only its own preparation slot
  ---
  duration_ms: 3543.566607
  type: 'test'
  ...
# Subtest: go queues before public copying, recovers bytes and frees only its own preparation slot
ok 27 - go queues before public copying, recovers bytes and frees only its own preparation slot
  ---
  duration_ms: 4644.408912
  type: 'test'
  ...
# Subtest: Go exit before-queue-commit retains either the signed stage or its durable queued replacement
ok 28 - Go exit before-queue-commit retains either the signed stage or its durable queued replacement
  ---
  duration_ms: 260.879255
  type: 'test'
  ...
# Subtest: Go exit after-queue retains either the signed stage or its durable queued replacement
ok 29 - Go exit after-queue retains either the signed stage or its durable queued replacement
  ---
  duration_ms: 222.38214
  type: 'test'
  ...
# Subtest: node form lookup derives permissions from real snapshots across process transfer, private access and restarted seeder takeover
ok 30 - node form lookup derives permissions from real snapshots across process transfer, private access and restarted seeder takeover
  ---
  duration_ms: 4331.935353
  type: 'test'
  ...
# Subtest: native form lookup derives permissions from real snapshots across process transfer, private access and restarted seeder takeover
ok 31 - native form lookup derives permissions from real snapshots across process transfer, private access and restarted seeder takeover
  ---
  duration_ms: 4309.836003
  type: 'test'
  ...
# Subtest: node journals a received proposal before inbox is opened and retains its source after cache-file loss and sender exit
ok 32 - node journals a received proposal before inbox is opened and retains its source after cache-file loss and sender exit
  ---
  duration_ms: 1413.005692
  type: 'test'
  ...
# Subtest: native journals a received proposal before inbox is opened and retains its source after cache-file loss and sender exit
ok 33 - native journals a received proposal before inbox is opened and retains its source after cache-file loss and sender exit
  ---
  duration_ms: 1126.600665
  type: 'test'
  ...
# Subtest: node keeps an out-of-order proposal unverified until the actual authenticated source reaches the owner
ok 34 - node keeps an out-of-order proposal unverified until the actual authenticated source reaches the owner
  ---
  duration_ms: 2635.805262
  type: 'test'
  ...
# Subtest: native keeps an out-of-order proposal unverified until the actual authenticated source reaches the owner
ok 35 - native keeps an out-of-order proposal unverified until the actual authenticated source reaches the owner
  ---
  duration_ms: 2669.410108
  type: 'test'
  ...
# (node:3506520) ExperimentalWarning: SQLite is an experimental feature and might change at any time
# (Use `node --trace-warnings ...` to show where the warning was created)
# Subtest: node inbox persists an original proposal that the other process verifies and reopens with the same encrypted source
ok 36 - node inbox persists an original proposal that the other process verifies and reopens with the same encrypted source
  ---
  duration_ms: 5528.395095
  type: 'test'
  ...
# Subtest: go inbox persists an original proposal that the other process verifies and reopens with the same encrypted source
ok 37 - go inbox persists an original proposal that the other process verifies and reopens with the same encrypted source
  ---
  duration_ms: 5472.261133
  type: 'test'
  ...
# Subtest: Go inbox process exit before-commit during admit preserves the exact committed boundary
ok 38 - Go inbox process exit before-commit during admit preserves the exact committed boundary
  ---
  duration_ms: 2248.90173
  type: 'test'
  ...
# Subtest: Go inbox process exit after-command during admit preserves the exact committed boundary
ok 39 - Go inbox process exit after-command during admit preserves the exact committed boundary
  ---
  duration_ms: 2254.78172
  type: 'test'
  ...
# Subtest: Go inbox process exit before-commit during source preserves the exact committed boundary
ok 40 - Go inbox process exit before-commit during source preserves the exact committed boundary
  ---
  duration_ms: 2307.371209
  type: 'test'
  ...
# Subtest: Go inbox process exit after-command during source preserves the exact committed boundary
ok 41 - Go inbox process exit after-command during source preserves the exact committed boundary
  ---
  duration_ms: 2339.429115
  type: 'test'
  ...
# Subtest: native inbox refuses block/corruption and collects expired proof without erasing replay metadata
ok 42 - native inbox refuses block/corruption and collects expired proof without erasing replay metadata
  ---
  duration_ms: 5401.389389
  type: 'test'
  ...
# Subtest: node private proposals cross TCP/serial and an opaque seeder takes over after sender exit
ok 43 - node private proposals cross TCP/serial and an opaque seeder takes over after sender exit
  ---
  duration_ms: 7326.913953
  type: 'test'
  ...
# Subtest: native private proposals cross TCP/serial and an opaque seeder takes over after sender exit
ok 44 - native private proposals cross TCP/serial and an opaque seeder takes over after sender exit
  ---
  duration_ms: 7225.468685
  type: 'test'
  ...
# Subtest: node sends a private site proposal over real TCP and the owner resolves its signed form
ok 45 - node sends a private site proposal over real TCP and the owner resolves its signed form
  ---
  duration_ms: 1232.825151
  type: 'test'
  ...
# Subtest: native sends a private site proposal over real TCP and the owner resolves its signed form
ok 46 - native sends a private site proposal over real TCP and the owner resolves its signed form
  ---
  duration_ms: 1141.680879
  type: 'test'
  ...
# Subtest: node restarts a private proposal queue and heals a partition without renewing its envelope
ok 47 - node restarts a private proposal queue and heals a partition without renewing its envelope
  ---
  duration_ms: 1862.0105
  type: 'test'
  ...
# Subtest: native restarts a private proposal queue and heals a partition without renewing its envelope
ok 48 - native restarts a private proposal queue and heals a partition without renewing its envelope
  ---
  duration_ms: 1745.796251
  type: 'test'
  ...
# Subtest: node proposal source held only in its private queue recovers across real TCP with both relays paused
ok 49 - node proposal source held only in its private queue recovers across real TCP with both relays paused
  ---
  duration_ms: 1849.876849
  type: 'test'
  ...
# Subtest: node proposal source held only in its private queue cancels across real TCP with both relays paused
ok 50 - node proposal source held only in its private queue cancels across real TCP with both relays paused
  ---
  duration_ms: 3444.000029
  type: 'test'
  ...
# Subtest: node proposal source held only in its private queue blocks across real TCP with both relays paused
ok 51 - node proposal source held only in its private queue blocks across real TCP with both relays paused
  ---
  duration_ms: 6922.325515
  type: 'test'
  ...
# Subtest: native proposal source held only in its private queue recovers across real TCP with both relays paused
ok 52 - native proposal source held only in its private queue recovers across real TCP with both relays paused
  ---
  duration_ms: 1664.758452
  type: 'test'
  ...
# Subtest: native proposal source held only in its private queue cancels across real TCP with both relays paused
ok 53 - native proposal source held only in its private queue cancels across real TCP with both relays paused
  ---
  duration_ms: 3252.110431
  type: 'test'
  ...
# Subtest: native proposal source held only in its private queue blocks across real TCP with both relays paused
ok 54 - native proposal source held only in its private queue blocks across real TCP with both relays paused
  ---
  duration_ms: 6804.519881
  type: 'test'
  ...
# (node:3513092) ExperimentalWarning: SQLite is an experimental feature and might change at any time
# (Use `node --trace-warnings ...` to show where the warning was created)
# Subtest: an authenticated outer SQLite database cannot transpose unpublished signatures from site into the resource namespace
ok 55 - an authenticated outer SQLite database cannot transpose unpublished signatures from site into the resource namespace
  ---
  duration_ms: 303.524905
  type: 'test'
  ...
# Subtest: an authenticated outer SQLite database cannot transpose unpublished signatures from resource into the site namespace
ok 56 - an authenticated outer SQLite database cannot transpose unpublished signatures from resource into the site namespace
  ---
  duration_ms: 71.748147
  type: 'test'
  ...
# Subtest: an authenticated outer SQLite database cannot transpose unpublished signatures from site into the contribution namespace
ok 57 - an authenticated outer SQLite database cannot transpose unpublished signatures from site into the contribution namespace
  ---
  duration_ms: 72.468899
  type: 'test'
  ...
# Subtest: an authenticated outer SQLite database cannot transpose unpublished signatures from contribution into the site namespace
ok 58 - an authenticated outer SQLite database cannot transpose unpublished signatures from contribution into the site namespace
  ---
  duration_ms: 73.311137
  type: 'test'
  ...
# Subtest: an authenticated outer SQLite database cannot transpose unpublished signatures from resource into the contribution namespace
ok 59 - an authenticated outer SQLite database cannot transpose unpublished signatures from resource into the contribution namespace
  ---
  duration_ms: 74.249365
  type: 'test'
  ...
# Subtest: an authenticated outer SQLite database cannot transpose unpublished signatures from contribution into the resource namespace
ok 60 - an authenticated outer SQLite database cannot transpose unpublished signatures from contribution into the resource namespace
  ---
  duration_ms: 73.074103
  type: 'test'
  ...
# Subtest: an authenticated outer SQLite database cannot transpose unpublished signatures from site into the contribution-inbox namespace
ok 61 - an authenticated outer SQLite database cannot transpose unpublished signatures from site into the contribution-inbox namespace
  ---
  duration_ms: 71.35509
  type: 'test'
  ...
# Subtest: an authenticated outer SQLite database cannot transpose unpublished signatures from contribution-inbox into the site namespace
ok 62 - an authenticated outer SQLite database cannot transpose unpublished signatures from contribution-inbox into the site namespace
  ---
  duration_ms: 73.328349
  type: 'test'
  ...
# Subtest: an authenticated outer SQLite database cannot transpose unpublished signatures from resource into the contribution-inbox namespace
ok 63 - an authenticated outer SQLite database cannot transpose unpublished signatures from resource into the contribution-inbox namespace
  ---
  duration_ms: 72.466684
  type: 'test'
  ...
# Subtest: an authenticated outer SQLite database cannot transpose unpublished signatures from contribution-inbox into the resource namespace
ok 64 - an authenticated outer SQLite database cannot transpose unpublished signatures from contribution-inbox into the resource namespace
  ---
  duration_ms: 72.532498
  type: 'test'
  ...
# Subtest: an authenticated outer SQLite database cannot transpose unpublished signatures from contribution into the contribution-inbox namespace
ok 65 - an authenticated outer SQLite database cannot transpose unpublished signatures from contribution into the contribution-inbox namespace
  ---
  duration_ms: 71.008581
  type: 'test'
  ...
# Subtest: an authenticated outer SQLite database cannot transpose unpublished signatures from contribution-inbox into the contribution namespace
ok 66 - an authenticated outer SQLite database cannot transpose unpublished signatures from contribution-inbox into the contribution namespace
  ---
  duration_ms: 70.476263
  type: 'test'
  ...
# Subtest: Node and a real Go process exchange signing-protected site records in the same SQLite database
ok 67 - Node and a real Go process exchange signing-protected site records in the same SQLite database
  ---
  duration_ms: 2323.109087
  type: 'test'
  ...
# Subtest: Node and a real Go process exchange signing-protected resource records in the same SQLite database
ok 68 - Node and a real Go process exchange signing-protected resource records in the same SQLite database
  ---
  duration_ms: 2307.312369
  type: 'test'
  ...
# Subtest: Node and a real Go process exchange signing-protected contribution records in the same SQLite database
ok 69 - Node and a real Go process exchange signing-protected contribution records in the same SQLite database
  ---
  duration_ms: 2327.57667
  type: 'test'
  ...
# Subtest: Node and a real Go process exchange signing-protected contribution-inbox records in the same SQLite database
ok 70 - Node and a real Go process exchange signing-protected contribution-inbox records in the same SQLite database
  ---
  duration_ms: 2317.410636
  type: 'test'
  ...
# Subtest: Go rejects a Node encrypted site value transplanted into another authenticated store
ok 71 - Go rejects a Node encrypted site value transplanted into another authenticated store
  ---
  duration_ms: 102.733563
  type: 'test'
  ...
# Subtest: Go rejects a Node encrypted resource value transplanted into another authenticated store
ok 72 - Go rejects a Node encrypted resource value transplanted into another authenticated store
  ---
  duration_ms: 88.188351
  type: 'test'
  ...
# Subtest: Go rejects a Node encrypted contribution value transplanted into another authenticated store
ok 73 - Go rejects a Node encrypted contribution value transplanted into another authenticated store
  ---
  duration_ms: 86.153678
  type: 'test'
  ...
# Subtest: Go rejects a Node encrypted contribution-inbox value transplanted into another authenticated store
ok 74 - Go rejects a Node encrypted contribution-inbox value transplanted into another authenticated store
  ---
  duration_ms: 89.904828
  type: 'test'
  ...
1..74
# tests 74
# suites 0
# pass 74
# fail 0
# cancelled 0
# skipped 0
# todo 0
# duration_ms 180420.390553
