Monitoring boot status for RelayLoom-CI-b286c644-6cdd-4903-921c-3b2fc129eb37 (7BCB832A-CFBA-46A1-8687-C4E5CA180925).
[2026-09-22 20:26:55 +0000] Status=2, isTerminal=NO, Elapsed=00:57.
	Waiting on Data Migration
		Reason:Running plugin com.apple.-0LaunchServicesMigrator (00LaunchServicesMigrator.migrator, user-agnostic)
		Migration Elapsed:00:47 seconds

[2026-09-22 20:26:56 +0000] Status=2, isTerminal=NO, Elapsed=00:58.
	Waiting on Data Migration
		Reason:Running plugin com.apple.-0LaunchServicesMigrator (00LaunchServicesMigrator.migrator, user-agnostic)
		Migration Elapsed:00:48 seconds

[2026-09-22 20:26:57 +0000] Status=2, isTerminal=NO, Elapsed=00:59.
	Waiting on Data Migration
		Reason:Running plugin com.apple.-0LaunchServicesMigrator (00LaunchServicesMigrator.migrator, user-agnostic)
		Migration Elapsed:00:49 seconds

[2026-09-22 20:26:58 +0000] Status=2, isTerminal=NO, Elapsed=01:00.
	Waiting on Data Migration
		Reason:Running plugin com.apple.-0LaunchServicesMigrator (00LaunchServicesMigrator.migrator, user-agnostic)
		Migration Elapsed:00:50 seconds

[2026-09-22 20:26:59 +0000] Status=2, isTerminal=NO, Elapsed=01:01.
	Waiting on Data Migration
		Reason:Running plugin com.apple.-0LaunchServicesMigrator (00LaunchServicesMigrator.migrator, user-agnostic)
		Migration Elapsed:00:51 seconds

[2026-09-22 20:27:00 +0000] Status=2, isTerminal=NO, Elapsed=01:02.
	Waiting on Data Migration
		Reason:Running plugin com.apple.-0LaunchServicesMigrator (00LaunchServicesMigrator.migrator, user-agnostic)
		Migration Elapsed:00:52 seconds

[2026-09-22 20:27:01 +0000] Status=2, isTerminal=NO, Elapsed=01:03.
	Waiting on Data Migration
		Reason:Running plugin com.apple.-0LaunchServicesMigrator (00LaunchServicesMigrator.migrator, user-agnostic)
		Migration Elapsed:00:53 seconds

[2026-09-22 20:27:02 +0000] Status=2, isTerminal=NO, Elapsed=01:04.
	Waiting on Data Migration
		Reason:Running plugin com.apple.-0LaunchServicesMigrator (00LaunchServicesMigrator.migrator, user-agnostic)
		Migration Elapsed:00:54 seconds

[2026-09-22 20:27:03 +0000] Status=2, isTerminal=NO, Elapsed=01:05.
	Waiting on Data Migration
		Reason:Running plugin com.apple.-0LaunchServicesMigrator (00LaunchServicesMigrator.migrator, user-agnostic)
		Migration Elapsed:00:55 seconds

[2026-09-22 20:27:08 +0000] Status=2, isTerminal=NO, Elapsed=01:09.
	Waiting on Data Migration
		Reason:Running plugin com.apple.securityd.KeychainMigrator (KeychainMigrator.migrator, user-agnostic)
		Migration Elapsed:00:57 seconds

[2026-09-22 20:27:09 +0000] Status=2, isTerminal=NO, Elapsed=01:10.
	Waiting on Data Migration
		Reason:Running plugin com.apple.managedconfiguration.migrator (MCProfile.migrator, user-agnostic)
		Migration Elapsed:01:00 seconds

[2026-09-22 20:27:11 +0000] Status=2, isTerminal=NO, Elapsed=01:12.
	Waiting on Data Migration
		Reason:Running plugin com.apple.managedconfiguration.migrator (MCProfile.migrator, user-agnostic)
		Migration Elapsed:01:01 seconds

[2026-09-22 20:27:11 +0000] Status=2, isTerminal=NO, Elapsed=01:13.
	Waiting on Data Migration
		Reason:Running plugin com.apple.managedconfiguration.migrator (MCProfile.migrator, user-agnostic)
		Migration Elapsed:01:03 seconds

[2026-09-22 20:27:12 +0000] Status=2, isTerminal=NO, Elapsed=01:13.
	Waiting on Data Migration
		Reason:Running plugin com.apple.managedconfiguration.migrator (MCProfile.migrator, user-agnostic)
		Migration Elapsed:01:03 seconds

[2026-09-22 20:27:13 +0000] Status=2, isTerminal=NO, Elapsed=01:14.
	Waiting on Data Migration
		Reason:Running plugin com.apple.managedconfiguration.migrator (MCProfile.migrator, user-agnostic)
		Migration Elapsed:01:04 seconds

[2026-09-22 20:27:14 +0000] Status=2, isTerminal=NO, Elapsed=01:15.
	Waiting on Data Migration
		Reason:Running plugin com.apple.managedconfiguration.migrator (MCProfile.migrator, user-agnostic)
		Migration Elapsed:01:05 seconds

[2026-09-22 20:27:15 +0000] Status=2, isTerminal=NO, Elapsed=01:16.
	Waiting on Data Migration
		Reason:Running plugin com.apple.managedconfiguration.migrator (MCProfile.migrator, user-agnostic)
		Migration Elapsed:01:06 seconds

[2026-09-22 20:27:16 +0000] Status=2, isTerminal=NO, Elapsed=01:18.
	Waiting on Data Migration
		Reason:Running plugin com.apple.managedconfiguration.migrator (MCProfile.migrator, user-agnostic)
		Migration Elapsed:01:07 seconds

[2026-09-22 20:27:18 +0000] Status=2, isTerminal=NO, Elapsed=01:19.
	Waiting on Data Migration
		Reason:Running plugin com.apple.managedconfiguration.migrator (MCProfile.migrator, user-agnostic)
		Migration Elapsed:01:09 seconds

[2026-09-22 20:27:19 +0000] Status=2, isTerminal=NO, Elapsed=01:21.
	Waiting on Data Migration
		Reason:Running plugin com.apple.MobileGestalt.MobileGestaltMigrator (MobileGestaltMigrator.migrator, user-agnostic)
		Migration Elapsed:01:10 seconds

[2026-09-22 20:27:22 +0000] Status=2, isTerminal=NO, Elapsed=01:23.
	Waiting on Data Migration
		Reason:Running plugin com.apple.MobileSafari.migrator (MobileSafari.migrator)
		Migration Elapsed:01:11 seconds

[2026-09-22 20:27:23 +0000] Status=2, isTerminal=NO, Elapsed=01:24.
	Waiting on Data Migration
		Reason:Running plugin com.apple.locationd.migrator (CoreLocationMigrator.migrator)
		Migration Elapsed:01:14 seconds

[2026-09-22 20:27:23 +0000] Status=2, isTerminal=NO, Elapsed=01:24.
	Waiting on Data Migration
		Reason:Running plugin com.apple.locationd.migrator (CoreLocationMigrator.migrator)
		Migration Elapsed:01:15 seconds

[2026-09-22 20:27:25 +0000] Status=2, isTerminal=NO, Elapsed=01:26.
	Waiting on Data Migration
		Reason:Running plugin com.apple.locationd.migrator (CoreLocationMigrator.migrator)
		Migration Elapsed:01:15 seconds

[2026-09-22 20:27:29 +0000] Status=2, isTerminal=NO, Elapsed=01:30.
	Waiting on Data Migration
		Reason:Running plugin com.apple.locationd.migrator (CoreLocationMigrator.migrator)
		Migration Elapsed:01:17 seconds

[2026-09-22 20:27:34 +0000] Status=2, isTerminal=NO, Elapsed=01:35.
	Waiting on Data Migration
		Reason:Running plugin com.apple.locationd.migrator (CoreLocationMigrator.migrator)
		Migration Elapsed:01:21 seconds

[2026-09-22 20:27:37 +0000] Status=2, isTerminal=NO, Elapsed=01:38.
	Waiting on Data Migration
		Reason:Running plugin com.apple.locationd.migrator (CoreLocationMigrator.migrator)
		Migration Elapsed:01:26 seconds

[2026-09-22 20:27:41 +0000] Status=2, isTerminal=NO, Elapsed=01:42.
	Waiting on Data Migration
		Reason:Running plugin com.apple.locationd.migrator (CoreLocationMigrator.migrator)
		Migration Elapsed:01:29 seconds

[2026-09-22 20:27:41 +0000] Status=2, isTerminal=NO, Elapsed=01:43.
	Waiting on Data Migration
		Reason:Running plugin com.apple.locationd.migrator (CoreLocationMigrator.migrator)
		Migration Elapsed:01:33 seconds

[2026-09-22 20:27:42 +0000] Status=2, isTerminal=NO, Elapsed=01:43.
	Waiting on Data Migration
		Reason:Running plugin com.apple.locationd.migrator (CoreLocationMigrator.migrator)
		Migration Elapsed:01:33 seconds

[2026-09-22 20:27:43 +0000] Status=2, isTerminal=NO, Elapsed=01:44.
	Waiting on Data Migration
		Reason:Running plugin com.apple.locationd.migrator (CoreLocationMigrator.migrator)
		Migration Elapsed:01:34 seconds

[2026-09-22 20:27:44 +0000] Status=2, isTerminal=NO, Elapsed=01:46.
	Waiting on Data Migration
		Reason:Running plugin com.apple.locationd.migrator (CoreLocationMigrator.migrator)
		Migration Elapsed:01:35 seconds

[2026-09-22 20:27:45 +0000] Status=2, isTerminal=NO, Elapsed=01:46.
	Waiting on Data Migration
		Reason:Running plugin com.apple.locationd.migrator (CoreLocationMigrator.migrator)
		Migration Elapsed:01:36 seconds

[2026-09-22 20:27:46 +0000] Status=2, isTerminal=NO, Elapsed=01:47.
	Waiting on Data Migration
		Reason:Running plugin com.apple.locationd.migrator (CoreLocationMigrator.migrator)
		Migration Elapsed:01:37 seconds

[2026-09-22 20:27:47 +0000] Status=2, isTerminal=NO, Elapsed=01:48.
	Waiting on Data Migration
		Reason:Running plugin com.apple.locationd.migrator (CoreLocationMigrator.migrator)
		Migration Elapsed:01:38 seconds

[2026-09-22 20:27:48 +0000] Status=2, isTerminal=NO, Elapsed=01:49.
	Waiting on Data Migration
		Reason:Running plugin com.apple.locationd.migrator (CoreLocationMigrator.migrator)
		Migration Elapsed:01:39 seconds

[2026-09-22 20:27:49 +0000] Status=2, isTerminal=NO, Elapsed=01:50.
	Waiting on Data Migration
		Reason:Running plugin com.apple.locationd.migrator (CoreLocationMigrator.migrator)
		Migration Elapsed:01:40 seconds

[2026-09-22 20:27:50 +0000] Status=2, isTerminal=NO, Elapsed=01:51.
	Waiting on Data Migration
		Reason:Running plugin com.apple.locationd.migrator (CoreLocationMigrator.migrator)
		Migration Elapsed:01:41 seconds

[2026-09-22 20:27:51 +0000] Status=2, isTerminal=NO, Elapsed=01:52.
	Waiting on Data Migration
		Reason:Running plugin com.apple.locationd.migrator (CoreLocationMigrator.migrator)
		Migration Elapsed:01:42 seconds

[2026-09-22 20:27:52 +0000] Status=2, isTerminal=NO, Elapsed=01:53.
	Waiting on Data Migration
		Reason:Running plugin com.apple.locationd.migrator (CoreLocationMigrator.migrator)
		Migration Elapsed:01:43 seconds

[2026-09-22 20:27:53 +0000] Status=2, isTerminal=NO, Elapsed=01:54.
	Waiting on Data Migration
		Reason:Running plugin com.apple.locationd.migrator (CoreLocationMigrator.migrator)
		Migration Elapsed:01:44 seconds

[2026-09-22 20:27:54 +0000] Status=2, isTerminal=NO, Elapsed=01:55.
	Waiting on Data Migration
		Reason:Running plugin com.apple.locationd.migrator (CoreLocationMigrator.migrator)
		Migration Elapsed:01:45 seconds

[2026-09-22 20:27:55 +0000] Status=2, isTerminal=NO, Elapsed=01:56.
	Waiting on Data Migration
		Reason:Running plugin com.apple.locationd.migrator (CoreLocationMigrator.migrator)
		Migration Elapsed:01:46 seconds

[2026-09-22 20:27:56 +0000] Status=2, isTerminal=NO, Elapsed=01:57.
	Waiting on Data Migration
		Reason:Running plugin com.apple.locationd.migrator (CoreLocationMigrator.migrator)
		Migration Elapsed:01:47 seconds

[2026-09-22 20:27:56 +0000] Status=2, isTerminal=NO, Elapsed=01:58.
	Waiting on Data Migration
		Reason:Running plugin com.apple.locationd.migrator (CoreLocationMigrator.migrator)
		Migration Elapsed:01:48 seconds

[2026-09-22 20:27:57 +0000] Status=2, isTerminal=NO, Elapsed=01:59.
	Waiting on Data Migration
		Reason:Running plugin com.apple.locationd.migrator (CoreLocationMigrator.migrator)
		Migration Elapsed:01:49 seconds

[2026-09-22 20:27:59 +0000] Status=2, isTerminal=NO, Elapsed=02:00.
	Waiting on Data Migration
		Reason:Running plugin com.apple.locationd.migrator (CoreLocationMigrator.migrator)
		Migration Elapsed:01:50 seconds

[2026-09-22 20:27:59 +0000] Status=2, isTerminal=NO, Elapsed=02:01.
	Waiting on Data Migration
		Reason:Running plugin com.apple.locationd.migrator (CoreLocationMigrator.migrator)
		Migration Elapsed:01:51 seconds

[2026-09-22 20:28:01 +0000] Status=2, isTerminal=NO, Elapsed=02:02.
	Waiting on Data Migration
		Reason:Running plugin com.apple.locationd.migrator (CoreLocationMigrator.migrator)
		Migration Elapsed:01:52 seconds

[2026-09-22 20:28:02 +0000] Status=2, isTerminal=NO, Elapsed=02:03.
	Waiting on Data Migration
		Reason:Running plugin com.apple.locationd.migrator (CoreLocationMigrator.migrator)
		Migration Elapsed:01:53 seconds

[2026-09-22 20:28:03 +0000] Status=2, isTerminal=NO, Elapsed=02:04.
	Waiting on Data Migration
		Reason:Running plugin com.apple.locationd.migrator (CoreLocationMigrator.migrator)
		Migration Elapsed:01:54 seconds

[2026-09-22 20:28:04 +0000] Status=2, isTerminal=NO, Elapsed=02:05.
	Waiting on Data Migration
		Reason:Running plugin com.apple.locationd.migrator (CoreLocationMigrator.migrator)
		Migration Elapsed:01:55 seconds

[2026-09-22 20:28:04 +0000] Status=2, isTerminal=NO, Elapsed=02:06.
	Waiting on Data Migration
		Reason:Running plugin com.apple.locationd.migrator (CoreLocationMigrator.migrator)
		Migration Elapsed:01:56 seconds

[2026-09-22 20:28:05 +0000] Status=2, isTerminal=NO, Elapsed=02:07.
	Waiting on Data Migration
		Reason:Running plugin com.apple.locationd.migrator (CoreLocationMigrator.migrator)
		Migration Elapsed:01:57 seconds

[2026-09-22 20:28:06 +0000] Status=2, isTerminal=NO, Elapsed=02:08.
	Waiting on Data Migration
		Reason:Running plugin com.apple.locationd.migrator (CoreLocationMigrator.migrator)
		Migration Elapsed:01:58 seconds

[2026-09-22 20:28:07 +0000] Status=2, isTerminal=NO, Elapsed=02:09.
	Waiting on Data Migration
		Reason:Running plugin com.apple.locationd.migrator (CoreLocationMigrator.migrator)
		Migration Elapsed:01:59 seconds

[2026-09-22 20:28:08 +0000] Status=2, isTerminal=NO, Elapsed=02:10.
	Waiting on Data Migration
		Reason:Running plugin com.apple.locationd.migrator (CoreLocationMigrator.migrator)
		Migration Elapsed:02:00 seconds

[2026-09-22 20:28:09 +0000] Status=2, isTerminal=NO, Elapsed=02:11.
	Waiting on Data Migration
		Reason:Running plugin com.apple.locationd.migrator (CoreLocationMigrator.migrator)
		Migration Elapsed:02:01 seconds

[2026-09-22 20:28:10 +0000] Status=2, isTerminal=NO, Elapsed=02:12.
	Waiting on Data Migration
		Reason:Running plugin com.apple.locationd.migrator (CoreLocationMigrator.migrator)
		Migration Elapsed:02:02 seconds

[2026-09-22 20:28:11 +0000] Status=2, isTerminal=NO, Elapsed=02:13.
	Waiting on Data Migration
		Reason:Running plugin com.apple.locationd.migrator (CoreLocationMigrator.migrator)
		Migration Elapsed:02:03 seconds

[2026-09-22 20:28:12 +0000] Status=2, isTerminal=NO, Elapsed=02:14.
	Waiting on Data Migration
		Reason:Running plugin com.apple.locationd.migrator (CoreLocationMigrator.migrator)
		Migration Elapsed:02:04 seconds

[2026-09-22 20:28:13 +0000] Status=2, isTerminal=NO, Elapsed=02:15.
	Waiting on Data Migration
		Reason:Running plugin com.apple.locationd.migrator (CoreLocationMigrator.migrator)
		Migration Elapsed:02:05 seconds

[2026-09-22 20:28:15 +0000] Status=2, isTerminal=NO, Elapsed=02:16.
	Waiting on Data Migration
		Reason:Running plugin com.apple.locationd.migrator (CoreLocationMigrator.migrator)
		Migration Elapsed:02:06 seconds

[2026-09-22 20:28:15 +0000] Status=2, isTerminal=NO, Elapsed=02:17.
	Waiting on Data Migration
		Reason:Running plugin com.apple.locationd.migrator (CoreLocationMigrator.migrator)
		Migration Elapsed:02:07 seconds

[2026-09-22 20:28:16 +0000] Status=2, isTerminal=NO, Elapsed=02:18.
	Waiting on Data Migration
		Reason:Running plugin com.apple.locationd.migrator (CoreLocationMigrator.migrator)
		Migration Elapsed:02:08 seconds

[2026-09-22 20:28:17 +0000] Status=2, isTerminal=NO, Elapsed=02:19.
	Waiting on Data Migration
		Reason:Running plugin com.apple.locationd.migrator (CoreLocationMigrator.migrator)
		Migration Elapsed:02:09 seconds

[2026-09-22 20:28:18 +0000] Status=2, isTerminal=NO, Elapsed=02:20.
	Waiting on Data Migration
		Reason:Running plugin com.apple.locationd.migrator (CoreLocationMigrator.migrator)
		Migration Elapsed:02:10 seconds

[2026-09-22 20:28:19 +0000] Status=2, isTerminal=NO, Elapsed=02:21.
	Waiting on Data Migration
		Reason:Running plugin com.apple.locationd.migrator (CoreLocationMigrator.migrator)
		Migration Elapsed:02:11 seconds

[2026-09-22 20:28:20 +0000] Status=2, isTerminal=NO, Elapsed=02:22.
	Waiting on Data Migration
		Reason:Running plugin com.apple.locationd.migrator (CoreLocationMigrator.migrator)
		Migration Elapsed:02:12 seconds

[2026-09-22 20:28:21 +0000] Status=2, isTerminal=NO, Elapsed=02:23.
	Waiting on Data Migration
		Reason:Running plugin com.apple.locationd.migrator (CoreLocationMigrator.migrator)
		Migration Elapsed:02:13 seconds

[2026-09-22 20:28:23 +0000] Status=2, isTerminal=NO, Elapsed=02:24.
	Waiting on Data Migration
		Reason:Running plugin com.apple.locationd.migrator (CoreLocationMigrator.migrator)
		Migration Elapsed:02:14 seconds

[2026-09-22 20:28:23 +0000] Status=2, isTerminal=NO, Elapsed=02:25.
	Waiting on Data Migration
		Reason:Running plugin com.apple.locationd.migrator (CoreLocationMigrator.migrator)
		Migration Elapsed:02:15 seconds

[2026-09-22 20:28:24 +0000] Status=2, isTerminal=NO, Elapsed=02:26.
	Waiting on Data Migration
		Reason:Running plugin com.apple.locationd.migrator (CoreLocationMigrator.migrator)
		Migration Elapsed:02:16 seconds

[2026-09-22 20:28:25 +0000] Status=2, isTerminal=NO, Elapsed=02:27.
	Waiting on Data Migration
		Reason:Running plugin com.apple.locationd.migrator (CoreLocationMigrator.migrator)
		Migration Elapsed:02:17 seconds

[2026-09-22 20:28:26 +0000] Status=2, isTerminal=NO, Elapsed=02:28.
	Waiting on Data Migration
		Reason:Running plugin com.apple.locationd.migrator (CoreLocationMigrator.migrator)
		Migration Elapsed:02:18 seconds

[2026-09-22 20:28:28 +0000] Status=2, isTerminal=NO, Elapsed=02:29.
	Waiting on Data Migration
		Reason:Running plugin com.apple.locationd.migrator (CoreLocationMigrator.migrator)
		Migration Elapsed:02:19 seconds

[2026-09-22 20:28:28 +0000] Status=2, isTerminal=NO, Elapsed=02:30.
	Waiting on Data Migration
		Reason:Running plugin com.apple.locationd.migrator (CoreLocationMigrator.migrator)
		Migration Elapsed:02:20 seconds

[2026-09-22 20:28:29 +0000] Status=2, isTerminal=NO, Elapsed=02:31.
	Waiting on Data Migration
		Reason:Running plugin com.apple.locationd.migrator (CoreLocationMigrator.migrator)
		Migration Elapsed:02:21 seconds

[2026-09-22 20:28:30 +0000] Status=2, isTerminal=NO, Elapsed=02:32.
	Waiting on Data Migration
		Reason:Running plugin com.apple.locationd.migrator (CoreLocationMigrator.migrator)
		Migration Elapsed:02:22 seconds

[2026-09-22 20:28:31 +0000] Status=2, isTerminal=NO, Elapsed=02:33.
	Waiting on Data Migration
		Reason:Running plugin com.apple.locationd.migrator (CoreLocationMigrator.migrator)
		Migration Elapsed:02:23 seconds

[2026-09-22 20:28:32 +0000] Status=2, isTerminal=NO, Elapsed=02:34.
	Waiting on Data Migration
		Reason:Running plugin com.apple.locationd.migrator (CoreLocationMigrator.migrator)
		Migration Elapsed:02:24 seconds

[2026-09-22 20:28:33 +0000] Status=2, isTerminal=NO, Elapsed=02:35.
	Waiting on Data Migration
		Reason:Running plugin com.apple.locationd.migrator (CoreLocationMigrator.migrator)
		Migration Elapsed:02:25 seconds

[2026-09-22 20:28:34 +0000] Status=2, isTerminal=NO, Elapsed=02:36.
	Waiting on Data Migration
		Reason:Running plugin com.apple.locationd.migrator (CoreLocationMigrator.migrator)
		Migration Elapsed:02:26 seconds

[2026-09-22 20:28:35 +0000] Status=2, isTerminal=NO, Elapsed=02:37.
	Waiting on Data Migration
		Reason:Running plugin com.apple.locationd.migrator (CoreLocationMigrator.migrator)
		Migration Elapsed:02:27 seconds

[2026-09-22 20:28:37 +0000] Status=2, isTerminal=NO, Elapsed=02:38.
	Waiting on Data Migration
		Reason:Running plugin com.apple.locationd.migrator (CoreLocationMigrator.migrator)
		Migration Elapsed:02:28 seconds

[2026-09-22 20:28:37 +0000] Status=2, isTerminal=NO, Elapsed=02:39.
	Waiting on Data Migration
		Reason:Running plugin com.apple.locationd.migrator (CoreLocationMigrator.migrator)
		Migration Elapsed:02:29 seconds

[2026-09-22 20:28:38 +0000] Status=2, isTerminal=NO, Elapsed=02:40.
	Waiting on Data Migration
		Reason:Running plugin com.apple.locationd.migrator (CoreLocationMigrator.migrator)
		Migration Elapsed:02:30 seconds

[2026-09-22 20:28:39 +0000] Status=2, isTerminal=NO, Elapsed=02:41.
	Waiting on Data Migration
		Reason:Running plugin com.apple.locationd.migrator (CoreLocationMigrator.migrator)
		Migration Elapsed:02:31 seconds

[2026-09-22 20:28:40 +0000] Status=2, isTerminal=NO, Elapsed=02:42.
	Waiting on Data Migration
		Reason:Running plugin com.apple.locationd.migrator (CoreLocationMigrator.migrator)
		Migration Elapsed:02:32 seconds

[2026-09-22 20:28:41 +0000] Status=2, isTerminal=NO, Elapsed=02:43.
	Waiting on Data Migration
		Reason:Running plugin com.apple.locationd.migrator (CoreLocationMigrator.migrator)
		Migration Elapsed:02:33 seconds

[2026-09-22 20:28:42 +0000] Status=2, isTerminal=NO, Elapsed=02:44.
	Waiting on Data Migration
		Reason:Running plugin com.apple.locationd.migrator (CoreLocationMigrator.migrator)
		Migration Elapsed:02:34 seconds

[2026-09-22 20:28:43 +0000] Status=2, isTerminal=NO, Elapsed=02:45.
	Waiting on Data Migration
		Reason:Running plugin com.apple.locationd.migrator (CoreLocationMigrator.migrator)
		Migration Elapsed:02:35 seconds

[2026-09-22 20:28:44 +0000] Status=2, isTerminal=NO, Elapsed=02:46.
	Waiting on Data Migration
		Reason:Running plugin com.apple.locationd.migrator (CoreLocationMigrator.migrator)
		Migration Elapsed:02:36 seconds

[2026-09-22 20:28:45 +0000] Status=2, isTerminal=NO, Elapsed=02:47.
	Waiting on Data Migration
		Reason:Running plugin com.apple.locationd.migrator (CoreLocationMigrator.migrator)
		Migration Elapsed:02:37 seconds

[2026-09-22 20:28:46 +0000] Status=2, isTerminal=NO, Elapsed=02:48.
	Waiting on Data Migration
		Reason:Running plugin com.apple.locationd.migrator (CoreLocationMigrator.migrator)
		Migration Elapsed:02:38 seconds

[2026-09-22 20:28:47 +0000] Status=2, isTerminal=NO, Elapsed=02:49.
	Waiting on Data Migration
		Reason:Running plugin com.apple.locationd.migrator (CoreLocationMigrator.migrator)
		Migration Elapsed:02:39 seconds

[2026-09-22 20:28:48 +0000] Status=2, isTerminal=NO, Elapsed=02:50.
	Waiting on Data Migration
		Reason:Running plugin com.apple.locationd.migrator (CoreLocationMigrator.migrator)
		Migration Elapsed:02:40 seconds

[2026-09-22 20:28:49 +0000] Status=2, isTerminal=NO, Elapsed=02:51.
	Waiting on Data Migration
		Reason:Running plugin com.apple.locationd.migrator (CoreLocationMigrator.migrator)
		Migration Elapsed:02:41 seconds

[2026-09-22 20:28:50 +0000] Status=2, isTerminal=NO, Elapsed=02:52.
	Waiting on Data Migration
		Reason:Running plugin com.apple.locationd.migrator (CoreLocationMigrator.migrator)
		Migration Elapsed:02:42 seconds

[2026-09-22 20:28:51 +0000] Status=2, isTerminal=NO, Elapsed=02:53.
	Waiting on Data Migration
		Reason:Running plugin com.apple.locationd.migrator (CoreLocationMigrator.migrator)
		Migration Elapsed:02:43 seconds

[2026-09-22 20:28:52 +0000] Status=2, isTerminal=NO, Elapsed=02:54.
	Waiting on Data Migration
		Reason:Running plugin com.apple.locationd.migrator (CoreLocationMigrator.migrator)
		Migration Elapsed:02:44 seconds

[2026-09-22 20:28:53 +0000] Status=2, isTerminal=NO, Elapsed=02:55.
	Waiting on Data Migration
		Reason:Running plugin com.apple.locationd.migrator (CoreLocationMigrator.migrator)
		Migration Elapsed:02:45 seconds

[2026-09-22 20:28:54 +0000] Status=2, isTerminal=NO, Elapsed=02:56.
	Waiting on Data Migration
		Reason:Running plugin com.apple.locationd.migrator (CoreLocationMigrator.migrator)
		Migration Elapsed:02:46 seconds

[2026-09-22 20:28:55 +0000] Status=2, isTerminal=NO, Elapsed=02:57.
	Waiting on Data Migration
		Reason:Running plugin com.apple.locationd.migrator (CoreLocationMigrator.migrator)
		Migration Elapsed:02:47 seconds

[2026-09-22 20:28:56 +0000] Status=2, isTerminal=NO, Elapsed=02:58.
	Waiting on Data Migration
		Reason:Running plugin com.apple.locationd.migrator (CoreLocationMigrator.migrator)
		Migration Elapsed:02:48 seconds

[2026-09-22 20:28:57 +0000] Status=2, isTerminal=NO, Elapsed=02:59.
	Waiting on Data Migration
		Reason:Running plugin com.apple.locationd.migrator (CoreLocationMigrator.migrator)
		Migration Elapsed:02:49 seconds

[2026-09-22 20:28:58 +0000] Status=2, isTerminal=NO, Elapsed=03:00.
	Waiting on Data Migration
		Reason:Running plugin com.apple.locationd.migrator (CoreLocationMigrator.migrator)
		Migration Elapsed:02:50 seconds

[2026-09-22 20:28:59 +0000] Status=2, isTerminal=NO, Elapsed=03:01.
	Waiting on Data Migration
		Reason:Running plugin com.apple.locationd.migrator (CoreLocationMigrator.migrator)
		Migration Elapsed:02:51 seconds

[2026-09-22 20:29:00 +0000] Status=2, isTerminal=NO, Elapsed=03:02.
	Waiting on Data Migration
		Reason:Running plugin com.apple.locationd.migrator (CoreLocationMigrator.migrator)
		Migration Elapsed:02:52 seconds

[2026-09-22 20:29:01 +0000] Status=2, isTerminal=NO, Elapsed=03:03.
	Waiting on Data Migration
		Reason:Running plugin com.apple.locationd.migrator (CoreLocationMigrator.migrator)
		Migration Elapsed:02:53 seconds

[2026-09-22 20:29:02 +0000] Status=2, isTerminal=NO, Elapsed=03:04.
	Waiting on Data Migration
		Reason:Running plugin com.apple.locationd.migrator (CoreLocationMigrator.migrator)
		Migration Elapsed:02:54 seconds

[2026-09-22 20:29:03 +0000] Status=2, isTerminal=NO, Elapsed=03:05.
	Waiting on Data Migration
		Reason:Running plugin com.apple.locationd.migrator (CoreLocationMigrator.migrator)
		Migration Elapsed:02:55 seconds

[2026-09-22 20:29:04 +0000] Status=2, isTerminal=NO, Elapsed=03:06.
	Waiting on Data Migration
		Reason:Running plugin com.apple.locationd.migrator (CoreLocationMigrator.migrator)
		Migration Elapsed:02:56 seconds

[2026-09-22 20:29:05 +0000] Status=2, isTerminal=NO, Elapsed=03:07.
	Waiting on Data Migration
		Reason:Running plugin com.apple.locationd.migrator (CoreLocationMigrator.migrator)
		Migration Elapsed:02:57 seconds

[2026-09-22 20:29:06 +0000] Status=2, isTerminal=NO, Elapsed=03:08.
	Waiting on Data Migration
		Reason:Running plugin com.apple.locationd.migrator (CoreLocationMigrator.migrator)
		Migration Elapsed:02:58 seconds

[2026-09-22 20:29:08 +0000] Status=2, isTerminal=NO, Elapsed=03:09.
	Waiting on Data Migration
		Reason:Running plugin com.apple.locationd.migrator (CoreLocationMigrator.migrator)
		Migration Elapsed:02:59 seconds

[2026-09-22 20:29:08 +0000] Status=2, isTerminal=NO, Elapsed=03:10.
	Waiting on Data Migration
		Reason:Running plugin com.apple.locationd.migrator (CoreLocationMigrator.migrator)
		Migration Elapsed:03:00 seconds

[2026-09-22 20:29:09 +0000] Status=2, isTerminal=NO, Elapsed=03:11.
	Waiting on Data Migration
		Reason:Running plugin com.apple.locationd.migrator (CoreLocationMigrator.migrator)
		Migration Elapsed:03:01 seconds

[2026-09-22 20:29:10 +0000] Status=2, isTerminal=NO, Elapsed=03:12.
	Waiting on Data Migration
		Reason:Running plugin com.apple.locationd.migrator (CoreLocationMigrator.migrator)
		Migration Elapsed:03:02 seconds

[2026-09-22 20:29:11 +0000] Status=2, isTerminal=NO, Elapsed=03:13.
	Waiting on Data Migration
		Reason:Running plugin com.apple.locationd.migrator (CoreLocationMigrator.migrator)
		Migration Elapsed:03:03 seconds

[2026-09-22 20:29:12 +0000] Status=2, isTerminal=NO, Elapsed=03:14.
	Waiting on Data Migration
		Reason:Running plugin com.apple.locationd.migrator (CoreLocationMigrator.migrator)
		Migration Elapsed:03:04 seconds

[2026-09-22 20:29:13 +0000] Status=2, isTerminal=NO, Elapsed=03:15.
	Waiting on Data Migration
		Reason:Running plugin com.apple.locationd.migrator (CoreLocationMigrator.migrator)
		Migration Elapsed:03:05 seconds

[2026-09-22 20:29:14 +0000] Status=2, isTerminal=NO, Elapsed=03:16.
	Waiting on Data Migration
		Reason:Running plugin com.apple.locationd.migrator (CoreLocationMigrator.migrator)
		Migration Elapsed:03:06 seconds

[2026-09-22 20:29:15 +0000] Status=2, isTerminal=NO, Elapsed=03:17.
	Waiting on Data Migration
		Reason:Running plugin com.apple.locationd.migrator (CoreLocationMigrator.migrator)
		Migration Elapsed:03:07 seconds

[2026-09-22 20:29:16 +0000] Status=2, isTerminal=NO, Elapsed=03:18.
	Waiting on Data Migration
		Reason:Running plugin com.apple.locationd.migrator (CoreLocationMigrator.migrator)
		Migration Elapsed:03:08 seconds

[2026-09-22 20:29:17 +0000] Status=2, isTerminal=NO, Elapsed=03:19.
	Waiting on Data Migration
		Reason:Running plugin com.apple.locationd.migrator (CoreLocationMigrator.migrator)
		Migration Elapsed:03:09 seconds

[2026-09-22 20:29:18 +0000] Status=2, isTerminal=NO, Elapsed=03:20.
	Waiting on Data Migration
		Reason:Running plugin com.apple.locationd.migrator (CoreLocationMigrator.migrator)
		Migration Elapsed:03:10 seconds

[2026-09-22 20:29:19 +0000] Status=2, isTerminal=NO, Elapsed=03:21.
	Waiting on Data Migration
		Reason:Running plugin com.apple.locationd.migrator (CoreLocationMigrator.migrator)
		Migration Elapsed:03:11 seconds

[2026-09-22 20:29:20 +0000] Status=2, isTerminal=NO, Elapsed=03:22.
	Waiting on Data Migration
		Reason:Running plugin com.apple.locationd.migrator (CoreLocationMigrator.migrator)
		Migration Elapsed:03:12 seconds

[2026-09-22 20:29:21 +0000] Status=2, isTerminal=NO, Elapsed=03:23.
	Waiting on Data Migration
		Reason:Running plugin com.apple.locationd.migrator (CoreLocationMigrator.migrator)
		Migration Elapsed:03:13 seconds

[2026-09-22 20:29:22 +0000] Status=2, isTerminal=NO, Elapsed=03:24.
	Waiting on Data Migration
		Reason:Running plugin com.apple.locationd.migrator (CoreLocationMigrator.migrator)
		Migration Elapsed:03:14 seconds

[2026-09-22 20:29:23 +0000] Status=2, isTerminal=NO, Elapsed=03:25.
	Waiting on Data Migration
		Reason:Running plugin com.apple.locationd.migrator (CoreLocationMigrator.migrator)
		Migration Elapsed:03:15 seconds

[2026-09-22 20:29:24 +0000] Status=2, isTerminal=NO, Elapsed=03:26.
	Waiting on Data Migration
		Reason:Running plugin com.apple.locationd.migrator (CoreLocationMigrator.migrator)
		Migration Elapsed:03:16 seconds

[2026-09-22 20:29:25 +0000] Status=2, isTerminal=NO, Elapsed=03:27.
	Waiting on Data Migration
		Reason:Running plugin com.apple.locationd.migrator (CoreLocationMigrator.migrator)
		Migration Elapsed:03:17 seconds

[2026-09-22 20:29:26 +0000] Status=2, isTerminal=NO, Elapsed=03:28.
	Waiting on Data Migration
		Reason:Running plugin com.apple.locationd.migrator (CoreLocationMigrator.migrator)
		Migration Elapsed:03:18 seconds

[2026-09-22 20:29:27 +0000] Status=2, isTerminal=NO, Elapsed=03:29.
	Waiting on Data Migration
		Reason:Running plugin com.apple.locationd.migrator (CoreLocationMigrator.migrator)
		Migration Elapsed:03:19 seconds

[2026-09-22 20:29:28 +0000] Status=2, isTerminal=NO, Elapsed=03:30.
	Waiting on Data Migration
		Reason:Running plugin com.apple.locationd.migrator (CoreLocationMigrator.migrator)
		Migration Elapsed:03:20 seconds

[2026-09-22 20:29:30 +0000] Status=2, isTerminal=NO, Elapsed=03:31.
	Waiting on Data Migration
		Reason:Running plugin com.apple.locationd.migrator (CoreLocationMigrator.migrator)
		Migration Elapsed:03:21 seconds

[2026-09-22 20:29:30 +0000] Status=2, isTerminal=NO, Elapsed=03:32.
	Waiting on Data Migration
		Reason:Running plugin com.apple.locationd.migrator (CoreLocationMigrator.migrator)
		Migration Elapsed:03:22 seconds

[2026-09-22 20:29:31 +0000] Status=2, isTerminal=NO, Elapsed=03:33.
	Waiting on Data Migration
		Reason:Running plugin com.apple.locationd.migrator (CoreLocationMigrator.migrator)
		Migration Elapsed:03:23 seconds

[2026-09-22 20:29:33 +0000] Status=2, isTerminal=NO, Elapsed=03:34.
	Waiting on Data Migration
		Reason:Running plugin com.apple.locationd.migrator (CoreLocationMigrator.migrator)
		Migration Elapsed:03:24 seconds

[2026-09-22 20:29:33 +0000] Status=2, isTerminal=NO, Elapsed=03:35.
	Waiting on Data Migration
		Reason:Running plugin com.apple.locationd.migrator (CoreLocationMigrator.migrator)
		Migration Elapsed:03:25 seconds

[2026-09-22 20:29:34 +0000] Status=2, isTerminal=NO, Elapsed=03:36.
	Waiting on Data Migration
		Reason:Running plugin com.apple.locationd.migrator (CoreLocationMigrator.migrator)
		Migration Elapsed:03:26 seconds

[2026-09-22 20:29:35 +0000] Status=2, isTerminal=NO, Elapsed=03:37.
	Waiting on Data Migration
		Reason:Running plugin com.apple.locationd.migrator (CoreLocationMigrator.migrator)
		Migration Elapsed:03:27 seconds

[2026-09-22 20:29:36 +0000] Status=2, isTerminal=NO, Elapsed=03:38.
	Waiting on Data Migration
		Reason:Running plugin com.apple.locationd.migrator (CoreLocationMigrator.migrator)
		Migration Elapsed:03:28 seconds

[2026-09-22 20:29:38 +0000] Status=2, isTerminal=NO, Elapsed=03:39.
	Waiting on Data Migration
		Reason:Running plugin com.apple.locationd.migrator (CoreLocationMigrator.migrator)
		Migration Elapsed:03:29 seconds

[2026-09-22 20:29:38 +0000] Status=2, isTerminal=NO, Elapsed=03:40.
	Waiting on Data Migration
		Reason:Running plugin com.apple.locationd.migrator (CoreLocationMigrator.migrator)
		Migration Elapsed:03:30 seconds

[2026-09-22 20:29:39 +0000] Status=2, isTerminal=NO, Elapsed=03:41.
	Waiting on Data Migration
		Reason:Running plugin com.apple.locationd.migrator (CoreLocationMigrator.migrator)
		Migration Elapsed:03:31 seconds

[2026-09-22 20:29:40 +0000] Status=2, isTerminal=NO, Elapsed=03:42.
	Waiting on Data Migration
		Reason:Running plugin com.apple.locationd.migrator (CoreLocationMigrator.migrator)
		Migration Elapsed:03:32 seconds

[2026-09-22 20:29:41 +0000] Status=2, isTerminal=NO, Elapsed=03:43.
	Waiting on Data Migration
		Reason:Running plugin com.apple.locationd.migrator (CoreLocationMigrator.migrator)
		Migration Elapsed:03:33 seconds

[2026-09-22 20:29:42 +0000] Status=2, isTerminal=NO, Elapsed=03:44.
	Waiting on Data Migration
		Reason:Running plugin com.apple.locationd.migrator (CoreLocationMigrator.migrator)
		Migration Elapsed:03:34 seconds

[2026-09-22 20:29:43 +0000] Status=2, isTerminal=NO, Elapsed=03:45.
	Waiting on Data Migration
		Reason:Running plugin com.apple.locationd.migrator (CoreLocationMigrator.migrator)
		Migration Elapsed:03:35 seconds

[2026-09-22 20:29:44 +0000] Status=2, isTerminal=NO, Elapsed=03:46.
	Waiting on Data Migration
		Reason:Running plugin com.apple.locationd.migrator (CoreLocationMigrator.migrator)
		Migration Elapsed:03:36 seconds

[2026-09-22 20:29:45 +0000] Status=2, isTerminal=NO, Elapsed=03:47.
	Waiting on Data Migration
		Reason:Running plugin com.apple.locationd.migrator (CoreLocationMigrator.migrator)
		Migration Elapsed:03:37 seconds

[2026-09-22 20:29:46 +0000] Status=2, isTerminal=NO, Elapsed=03:48.
	Waiting on Data Migration
		Reason:Running plugin com.apple.locationd.migrator (CoreLocationMigrator.migrator)
		Migration Elapsed:03:38 seconds

[2026-09-22 20:29:47 +0000] Status=2, isTerminal=NO, Elapsed=03:49.
	Waiting on Data Migration
		Reason:Running plugin com.apple.locationd.migrator (CoreLocationMigrator.migrator)
		Migration Elapsed:03:39 seconds

[2026-09-22 20:29:48 +0000] Status=2, isTerminal=NO, Elapsed=03:50.
	Waiting on Data Migration
		Reason:Running plugin com.apple.locationd.migrator (CoreLocationMigrator.migrator)
		Migration Elapsed:03:40 seconds

[2026-09-22 20:29:49 +0000] Status=2, isTerminal=NO, Elapsed=03:51.
	Waiting on Data Migration
		Reason:Running plugin com.apple.locationd.migrator (CoreLocationMigrator.migrator)
		Migration Elapsed:03:41 seconds

[2026-09-22 20:29:50 +0000] Status=2, isTerminal=NO, Elapsed=03:52.
	Waiting on Data Migration
		Reason:Running plugin com.apple.locationd.migrator (CoreLocationMigrator.migrator)
		Migration Elapsed:03:42 seconds

[2026-09-22 20:29:51 +0000] Status=2, isTerminal=NO, Elapsed=03:53.
	Waiting on Data Migration
		Reason:Running plugin com.apple.locationd.migrator (CoreLocationMigrator.migrator)
		Migration Elapsed:03:43 seconds

[2026-09-22 20:29:52 +0000] Status=2, isTerminal=NO, Elapsed=03:54.
	Waiting on Data Migration
		Reason:Running plugin com.apple.locationd.migrator (CoreLocationMigrator.migrator)
		Migration Elapsed:03:44 seconds

[2026-09-22 20:29:53 +0000] Status=2, isTerminal=NO, Elapsed=03:55.
	Waiting on Data Migration
		Reason:Running plugin com.apple.locationd.migrator (CoreLocationMigrator.migrator)
		Migration Elapsed:03:45 seconds

[2026-09-22 20:29:54 +0000] Status=2, isTerminal=NO, Elapsed=03:56.
	Waiting on Data Migration
		Reason:Running plugin com.apple.locationd.migrator (CoreLocationMigrator.migrator)
		Migration Elapsed:03:46 seconds

[2026-09-22 20:29:55 +0000] Status=2, isTerminal=NO, Elapsed=03:57.
	Waiting on Data Migration
		Reason:Running plugin com.apple.locationd.migrator (CoreLocationMigrator.migrator)
		Migration Elapsed:03:47 seconds

[2026-09-22 20:29:56 +0000] Status=2, isTerminal=NO, Elapsed=03:58.
	Waiting on Data Migration
		Reason:Running plugin com.apple.locationd.migrator (CoreLocationMigrator.migrator)
		Migration Elapsed:03:48 seconds

[2026-09-22 20:29:57 +0000] Status=2, isTerminal=NO, Elapsed=03:59.
	Waiting on Data Migration
		Reason:Running plugin com.apple.locationd.migrator (CoreLocationMigrator.migrator)
		Migration Elapsed:03:49 seconds

[2026-09-22 20:29:59 +0000] Status=2, isTerminal=NO, Elapsed=04:00.
	Waiting on Data Migration
		Reason:Running plugin com.apple.locationd.migrator (CoreLocationMigrator.migrator)
		Migration Elapsed:03:50 seconds

[2026-09-22 20:29:59 +0000] Status=2, isTerminal=NO, Elapsed=04:01.
	Waiting on Data Migration
		Reason:Running plugin com.apple.locationd.migrator (CoreLocationMigrator.migrator)
		Migration Elapsed:03:51 seconds

[2026-09-22 20:30:00 +0000] Status=2, isTerminal=NO, Elapsed=04:02.
	Waiting on Data Migration
		Reason:Running plugin com.apple.locationd.migrator (CoreLocationMigrator.migrator)
		Migration Elapsed:03:52 seconds

[2026-09-22 20:30:01 +0000] Status=2, isTerminal=NO, Elapsed=04:03.
	Waiting on Data Migration
		Reason:Running plugin com.apple.locationd.migrator (CoreLocationMigrator.migrator)
		Migration Elapsed:03:53 seconds

[2026-09-22 20:30:05 +0000] Status=2, isTerminal=NO, Elapsed=04:06.
	Waiting on Data Migration
		Reason:Running plugin com.apple.locationd.migrator (CoreLocationMigrator.migrator)
		Migration Elapsed:03:54 seconds

[2026-09-22 20:30:07 +0000] Status=2, isTerminal=NO, Elapsed=04:09.
	Waiting on Data Migration
		Reason:Running plugin com.apple.locationd.migrator (CoreLocationMigrator.migrator)
		Migration Elapsed:03:57 seconds

[2026-09-22 20:30:09 +0000] Status=2, isTerminal=NO, Elapsed=04:10.
	Waiting on Data Migration
		Reason:Running plugin com.apple.managedconfiguration.mdm.migrator (MCMDM.migrator)
		Migration Elapsed:03:59 seconds

[2026-09-22 20:30:09 +0000] Status=2, isTerminal=NO, Elapsed=04:11.
	Waiting on Data Migration
		Reason:Running plugin com.apple.CloudTabsMigrator.migrator (CloudTabsMigrator.migrator)
		Migration Elapsed:04:01 seconds

[2026-09-22 20:30:10 +0000] Status=2, isTerminal=NO, Elapsed=04:11.
	Waiting on Data Migration
		Reason:Running plugin com.apple.keyboards.migrator (KeyboardMigrator.migrator)
		Migration Elapsed:04:01 seconds

[2026-09-22 20:30:12 +0000] Status=2, isTerminal=NO, Elapsed=04:13.
	Waiting on Data Migration
		Reason:Running plugin com.apple.VoiceShortcuts.ShortcutsMigrator (Shortcuts.migrator)
		Migration Elapsed:04:02 seconds

[2026-09-22 20:30:13 +0000] Status=4, isTerminal=NO, Elapsed=04:14.
	Waiting on System App

[2026-09-22 20:30:14 +0000] Status=4, isTerminal=NO, Elapsed=04:15.
	Waiting on System App

[2026-09-22 20:30:14 +0000] Status=4, isTerminal=NO, Elapsed=04:15.
	Waiting on System App

[2026-09-22 20:30:15 +0000] Status=4, isTerminal=NO, Elapsed=04:16.
	Waiting on System App

[2026-09-22 20:30:15 +0000] Status=4, isTerminal=NO, Elapsed=04:17.
	Waiting on System App

[2026-09-22 20:30:17 +0000] Status=4, isTerminal=NO, Elapsed=04:18.
	Waiting on System App

[2026-09-22 20:30:18 +0000] Status=4, isTerminal=NO, Elapsed=04:19.
	Waiting on System App

[2026-09-22 20:30:19 +0000] Status=4, isTerminal=NO, Elapsed=04:20.
	Waiting on System App

[2026-09-22 20:30:28 +0000] Status=4294967295, isTerminal=YES, Elapsed=04:29.
	Finished

