(node:4014982) ExperimentalWarning: SQLite is an experimental feature and might change at any time
(Use `node --trace-warnings ...` to show where the warning was created)

Running 19 tests using 1 worker

(node:4015443) Warning: The 'NO_COLOR' env is ignored due to the 'FORCE_COLOR' env being set.
(Use `node --trace-warnings ...` to show where the warning was created)
  ✓   1 tests/e2e/flows.spec.ts:58:1 › two live clients: identities, connection, message, attachment, reaction, group, social, safe site and offline recovery (18.0s)
(node:4015443) ExperimentalWarning: SQLite is an experimental feature and might change at any time
  ✓   2 tests/e2e/group-outbox.spec.ts:9:1 › real runtime group outbox shows proof pause and terminal stop with accessible recovery guidance (8.3s)
  ✓   3 tests/e2e/liquid-glass.spec.ts:40:1 › command search uses real authorised peer messages, preserves drafts and forgets private queries on lock (4.8s)
  ✓   4 tests/e2e/liquid-glass.spec.ts:187:1 › glass respects device effects, low power, contrast and keyboard access across responsive screens (11.2s)
  ✓   5 tests/e2e/long-dialog.spec.ts:6:1 › a cached site dialog is visible and reachable after scrolling a long mobile contact list (2.8s)
  ✓   6 tests/e2e/notifications.spec.ts:166:1 › notification stubs verify explicit opt-in, private filtering, coalescing, privacy and persistence (25.7s)
  ✓   7 tests/e2e/notifications.spec.ts:303:1 › lock, identity switch and cancelled permission close notices and invalidate pending work (9.5s)
  ✓   8 tests/e2e/notifications.spec.ts:406:1 › denied, unavailable and failed notification APIs remain honest inactive states (3.2s)
  ✓   9 tests/e2e/onboarding-layout.spec.ts:8:1 › onboarding fits the native minimum window and intermediate widths with keyboard access (1.7s)
  ✓  10 tests/e2e/outbox.spec.ts:61:1 › durable composer retries a lost response once, survives restart, and shows distinct real received/read states (13.6s)
  ✓  11 tests/e2e/outbox.spec.ts:201:1 › expired pending sends remain visible without delivery, and locking clears the outbox UI (6.2s)
  ✓  12 tests/e2e/outbox.spec.ts:250:1 › an absent record after an uncertain response requires an explicit new-send choice (1.7s)
  ✓  13 tests/e2e/outbox.spec.ts:288:1 › legacy group read labels count unique recipients without retained outbox metadata (4.6s)
  ✓  14 tests/e2e/privacy-history.spec.ts:6:1 › an earlier delayed state cannot restore private UI after identity lock (4.7s)
  ✓  15 tests/e2e/privacy-history.spec.ts:70:1 › history page loads older verified posts without inflating the periodic snapshot (5.5s)
  ✓  16 tests/e2e/social.spec.ts:6:1 › named private collections, followed feed, sharing reference and UI persistence (3.3s)
(node:4026885) Warning: The 'NO_COLOR' env is ignored due to the 'FORCE_COLOR' env being set.
(Use `node --trace-warnings ...` to show where the warning was created)
  ✓  17 tests/e2e/media.spec.ts:204:1 › synthetic image, audio, video and fake-microphone voice arrive at a real peer (8.4s)
  ✓  18 tests/e2e/media.spec.ts:377:1 › microphone denial and unsupported recording are explicit and do not add attachments (3.8s)
  ✓  19 tests/e2e/media.spec.ts:430:1 › late permission, recording error, byte cap and virtual duration cap release synthetic tracks (6.0s)

  19 passed (2.4m)
