TAP version 13
# Subtest: new small-message arrivals cannot repeatedly take the bulk fairness turn
not ok 1 - new small-message arrivals cannot repeatedly take the bulk fairness turn
  ---
  duration_ms: 32.698732
  type: 'test'
  location: '/home/absint0o/projects/relayloom/tests/transport-arrival-fairness.test.ts:1:155'
  failureType: 'testCodeFailure'
  error: 'bulk received 1 of 120 turns'
  code: 'ERR_ASSERTION'
  name: 'AssertionError'
  expected: true
  actual: false
  operator: '=='
  stack: |-
    TestContext.<anonymous> (/home/absint0o/projects/relayloom/tests/transport-arrival-fairness.test.ts:31:12)
    async Test.run (node:internal/test_runner/test:1054:7)
    async startSubtestAfterBootstrap (node:internal/test_runner/harness:296:3)
  ...
1..1
# tests 1
# suites 0
# pass 0
# fail 1
# cancelled 0
# skipped 0
# todo 0
# duration_ms 264.747969
