TAP version 13
# Preserved fixture: /home/absint0o/projects/relayloom/.cache/rns-network-tvpPuN
# {"runtime":"/home/absint0o/projects/relayloom/.cache/rns-network-tvpPuN/a","counters":{"received":59,"forwarded":0,"duplicates":0,"rejected":0,"dropped":27,"retransmits":0,"rateLimited":0},"peers":[{"id":"dec00369ec0f070b","medium":"tcp","address":"127.0.0.1:36339","connected":true,"sent":559951,"received":500513,"queued":0}],"rns":null,"objects":[{"id":"b5525287a50d899da0711b6797572636807977827e461f816cf1bf3be010ae99","kind":"message"},{"id":"40fecb33aa0849432c0abfa5c46710c0b51681cb80ebf2886829b10adaa6bf2e","kind":"receipt"},{"id":"254664d1a4a6a97d3398340013df84a0b67944449b4e214d2dd2e50a30b6324c","kind":"post"}],"storage":{"count":3,"bytes":58719,"quota":134217728,"maxObjects":1024,"pinned":0,"reserved":0,"reservedBytes":0}}
# {"runtime":"/home/absint0o/projects/relayloom/.cache/rns-network-tvpPuN/b","counters":{"received":61,"forwarded":61,"duplicates":0,"rejected":0,"dropped":27,"retransmits":0,"rateLimited":0},"peers":[{"id":"ed7e843e46658385","medium":"tcp","address":"127.0.0.1:53398","connected":true,"sent":500513,"received":559951,"queued":0},{"id":"77c7e88a402f4c97","medium":"reticulum","address":"e0fff07297d3a8e1cab6c6a68ceea830","connected":true,"sent":111957,"received":25597,"queued":15}],"rns":{"destination":"c22f4d3a166a77d1ded52ae0fabc065d","running":true,"paths":[{"destination":"e0fff07297d3a8e1cab6c6a68ceea830","hops":2}],"diagnostics":{"t":"stats","sent":484,"received":138,"proved":483,"links":[{"pending":1569,"rtt":0.08675980567932129,"window":48,"status":2}]}},"objects":[{"id":"254664d1a4a6a97d3398340013df84a0b67944449b4e214d2dd2e50a30b6324c","kind":"post"}],"storage":{"count":3,"bytes":58719,"quota":134217728,"maxObjects":1024,"pinned":0,"reserved":0,"reservedBytes":0}}
# {"runtime":"/home/absint0o/projects/relayloom/.cache/rns-network-tvpPuN/c","counters":{"received":45,"forwarded":0,"duplicates":0,"rejected":0,"dropped":12,"retransmits":0,"rateLimited":0},"peers":[{"id":"e71bd03c9681a1f2","medium":"reticulum","address":"c22f4d3a166a77d1ded52ae0fabc065d","connected":true,"sent":25681,"received":111957,"queued":0}],"rns":{"destination":"e0fff07297d3a8e1cab6c6a68ceea830","running":true,"paths":[{"destination":"c22f4d3a166a77d1ded52ae0fabc065d","hops":2}],"diagnostics":{"t":"stats","sent":141,"received":493,"proved":141,"links":[{"pending":0,"rtt":0.08675980567932129,"window":48,"status":2}]}},"objects":[{"id":"b5525287a50d899da0711b6797572636807977827e461f816cf1bf3be010ae99","kind":"message"},{"id":"40fecb33aa0849432c0abfa5c46710c0b51681cb80ebf2886829b10adaa6bf2e","kind":"receipt"}],"storage":{"count":2,"bytes":4122,"quota":134217728,"maxObjects":1024,"pinned":0,"reserved":0,"reservedBytes":0}}
# Subtest: reference Reticulum routes RelayLoom through TCP and serial PTY with partition/heal and offline seeding
not ok 1 - reference Reticulum routes RelayLoom through TCP and serial PTY with partition/heal and offline seeding
  ---
  duration_ms: 58253.729692
  type: 'test'
  location: '/home/absint0o/projects/relayloom/tests/reticulum/heterogeneous.test.ts:10:13'
  failureType: 'testCodeFailure'
  error: 'condition timed out'
  code: 'ERR_TEST_FAILURE'
  stack: |-
    until (/home/absint0o/projects/relayloom/tests/helpers.ts:214:9)
    async TestContext.<anonymous> (/home/absint0o/projects/relayloom/tests/reticulum/heterogeneous.test.ts:101:5)
    async Test.run (node:internal/test_runner/test:1054:7)
    async startSubtestAfterBootstrap (node:internal/test_runner/harness:296:3)
  ...
1..1
# tests 1
# suites 0
# pass 0
# fail 1
# cancelled 0
# skipped 0
# todo 0
# duration_ms 58378.074607
