
> relayloom@0.1.0 test:interop
> tsx --test --test-concurrency=1 tests/native/*.test.ts

TAP version 13
# Subtest: real Node and Go processes preserve encrypted reservations after process exit, with an eviction negative control
ok 1 - real Node and Go processes preserve encrypted reservations after process exit, with an eviction negative control
  ---
  duration_ms: 4912.544206
  type: 'test'
  ...
# (node:729390) ExperimentalWarning: SQLite is an experimental feature and might change at any time
# (Use `node --trace-warnings ...` to show where the warning was created)
# Subtest: Node and Go derive identical authorization from signed bundles and the same protected authority files
ok 2 - Node and Go derive identical authorization from signed bundles and the same protected authority files
  ---
  duration_ms: 13701.55216
  type: 'test'
  ...
# Subtest: actual node/native group admission preserves quarantine and history through node restart
ok 3 - actual node/native group admission preserves quarantine and history through node restart
  ---
  duration_ms: 3978.884473
  type: 'test'
  ...
# Subtest: actual native/node group admission preserves quarantine and history through native restart
ok 4 - actual native/node group admission preserves quarantine and history through native restart
  ---
  duration_ms: 3449.693314
  type: 'test'
  ...
# Subtest: actual native/native group admission preserves quarantine and history through native restart
ok 5 - actual native/native group admission preserves quarantine and history through native restart
  ---
  duration_ms: 2966.24924
  type: 'test'
  ...
# (node:730393) ExperimentalWarning: SQLite is an experimental feature and might change at any time
# (Use `node --trace-warnings ...` to show where the warning was created)
# Subtest: real Node/Go authority files preserve heads, cursors, fences, CAS and crash idempotence
ok 6 - real Node/Go authority files preserve heads, cursors, fences, CAS and crash idempotence
  ---
  duration_ms: 21653.313073
  type: 'test'
  ...
# Subtest: Node and Go verify each other's signed group epochs, consent, reader scope and exact Unicode bytes
ok 7 - Node and Go verify each other's signed group epochs, consent, reader scope and exact Unicode bytes
  ---
  duration_ms: 317.526731
  type: 'test'
  ...
# Subtest: real native/node automatic group confirmations preserve historical original readers
ok 8 - real native/node automatic group confirmations preserve historical original readers
  ---
  duration_ms: 3956.932739
  type: 'test'
  ...
# Subtest: real node/native automatic group confirmations preserve historical original readers
ok 9 - real node/native automatic group confirmations preserve historical original readers
  ---
  duration_ms: 6395.426853
  type: 'test'
  ...
# Subtest: real native/native automatic group confirmations preserve historical original readers
ok 10 - real native/native automatic group confirmations preserve historical original readers
  ---
  duration_ms: 5552.739008
  type: 'test'
  ...
# Subtest: real native/node/native group event seed takeover and new-reader exclusion
ok 11 - real native/node/native group event seed takeover and new-reader exclusion
  ---
  duration_ms: 13051.435342
  type: 'test'
  ...
# Subtest: real node/native/node group event seed takeover and new-reader exclusion
ok 12 - real node/native/node group event seed takeover and new-reader exclusion
  ---
  duration_ms: 15278.089748
  type: 'test'
  ...
# Subtest: real native/node group events preserve signing ownership and historical deletion
ok 13 - real native/node group events preserve signing ownership and historical deletion
  ---
  duration_ms: 7308.570534
  type: 'test'
  ...
# Subtest: real node/native group events preserve signing ownership and historical deletion
ok 14 - real node/native group events preserve signing ownership and historical deletion
  ---
  duration_ms: 8051.642574
  type: 'test'
  ...
# Subtest: real native/native group events preserve signing ownership and historical deletion
ok 15 - real native/native group events preserve signing ownership and historical deletion
  ---
  duration_ms: 5654.759962
  type: 'test'
  ...
# (node:736387) ExperimentalWarning: SQLite is an experimental feature and might change at any time
# (Use `node --trace-warnings ...` to show where the warning was created)
# Subtest: real Node/Go near-limit index preserves stop headroom and the disabled-guard control fails
ok 16 - real Node/Go near-limit index preserves stop headroom and the disabled-guard control fails
  ---
  duration_ms: 9897.889596
  type: 'test'
  ...
# (node:736840) ExperimentalWarning: SQLite is an experimental feature and might change at any time
# (Use `node --trace-warnings ...` to show where the warning was created)
# Subtest: Node and Go share durable admission, quarantine and stops across real commit-boundary process exits
ok 17 - Node and Go share durable admission, quarantine and stops across real commit-boundary process exits
  ---
  duration_ms: 15542.341683
  type: 'test'
  ...
# (node:737483) ExperimentalWarning: SQLite is an experimental feature and might change at any time
# (Use `node --trace-warnings ...` to show where the warning was created)
# {"phase":"node-install-first-128","elapsedMs":11208}
# {"phase":"node-observe-first-128","elapsedMs":436}
# {"phase":"node-stop-first-128","elapsedMs":3930}
# {"phase":"node-observe-stops","elapsedMs":121}
# {"phase":"node-create-next-group","elapsedMs":260}
# {"phase":"node-install-next-128","elapsedMs":12384}
# {"phase":"node-observe-256","elapsedMs":569}
# Subtest: real Node/Go application deaths preserve an outbox stop at the same commit as group closure
ok 18 - real Node/Go application deaths preserve an outbox stop at the same commit as group closure
  ---
  duration_ms: 8743.574089
  type: 'test'
  ...
# {"phase":"go-open-256","elapsedMs":609}
# {"phase":"go-observe-256","elapsedMs":491}
# {"phase":"go-stop-next-128","elapsedMs":3907}
# {"phase":"go-observe-256-stops","elapsedMs":657}
# Subtest: 128 real stopped intents and 128 pending reserved payloads reopen across Node and Go without reopening old retries
ok 19 - 128 real stopped intents and 128 pending reserved payloads reopen across Node and Go without reopening old retries
  ---
  duration_ms: 36540.328345
  type: 'test'
  ...
# Subtest: actual node creator and native member APIs preserve authority across engine takeover
ok 20 - actual node creator and native member APIs preserve authority across engine takeover
  ---
  duration_ms: 2091.333276
  type: 'test'
  ...
# Subtest: actual native creator and node member APIs preserve authority across engine takeover
ok 21 - actual native creator and node member APIs preserve authority across engine takeover
  ---
  duration_ms: 1826.952259
  type: 'test'
  ...
# {"runtime":"node","phase":"preparing","mode":"before"}
# {"runtime":"node","phase":"preparing","mode":"after"}
# {"runtime":"node","phase":"ready","mode":"before"}
# {"runtime":"node","phase":"ready","mode":"after"}
# {"runtime":"native","phase":"preparing","mode":"before"}
# {"runtime":"native","phase":"preparing","mode":"after"}
# {"runtime":"native","phase":"ready","mode":"before"}
# {"runtime":"native","phase":"ready","mode":"after"}
# Subtest: actual group creation/send survives eight Node/Go process deaths at intent and ready commits
ok 22 - actual group creation/send survives eight Node/Go process deaths at intent and ready commits
  ---
  duration_ms: 28847.057248
  type: 'test'
  ...
# Subtest: actual native/node group send, file-only message and reply use authenticated epoch cards
ok 23 - actual native/node group send, file-only message and reply use authenticated epoch cards
  ---
  duration_ms: 4871.148771
  type: 'test'
  ...
# Subtest: actual node/native group send, file-only message and reply use authenticated epoch cards
ok 24 - actual node/native group send, file-only message and reply use authenticated epoch cards
  ---
  duration_ms: 5227.041218
  type: 'test'
  ...
# Subtest: actual native/native group send, file-only message and reply use authenticated epoch cards
ok 25 - actual native/native group send, file-only message and reply use authenticated epoch cards
  ---
  duration_ms: 3902.792
  type: 'test'
  ...
# (node:742898) ExperimentalWarning: SQLite is an experimental feature and might change at any time
# (Use `node --trace-warnings ...` to show where the warning was created)
# Subtest: Node and Go share encrypted SQLite files, serialize real writers and recover each other's crashed transactions
ok 26 - Node and Go share encrypted SQLite files, serialize real writers and recover each other's crashed transactions
  ---
  duration_ms: 1085.344544
  type: 'test'
  ...
# (node:743082) ExperimentalWarning: SQLite is an experimental feature and might change at any time
# (Use `node --trace-warnings ...` to show where the warning was created)
# Subtest: real Node/Go process exits preserve group authority and the private document at one commit boundary
ok 27 - real Node/Go process exits preserve group authority and the private document at one commit boundary
  ---
  duration_ms: 4803.178435
  type: 'test'
  ...
# Subtest: Go A → Node B → Go C: isolated real sockets, encrypted messages/receipts, partition, restart and publisher-offline seeding
ok 28 - Go A → Node B → Go C: isolated real sockets, encrypted messages/receipts, partition, restart and publisher-offline seeding
  ---
  duration_ms: 7299.286159
  type: 'test'
  ...
# Subtest: Go A → Node B → Node C over TCP and serial PTYs preserves bytes, receipts and partition recovery
ok 29 - Go A → Node B → Node C over TCP and serial PTYs preserves bytes, receipts and partition recovery
  ---
  duration_ms: 4620.77349
  type: 'test'
  ...
# Subtest: Node ↔ Go generated vectors preserve canonical bytes, identities, vaults, reader authority, chunks and disk seeds
ok 30 - Node ↔ Go generated vectors preserve canonical bytes, identities, vaults, reader authority, chunks and disk seeds
  ---
  duration_ms: 870.970988
  type: 'test'
  ...
# Subtest: node outbox → go relay → go recipient: durable restart, real ACK control, signed group confirmations and expiry
ok 31 - node outbox → go relay → go recipient: durable restart, real ACK control, signed group confirmations and expiry
  ---
  duration_ms: 48232.769396
  type: 'test'
  ...
# Subtest: go outbox → node relay → node recipient: durable restart, real ACK control, signed group confirmations and expiry
ok 32 - go outbox → node relay → node recipient: durable restart, real ACK control, signed group confirmations and expiry
  ---
  duration_ms: 62165.266815
  type: 'test'
  ...
# (node:749228) ExperimentalWarning: SQLite is an experimental feature and might change at any time
# (Use `node --trace-warnings ...` to show where the warning was created)
# Subtest: node API migrates legacy private data and the other engine recovers after process death without fallback
ok 33 - node API migrates legacy private data and the other engine recovers after process death without fallback
  ---
  duration_ms: 1267.701186
  type: 'test'
  ...
# Subtest: go API migrates legacy private data and the other engine recovers after process death without fallback
ok 34 - go API migrates legacy private data and the other engine recovers after process death without fallback
  ---
  duration_ms: 1051.253092
  type: 'test'
  ...
# Subtest: node application owns its profile until close; another engine recovers its pending outbox
ok 35 - node application owns its profile until close; another engine recovers its pending outbox
  ---
  duration_ms: 768.452041
  type: 'test'
  ...
# Subtest: go application owns its profile until close; another engine recovers its pending outbox
ok 36 - go application owns its profile until close; another engine recovers its pending outbox
  ---
  duration_ms: 894.898617
  type: 'test'
  ...
# (node:749540) ExperimentalWarning: SQLite is an experimental feature and might change at any time
# (Use `node --trace-warnings ...` to show where the warning was created)
# Subtest: Node and Go share initialized private state and recover staged and committed process deaths
ok 37 - Node and Go share initialized private state and recover staged and committed process deaths
  ---
  duration_ms: 4504.617307
  type: 'test'
  ...
# (node:749868) ExperimentalWarning: SQLite is an experimental feature and might change at any time
# (Use `node --trace-warnings ...` to show where the warning was created)
# Subtest: real Node and Go processes exclude the same profile and recover after owner death
ok 38 - real Node and Go processes exclude the same profile and recover after owner death
  ---
  duration_ms: 3877.769468
  type: 'test'
  ...
1..38
# tests 38
# suites 0
# pass 38
# fail 0
# cancelled 0
# skipped 0
# todo 0
# duration_ms 377819.206924
