
> relayloom@0.1.0 test
> tsx --test --test-concurrency=1 tests/*.test.ts

TAP version 13
# Subtest: automatic reservations survive restart and count pressure without becoming manual pins
ok 1 - automatic reservations survive restart and count pressure without becoming manual pins
  ---
  duration_ms: 102.492818
  type: 'test'
  ...
# Subtest: byte quota refusal is atomic with a reserved payload and preserves unrelated stored bytes
ok 2 - byte quota refusal is atomic with a reserved payload and preserves unrelated stored bytes
  ---
  duration_ms: 93.555583
  type: 'test'
  ...
# Subtest: reservation does not extend signed expiry
ok 3 - reservation does not extend signed expiry
  ---
  duration_ms: 35.894132
  type: 'test'
  ...
# Subtest: unknown or corrupt reservation input cannot partially release a valid reservation
ok 4 - unknown or corrupt reservation input cannot partially release a valid reservation
  ---
  duration_ms: 43.562779
  type: 'test'
  ...
# Subtest: failed reservation index write protects the union until explicit reconciliation
ok 5 - failed reservation index write protects the union until explicit reconciliation
  ---
  duration_ms: 65.109754
  type: 'test'
  ...
# Subtest: duplicate reserved insertion at the count limit preserves a manual pin and verifies stored bytes
ok 6 - duplicate reserved insertion at the count limit preserves a manual pin and verifies stored bytes
  ---
  duration_ms: 35.042355
  type: 'test'
  ...
# (node:663759) ExperimentalWarning: The MockTimers API is an experimental feature and might change at any time
# (Use `node --trace-warnings ...` to show where the warning was created)
# Subtest: identity proof binds signing address, name and decryption key
ok 7 - identity proof binds signing address, name and decryption key
  ---
  duration_ms: 2.183393
  type: 'test'
  ...
# Subtest: vault encrypts private keys; recovery and wrong-password controls
ok 8 - vault encrypts private keys; recovery and wrong-password controls
  ---
  duration_ms: 225.947674
  type: 'test'
  ...
# Subtest: reader decrypts and seeds but cannot become author; unauthorized reader fails
ok 9 - reader decrypts and seeds but cannot become author; unauthorized reader fails
  ---
  duration_ms: 5.94214
  type: 'test'
  ...
# Subtest: ciphertext, manifest, expiry, depth and address negative controls
ok 10 - ciphertext, manifest, expiry, depth and address negative controls
  ---
  duration_ms: 15.588695
  type: 'test'
  ...
# Subtest: encrypted persistent seed takeover, deduplication, pin/quota, disk corruption
ok 11 - encrypted persistent seed takeover, deduplication, pin/quota, disk corruption
  ---
  duration_ms: 42.75242
  type: 'test'
  ...
# Subtest: object-count cap bounds small-object floods, survives restart and preserves pinned content
ok 12 - object-count cap bounds small-object floods, survives restart and preserves pinned content
  ---
  duration_ms: 263.310309
  type: 'test'
  ...
# Subtest: metadata listing does not replace real viewing order in LRU eviction
ok 13 - metadata listing does not replace real viewing order in LRU eviction
  ---
  duration_ms: 65.013483
  type: 'test'
  ...
# Subtest: cached manifest metadata is isolated, invalidated by disk changes, and never bypasses get verification
ok 14 - cached manifest metadata is isolated, invalidated by disk changes, and never bypasses get verification
  ---
  duration_ms: 27.869067
  type: 'test'
  ...
# Subtest: rejected quota decrease preserves existing files and policy; feasible decrease evicts only unpinned content
ok 15 - rejected quota decrease preserves existing files and policy; feasible decrease evicts only unpinned content
  ---
  duration_ms: 163.661934
  type: 'test'
  ...
# Subtest: invalid persisted index fails safely without deleting verified objects
ok 16 - invalid persisted index fails safely without deleting verified objects
  ---
  duration_ms: 25.225181
  type: 'test'
  ...
# Subtest: strict wire fields and every recipient envelope are validated before accepting signatures
ok 17 - strict wire fields and every recipient envelope are validated before accepting signatures
  ---
  duration_ms: 3.50992
  type: 'test'
  ...
# Subtest: desktop accepts only the owned daemon loopback bootstrap capability
ok 18 - desktop accepts only the owned daemon loopback bootstrap capability
  ---
  duration_ms: 1.087529
  type: 'test'
  ...
# Subtest: desktop request policy blocks other hosts, ports, schemes, subframes and WebSockets
ok 19 - desktop request policy blocks other hosts, ports, schemes, subframes and WebSockets
  ---
  duration_ms: 0.272361
  type: 'test'
  ...
# Subtest: desktop navigation stays on its exact local app and rejects insecure runtime overrides
ok 20 - desktop navigation stays on its exact local app and rejects insecure runtime overrides
  ---
  duration_ms: 0.924573
  type: 'test'
  ...
# Subtest: desktop microphone eligibility excludes cameras, remote documents and subframes
ok 21 - desktop microphone eligibility excludes cameras, remote documents and subframes
  ---
  duration_ms: 0.229099
  type: 'test'
  ...
# Subtest: desktop download defaults cannot contain paths, device names or control bytes
ok 22 - desktop download defaults cannot contain paths, device names or control bytes
  ---
  duration_ms: 0.31512
  type: 'test'
  ...
# Subtest: fixture stop is idempotent after process termination by signal
ok 23 - fixture stop is idempotent after process termination by signal
  ---
  duration_ms: 190.836921
  type: 'test'
  ...
# (node:663800) ExperimentalWarning: SQLite is an experimental feature and might change at any time
# (Use `node --trace-warnings ...` to show where the warning was created)
# Subtest: current and additions-only delayed messages preserve exact old readers without granting newcomer history
ok 24 - current and additions-only delayed messages preserve exact old readers without granting newcomer history
  ---
  duration_ms: 1085.610312
  type: 'test'
  ...
# Subtest: removal and rejoin quarantine unseen old content while retaining only exact accepted history
ok 25 - removal and rejoin quarantine unseen old content while retaining only exact accepted history
  ---
  duration_ms: 973.472803
  type: 'test'
  ...
# Subtest: historical receipts from a removed original reader are minimal and cannot admit an unknown target
ok 26 - historical receipts from a removed original reader are minimal and cannot admit an unknown target
  ---
  duration_ms: 608.414912
  type: 'test'
  ...
# Subtest: group tags cannot hide as falsy legacy fields and cached policy cannot escape its transaction
ok 27 - group tags cannot hide as falsy legacy fields and cached policy cannot escape its transaction
  ---
  duration_ms: 61.227847
  type: 'test'
  ...
# Subtest: a closure within the same transaction invalidates earlier cached permission
ok 28 - a closure within the same transaction invalidates earlier cached permission
  ---
  duration_ms: 108.003359
  type: 'test'
  ...
# Subtest: a new edit to old content uses only the original/current reader intersection
ok 29 - a new edit to old content uses only the original/current reader intersection
  ---
  duration_ms: 1165.455311
  type: 'test'
  ...
# (node:664009) ExperimentalWarning: SQLite is an experimental feature and might change at any time
# (Use `node --trace-warnings ...` to show where the warning was created)
# Subtest: an API observation cannot display an admission whose outer transaction rolled back
ok 30 - an API observation cannot display an admission whose outer transaction rolled back
  ---
  duration_ms: 388.873909
  type: 'test'
  ...
# Subtest: a historical delete and its accepted context recover together after lost commit response and real cache removal
ok 31 - a historical delete and its accepted context recover together after lost commit response and real cache removal
  ---
  duration_ms: 518.76403
  type: 'test'
  ...
# Subtest: failure to reserve quarantine bytes aborts the hold and locks until authenticated reconciliation succeeds
ok 32 - failure to reserve quarantine bytes aborts the hold and locks until authenticated reconciliation succeeds
  ---
  duration_ms: 403.886224
  type: 'test'
  ...
# Subtest: an unavailable quarantined blob cannot block admission of another valid group object
ok 33 - an unavailable quarantined blob cannot block admission of another valid group object
  ---
  duration_ms: 347.795117
  type: 'test'
  ...
# Subtest: authenticated history with an expiry inconsistent with its signed bundle is rejected
ok 34 - authenticated history with an expiry inconsistent with its signed bundle is rejected
  ---
  duration_ms: 326.052997
  type: 'test'
  ...
# (node:664038) ExperimentalWarning: SQLite is an experimental feature and might change at any time
# (Use `node --trace-warnings ...` to show where the warning was created)
# Subtest: an unchanged group snapshot walks its authority chain once, and a later closure still invalidates new admission
ok 35 - an unchanged group snapshot walks its authority chain once, and a later closure still invalidates new admission
  ---
  duration_ms: 7108.229776
  type: 'test'
  ...
# {"retainedObjects":32,"epochs":32,"visitedHeaders":32,"elapsedMs":117.4665700000005}
# Subtest: real Node receivers hold epoch content until its snapshot arrives and keep only accepted history after closure
ok 36 - real Node receivers hold epoch content until its snapshot arrives and keep only accepted history after closure
  ---
  duration_ms: 4735.658391
  type: 'test'
  ...
# Subtest: newcomer validates exact join consent from signed parent header without old snapshot keys
ok 37 - newcomer validates exact join consent from signed parent header without old snapshot keys
  ---
  duration_ms: 50.761876
  type: 'test'
  ...
# Subtest: permanent group anchor has real creator signature, exact schema and separate carrier identity
ok 38 - permanent group anchor has real creator signature, exact schema and separate carrier identity
  ---
  duration_ms: 6.403756
  type: 'test'
  ...
# Subtest: invitation and signed consent do not alter roster until the creator commits the exact parent
ok 39 - invitation and signed consent do not alter roster until the creator commits the exact parent
  ---
  duration_ms: 24.949153
  type: 'test'
  ...
# Subtest: newcomer reads real new ciphertext without obtaining historical keys; removed reader cannot read new content
ok 40 - newcomer reads real new ciphertext without obtaining historical keys; removed reader cannot read new content
  ---
  duration_ms: 44.988171
  type: 'test'
  ...
# Subtest: stale, substituted, missing or extra member consents cannot commit a roster
ok 41 - stale, substituted, missing or extra member consents cannot commit a roster
  ---
  duration_ms: 51.306597
  type: 'test'
  ...
# Subtest: removal and rejoin remain restrictive across the complete path even with identical final cards
ok 42 - removal and rejoin remain restrictive across the complete path even with identical final cards
  ---
  duration_ms: 48.978893
  type: 'test'
  ...
# Subtest: creator reading-card replacement preserves signing authority but requires fresh signed consent
ok 43 - creator reading-card replacement preserves signing authority but requires fresh signed consent
  ---
  duration_ms: 34.731112
  type: 'test'
  ...
# Subtest: signed schema tampering, roster duplication, invalid order and snapshot substitution fail
ok 44 - signed schema tampering, roster duplication, invalid order and snapshot substitution fail
  ---
  duration_ms: 24.30711
  type: 'test'
  ...
# Subtest: closure preserves the committed historical state and reserves the final epoch
ok 45 - closure preserves the committed historical state and reserves the final epoch
  ---
  duration_ms: 36.342633
  type: 'test'
  ...
# Subtest: a valid creator fork cannot masquerade as a contiguous successor or grant reader authority
ok 46 - a valid creator fork cannot masquerade as a contiguous successor or grant reader authority
  ---
  duration_ms: 33.245096
  type: 'test'
  ...
# Subtest: full 64-member roster is bounded; capacity and title failures do not mutate its parent
ok 47 - full 64-member roster is bounded; capacity and title failures do not mutate its parent
  ---
  duration_ms: 457.885729
  type: 'test'
  ...
# Subtest: member leave is a signed request with no direct roster effect and cannot replace creator closure
ok 48 - member leave is a signed request with no direct roster effect and cannot replace creator closure
  ---
  duration_ms: 30.36663
  type: 'test'
  ...
# (node:664518) ExperimentalWarning: SQLite is an experimental feature and might change at any time
# (Use `node --trace-warnings ...` to show where the warning was created)
# Subtest: group confirmation rollback cannot transmit before successful admission
ok 49 - group confirmation rollback cannot transmit before successful admission
  ---
  duration_ms: 4332.923555
  type: 'test'
  ...
# Subtest: group confirmation lost commit response cannot transmit before successful admission
ok 50 - group confirmation lost commit response cannot transmit before successful admission
  ---
  duration_ms: 4197.490223
  type: 'test'
  ...
# Subtest: blocked readers and missing original bytes cannot mint a group read fact
ok 51 - blocked readers and missing original bytes cannot mint a group read fact
  ---
  duration_ms: 3920.325801
  type: 'test'
  ...
# Subtest: missing historical group proof pauses confirmation until verified proof is restored
ok 52 - missing historical group proof pauses confirmation until verified proof is restored
  ---
  duration_ms: 4447.7036
  type: 'test'
  ...
# Subtest: real Node group automatic delivery and historical read after closure retain original audience
ok 53 - real Node group automatic delivery and historical read after closure retain original audience
  ---
  duration_ms: 6909.976494
  type: 'test'
  ...
# (node:667019) ExperimentalWarning: SQLite is an experimental feature and might change at any time
# (Use `node --trace-warnings ...` to show where the warning was created)
# Subtest: group event admission rollback cannot release bytes early
ok 54 - group event admission rollback cannot release bytes early
  ---
  duration_ms: 4337.348992
  type: 'test'
  ...
# Subtest: group event admission lost response cannot release bytes early
ok 55 - group event admission lost response cannot release bytes early
  ---
  duration_ms: 4279.554972
  type: 'test'
  ...
# Subtest: group event content-store failure before payload write preserves honest availability
ok 56 - group event content-store failure before payload write preserves honest availability
  ---
  duration_ms: 3975.046488
  type: 'test'
  ...
# Subtest: group event content-store failure after payload write preserves honest availability
ok 57 - group event content-store failure after payload write preserves honest availability
  ---
  duration_ms: 4254.452502
  type: 'test'
  ...
# Subtest: group event close retires retained packets and refuses later serving with a reachable control
ok 58 - group event close retires retained packets and refuses later serving with a reachable control
  ---
  duration_ms: 4641.657753
  type: 'test'
  ...
# Subtest: group event block retires retained packets and refuses later serving with a reachable control
ok 59 - group event block retires retained packets and refuses later serving with a reachable control
  ---
  duration_ms: 4002.132627
  type: 'test'
  ...
# Subtest: group event lock retires retained packets and refuses later serving with a reachable control
ok 60 - group event lock retires retained packets and refuses later serving with a reachable control
  ---
  duration_ms: 3947.688879
  type: 'test'
  ...
# Subtest: group event evicted retires retained packets and refuses later serving with a reachable control
ok 61 - group event evicted retires retained packets and refuses later serving with a reachable control
  ---
  duration_ms: 4172.643341
  type: 'test'
  ...
# Subtest: missing historical target proof pauses new event publication and seeding until exact proof returns
ok 62 - missing historical target proof pauses new event publication and seeding until exact proof returns
  ---
  duration_ms: 5011.340754
  type: 'test'
  ...
# Subtest: corrupt stored event cannot authorise a valid retained packet; exact bytes restore serving
ok 63 - corrupt stored event cannot authorise a valid retained packet; exact bytes restore serving
  ---
  duration_ms: 4902.730177
  type: 'test'
  ...
# Subtest: real Node group newcomer cannot read earlier audiences; peer serves author's edit while author is offline
ok 64 - real Node group newcomer cannot read earlier audiences; peer serves author's edit while author is offline
  ---
  duration_ms: 22308.513655
  type: 'test'
  ...
# Subtest: real Node group reactions/comments/author edits and historical deletion preserve signing ownership
ok 65 - real Node group reactions/comments/author edits and historical deletion preserve signing ownership
  ---
  duration_ms: 9615.214332
  type: 'test'
  ...
# (node:671149) ExperimentalWarning: SQLite is an experimental feature and might change at any time
# (Use `node --trace-warnings ...` to show where the warning was created)
# Subtest: an index consuming stop headroom is refused without changing existing data
ok 66 - an index consuming stop headroom is refused without changing existing data
  ---
  duration_ms: 853.932385
  type: 'test'
  ...
# Subtest: ordinary index growth stops before the protected checkpoint allocation is consumed
ok 67 - ordinary index growth stops before the protected checkpoint allocation is consumed
  ---
  duration_ms: 2775.705539
  type: 'test'
  ...
# (node:671533) ExperimentalWarning: SQLite is an experimental feature and might change at any time
# (Use `node --trace-warnings ...` to show where the warning was created)
# Subtest: stop reads share one validated snapshot but invalidate on mutation and scope exit
ok 68 - stop reads share one validated snapshot but invalidate on mutation and scope exit
  ---
  duration_ms: 216.033347
  type: 'test'
  ...
# Subtest: all256 immutable stops fit; retirement preserves retained facts and counts only removed records
ok 69 - all256 immutable stops fit; retirement preserves retained facts and counts only removed records
  ---
  duration_ms: 7707.397873
  type: 'test'
  ...
# Subtest: expired holds have counted removal and malformed counters cannot be used as valid state
ok 70 - expired holds have counted removal and malformed counters cannot be used as valid state
  ---
  duration_ms: 59.447309
  type: 'test'
  ...
# (node:672549) ExperimentalWarning: SQLite is an experimental feature and might change at any time
# (Use `node --trace-warnings ...` to show where the warning was created)
# Subtest: accepted history is authenticated and unknown old content stays separately held after removal
ok 71 - accepted history is authenticated and unknown old content stays separately held after removal
  ---
  duration_ms: 744.417913
  type: 'test'
  ...
# Subtest: group closure and immutable outbox stop commit together and callback failure rolls both back
ok 72 - group closure and immutable outbox stop commit together and callback failure rolls both back
  ---
  duration_ms: 177.146585
  type: 'test'
  ...
# Subtest: historical receipt uses only a locally persisted accepted target, never an ID supplied by its sender
ok 73 - historical receipt uses only a locally persisted accepted target, never an ID supplied by its sender
  ---
  duration_ms: 590.320159
  type: 'test'
  ...
# Subtest: missing observation clock or malformed authenticated context cannot grant historical access
ok 74 - missing observation clock or malformed authenticated context cannot grant historical access
  ---
  duration_ms: 88.487151
  type: 'test'
  ...
# Subtest: quarantine byte quota uses actual signed ciphertext sizes and refuses overflow
ok 75 - quarantine byte quota uses actual signed ciphertext sizes and refuses overflow
  ---
  duration_ms: 973.036696
  type: 'test'
  ...
# Subtest: minimal outbox stop survives exhausted ordinary space without rewriting private content
ok 76 - minimal outbox stop survives exhausted ordinary space without rewriting private content
  ---
  duration_ms: 118.008236
  type: 'test'
  ...
# Subtest: ledger readers cannot escape the borrowed scope, even when every collection is empty
ok 77 - ledger readers cannot escape the borrowed scope, even when every collection is empty
  ---
  duration_ms: 15.187513
  type: 'test'
  ...
# Subtest: the authority reserve also accommodates every retained outbox stop
ok 78 - the authority reserve also accommodates every retained outbox stop
  ---
  duration_ms: 168.454659
  type: 'test'
  ...
# Subtest: quarantine count remains bounded and replay does not consume another slot
ok 79 - quarantine count remains bounded and replay does not consume another slot
  ---
  duration_ms: 2428.145763
  type: 'test'
  ...
# Subtest: full4096 history respects protected records and retains the exact accepted count on retirement
ok 80 - full4096 history respects protected records and retains the exact accepted count on retirement
  ---
  duration_ms: 33864.365829
  type: 'test'
  ...
# (node:676233) ExperimentalWarning: SQLite is an experimental feature and might change at any time
# (Use `node --trace-warnings ...` to show where the warning was created)
# Subtest: missing private proof pauses a valid reserved send without losing availability, then releases its obsolete hold
ok 81 - missing private proof pauses a valid reserved send without losing availability, then releases its obsolete hold
  ---
  duration_ms: 2079.397029
  type: 'test'
  ...
# Subtest: runtime closure persists the minimal stop without rewriting the private document and releases only automatic protection
ok 82 - runtime closure persists the minimal stop without rewriting the private document and releases only automatic protection
  ---
  duration_ms: 1445.00738
  type: 'test'
  ...
# Subtest: runtime group stop and closure recover together after rollback
ok 83 - runtime group stop and closure recover together after rollback
  ---
  duration_ms: 1189.818275
  type: 'test'
  ...
# Subtest: runtime group stop and closure recover together after lost commit response
ok 84 - runtime group stop and closure recover together after lost commit response
  ---
  duration_ms: 921.236954
  type: 'test'
  ...
# Subtest: full normal database quota still commits a group stop while the ordinary growth control fails
ok 85 - full normal database quota still commits a group stop while the ordinary growth control fails
  ---
  duration_ms: 1561.104523
  type: 'test'
  ...
# Subtest: forged stop mirror, mismatched binding and orphan stop all fail authenticated reopening
    # Subtest: mirror
    ok 1 - mirror
      ---
      duration_ms: 812.733978
      type: 'test'
      ...
    # Subtest: binding
    ok 2 - binding
      ---
      duration_ms: 929.224771
      type: 'test'
      ...
    # Subtest: orphan
    ok 3 - orphan
      ---
      duration_ms: 908.456594
      type: 'test'
      ...
    1..3
ok 86 - forged stop mirror, mismatched binding and orphan stop all fail authenticated reopening
  ---
  duration_ms: 2651.49058
  type: 'test'
  ...
# Subtest: bounded stopped entries coexist with 128 new pending operations; half bindings and extra fields fail
ok 87 - bounded stopped entries coexist with 128 new pending operations; half bindings and extra fields fail
  ---
  duration_ms: 806.629524
  type: 'test'
  ...
# Subtest: a restrictive prefix with an invalid tail stops the runtime intent in its accepted transaction
ok 88 - a restrictive prefix with an invalid tail stops the runtime intent in its accepted transaction
  ---
  duration_ms: 993.852871
  type: 'test'
  ...
# Subtest: stop retirement and removal of the corresponding intent share a private commit
ok 89 - stop retirement and removal of the corresponding intent share a private commit
  ---
  duration_ms: 987.628251
  type: 'test'
  ...
# Subtest: runtime stop cancels its existing transport queue
ok 90 - runtime stop cancels its existing transport queue
  ---
  duration_ms: 1290.193503
  type: 'test'
  ...
# Subtest: runtime negative control delivers its existing transport queue
ok 91 - runtime negative control delivers its existing transport queue
  ---
  duration_ms: 1239.801311
  type: 'test'
  ...
# Subtest: real TCP cache request checks active author authority even after delivery completed
ok 92 - real TCP cache request checks active author authority even after delivery completed
  ---
  duration_ms: 1742.010555
  type: 'test'
  ...
# Subtest: real TCP cache request checks closed author authority even after delivery completed
ok 93 - real TCP cache request checks closed author authority even after delivery completed
  ---
  duration_ms: 1800.462257
  type: 'test'
  ...
# Subtest: real TCP cache request checks locked author authority even after delivery completed
ok 94 - real TCP cache request checks locked author authority even after delivery completed
  ---
  duration_ms: 1480.791886
  type: 'test'
  ...
# (node:677736) ExperimentalWarning: SQLite is an experimental feature and might change at any time
# (Use `node --trace-warnings ...` to show where the warning was created)
# Subtest: creator state is encrypted, permanent and idempotent while its operation is retained
ok 95 - creator state is encrypted, permanent and idempotent while its operation is retained
  ---
  duration_ms: 84.634779
  type: 'test'
  ...
# Subtest: explicit invitation needs complete ancestry and fresh consent before local membership
ok 96 - explicit invitation needs complete ancestry and fresh consent before local membership
  ---
  duration_ms: 386.370195
  type: 'test'
  ...
# Subtest: unknown groups, invalid signer and signed orphan hints cannot allocate, advance or freeze authority
ok 97 - unknown groups, invalid signer and signed orphan hints cannot allocate, advance or freeze authority
  ---
  duration_ms: 118.801914
  type: 'test'
  ...
# Subtest: an incumbent cannot skip an invalid intermediate membership snapshot
ok 98 - an incumbent cannot skip an invalid intermediate membership snapshot
  ---
  duration_ms: 228.052249
  type: 'test'
  ...
# Subtest: creator equivocation freezes durably; stale hints do not choose or erase a branch
ok 99 - creator equivocation freezes durably; stale hints do not choose or erase a branch
  ---
  duration_ms: 161.932292
  type: 'test'
  ...
# Subtest: local leave survives restart and old consent replay; reentry requires a new committed nonce
ok 100 - local leave survives restart and old consent replay; reentry requires a new committed nonce
  ---
  duration_ms: 771.271718
  type: 'test'
  ...
# Subtest: a late join response cannot restore membership across a subsequent removal
ok 101 - a late join response cannot restore membership across a subsequent removal
  ---
  duration_ms: 330.042906
  type: 'test'
  ...
# Subtest: storage pressure persists a stop checkpoint instead of using an obsolete roster
ok 102 - storage pressure persists a stop checkpoint instead of using an obsolete roster
  ---
  duration_ms: 102.412537
  type: 'test'
  ...
# Subtest: closure and a stale expected parent cannot create a successor or bypass idempotency
ok 103 - closure and a stale expected parent cannot create a successor or bypass idempotency
  ---
  duration_ms: 160.924663
  type: 'test'
  ...
# Subtest: 64 remembered groups are retained; capacity is not reset by closing them
ok 104 - 64 remembered groups are retained; capacity is not reset by closing them
  ---
  duration_ms: 1968.087372
  type: 'test'
  ...
# Subtest: two real creator processes use compare-and-set and cannot commit siblings in one registry
ok 105 - two real creator processes use compare-and-set and cannot commit siblings in one registry
  ---
  duration_ms: 246.717312
  type: 'test'
  ...
# Subtest: real process crashes preserve atomic authority and the original operation after a lost response
ok 106 - real process crashes preserve atomic authority and the original operation after a lost response
  ---
  duration_ms: 383.86608
  type: 'test'
  ...
# Subtest: later snapshots wait for a missing intermediate state and activate after its verified arrival
ok 107 - later snapshots wait for a missing intermediate state and activate after its verified arrival
  ---
  duration_ms: 621.671095
  type: 'test'
  ...
# Subtest: capacity recovery adopts the exact stopped header and still needs its private state
ok 108 - capacity recovery adopts the exact stopped header and still needs its private state
  ---
  duration_ms: 208.706982
  type: 'test'
  ...
# Subtest: snapshot capacity stops survive restart; freeing space alone cannot reactivate membership
ok 109 - snapshot capacity stops survive restart; freeing space alone cannot reactivate membership
  ---
  duration_ms: 184.219895
  type: 'test'
  ...
# Subtest: a real sibling proof during capacity suspension freezes permanently and is retrievable
ok 110 - a real sibling proof during capacity suspension freezes permanently and is retrievable
  ---
  duration_ms: 152.366548
  type: 'test'
  ...
# Subtest: finite operation retention follows authenticated revisions and leaves group proofs intact
ok 111 - finite operation retention follows authenticated revisions and leaves group proofs intact
  ---
  duration_ms: 5905.04964
  type: 'test'
  ...
# Subtest: authenticated but malformed authority records fail closed instead of trusting falsy fields or cursors
ok 112 - authenticated but malformed authority records fail closed instead of trusting falsy fields or cursors
  ---
  duration_ms: 192.231415
  type: 'test'
  ...
# Subtest: corrupt retained operation cannot fabricate a successful response
ok 113 - corrupt retained operation cannot fabricate a successful response
  ---
  duration_ms: 47.20102
  type: 'test'
  ...
# Subtest: local leave and creator closure remain durable under full ordinary metadata capacity
ok 114 - local leave and creator closure remain durable under full ordinary metadata capacity
  ---
  duration_ms: 411.127068
  type: 'test'
  ...
# Subtest: a malformed trailing proof cannot roll back an already verified removal in the same page
ok 115 - a malformed trailing proof cannot roll back an already verified removal in the same page
  ---
  duration_ms: 387.766252
  type: 'test'
  ...
# Subtest: the declared maximum checkpoints and stop receipts fit the reserved SQLite budget
ok 116 - the declared maximum checkpoints and stop receipts fit the reserved SQLite budget
  ---
  duration_ms: 174.157531
  type: 'test'
  ...
# Subtest: retirement rechecks every operation signature after caching a group in the same transaction
ok 117 - retirement rechecks every operation signature after caching a group in the same transaction
  ---
  duration_ms: 5637.657328
  type: 'test'
  ...
# (node:678368) ExperimentalWarning: SQLite is an experimental feature and might change at any time
# (Use `node --trace-warnings ...` to show where the warning was created)
# Subtest: authenticated Node group management persists membership and restrictive proofs
ok 118 - authenticated Node group management persists membership and restrictive proofs
  ---
  duration_ms: 2317.93669
  type: 'test'
  ...
# Subtest: group API recovers a committed command whose response was lost without creating a second group
ok 119 - group API recovers a committed command whose response was lost without creating a second group
  ---
  duration_ms: 244.088704
  type: 'test'
  ...
# (node:678557) ExperimentalWarning: SQLite is an experimental feature and might change at any time
# (Use `node --trace-warnings ...` to show where the warning was created)
# Subtest: group send intent rollback has no transport side effect
ok 120 - group send intent rollback has no transport side effect
  ---
  duration_ms: 1617.83606
  type: 'test'
  ...
# Subtest: group send intent lost response has no transport side effect
ok 121 - group send intent lost response has no transport side effect
  ---
  duration_ms: 2094.017679
  type: 'test'
  ...
# Subtest: group send recovers original stored bytes after ready rollback
ok 122 - group send recovers original stored bytes after ready rollback
  ---
  duration_ms: 2611.735948
  type: 'test'
  ...
# Subtest: group send recovers original stored bytes after lost ready response
ok 123 - group send recovers original stored bytes after lost ready response
  ---
  duration_ms: 2638.771262
  type: 'test'
  ...
# Subtest: a reported content-store failure cannot leak the new group packet or silently create another ID
ok 124 - a reported content-store failure cannot leak the new group packet or silently create another ID
  ---
  duration_ms: 2495.228527
  type: 'test'
  ...
# Subtest: actual group send APIs create durable encrypted text, attachment and reply over TCP without global contacts
ok 125 - actual group send APIs create durable encrypted text, attachment and reply over TCP without global contacts
  ---
  duration_ms: 4314.769552
  type: 'test'
  ...
# Subtest: new group sends require current head and exact snapshot audience; retained operation remains immutable
ok 126 - new group sends require current head and exact snapshot audience; retained operation remains immutable
  ---
  duration_ms: 3680.732703
  type: 'test'
  ...
# (node:680534) ExperimentalWarning: SQLite is an experimental feature and might change at any time
# (Use `node --trace-warnings ...` to show where the warning was created)
# Subtest: encrypted metadata survives close/reopen; uncommitted work and transaction handles cannot escape
ok 127 - encrypted metadata survives close/reopen; uncommitted work and transaction handles cannot escape
  ---
  duration_ms: 68.042593
  type: 'test'
  ...
# Subtest: absence, truncation, wrong identity, wrong signing authority and extra SQL schema fail closed
ok 128 - absence, truncation, wrong identity, wrong signing authority and extra SQL schema fail closed
  ---
  duration_ms: 39.153373
  type: 'test'
  ...
# Subtest: unknown schema cannot hide behind a similar SQLite prefix
ok 129 - unknown schema cannot hide behind a similar SQLite prefix
  ---
  duration_ms: 33.091188
  type: 'test'
  ...
# Subtest: valid encryption with only the reading key cannot forge a locally signed fence
ok 130 - valid encryption with only the reading key cannot forge a locally signed fence
  ---
  duration_ms: 80.760565
  type: 'test'
  ...
# Subtest: checkpoint corruption, deletion, wrong SQL type and oversize are rejected before trusting state
ok 131 - checkpoint corruption, deletion, wrong SQL type and oversize are rejected before trusting state
  ---
  duration_ms: 88.377575
  type: 'test'
  ...
# Subtest: complete valid backup rollback is an explicit limitation; a pinned different registry is rejected
ok 132 - complete valid backup rollback is an explicit limitation; a pinned different registry is rejected
  ---
  duration_ms: 57.184286
  type: 'test'
  ...
# Subtest: ciphertext substitution, swallowed integrity errors and stale index replay cannot change a committed record
ok 133 - ciphertext substitution, swallowed integrity errors and stale index replay cannot change a committed record
  ---
  duration_ms: 91.551035
  type: 'test'
  ...
# Subtest: a replacement callback error cannot erase an observed integrity failure
ok 134 - a replacement callback error cannot erase an observed integrity failure
  ---
  duration_ms: 43.533484
  type: 'test'
  ...
# Subtest: record AAD binds logical key and revision even beneath a freshly signed index
ok 135 - record AAD binds logical key and revision even beneath a freshly signed index
  ---
  duration_ms: 53.982273
  type: 'test'
  ...
# Subtest: ordinary metadata cannot consume the checkpoint reserve; capacity failure is atomic
ok 136 - ordinary metadata cannot consume the checkpoint reserve; capacity failure is atomic
  ---
  duration_ms: 64.873891
  type: 'test'
  ...
# Subtest: abrupt writer process death rolls back staged SQL and preserves the last authenticated checkpoint
ok 137 - abrupt writer process death rolls back staged SQL and preserves the last authenticated checkpoint
  ---
  duration_ms: 124.381213
  type: 'test'
  ...
# Subtest: two actual writer processes serialize read-modify-write without losing updates
ok 138 - two actual writer processes serialize read-modify-write without losing updates
  ---
  duration_ms: 450.803722
  type: 'test'
  ...
# (node:680587) ExperimentalWarning: SQLite is an experimental feature and might change at any time
# (Use `node --trace-warnings ...` to show where the warning was created)
# Subtest: group and private document share one commit; callback rollback and expired scopes cannot leak writes
ok 139 - group and private document share one commit; callback rollback and expired scopes cannot leak writes
  ---
  duration_ms: 120.835075
  type: 'test'
  ...
# Subtest: swallowing a scoped operation failure cannot commit earlier group or private writes
ok 140 - swallowing a scoped operation failure cannot commit earlier group or private writes
  ---
  duration_ms: 65.040905
  type: 'test'
  ...
# Subtest: a verified closure and private decision commit despite a rejected proof tail
ok 141 - a verified closure and private decision commit despite a rejected proof tail
  ---
  duration_ms: 111.847155
  type: 'test'
  ...
# Subtest: even swallowing the entire authority scope error cannot commit the outer transaction
ok 142 - even swallowing the entire authority scope error cannot commit the outer transaction
  ---
  duration_ms: 58.99963
  type: 'test'
  ...
# Subtest: minimal authority fence commits at full ordinary quota without growing the private document
ok 143 - minimal authority fence commits at full ordinary quota without growing the private document
  ---
  duration_ms: 118.175048
  type: 'test'
  ...
# Subtest: three processes TCP → serial PTY, partition/heal, relay control and publisher-offline seeder takeover
ok 144 - three processes TCP → serial PTY, partition/heal, relay control and publisher-offline seeder takeover
  ---
  duration_ms: 9324.127148
  type: 'test'
  ...
# Subtest: real processes: private conversation, receipt, unauthorized edit, social and restart recovery
ok 145 - real processes: private conversation, receipt, unauthorized edit, social and restart recovery
  ---
  duration_ms: 1504.922857
  type: 'test'
  ...
# (node:681005) ExperimentalWarning: SQLite is an experimental feature and might change at any time
# (Use `node --trace-warnings ...` to show where the warning was created)
# (node:681005) ExperimentalWarning: The MockTimers API is an experimental feature and might change at any time
# Subtest: offline send is encrypted, pinned, idempotent and recovers the same operation after restart
ok 146 - offline send is encrypted, pinned, idempotent and recovers the same operation after restart
  ---
  duration_ms: 334.914179
  type: 'test'
  ...
# Subtest: preparing journal reconciles surviving exact bytes and never regenerates missing content
ok 147 - preparing journal reconciles surviving exact bytes and never regenerates missing content
  ---
  duration_ms: 229.998649
  type: 'test'
  ...
# Subtest: transport rejection after local acceptance stays pending and cannot crash periodic sync
ok 148 - transport rejection after local acceptance stays pending and cannot crash periodic sync
  ---
  duration_ms: 232.770244
  type: 'test'
  ...
# Subtest: per-reader signed delivery/read confirmations survive paging, replay, eviction and restart
ok 149 - per-reader signed delivery/read confirmations survive paging, replay, eviction and restart
  ---
  duration_ms: 2321.615277
  type: 'test'
  ...
# Subtest: public, foreign-author and wrong-reader confirmations cannot advance a durable send
ok 150 - public, foreign-author and wrong-reader confirmations cannot advance a durable send
  ---
  duration_ms: 329.129995
  type: 'test'
  ...
# Subtest: expiry remains visible after payload removal and explicit user pin is preserved
ok 151 - expiry remains visible after payload removal and explicit user pin is preserved
  ---
  duration_ms: 365.844895
  type: 'test'
  ...
# Subtest: corrupted reserved bytes become unavailable without a new signed publication
ok 152 - corrupted reserved bytes become unavailable without a new signed publication
  ---
  duration_ms: 229.361855
  type: 'test'
  ...
# Subtest: blocked incomplete sends retain bounded reservation; blocked group readers do not break viewing
ok 153 - blocked incomplete sends retain bounded reservation; blocked group readers do not break viewing
  ---
  duration_ms: 511.713381
  type: 'test'
  ...
# Subtest: pending count/byte reservations and restored metadata ownership are bounded
ok 154 - pending count/byte reservations and restored metadata ownership are bounded
  ---
  duration_ms: 236.017964
  type: 'test'
  ...
# Subtest: a content-file directory flush error preserves the recorded operation instead of signing a replacement
ok 155 - a content-file directory flush error preserves the recorded operation instead of signing a replacement
  ---
  duration_ms: 196.768871
  type: 'test'
  ...
# Subtest: incoming read confirmation is journalled before its admission evicts the original
ok 156 - incoming read confirmation is journalled before its admission evicts the original
  ---
  duration_ms: 279.508888
  type: 'test'
  ...
# Subtest: read confirmation uses the signed roster when contact learning fails and can be reissued after eviction
ok 157 - read confirmation uses the signed roster when contact learning fails and can be reissued after eviction
  ---
  duration_ms: 231.265343
  type: 'test'
  ...
# Subtest: saved peer connection remains idempotent at capacity without opening another connection
ok 158 - saved peer connection remains idempotent at capacity without opening another connection
  ---
  duration_ms: 166.080038
  type: 'test'
  ...
# Subtest: snapshot crossing expiry during journal persistence keeps state and reservation consistent
ok 159 - snapshot crossing expiry during journal persistence keeps state and reservation consistent
  ---
  duration_ms: 1717.995242
  type: 'test'
  ...
# Subtest: snapshot crossing expiry during journal persistence keeps send and reservation consistent
ok 160 - snapshot crossing expiry during journal persistence keeps send and reservation consistent
  ---
  duration_ms: 1719.228375
  type: 'test'
  ...
# Subtest: snapshot crossing expiry during journal persistence keeps retry and reservation consistent
ok 161 - snapshot crossing expiry during journal persistence keeps retry and reservation consistent
  ---
  duration_ms: 1719.411257
  type: 'test'
  ...
# Subtest: an uncertain SQL completion at write 1 recovers the same outbox operation
ok 162 - an uncertain SQL completion at write 1 recovers the same outbox operation
  ---
  duration_ms: 198.155571
  type: 'test'
  ...
# Subtest: an uncertain SQL completion at write 2 recovers the same outbox operation
ok 163 - an uncertain SQL completion at write 2 recovers the same outbox operation
  ---
  duration_ms: 223.933969
  type: 'test'
  ...
# Subtest: outbox preview preserves full astral characters within its UTF-16 budget
ok 164 - outbox preview preserves full astral characters within its UTF-16 budget
  ---
  duration_ms: 0.311454
  type: 'test'
  ...
# (node:681409) ExperimentalWarning: SQLite is an experimental feature and might change at any time
# (Use `node --trace-warnings ...` to show where the warning was created)
# Subtest: legacy semantic failures are rejected before creating a signed migration intent
ok 165 - legacy semantic failures are rejected before creating a signed migration intent
  ---
  duration_ms: 57.75198
  type: 'test'
  ...
# (node:681416) ExperimentalWarning: SQLite is an experimental feature and might change at any time
# (Use `node --trace-warnings ...` to show where the warning was created)
# Subtest: signed initialization binds owner, random store ID and legacy ciphertext across phases
ok 166 - signed initialization binds owner, random store ID and legacy ciphertext across phases
  ---
  duration_ms: 8.530763
  type: 'test'
  ...
# Subtest: a signed intent can pin the exact new store before creation without allowing resets
ok 167 - a signed intent can pin the exact new store before creation without allowing resets
  ---
  duration_ms: 27.385681
  type: 'test'
  ...
# (node:681425) ExperimentalWarning: SQLite is an experimental feature and might change at any time
# (Use `node --trace-warnings ...` to show where the warning was created)
# Subtest: staged import binds the actual legacy ciphertext and committed reopen never falls back
ok 168 - staged import binds the actual legacy ciphertext and committed reopen never falls back
  ---
  duration_ms: 96.020153
  type: 'test'
  ...
# Subtest: existing unbound, missing initialized and wrong-store databases fail without reset
ok 169 - existing unbound, missing initialized and wrong-store databases fail without reset
  ---
  duration_ms: 171.549772
  type: 'test'
  ...
# Subtest: changed legacy source cannot complete a signed preparation
ok 170 - changed legacy source cannot complete a signed preparation
  ---
  duration_ms: 37.222854
  type: 'test'
  ...
# Subtest: transaction wrapper cannot erase initialization or the current private document
ok 171 - transaction wrapper cannot erase initialization or the current private document
  ---
  duration_ms: 65.149649
  type: 'test'
  ...
# Subtest: real process death after prepared initialization boundary preserves resumable private bytes
ok 172 - real process death after prepared initialization boundary preserves resumable private bytes
  ---
  duration_ms: 204.22534
  type: 'test'
  ...
# Subtest: real process death after imported initialization boundary preserves resumable private bytes
ok 173 - real process death after imported initialization boundary preserves resumable private bytes
  ---
  duration_ms: 213.850575
  type: 'test'
  ...
# Subtest: real process death after committed initialization boundary preserves resumable private bytes
ok 174 - real process death after committed initialization boundary preserves resumable private bytes
  ---
  duration_ms: 210.546381
  type: 'test'
  ...
# Subtest: replay of the complete earlier initialization state is an explicit rollback limitation
ok 175 - replay of the complete earlier initialization state is an explicit rollback limitation
  ---
  duration_ms: 117.785297
  type: 'test'
  ...
# (node:681539) ExperimentalWarning: SQLite is an experimental feature and might change at any time
# (Use `node --trace-warnings ...` to show where the warning was created)
# Subtest: one running owner per profile, another profile remains independent, close permits restart
ok 176 - one running owner per profile, another profile remains independent, close permits restart
  ---
  duration_ms: 31.662079
  type: 'test'
  ...
# Subtest: empty initialization can recover but foreign or malformed metadata is refused
ok 177 - empty initialization can recover but foreign or malformed metadata is refused
  ---
  duration_ms: 39.735684
  type: 'test'
  ...
# (node:681547) ExperimentalWarning: SQLite is an experimental feature and might change at any time
# (Use `node --trace-warnings ...` to show where the warning was created)
# Subtest: runtime owns the profile through transport shutdown and rejects stale writes after recovery
ok 178 - runtime owns the profile through transport shutdown and rejects stale writes after recovery
  ---
  duration_ms: 321.319712
  type: 'test'
  ...
# Subtest: constructor failure releases ownership without resetting the existing profile
ok 179 - constructor failure releases ownership without resetting the existing profile
  ---
  duration_ms: 20.38721
  type: 'test'
  ...
# (node:681559) ExperimentalWarning: SQLite is an experimental feature and might change at any time
# (Use `node --trace-warnings ...` to show where the warning was created)
# Subtest: chunked private state is encrypted, persists exactly and shrinks atomically
ok 180 - chunked private state is encrypted, persists exactly and shrinks atomically
  ---
  duration_ms: 111.019103
  type: 'test'
  ...
# Subtest: private state and an authority fence commit together or both roll back, with digest CAS
ok 181 - private state and an authority fence commit together or both roll back, with digest CAS
  ---
  duration_ms: 43.122584
  type: 'test'
  ...
# Subtest: missing, orphan and hash-mismatched chunks fail closed rather than yielding partial state
ok 182 - missing, orphan and hash-mismatched chunks fail closed rather than yielding partial state
  ---
  duration_ms: 112.892385
  type: 'test'
  ...
# Subtest: the full declared private-state byte bound fits while oversize input makes no writes
ok 183 - the full declared private-state byte bound fits while oversize input makes no writes
  ---
  duration_ms: 281.039667
  type: 'test'
  ...
# (node:681699) ExperimentalWarning: SQLite is an experimental feature and might change at any time
# (Use `node --trace-warnings ...` to show where the warning was created)
# Subtest: inbound semantic ACL: forged public receipt/message and private wrong-reader mutation are hidden
ok 184 - inbound semantic ACL: forged public receipt/message and private wrong-reader mutation are hidden
  ---
  duration_ms: 323.888438
  type: 'test'
  ...
# Subtest: malformed unauthenticated HTTP paths return 400; service survives and auth boundary holds
ok 185 - malformed unauthenticated HTTP paths return 400; service survives and auth boundary holds
  ---
  duration_ms: 52.580916
  type: 'test'
  ...
# Subtest: private site draft and local deletion survive cache removal/restart without plaintext on disk
ok 186 - private site draft and local deletion survive cache removal/restart without plaintext on disk
  ---
  duration_ms: 472.622306
  type: 'test'
  ...
# Subtest: relay consent: no application-level cached serving while paused, positive control after enabling
ok 187 - relay consent: no application-level cached serving while paused, positive control after enabling
  ---
  duration_ms: 1094.288962
  type: 'test'
  ...
# Subtest: deletion journal survives when publication itself evicts its unpinned original
ok 188 - deletion journal survives when publication itself evicts its unpinned original
  ---
  duration_ms: 274.928871
  type: 'test'
  ...
# Subtest: seeded virtual time is reproducible with independently generated secure fixtures
ok 189 - seeded virtual time is reproducible with independently generated secure fixtures
  ---
  duration_ms: 39.699406
  type: 'test'
  ...
# Subtest: loss, MTU fragmentation, partition/heal, low-power transition and SOS-before-bulk
ok 190 - loss, MTU fragmentation, partition/heal, low-power transition and SOS-before-bulk
  ---
  duration_ms: 9.634522
  type: 'test'
  ...
# Subtest: directed bandwidth, latency and MTU produce measurable asymmetric arrival times
ok 191 - directed bandwidth, latency and MTU produce measurable asymmetric arrival times
  ---
  duration_ms: 4.610463
  type: 'test'
  ...
# Subtest: congested bounded queues preserve SOS while bulk is deferred
ok 192 - congested bounded queues preserve SOS while bulk is deferred
  ---
  duration_ms: 6.588522
  type: 'test'
  ...
# Subtest: bounded cache distinguishes pinned exhaustion from unpinned eviction
ok 193 - bounded cache distinguishes pinned exhaustion from unpinned eviction
  ---
  duration_ms: 8.039151
  type: 'test'
  ...
# Subtest: TTL rejects in-flight expiration and retained replay respects the hop limit
ok 194 - TTL rejects in-flight expiration and retained replay respects the hop limit
  ---
  duration_ms: 3.896335
  type: 'test'
  ...
# Subtest: every-fourth-fragment fairness lets bulk advance during SOS pressure
ok 195 - every-fourth-fragment fairness lets bulk advance during SOS pressure
  ---
  duration_ms: 12.762787
  type: 'test'
  ...
# Subtest: real signature/chunk checks pass honest control and detect deliberately broken controls
ok 196 - real signature/chunk checks pass honest control and detect deliberately broken controls
  ---
  duration_ms: 15.944602
  type: 'test'
  ...
# Subtest: simulation rejects invalid transport bounds and complete report gates pass
ok 197 - simulation rejects invalid transport bounds and complete report gates pass
  ---
  duration_ms: 38.982392
  type: 'test'
  ...
# (node:682100) ExperimentalWarning: SQLite is an experimental feature and might change at any time
# (Use `node --trace-warnings ...` to show where the warning was created)
# Subtest: large valid cache produces bounded pages and exact authorized attachments on demand
ok 198 - large valid cache produces bounded pages and exact authorized attachments on demand
  ---
  duration_ms: 5620.156878
  type: 'test'
  ...
# Subtest: received author deletion persists before evicting its original, and denied attachments stay unavailable
ok 199 - received author deletion persists before evicting its original, and denied attachments stay unavailable
  ---
  duration_ms: 329.923802
  type: 'test'
  ...
# Subtest: request tracking is bounded even when transport rejects every broadcast
ok 200 - request tracking is bounded even when transport rejects every broadcast
  ---
  duration_ms: 179.606647
  type: 'test'
  ...
# Subtest: unknown post extension data does not crash or inflate summaries
ok 201 - unknown post extension data does not crash or inflate summaries
  ---
  duration_ms: 340.453724
  type: 'test'
  ...
# Subtest: summary reuse remains bound to verified disk bytes and unlocked identity
ok 202 - summary reuse remains bound to verified disk bytes and unlocked identity
  ---
  duration_ms: 178.725625
  type: 'test'
  ...
# Subtest: collections and following integrate with encrypted persistence and hashed peer retrieval respects read ACL
ok 203 - collections and following integrate with encrypted persistence and hashed peer retrieval respects read ACL
  ---
  duration_ms: 1785.091641
  type: 'test'
  ...
# Subtest: collection create, rename, add, remove and delete are immutable local transitions
ok 204 - collection create, rename, add, remove and delete are immutable local transitions
  ---
  duration_ms: 2.193642
  type: 'test'
  ...
# Subtest: collection identity, title and timestamp rules reject ambiguous metadata
ok 205 - collection identity, title and timestamp rules reject ambiguous metadata
  ---
  duration_ms: 1.144475
  type: 'test'
  ...
# Subtest: prototype, accessor, unknown field and sparse-array inputs fail without executing metadata
ok 206 - prototype, accessor, unknown field and sparse-array inputs fail without executing metadata
  ---
  duration_ms: 0.438612
  type: 'test'
  ...
# Subtest: collection ownership cannot be transferred by a command or mixed across identity vaults
ok 207 - collection ownership cannot be transferred by a command or mixed across identity vaults
  ---
  duration_ms: 0.327905
  type: 'test'
  ...
# Subtest: collection and membership quotas reject atomically while allowing idempotent operations
ok 208 - collection and membership quotas reject atomically while allowing idempotent operations
  ---
  duration_ms: 7.386988
  type: 'test'
  ...
# Subtest: recovered collections reject duplicate identifiers, titles, members and excessive total memberships
ok 209 - recovered collections reject duplicate identifiers, titles, members and excessive total memberships
  ---
  duration_ms: 3.113757
  type: 'test'
  ...
# Subtest: content references remain canonical hashes and convey neither reader access nor authorship
ok 210 - content references remain canonical hashes and convey neither reader access nor authorship
  ---
  duration_ms: 9.552478
  type: 'test'
  ...
# Subtest: followed feed selects posts and alerts from followed authors without changing caller order or access
ok 211 - followed feed selects posts and alerts from followed authors without changing caller order or access
  ---
  duration_ms: 0.40517
  type: 'test'
  ...
# Subtest: local cancellation removes an actual queued TCP transfer and its reconnect copy
ok 212 - local cancellation removes an actual queued TCP transfer and its reconnect copy
  ---
  duration_ms: 674.14519
  type: 'test'
  ...
# Subtest: local cancellation negative control delivers an actual queued TCP transfer and its reconnect copy
ok 213 - local cancellation negative control delivers an actual queued TCP transfer and its reconnect copy
  ---
  duration_ms: 664.404328
  type: 'test'
  ...
# Subtest: local cancellation leaves another origin's retained relay packet intact
ok 214 - local cancellation leaves another origin's retained relay packet intact
  ---
  duration_ms: 484.777063
  type: 'test'
  ...
# Subtest: TCP parser handles split/coalesced frames, rejects tamper and replays only once
ok 215 - TCP parser handles split/coalesced frames, rejects tamper and replays only once
  ---
  duration_ms: 85.347926
  type: 'test'
  ...
# Subtest: non-reading TCP duplicate flood coalesces and bounds control output
ok 216 - non-reading TCP duplicate flood coalesces and bounds control output
  ---
  duration_ms: 48.40633
  type: 'test'
  ...
# Subtest: TCP malformed frame and unfinished-line floods disconnect and release state
ok 217 - TCP malformed frame and unfinished-line floods disconnect and release state
  ---
  duration_ms: 21.914724
  type: 'test'
  ...
# Subtest: distinct TCP packets cannot grow the ACK queue or exceed its output rate
ok 218 - distinct TCP packets cannot grow the ACK queue or exceed its output rate
  ---
  duration_ms: 154.33522
  type: 'test'
  ...
# Subtest: TCP incomplete assemblies have count and aggregate memory bounds
ok 219 - TCP incomplete assemblies have count and aggregate memory bounds
  ---
  duration_ms: 2255.314941
  type: 'test'
  ...
# Subtest: expired packets, invalid TTLs and exhausted hop limits never relay
ok 220 - expired packets, invalid TTLs and exhausted hop limits never relay
  ---
  duration_ms: 133.551244
  type: 'test'
  ...
# Subtest: queued expiry and stopped sockets release bounded output under backpressure
ok 221 - queued expiry and stopped sockets release bounded output under backpressure
  ---
  duration_ms: 414.837605
  type: 'test'
  ...
# Subtest: partial TCP loss retries exact bytes and missing ACK retries without duplicate delivery
ok 222 - partial TCP loss retries exact bytes and missing ACK retries without duplicate delivery
  ---
  duration_ms: 4409.385922
  type: 'test'
  ...
# Subtest: TCP reconnect delivers a partial transfer and packets created during the partition
ok 223 - TCP reconnect delivers a partial transfer and packets created during the partition
  ---
  duration_ms: 1083.556823
  type: 'test'
  ...
# Subtest: turning relay off cancels queued forwarded fragments and keeps local SOS available
ok 224 - turning relay off cancels queued forwarded fragments and keeps local SOS available
  ---
  duration_ms: 98.516374
  type: 'test'
  ...
# Subtest: relay pause cancels queued local seeding and prevents retained offline replay
ok 225 - relay pause cancels queued local seeding and prevents retained offline replay
  ---
  duration_ms: 134.067713
  type: 'test'
  ...
# Subtest: real TCP fragments preempt bulk for SOS while preserving bulk fairness
ok 226 - real TCP fragments preempt bulk for SOS while preserving bulk fairness
  ---
  duration_ms: 78.259286
  type: 'test'
  ...
# Subtest: many in-progress SOS transfers leave admission capacity for bulk fairness
ok 227 - many in-progress SOS transfers leave admission capacity for bulk fairness
  ---
  duration_ms: 45.074814
  type: 'test'
  ...
# Subtest: real serialport PTY fragments preempt bulk for SOS with the same fairness
ok 228 - real serialport PTY fragments preempt bulk for SOS with the same fairness
  ---
  duration_ms: 149.704367
  type: 'test'
  ...
# Subtest: POSIX poller regression: read rearm must preserve an outstanding write watch
ok 229 - POSIX poller regression: read rearm must preserve an outstanding write watch
  ---
  duration_ms: 0.920476
  type: 'test'
  ...
# Subtest: serial write deadline covers one frame at configured baud while bounding a stalled writer
ok 230 - serial write deadline covers one frame at configured baud while bounding a stalled writer
  ---
  duration_ms: 0.147256
  type: 'test'
  ...
# Subtest: real serial PTY recovers an injected stuck write through bounded reconnect and exact replay
ok 231 - real serial PTY recovers an injected stuck write through bounded reconnect and exact replay
  ---
  duration_ms: 6162.193008
  type: 'test'
  ...
# Subtest: real TCP transfer, two-hop forwarding and relay-off negative control
ok 232 - real TCP transfer, two-hop forwarding and relay-off negative control
  ---
  duration_ms: 911.657235
  type: 'test'
  ...
# Subtest: validation rejection prevents display and relay; positive valid control
ok 233 - validation rejection prevents display and relay; positive valid control
  ---
  duration_ms: 533.138448
  type: 'test'
  ...
1..233
# tests 236
# suites 0
# pass 236
# fail 0
# cancelled 0
# skipped 0
# todo 0
# duration_ms 291457.063474
