
> relayloom@0.1.0 test:interop
> tsx --test --test-concurrency=1 tests/native/*.test.ts

TAP version 13
# Subtest: real Node and Go processes preserve encrypted reservations after process exit, with an eviction negative control
ok 1 - real Node and Go processes preserve encrypted reservations after process exit, with an eviction negative control
  ---
  duration_ms: 4917.080521
  type: 'test'
  ...
# (node:1596390) ExperimentalWarning: SQLite is an experimental feature and might change at any time
# (Use `node --trace-warnings ...` to show where the warning was created)
# Subtest: Node and Go derive identical authorization from signed bundles and the same protected authority files
ok 2 - Node and Go derive identical authorization from signed bundles and the same protected authority files
  ---
  duration_ms: 13838.177335
  type: 'test'
  ...
# Subtest: actual node/native group admission preserves quarantine and history through node restart
ok 3 - actual node/native group admission preserves quarantine and history through node restart
  ---
  duration_ms: 4182.876088
  type: 'test'
  ...
# Subtest: actual native/node group admission preserves quarantine and history through native restart
ok 4 - actual native/node group admission preserves quarantine and history through native restart
  ---
  duration_ms: 3531.817771
  type: 'test'
  ...
# Subtest: actual native/native group admission preserves quarantine and history through native restart
ok 5 - actual native/native group admission preserves quarantine and history through native restart
  ---
  duration_ms: 3664.518597
  type: 'test'
  ...
# (node:1597256) ExperimentalWarning: SQLite is an experimental feature and might change at any time
# (Use `node --trace-warnings ...` to show where the warning was created)
# Subtest: real Node/Go authority files preserve heads, cursors, fences, CAS and crash idempotence
ok 6 - real Node/Go authority files preserve heads, cursors, fences, CAS and crash idempotence
  ---
  duration_ms: 23448.350788
  type: 'test'
  ...
# Subtest: Node and Go independently seal and reject the same private group-control vectors
ok 7 - Node and Go independently seal and reject the same private group-control vectors
  ---
  duration_ms: 4517.692613
  type: 'test'
  ...
# Subtest: Node and Go verify each other's signed group epochs, consent, reader scope and exact Unicode bytes
ok 8 - Node and Go verify each other's signed group epochs, consent, reader scope and exact Unicode bytes
  ---
  duration_ms: 619.955623
  type: 'test'
  ...
# Subtest: real native/node automatic group confirmations preserve historical original readers
ok 9 - real native/node automatic group confirmations preserve historical original readers
  ---
  duration_ms: 7537.698857
  type: 'test'
  ...
# Subtest: real node/native automatic group confirmations preserve historical original readers
ok 10 - real node/native automatic group confirmations preserve historical original readers
  ---
  duration_ms: 8465.082686
  type: 'test'
  ...
# Subtest: real native/native automatic group confirmations preserve historical original readers
ok 11 - real native/native automatic group confirmations preserve historical original readers
  ---
  duration_ms: 5979.60984
  type: 'test'
  ...
# Subtest: opaque Go relay rejects public, oversized and excessive-lifetime controls before storage and forwarding
ok 12 - opaque Go relay rejects public, oversized and excessive-lifetime controls before storage and forwarding
  ---
  duration_ms: 1452.80332
  type: 'test'
  ...
# Subtest: real native/node/native group event seed takeover and new-reader exclusion
ok 13 - real native/node/native group event seed takeover and new-reader exclusion
  ---
  duration_ms: 19237.082119
  type: 'test'
  ...
# Subtest: real node/native/node group event seed takeover and new-reader exclusion
ok 14 - real node/native/node group event seed takeover and new-reader exclusion
  ---
  duration_ms: 27153.458887
  type: 'test'
  ...
# Subtest: real native/node group events preserve signing ownership and historical deletion
ok 15 - real native/node group events preserve signing ownership and historical deletion
  ---
  duration_ms: 8487.000309
  type: 'test'
  ...
# Subtest: real node/native group events preserve signing ownership and historical deletion
ok 16 - real node/native group events preserve signing ownership and historical deletion
  ---
  duration_ms: 11991.873533
  type: 'test'
  ...
# Subtest: real native/native group events preserve signing ownership and historical deletion
ok 17 - real native/native group events preserve signing ownership and historical deletion
  ---
  duration_ms: 5855.25354
  type: 'test'
  ...
# (node:1601461) ExperimentalWarning: SQLite is an experimental feature and might change at any time
# (Use `node --trace-warnings ...` to show where the warning was created)
# Subtest: real Node/Go near-limit index preserves stop headroom and the disabled-guard control fails
ok 18 - real Node/Go near-limit index preserves stop headroom and the disabled-guard control fails
  ---
  duration_ms: 9446.011415
  type: 'test'
  ...
# (node:1602129) ExperimentalWarning: SQLite is an experimental feature and might change at any time
# (Use `node --trace-warnings ...` to show where the warning was created)
# Subtest: Node and Go share durable admission, quarantine and stops across real commit-boundary process exits
ok 19 - Node and Go share durable admission, quarantine and stops across real commit-boundary process exits
  ---
  duration_ms: 15088.8743
  type: 'test'
  ...
# (node:1603908) ExperimentalWarning: SQLite is an experimental feature and might change at any time
# (Use `node --trace-warnings ...` to show where the warning was created)
# {"phase":"node-install-first-128","elapsedMs":12072}
# {"phase":"node-observe-first-128","elapsedMs":562}
# {"phase":"node-stop-first-128","elapsedMs":5202}
# {"phase":"node-observe-stops","elapsedMs":164}
# {"phase":"node-create-next-group","elapsedMs":510}
# {"phase":"node-install-next-128","elapsedMs":13713}
# {"phase":"node-observe-256","elapsedMs":777}
# Subtest: real Node/Go application deaths preserve an outbox stop at the same commit as group closure
ok 20 - real Node/Go application deaths preserve an outbox stop at the same commit as group closure
  ---
  duration_ms: 17743.810407
  type: 'test'
  ...
# {"phase":"go-open-256","elapsedMs":3633}
# {"phase":"go-observe-256","elapsedMs":1001}
# {"phase":"go-stop-next-128","elapsedMs":5300}
# {"phase":"go-observe-256-stops","elapsedMs":943}
# Subtest: 128 real stopped intents and 128 pending reserved payloads reopen across Node and Go without reopening old retries
ok 21 - 128 real stopped intents and 128 pending reserved payloads reopen across Node and Go without reopening old retries
  ---
  duration_ms: 47659.606002
  type: 'test'
  ...
# Subtest: actual node creator and native member APIs preserve authority across engine takeover
ok 22 - actual node creator and native member APIs preserve authority across engine takeover
  ---
  duration_ms: 2242.056844
  type: 'test'
  ...
# Subtest: actual native creator and node member APIs preserve authority across engine takeover
ok 23 - actual native creator and node member APIs preserve authority across engine takeover
  ---
  duration_ms: 1725.78856
  type: 'test'
  ...
# {"runtime":"node","phase":"preparing","mode":"before"}
# {"runtime":"node","phase":"preparing","mode":"after"}
# {"runtime":"node","phase":"ready","mode":"before"}
# {"runtime":"node","phase":"ready","mode":"after"}
# {"runtime":"native","phase":"preparing","mode":"before"}
# {"runtime":"native","phase":"preparing","mode":"after"}
# {"runtime":"native","phase":"ready","mode":"before"}
# {"runtime":"native","phase":"ready","mode":"after"}
# Subtest: actual group creation/send survives eight Node/Go process deaths at intent and ready commits
ok 24 - actual group creation/send survives eight Node/Go process deaths at intent and ready commits
  ---
  duration_ms: 39601.708893
  type: 'test'
  ...
# Subtest: actual native/node group send, file-only message and reply use authenticated epoch cards
ok 25 - actual native/node group send, file-only message and reply use authenticated epoch cards
  ---
  duration_ms: 5028.12243
  type: 'test'
  ...
# Subtest: actual node/native group send, file-only message and reply use authenticated epoch cards
ok 26 - actual node/native group send, file-only message and reply use authenticated epoch cards
  ---
  duration_ms: 6108.26982
  type: 'test'
  ...
# Subtest: actual native/native group send, file-only message and reply use authenticated epoch cards
ok 27 - actual native/native group send, file-only message and reply use authenticated epoch cards
  ---
  duration_ms: 4090.27861
  type: 'test'
  ...
# (node:1608851) ExperimentalWarning: SQLite is an experimental feature and might change at any time
# (Use `node --trace-warnings ...` to show where the warning was created)
# Subtest: Node and Go share encrypted SQLite files, serialize real writers and recover each other's crashed transactions
ok 28 - Node and Go share encrypted SQLite files, serialize real writers and recover each other's crashed transactions
  ---
  duration_ms: 886.893335
  type: 'test'
  ...
# Subtest: Go control requests recover lost responses and revalidate authority on identical retries
ok 29 - Go control requests recover lost responses and revalidate authority on identical retries
  ---
  duration_ms: 12528.072022
  type: 'test'
  ...
# Subtest: real native/node/native proof sync heals from offline creator through a seeder
ok 30 - real native/node/native proof sync heals from offline creator through a seeder
  ---
  duration_ms: 5283.589196
  type: 'test'
  ...
# Subtest: real node/native/node proof sync heals from offline creator through a seeder
ok 31 - real node/native/node proof sync heals from offline creator through a seeder
  ---
  duration_ms: 9240.358925
  type: 'test'
  ...
# Subtest: Go control publisher reaches isolated Node serial reader through opaque Node relay
ok 32 - Go control publisher reaches isolated Node serial reader through opaque Node relay
  ---
  duration_ms: 9960.84037
  type: 'test'
  ...
# Subtest: real native/node synchronises group changes and closure over encrypted transport
ok 33 - real native/node synchronises group changes and closure over encrypted transport
  ---
  duration_ms: 2087.22774
  type: 'test'
  ...
# Subtest: real node/native synchronises group changes and closure over encrypted transport
ok 34 - real node/native synchronises group changes and closure over encrypted transport
  ---
  duration_ms: 2394.629277
  type: 'test'
  ...
# Subtest: real native/native synchronises group changes and closure over encrypted transport
ok 35 - real native/native synchronises group changes and closure over encrypted transport
  ---
  duration_ms: 1396.014799
  type: 'test'
  ...
# (node:1610301) ExperimentalWarning: SQLite is an experimental feature and might change at any time
# (Use `node --trace-warnings ...` to show where the warning was created)
# Subtest: real Node/Go process exits preserve group authority and the private document at one commit boundary
ok 36 - real Node/Go process exits preserve group authority and the private document at one commit boundary
  ---
  duration_ms: 5560.148297
  type: 'test'
  ...
# Subtest: Go A → Node B → Go C: isolated real sockets, encrypted messages/receipts, partition, restart and publisher-offline seeding
ok 37 - Go A → Node B → Go C: isolated real sockets, encrypted messages/receipts, partition, restart and publisher-offline seeding
  ---
  duration_ms: 7401.364148
  type: 'test'
  ...
# Subtest: Go A → Node B → Node C over TCP and serial PTYs preserves bytes, receipts and partition recovery
ok 38 - Go A → Node B → Node C over TCP and serial PTYs preserves bytes, receipts and partition recovery
  ---
  duration_ms: 4618.389977
  type: 'test'
  ...
# Subtest: Node ↔ Go generated vectors preserve canonical bytes, identities, vaults, reader authority, chunks and disk seeds
ok 39 - Node ↔ Go generated vectors preserve canonical bytes, identities, vaults, reader authority, chunks and disk seeds
  ---
  duration_ms: 804.797106
  type: 'test'
  ...
# Subtest: node outbox → go relay → go recipient: durable restart, real ACK control, signed group confirmations and expiry
ok 40 - node outbox → go relay → go recipient: durable restart, real ACK control, signed group confirmations and expiry
  ---
  duration_ms: 39964.44829
  type: 'test'
  ...
# Subtest: go outbox → node relay → node recipient: durable restart, real ACK control, signed group confirmations and expiry
ok 41 - go outbox → node relay → node recipient: durable restart, real ACK control, signed group confirmations and expiry
  ---
  duration_ms: 57439.345613
  type: 'test'
  ...
# (node:1632666) ExperimentalWarning: SQLite is an experimental feature and might change at any time
# (Use `node --trace-warnings ...` to show where the warning was created)
# Subtest: node API migrates legacy private data and the other engine recovers after process death without fallback
ok 42 - node API migrates legacy private data and the other engine recovers after process death without fallback
  ---
  duration_ms: 1534.316987
  type: 'test'
  ...
# Subtest: go API migrates legacy private data and the other engine recovers after process death without fallback
ok 43 - go API migrates legacy private data and the other engine recovers after process death without fallback
  ---
  duration_ms: 1292.833718
  type: 'test'
  ...
# Subtest: node application owns its profile until close; another engine recovers its pending outbox
ok 44 - node application owns its profile until close; another engine recovers its pending outbox
  ---
  duration_ms: 971.778914
  type: 'test'
  ...
# Subtest: go application owns its profile until close; another engine recovers its pending outbox
ok 45 - go application owns its profile until close; another engine recovers its pending outbox
  ---
  duration_ms: 1078.203275
  type: 'test'
  ...
# (node:1633952) ExperimentalWarning: SQLite is an experimental feature and might change at any time
# (Use `node --trace-warnings ...` to show where the warning was created)
# Subtest: Node and Go share initialized private state and recover staged and committed process deaths
ok 46 - Node and Go share initialized private state and recover staged and committed process deaths
  ---
  duration_ms: 4730.661411
  type: 'test'
  ...
# (node:1635463) ExperimentalWarning: SQLite is an experimental feature and might change at any time
# (Use `node --trace-warnings ...` to show where the warning was created)
# Subtest: real Node and Go processes exclude the same profile and recover after owner death
ok 47 - real Node and Go processes exclude the same profile and recover after owner death
  ---
  duration_ms: 3960.412458
  type: 'test'
  ...
1..47
# tests 47
# suites 0
# pass 47
# fail 0
# cancelled 0
# skipped 0
# todo 0
# duration_ms 480719.268539
