TAP version 13
# (node:1538219) ExperimentalWarning: SQLite is an experimental feature and might change at any time
# (Use `node --trace-warnings ...` to show where the warning was created)
# Subtest: select only compatible installed iOS runtimes, never unavailable or other platforms
ok 1 - select only compatible installed iOS runtimes, never unavailable or other platforms
  ---
  duration_ms: 1.582767
  type: 'test'
  ...
# Subtest: runtime advertised compatibility is honored instead of guessing a device
ok 2 - runtime advertised compatibility is honored instead of guessing a device
  ---
  duration_ms: 0.28812
  type: 'test'
  ...
# Subtest: logs remove launch capabilities, authorization headers and standalone secret tokens
ok 3 - logs remove launch capabilities, authorization headers and standalone secret tokens
  ---
  duration_ms: 3.835141
  type: 'test'
  ...
# Subtest: container reads are limited to the created simulator application container
ok 4 - container reads are limited to the created simulator application container
  ---
  duration_ms: 5.759147
  type: 'test'
  ...
# Subtest: empty, skipped or partially failed XCTest output cannot pass the execution gate
ok 5 - empty, skipped or partially failed XCTest output cannot pass the execution gate
  ---
  duration_ms: 0.45317
  type: 'test'
  ...
# Subtest: refusing concurrent cleanup preserves the active owner record and fixture namespace
ok 6 - refusing concurrent cleanup preserves the active owner record and fixture namespace
  ---
  duration_ms: 4.474759
  type: 'test'
  ...
# Subtest: owned group escalation continues when a TERM-resistant descendant outlives its leader
ok 7 - owned group escalation continues when a TERM-resistant descendant outlives its leader
  ---
  duration_ms: 16.992219
  type: 'test'
  ...
# Subtest: owned group supervision stops without KILL once the whole group disappears
ok 8 - owned group supervision stops without KILL once the whole group disappears
  ---
  duration_ms: 0.567614
  type: 'test'
  ...
# Subtest: photo failure diagnostics read only bounded logs from the recorded simulator
ok 9 - photo failure diagnostics read only bounded logs from the recorded simulator
  ---
  duration_ms: 0.621586
  type: 'test'
  ...
# Subtest: diagnostic timeout preserves the primary photo failure and sanitizes its own error
ok 10 - diagnostic timeout preserves the primary photo failure and sanitizes its own error
  ---
  duration_ms: 0.342612
  type: 'test'
  ...
# Subtest: host fixture verification authenticates encrypted vault/journal and signed private bundle
ok 11 - host fixture verification authenticates encrypted vault/journal and signed private bundle
  ---
  duration_ms: 238.686044
  type: 'test'
  ...
# Subtest: host fixture rejects a mismatched real-peer identity and changed encrypted bytes
ok 12 - host fixture rejects a mismatched real-peer identity and changed encrypted bytes
  ---
  duration_ms: 296.733806
  type: 'test'
  ...
# Subtest: host fixture compares exact attachment bytes across the encrypted store and peer proof
ok 13 - host fixture compares exact attachment bytes across the encrypted store and peer proof
  ---
  duration_ms: 329.271319
  type: 'test'
  ...
# Subtest: host fixture refuses missing initialized SQLite even when valid legacy data remains
ok 14 - host fixture refuses missing initialized SQLite even when valid legacy data remains
  ---
  duration_ms: 208.127811
  type: 'test'
  ...
# Subtest: host fixture rejects a tampered encrypted private row with an otherwise valid legacy copy
ok 15 - host fixture rejects a tampered encrypted private row with an otherwise valid legacy copy
  ---
  duration_ms: 217.375921
  type: 'test'
  ...
# Subtest: an exact installed-runtime probe never falls back to another version or platform
ok 16 - an exact installed-runtime probe never falls back to another version or platform
  ---
  duration_ms: 0.465553
  type: 'test'
  ...
# Subtest: runtime option is explicit, bounded and unambiguous
ok 17 - runtime option is explicit, bounded and unambiguous
  ---
  duration_ms: 0.193963
  type: 'test'
  ...
# Subtest: failed peer diagnostics stay bounded/redacted and never replace the primary error
ok 18 - failed peer diagnostics stay bounded/redacted and never replace the primary error
  ---
  duration_ms: 1.329262
  type: 'test'
  ...
# Subtest: real simulator peer bootstraps through private IPC and enforces its authenticated API
ok 19 - real simulator peer bootstraps through private IPC and enforces its authenticated API
  ---
  duration_ms: 190.492728
  type: 'test'
  ...
# Subtest: startup XCTest must pass exactly once before photo import and cannot satisfy the functional gate
ok 20 - startup XCTest must pass exactly once before photo import and cannot satisfy the functional gate
  ---
  duration_ms: 0.488666
  type: 'test'
  ...
# Subtest: startup command failure or empty/failed summary stops before photo import and retains the failure
ok 21 - startup command failure or empty/failed summary stops before photo import and retains the failure
  ---
  duration_ms: 0.342663
  type: 'test'
  ...
# Subtest: photo failure preserves a separately confirmed startup but does not pass the functional gate
ok 22 - photo failure preserves a separately confirmed startup but does not pass the functional gate
  ---
  duration_ms: 0.200866
  type: 'test'
  ...
1..22
# tests 22
# suites 0
# pass 22
# fail 0
# cancelled 0
# skipped 0
# todo 0
# duration_ms 1643.394643
