
> relayloom@0.1.0 test
> tsx --test --test-concurrency=1 tests/*.test.ts

TAP version 13
# Subtest: automatic reservations survive restart and count pressure without becoming manual pins
ok 1 - automatic reservations survive restart and count pressure without becoming manual pins
  ---
  duration_ms: 56.199046
  type: 'test'
  ...
# Subtest: byte quota refusal is atomic with a reserved payload and preserves unrelated stored bytes
ok 2 - byte quota refusal is atomic with a reserved payload and preserves unrelated stored bytes
  ---
  duration_ms: 62.5007
  type: 'test'
  ...
# Subtest: reservation does not extend signed expiry
ok 3 - reservation does not extend signed expiry
  ---
  duration_ms: 18.824713
  type: 'test'
  ...
# Subtest: unknown or corrupt reservation input cannot partially release a valid reservation
ok 4 - unknown or corrupt reservation input cannot partially release a valid reservation
  ---
  duration_ms: 22.338983
  type: 'test'
  ...
# Subtest: failed reservation index write protects the union until explicit reconciliation
ok 5 - failed reservation index write protects the union until explicit reconciliation
  ---
  duration_ms: 34.207584
  type: 'test'
  ...
# Subtest: duplicate reserved insertion at the count limit preserves a manual pin and verifies stored bytes
ok 6 - duplicate reserved insertion at the count limit preserves a manual pin and verifies stored bytes
  ---
  duration_ms: 18.20373
  type: 'test'
  ...
# (node:1538676) ExperimentalWarning: The MockTimers API is an experimental feature and might change at any time
# (Use `node --trace-warnings ...` to show where the warning was created)
# Subtest: identity proof binds signing address, name and decryption key
ok 7 - identity proof binds signing address, name and decryption key
  ---
  duration_ms: 2.550652
  type: 'test'
  ...
# Subtest: vault encrypts private keys; recovery and wrong-password controls
ok 8 - vault encrypts private keys; recovery and wrong-password controls
  ---
  duration_ms: 228.50148
  type: 'test'
  ...
# Subtest: reader decrypts and seeds but cannot become author; unauthorized reader fails
ok 9 - reader decrypts and seeds but cannot become author; unauthorized reader fails
  ---
  duration_ms: 5.153181
  type: 'test'
  ...
# Subtest: ciphertext, manifest, expiry, depth and address negative controls
ok 10 - ciphertext, manifest, expiry, depth and address negative controls
  ---
  duration_ms: 14.848208
  type: 'test'
  ...
# Subtest: encrypted persistent seed takeover, deduplication, pin/quota, disk corruption
ok 11 - encrypted persistent seed takeover, deduplication, pin/quota, disk corruption
  ---
  duration_ms: 28.592517
  type: 'test'
  ...
# Subtest: object-count cap bounds small-object floods, survives restart and preserves pinned content
ok 12 - object-count cap bounds small-object floods, survives restart and preserves pinned content
  ---
  duration_ms: 138.70882
  type: 'test'
  ...
# Subtest: metadata listing does not replace real viewing order in LRU eviction
ok 13 - metadata listing does not replace real viewing order in LRU eviction
  ---
  duration_ms: 30.875968
  type: 'test'
  ...
# Subtest: cached manifest metadata is isolated, invalidated by disk changes, and never bypasses get verification
ok 14 - cached manifest metadata is isolated, invalidated by disk changes, and never bypasses get verification
  ---
  duration_ms: 14.889396
  type: 'test'
  ...
# Subtest: rejected quota decrease preserves existing files and policy; feasible decrease evicts only unpinned content
ok 15 - rejected quota decrease preserves existing files and policy; feasible decrease evicts only unpinned content
  ---
  duration_ms: 135.052836
  type: 'test'
  ...
# Subtest: invalid persisted index fails safely without deleting verified objects
ok 16 - invalid persisted index fails safely without deleting verified objects
  ---
  duration_ms: 12.808314
  type: 'test'
  ...
# Subtest: strict wire fields and every recipient envelope are validated before accepting signatures
ok 17 - strict wire fields and every recipient envelope are validated before accepting signatures
  ---
  duration_ms: 3.636738
  type: 'test'
  ...
# Subtest: desktop accepts only the owned daemon loopback bootstrap capability
ok 18 - desktop accepts only the owned daemon loopback bootstrap capability
  ---
  duration_ms: 1.155546
  type: 'test'
  ...
# Subtest: desktop request policy blocks other hosts, ports, schemes, subframes and WebSockets
ok 19 - desktop request policy blocks other hosts, ports, schemes, subframes and WebSockets
  ---
  duration_ms: 0.265338
  type: 'test'
  ...
# Subtest: desktop navigation stays on its exact local app and rejects insecure runtime overrides
ok 20 - desktop navigation stays on its exact local app and rejects insecure runtime overrides
  ---
  duration_ms: 1.016376
  type: 'test'
  ...
# Subtest: desktop microphone eligibility excludes cameras, remote documents and subframes
ok 21 - desktop microphone eligibility excludes cameras, remote documents and subframes
  ---
  duration_ms: 0.241763
  type: 'test'
  ...
# Subtest: desktop download defaults cannot contain paths, device names or control bytes
ok 22 - desktop download defaults cannot contain paths, device names or control bytes
  ---
  duration_ms: 0.352892
  type: 'test'
  ...
# Subtest: fixture stop is idempotent after process termination by signal
ok 23 - fixture stop is idempotent after process termination by signal
  ---
  duration_ms: 193.85907
  type: 'test'
  ...
# (node:1538770) ExperimentalWarning: SQLite is an experimental feature and might change at any time
# (Use `node --trace-warnings ...` to show where the warning was created)
# Subtest: current and additions-only delayed messages preserve exact old readers without granting newcomer history
ok 24 - current and additions-only delayed messages preserve exact old readers without granting newcomer history
  ---
  duration_ms: 988.329374
  type: 'test'
  ...
# Subtest: removal and rejoin quarantine unseen old content while retaining only exact accepted history
ok 25 - removal and rejoin quarantine unseen old content while retaining only exact accepted history
  ---
  duration_ms: 900.664274
  type: 'test'
  ...
# Subtest: historical receipts from a removed original reader are minimal and cannot admit an unknown target
ok 26 - historical receipts from a removed original reader are minimal and cannot admit an unknown target
  ---
  duration_ms: 531.834498
  type: 'test'
  ...
# Subtest: group tags cannot hide as falsy legacy fields and cached policy cannot escape its transaction
ok 27 - group tags cannot hide as falsy legacy fields and cached policy cannot escape its transaction
  ---
  duration_ms: 51.558936
  type: 'test'
  ...
# Subtest: a closure within the same transaction invalidates earlier cached permission
ok 28 - a closure within the same transaction invalidates earlier cached permission
  ---
  duration_ms: 99.524365
  type: 'test'
  ...
# Subtest: a new edit to old content uses only the original/current reader intersection
ok 29 - a new edit to old content uses only the original/current reader intersection
  ---
  duration_ms: 1119.176144
  type: 'test'
  ...
# (node:1539295) ExperimentalWarning: SQLite is an experimental feature and might change at any time
# (Use `node --trace-warnings ...` to show where the warning was created)
# Subtest: an API observation cannot display an admission whose outer transaction rolled back
ok 30 - an API observation cannot display an admission whose outer transaction rolled back
  ---
  duration_ms: 368.766988
  type: 'test'
  ...
# Subtest: a historical delete and its accepted context recover together after lost commit response and real cache removal
ok 31 - a historical delete and its accepted context recover together after lost commit response and real cache removal
  ---
  duration_ms: 559.993753
  type: 'test'
  ...
# Subtest: failure to reserve quarantine bytes aborts the hold and locks until authenticated reconciliation succeeds
ok 32 - failure to reserve quarantine bytes aborts the hold and locks until authenticated reconciliation succeeds
  ---
  duration_ms: 454.950421
  type: 'test'
  ...
# Subtest: an unavailable quarantined blob cannot block admission of another valid group object
ok 33 - an unavailable quarantined blob cannot block admission of another valid group object
  ---
  duration_ms: 317.954862
  type: 'test'
  ...
# Subtest: authenticated history with an expiry inconsistent with its signed bundle is rejected
ok 34 - authenticated history with an expiry inconsistent with its signed bundle is rejected
  ---
  duration_ms: 300.819236
  type: 'test'
  ...
# (node:1539426) ExperimentalWarning: SQLite is an experimental feature and might change at any time
# (Use `node --trace-warnings ...` to show where the warning was created)
# Subtest: an unchanged group snapshot walks its authority chain once, and a later closure still invalidates new admission
ok 35 - an unchanged group snapshot walks its authority chain once, and a later closure still invalidates new admission
  ---
  duration_ms: 10744.838791
  type: 'test'
  ...
# {"retainedObjects":32,"epochs":32,"visitedHeaders":32,"elapsedMs":123.9492879999998}
# Subtest: real Node receivers hold epoch content until its snapshot arrives and keep only accepted history after closure
ok 36 - real Node receivers hold epoch content until its snapshot arrives and keep only accepted history after closure
  ---
  duration_ms: 4939.744193
  type: 'test'
  ...
# (node:1539993) ExperimentalWarning: SQLite is an experimental feature and might change at any time
# (Use `node --trace-warnings ...` to show where the warning was created)
# Subtest: control expiry rejects replay while the signed authority checkpoint survives
ok 37 - control expiry rejects replay while the signed authority checkpoint survives
  ---
  duration_ms: 51.370833
  type: 'test'
  ...
# Subtest: a reader may seal a creator snapshot for its exact original roster without gaining authority
ok 38 - a reader may seal a creator snapshot for its exact original roster without gaining authority
  ---
  duration_ms: 411.846536
  type: 'test'
  ...
# Subtest: removed readers receive their removal boundary but cannot enumerate future membership or request future snapshots
ok 39 - removed readers receive their removal boundary but cannot enumerate future membership or request future snapshots
  ---
  duration_ms: 774.154044
  type: 'test'
  ...
# Subtest: invitation authorizes bounded public ancestry, never a private snapshot before membership
ok 40 - invitation authorizes bounded public ancestry, never a private snapshot before membership
  ---
  duration_ms: 81.377152
  type: 'test'
  ...
# Subtest: carrier schema keeps malformed proof tails for the transactional verifier while bounding inputs
ok 41 - carrier schema keeps malformed proof tails for the transactional verifier while bounding inputs
  ---
  duration_ms: 325.757682
  type: 'test'
  ...
# Subtest: fork proofs are served together and private snapshots at the fork are not re-encrypted
ok 42 - fork proofs are served together and private snapshots at the fork are not re-encrypted
  ---
  duration_ms: 477.667252
  type: 'test'
  ...
# Subtest: newcomer validates exact join consent from signed parent header without old snapshot keys
ok 43 - newcomer validates exact join consent from signed parent header without old snapshot keys
  ---
  duration_ms: 49.579705
  type: 'test'
  ...
# Subtest: permanent group anchor has real creator signature, exact schema and separate carrier identity
ok 44 - permanent group anchor has real creator signature, exact schema and separate carrier identity
  ---
  duration_ms: 6.361847
  type: 'test'
  ...
# Subtest: invitation and signed consent do not alter roster until the creator commits the exact parent
ok 45 - invitation and signed consent do not alter roster until the creator commits the exact parent
  ---
  duration_ms: 25.051949
  type: 'test'
  ...
# Subtest: newcomer reads real new ciphertext without obtaining historical keys; removed reader cannot read new content
ok 46 - newcomer reads real new ciphertext without obtaining historical keys; removed reader cannot read new content
  ---
  duration_ms: 45.054942
  type: 'test'
  ...
# Subtest: stale, substituted, missing or extra member consents cannot commit a roster
ok 47 - stale, substituted, missing or extra member consents cannot commit a roster
  ---
  duration_ms: 49.554318
  type: 'test'
  ...
# Subtest: removal and rejoin remain restrictive across the complete path even with identical final cards
ok 48 - removal and rejoin remain restrictive across the complete path even with identical final cards
  ---
  duration_ms: 47.664455
  type: 'test'
  ...
# Subtest: creator reading-card replacement preserves signing authority but requires fresh signed consent
ok 49 - creator reading-card replacement preserves signing authority but requires fresh signed consent
  ---
  duration_ms: 35.365776
  type: 'test'
  ...
# Subtest: signed schema tampering, roster duplication, invalid order and snapshot substitution fail
ok 50 - signed schema tampering, roster duplication, invalid order and snapshot substitution fail
  ---
  duration_ms: 25.25004
  type: 'test'
  ...
# Subtest: closure preserves the committed historical state and reserves the final epoch
ok 51 - closure preserves the committed historical state and reserves the final epoch
  ---
  duration_ms: 36.298555
  type: 'test'
  ...
# Subtest: a valid creator fork cannot masquerade as a contiguous successor or grant reader authority
ok 52 - a valid creator fork cannot masquerade as a contiguous successor or grant reader authority
  ---
  duration_ms: 32.618646
  type: 'test'
  ...
# Subtest: full 64-member roster is bounded; capacity and title failures do not mutate its parent
ok 53 - full 64-member roster is bounded; capacity and title failures do not mutate its parent
  ---
  duration_ms: 464.702644
  type: 'test'
  ...
# Subtest: member leave is a signed request with no direct roster effect and cannot replace creator closure
ok 54 - member leave is a signed request with no direct roster effect and cannot replace creator closure
  ---
  duration_ms: 32.006348
  type: 'test'
  ...
# (node:1540107) ExperimentalWarning: SQLite is an experimental feature and might change at any time
# (Use `node --trace-warnings ...` to show where the warning was created)
# Subtest: group confirmation rollback cannot transmit before successful admission
ok 55 - group confirmation rollback cannot transmit before successful admission
  ---
  duration_ms: 5447.723355
  type: 'test'
  ...
# Subtest: group confirmation lost commit response cannot transmit before successful admission
ok 56 - group confirmation lost commit response cannot transmit before successful admission
  ---
  duration_ms: 5434.549075
  type: 'test'
  ...
# Subtest: blocked readers and missing original bytes cannot mint a group read fact
ok 57 - blocked readers and missing original bytes cannot mint a group read fact
  ---
  duration_ms: 5102.934322
  type: 'test'
  ...
# Subtest: missing historical group proof pauses confirmation until verified proof is restored
ok 58 - missing historical group proof pauses confirmation until verified proof is restored
  ---
  duration_ms: 5911.830784
  type: 'test'
  ...
# Subtest: real Node group automatic delivery and historical read after closure retain original audience
ok 59 - real Node group automatic delivery and historical read after closure retain original audience
  ---
  duration_ms: 8085.711887
  type: 'test'
  ...
# Subtest: opaque Node relay rejects public, oversized and excessive-lifetime controls before storage and forwarding
ok 60 - opaque Node relay rejects public, oversized and excessive-lifetime controls before storage and forwarding
  ---
  duration_ms: 1414.43294
  type: 'test'
  ...
# (node:1541941) ExperimentalWarning: SQLite is an experimental feature and might change at any time
# (Use `node --trace-warnings ...` to show where the warning was created)
# Subtest: group event admission rollback cannot release bytes early
ok 61 - group event admission rollback cannot release bytes early
  ---
  duration_ms: 5660.089754
  type: 'test'
  ...
# Subtest: group event admission lost response cannot release bytes early
ok 62 - group event admission lost response cannot release bytes early
  ---
  duration_ms: 5591.713497
  type: 'test'
  ...
# Subtest: group event content-store failure before payload write preserves honest availability
ok 63 - group event content-store failure before payload write preserves honest availability
  ---
  duration_ms: 5445.369422
  type: 'test'
  ...
# Subtest: group event content-store failure after payload write preserves honest availability
ok 64 - group event content-store failure after payload write preserves honest availability
  ---
  duration_ms: 5649.483899
  type: 'test'
  ...
# Subtest: group event close retires retained packets and refuses later serving with a reachable control
ok 65 - group event close retires retained packets and refuses later serving with a reachable control
  ---
  duration_ms: 5970.080224
  type: 'test'
  ...
# Subtest: group event block retires retained packets and refuses later serving with a reachable control
ok 66 - group event block retires retained packets and refuses later serving with a reachable control
  ---
  duration_ms: 5258.946424
  type: 'test'
  ...
# Subtest: group event lock retires retained packets and refuses later serving with a reachable control
ok 67 - group event lock retires retained packets and refuses later serving with a reachable control
  ---
  duration_ms: 5062.726789
  type: 'test'
  ...
# Subtest: group event evicted retires retained packets and refuses later serving with a reachable control
ok 68 - group event evicted retires retained packets and refuses later serving with a reachable control
  ---
  duration_ms: 5681.579584
  type: 'test'
  ...
# Subtest: missing historical target proof pauses new event publication and seeding until exact proof returns
ok 69 - missing historical target proof pauses new event publication and seeding until exact proof returns
  ---
  duration_ms: 6308.445172
  type: 'test'
  ...
# Subtest: corrupt stored event cannot authorise a valid retained packet; exact bytes restore serving
ok 70 - corrupt stored event cannot authorise a valid retained packet; exact bytes restore serving
  ---
  duration_ms: 6202.487516
  type: 'test'
  ...
# Subtest: real Node group newcomer cannot read earlier audiences; peer serves author's edit while author is offline
ok 71 - real Node group newcomer cannot read earlier audiences; peer serves author's edit while author is offline
  ---
  duration_ms: 32987.414615
  type: 'test'
  ...
# Subtest: real Node group reactions/comments/author edits and historical deletion preserve signing ownership
ok 72 - real Node group reactions/comments/author edits and historical deletion preserve signing ownership
  ---
  duration_ms: 12330.398972
  type: 'test'
  ...
# (node:1550693) ExperimentalWarning: SQLite is an experimental feature and might change at any time
# (Use `node --trace-warnings ...` to show where the warning was created)
# Subtest: an index consuming stop headroom is refused without changing existing data
ok 73 - an index consuming stop headroom is refused without changing existing data
  ---
  duration_ms: 808.697408
  type: 'test'
  ...
# Subtest: ordinary index growth stops before the protected checkpoint allocation is consumed
ok 74 - ordinary index growth stops before the protected checkpoint allocation is consumed
  ---
  duration_ms: 2704.191874
  type: 'test'
  ...
# (node:1550914) ExperimentalWarning: SQLite is an experimental feature and might change at any time
# (Use `node --trace-warnings ...` to show where the warning was created)
# Subtest: stop reads share one validated snapshot but invalidate on mutation and scope exit
ok 75 - stop reads share one validated snapshot but invalidate on mutation and scope exit
  ---
  duration_ms: 147.926802
  type: 'test'
  ...
# Subtest: all256 immutable stops fit; retirement preserves retained facts and counts only removed records
ok 76 - all256 immutable stops fit; retirement preserves retained facts and counts only removed records
  ---
  duration_ms: 7416.468055
  type: 'test'
  ...
# Subtest: expired holds have counted removal and malformed counters cannot be used as valid state
ok 77 - expired holds have counted removal and malformed counters cannot be used as valid state
  ---
  duration_ms: 37.580158
  type: 'test'
  ...
# (node:1551036) ExperimentalWarning: SQLite is an experimental feature and might change at any time
# (Use `node --trace-warnings ...` to show where the warning was created)
# Subtest: accepted history is authenticated and unknown old content stays separately held after removal
ok 78 - accepted history is authenticated and unknown old content stays separately held after removal
  ---
  duration_ms: 604.738633
  type: 'test'
  ...
# Subtest: group closure and immutable outbox stop commit together and callback failure rolls both back
ok 79 - group closure and immutable outbox stop commit together and callback failure rolls both back
  ---
  duration_ms: 159.092327
  type: 'test'
  ...
# Subtest: historical receipt uses only a locally persisted accepted target, never an ID supplied by its sender
ok 80 - historical receipt uses only a locally persisted accepted target, never an ID supplied by its sender
  ---
  duration_ms: 527.824249
  type: 'test'
  ...
# Subtest: missing observation clock or malformed authenticated context cannot grant historical access
ok 81 - missing observation clock or malformed authenticated context cannot grant historical access
  ---
  duration_ms: 66.974839
  type: 'test'
  ...
# Subtest: quarantine byte quota uses actual signed ciphertext sizes and refuses overflow
ok 82 - quarantine byte quota uses actual signed ciphertext sizes and refuses overflow
  ---
  duration_ms: 938.45731
  type: 'test'
  ...
# Subtest: minimal outbox stop survives exhausted ordinary space without rewriting private content
ok 83 - minimal outbox stop survives exhausted ordinary space without rewriting private content
  ---
  duration_ms: 96.737209
  type: 'test'
  ...
# Subtest: ledger readers cannot escape the borrowed scope, even when every collection is empty
ok 84 - ledger readers cannot escape the borrowed scope, even when every collection is empty
  ---
  duration_ms: 9.957459
  type: 'test'
  ...
# Subtest: the authority reserve also accommodates every retained outbox stop
ok 85 - the authority reserve also accommodates every retained outbox stop
  ---
  duration_ms: 159.004252
  type: 'test'
  ...
# Subtest: quarantine count remains bounded and replay does not consume another slot
ok 86 - quarantine count remains bounded and replay does not consume another slot
  ---
  duration_ms: 1611.223386
  type: 'test'
  ...
# Subtest: full4096 history respects protected records and retains the exact accepted count on retirement
ok 87 - full4096 history respects protected records and retains the exact accepted count on retirement
  ---
  duration_ms: 34537.470802
  type: 'test'
  ...
# (node:1553418) ExperimentalWarning: SQLite is an experimental feature and might change at any time
# (Use `node --trace-warnings ...` to show where the warning was created)
# Subtest: missing private proof pauses a valid reserved send without losing availability, then releases its obsolete hold
ok 88 - missing private proof pauses a valid reserved send without losing availability, then releases its obsolete hold
  ---
  duration_ms: 2082.580417
  type: 'test'
  ...
# Subtest: runtime closure persists the minimal stop without rewriting the private document and releases only automatic protection
ok 89 - runtime closure persists the minimal stop without rewriting the private document and releases only automatic protection
  ---
  duration_ms: 2018.506577
  type: 'test'
  ...
# Subtest: runtime group stop and closure recover together after rollback
ok 90 - runtime group stop and closure recover together after rollback
  ---
  duration_ms: 1317.591115
  type: 'test'
  ...
# Subtest: runtime group stop and closure recover together after lost commit response
ok 91 - runtime group stop and closure recover together after lost commit response
  ---
  duration_ms: 1063.040287
  type: 'test'
  ...
# Subtest: full normal database quota still commits a group stop while the ordinary growth control fails
ok 92 - full normal database quota still commits a group stop while the ordinary growth control fails
  ---
  duration_ms: 2278.822064
  type: 'test'
  ...
# Subtest: forged stop mirror, mismatched binding and orphan stop all fail authenticated reopening
    # Subtest: mirror
    ok 1 - mirror
      ---
      duration_ms: 1003.723415
      type: 'test'
      ...
    # Subtest: binding
    ok 2 - binding
      ---
      duration_ms: 1262.265718
      type: 'test'
      ...
    # Subtest: orphan
    ok 3 - orphan
      ---
      duration_ms: 1197.508156
      type: 'test'
      ...
    1..3
ok 93 - forged stop mirror, mismatched binding and orphan stop all fail authenticated reopening
  ---
  duration_ms: 3464.637127
  type: 'test'
  ...
# Subtest: bounded stopped entries coexist with 128 new pending operations; half bindings and extra fields fail
ok 94 - bounded stopped entries coexist with 128 new pending operations; half bindings and extra fields fail
  ---
  duration_ms: 990.077201
  type: 'test'
  ...
# Subtest: a restrictive prefix with an invalid tail stops the runtime intent in its accepted transaction
ok 95 - a restrictive prefix with an invalid tail stops the runtime intent in its accepted transaction
  ---
  duration_ms: 1144.963151
  type: 'test'
  ...
# Subtest: stop retirement and removal of the corresponding intent share a private commit
ok 96 - stop retirement and removal of the corresponding intent share a private commit
  ---
  duration_ms: 1665.824176
  type: 'test'
  ...
# Subtest: runtime stop cancels its existing transport queue
ok 97 - runtime stop cancels its existing transport queue
  ---
  duration_ms: 1636.211365
  type: 'test'
  ...
# Subtest: runtime negative control delivers its existing transport queue
ok 98 - runtime negative control delivers its existing transport queue
  ---
  duration_ms: 1473.999029
  type: 'test'
  ...
# Subtest: real TCP cache request checks active author authority even after delivery completed
ok 99 - real TCP cache request checks active author authority even after delivery completed
  ---
  duration_ms: 2158.728995
  type: 'test'
  ...
# Subtest: real TCP cache request checks closed author authority even after delivery completed
ok 100 - real TCP cache request checks closed author authority even after delivery completed
  ---
  duration_ms: 2243.072238
  type: 'test'
  ...
# Subtest: real TCP cache request checks locked author authority even after delivery completed
ok 101 - real TCP cache request checks locked author authority even after delivery completed
  ---
  duration_ms: 1686.609335
  type: 'test'
  ...
# (node:1554318) ExperimentalWarning: SQLite is an experimental feature and might change at any time
# (Use `node --trace-warnings ...` to show where the warning was created)
# Subtest: creator state is encrypted, permanent and idempotent while its operation is retained
ok 102 - creator state is encrypted, permanent and idempotent while its operation is retained
  ---
  duration_ms: 93.325913
  type: 'test'
  ...
# Subtest: explicit invitation needs complete ancestry and fresh consent before local membership
ok 103 - explicit invitation needs complete ancestry and fresh consent before local membership
  ---
  duration_ms: 440.392497
  type: 'test'
  ...
# Subtest: unknown groups, invalid signer and signed orphan hints cannot allocate, advance or freeze authority
ok 104 - unknown groups, invalid signer and signed orphan hints cannot allocate, advance or freeze authority
  ---
  duration_ms: 125.987029
  type: 'test'
  ...
# Subtest: an incumbent cannot skip an invalid intermediate membership snapshot
ok 105 - an incumbent cannot skip an invalid intermediate membership snapshot
  ---
  duration_ms: 277.740466
  type: 'test'
  ...
# Subtest: creator equivocation freezes durably; stale hints do not choose or erase a branch
ok 106 - creator equivocation freezes durably; stale hints do not choose or erase a branch
  ---
  duration_ms: 186.117105
  type: 'test'
  ...
# Subtest: local leave survives restart and old consent replay; reentry requires a new committed nonce
ok 107 - local leave survives restart and old consent replay; reentry requires a new committed nonce
  ---
  duration_ms: 881.387793
  type: 'test'
  ...
# Subtest: a late join response cannot restore membership across a subsequent removal
ok 108 - a late join response cannot restore membership across a subsequent removal
  ---
  duration_ms: 376.054882
  type: 'test'
  ...
# Subtest: storage pressure persists a stop checkpoint instead of using an obsolete roster
ok 109 - storage pressure persists a stop checkpoint instead of using an obsolete roster
  ---
  duration_ms: 113.899526
  type: 'test'
  ...
# Subtest: closure and a stale expected parent cannot create a successor or bypass idempotency
ok 110 - closure and a stale expected parent cannot create a successor or bypass idempotency
  ---
  duration_ms: 188.890414
  type: 'test'
  ...
# Subtest: 64 remembered groups are retained; capacity is not reset by closing them
ok 111 - 64 remembered groups are retained; capacity is not reset by closing them
  ---
  duration_ms: 2357.124199
  type: 'test'
  ...
# Subtest: two real creator processes use compare-and-set and cannot commit siblings in one registry
ok 112 - two real creator processes use compare-and-set and cannot commit siblings in one registry
  ---
  duration_ms: 252.708385
  type: 'test'
  ...
# Subtest: real process crashes preserve atomic authority and the original operation after a lost response
ok 113 - real process crashes preserve atomic authority and the original operation after a lost response
  ---
  duration_ms: 387.584168
  type: 'test'
  ...
# Subtest: later snapshots wait for a missing intermediate state and activate after its verified arrival
ok 114 - later snapshots wait for a missing intermediate state and activate after its verified arrival
  ---
  duration_ms: 711.152735
  type: 'test'
  ...
# Subtest: capacity recovery adopts the exact stopped header and still needs its private state
ok 115 - capacity recovery adopts the exact stopped header and still needs its private state
  ---
  duration_ms: 234.272489
  type: 'test'
  ...
# Subtest: snapshot capacity stops survive restart; freeing space alone cannot reactivate membership
ok 116 - snapshot capacity stops survive restart; freeing space alone cannot reactivate membership
  ---
  duration_ms: 228.754804
  type: 'test'
  ...
# Subtest: a real sibling proof during capacity suspension freezes permanently and is retrievable
ok 117 - a real sibling proof during capacity suspension freezes permanently and is retrievable
  ---
  duration_ms: 177.806623
  type: 'test'
  ...
# Subtest: finite operation retention follows authenticated revisions and leaves group proofs intact
ok 118 - finite operation retention follows authenticated revisions and leaves group proofs intact
  ---
  duration_ms: 7375.161391
  type: 'test'
  ...
# Subtest: authenticated but malformed authority records fail closed instead of trusting falsy fields or cursors
ok 119 - authenticated but malformed authority records fail closed instead of trusting falsy fields or cursors
  ---
  duration_ms: 265.287398
  type: 'test'
  ...
# Subtest: corrupt retained operation cannot fabricate a successful response
ok 120 - corrupt retained operation cannot fabricate a successful response
  ---
  duration_ms: 48.154093
  type: 'test'
  ...
# Subtest: local leave and creator closure remain durable under full ordinary metadata capacity
ok 121 - local leave and creator closure remain durable under full ordinary metadata capacity
  ---
  duration_ms: 516.996298
  type: 'test'
  ...
# Subtest: a malformed trailing proof cannot roll back an already verified removal in the same page
ok 122 - a malformed trailing proof cannot roll back an already verified removal in the same page
  ---
  duration_ms: 487.193803
  type: 'test'
  ...
# Subtest: the declared maximum checkpoints and stop receipts fit the reserved SQLite budget
ok 123 - the declared maximum checkpoints and stop receipts fit the reserved SQLite budget
  ---
  duration_ms: 179.471785
  type: 'test'
  ...
# Subtest: retirement rechecks every operation signature after caching a group in the same transaction
ok 124 - retirement rechecks every operation signature after caching a group in the same transaction
  ---
  duration_ms: 7260.839653
  type: 'test'
  ...
# (node:1556151) ExperimentalWarning: SQLite is an experimental feature and might change at any time
# (Use `node --trace-warnings ...` to show where the warning was created)
# Subtest: authenticated Node group management persists membership and restrictive proofs
ok 125 - authenticated Node group management persists membership and restrictive proofs
  ---
  duration_ms: 3133.544192
  type: 'test'
  ...
# Subtest: group API recovers a committed command whose response was lost without creating a second group
ok 126 - group API recovers a committed command whose response was lost without creating a second group
  ---
  duration_ms: 341.062586
  type: 'test'
  ...
# (node:1556226) ExperimentalWarning: SQLite is an experimental feature and might change at any time
# (Use `node --trace-warnings ...` to show where the warning was created)
# Subtest: group send intent rollback has no transport side effect
ok 127 - group send intent rollback has no transport side effect
  ---
  duration_ms: 1872.482331
  type: 'test'
  ...
# Subtest: group send intent lost response has no transport side effect
ok 128 - group send intent lost response has no transport side effect
  ---
  duration_ms: 2358.60679
  type: 'test'
  ...
# Subtest: group send recovers original stored bytes after ready rollback
ok 129 - group send recovers original stored bytes after ready rollback
  ---
  duration_ms: 3035.002399
  type: 'test'
  ...
# Subtest: group send recovers original stored bytes after lost ready response
ok 130 - group send recovers original stored bytes after lost ready response
  ---
  duration_ms: 2795.553115
  type: 'test'
  ...
# Subtest: a reported content-store failure cannot leak the new group packet or silently create another ID
ok 131 - a reported content-store failure cannot leak the new group packet or silently create another ID
  ---
  duration_ms: 2564.408238
  type: 'test'
  ...
# Subtest: actual group send APIs create durable encrypted text, attachment and reply over TCP without global contacts
ok 132 - actual group send APIs create durable encrypted text, attachment and reply over TCP without global contacts
  ---
  duration_ms: 5487.711818
  type: 'test'
  ...
# Subtest: new group sends require current head and exact snapshot audience; retained operation remains immutable
ok 133 - new group sends require current head and exact snapshot audience; retained operation remains immutable
  ---
  duration_ms: 3979.374309
  type: 'test'
  ...
# (node:1557442) ExperimentalWarning: SQLite is an experimental feature and might change at any time
# (Use `node --trace-warnings ...` to show where the warning was created)
# Subtest: encrypted metadata survives close/reopen; uncommitted work and transaction handles cannot escape
ok 134 - encrypted metadata survives close/reopen; uncommitted work and transaction handles cannot escape
  ---
  duration_ms: 49.058648
  type: 'test'
  ...
# Subtest: absence, truncation, wrong identity, wrong signing authority and extra SQL schema fail closed
ok 135 - absence, truncation, wrong identity, wrong signing authority and extra SQL schema fail closed
  ---
  duration_ms: 43.49657
  type: 'test'
  ...
# Subtest: unknown schema cannot hide behind a similar SQLite prefix
ok 136 - unknown schema cannot hide behind a similar SQLite prefix
  ---
  duration_ms: 34.82935
  type: 'test'
  ...
# Subtest: valid encryption with only the reading key cannot forge a locally signed fence
ok 137 - valid encryption with only the reading key cannot forge a locally signed fence
  ---
  duration_ms: 77.692974
  type: 'test'
  ...
# Subtest: checkpoint corruption, deletion, wrong SQL type and oversize are rejected before trusting state
ok 138 - checkpoint corruption, deletion, wrong SQL type and oversize are rejected before trusting state
  ---
  duration_ms: 116.357965
  type: 'test'
  ...
# Subtest: complete valid backup rollback is an explicit limitation; a pinned different registry is rejected
ok 139 - complete valid backup rollback is an explicit limitation; a pinned different registry is rejected
  ---
  duration_ms: 79.408931
  type: 'test'
  ...
# Subtest: ciphertext substitution, swallowed integrity errors and stale index replay cannot change a committed record
ok 140 - ciphertext substitution, swallowed integrity errors and stale index replay cannot change a committed record
  ---
  duration_ms: 97.511471
  type: 'test'
  ...
# Subtest: a replacement callback error cannot erase an observed integrity failure
ok 141 - a replacement callback error cannot erase an observed integrity failure
  ---
  duration_ms: 51.430516
  type: 'test'
  ...
# Subtest: record AAD binds logical key and revision even beneath a freshly signed index
ok 142 - record AAD binds logical key and revision even beneath a freshly signed index
  ---
  duration_ms: 72.695344
  type: 'test'
  ...
# Subtest: ordinary metadata cannot consume the checkpoint reserve; capacity failure is atomic
ok 143 - ordinary metadata cannot consume the checkpoint reserve; capacity failure is atomic
  ---
  duration_ms: 56.699003
  type: 'test'
  ...
# Subtest: abrupt writer process death rolls back staged SQL and preserves the last authenticated checkpoint
ok 144 - abrupt writer process death rolls back staged SQL and preserves the last authenticated checkpoint
  ---
  duration_ms: 136.433624
  type: 'test'
  ...
# Subtest: two actual writer processes serialize read-modify-write without losing updates
ok 145 - two actual writer processes serialize read-modify-write without losing updates
  ---
  duration_ms: 591.666915
  type: 'test'
  ...
# Subtest: control store failures still consume the bounded publication budget
ok 146 - control store failures still consume the bounded publication budget
  ---
  duration_ms: 1466.871215
  type: 'test'
  ...
# Subtest: control transport failures still consume the bounded publication budget
ok 147 - control transport failures still consume the bounded publication budget
  ---
  duration_ms: 1522.022967
  type: 'test'
  ...
# Subtest: network responses obey the producer cache quota without evicting pinned controls
ok 148 - network responses obey the producer cache quota without evicting pinned controls
  ---
  duration_ms: 1590.591544
  type: 'test'
  ...
# Subtest: real wire delivers newest snapshot before missing predecessors and projects the verified newest title
ok 149 - real wire delivers newest snapshot before missing predecessors and projects the verified newest title
  ---
  duration_ms: 3124.186418
  type: 'test'
  ...
# Subtest: available encrypted controls replay before a locked member can retry or sign after removal
ok 150 - available encrypted controls replay before a locked member can retry or sign after removal
  ---
  duration_ms: 9207.256251
  type: 'test'
  ...
# Subtest: Node control requests recover lost responses and revalidate authority on identical retries
ok 151 - Node control requests recover lost responses and revalidate authority on identical retries
  ---
  duration_ms: 13835.713423
  type: 'test'
  ...
# Subtest: real Node control proofs heal a partition from another member after creator stops
ok 152 - real Node control proofs heal a partition from another member after creator stops
  ---
  duration_ms: 9569.701848
  type: 'test'
  ...
# Subtest: Node control proofs traverse TCP and serial PTYs, with partition, relay-off and offline opaque seeder controls
ok 153 - Node control proofs traverse TCP and serial PTYs, with partition, relay-off and offline opaque seeder controls
  ---
  duration_ms: 9912.744076
  type: 'test'
  ...
# Subtest: real Node peers synchronise epoch snapshots and closure without HTTP proof transfer after setup
ok 154 - real Node peers synchronise epoch snapshots and closure without HTTP proof transfer after setup
  ---
  duration_ms: 2958.200907
  type: 'test'
  ...
# Subtest: remembered invitation fetches paginated public ancestry automatically but no pre-join private snapshot
ok 155 - remembered invitation fetches paginated public ancestry automatically but no pre-join private snapshot
  ---
  duration_ms: 7893.031808
  type: 'test'
  ...
# (node:1561778) ExperimentalWarning: SQLite is an experimental feature and might change at any time
# (Use `node --trace-warnings ...` to show where the warning was created)
# Subtest: group and private document share one commit; callback rollback and expired scopes cannot leak writes
ok 156 - group and private document share one commit; callback rollback and expired scopes cannot leak writes
  ---
  duration_ms: 124.609766
  type: 'test'
  ...
# Subtest: swallowing a scoped operation failure cannot commit earlier group or private writes
ok 157 - swallowing a scoped operation failure cannot commit earlier group or private writes
  ---
  duration_ms: 68.186902
  type: 'test'
  ...
# Subtest: a verified closure and private decision commit despite a rejected proof tail
ok 158 - a verified closure and private decision commit despite a rejected proof tail
  ---
  duration_ms: 120.933835
  type: 'test'
  ...
# Subtest: even swallowing the entire authority scope error cannot commit the outer transaction
ok 159 - even swallowing the entire authority scope error cannot commit the outer transaction
  ---
  duration_ms: 63.550989
  type: 'test'
  ...
# Subtest: minimal authority fence commits at full ordinary quota without growing the private document
ok 160 - minimal authority fence commits at full ordinary quota without growing the private document
  ---
  duration_ms: 120.737687
  type: 'test'
  ...
# Subtest: three processes TCP → serial PTY, partition/heal, relay control and publisher-offline seeder takeover
ok 161 - three processes TCP → serial PTY, partition/heal, relay control and publisher-offline seeder takeover
  ---
  duration_ms: 9307.134119
  type: 'test'
  ...
# Subtest: real processes: private conversation, receipt, unauthorized edit, social and restart recovery
ok 162 - real processes: private conversation, receipt, unauthorized edit, social and restart recovery
  ---
  duration_ms: 1480.164548
  type: 'test'
  ...
# (node:1562077) ExperimentalWarning: SQLite is an experimental feature and might change at any time
# (Use `node --trace-warnings ...` to show where the warning was created)
# (node:1562077) ExperimentalWarning: The MockTimers API is an experimental feature and might change at any time
# Subtest: offline send is encrypted, pinned, idempotent and recovers the same operation after restart
ok 163 - offline send is encrypted, pinned, idempotent and recovers the same operation after restart
  ---
  duration_ms: 328.2849
  type: 'test'
  ...
# Subtest: preparing journal reconciles surviving exact bytes and never regenerates missing content
ok 164 - preparing journal reconciles surviving exact bytes and never regenerates missing content
  ---
  duration_ms: 234.709429
  type: 'test'
  ...
# Subtest: transport rejection after local acceptance stays pending and cannot crash periodic sync
ok 165 - transport rejection after local acceptance stays pending and cannot crash periodic sync
  ---
  duration_ms: 239.087657
  type: 'test'
  ...
# Subtest: per-reader signed delivery/read confirmations survive paging, replay, eviction and restart
ok 166 - per-reader signed delivery/read confirmations survive paging, replay, eviction and restart
  ---
  duration_ms: 2341.748272
  type: 'test'
  ...
# Subtest: public, foreign-author and wrong-reader confirmations cannot advance a durable send
ok 167 - public, foreign-author and wrong-reader confirmations cannot advance a durable send
  ---
  duration_ms: 317.765838
  type: 'test'
  ...
# Subtest: expiry remains visible after payload removal and explicit user pin is preserved
ok 168 - expiry remains visible after payload removal and explicit user pin is preserved
  ---
  duration_ms: 360.47376
  type: 'test'
  ...
# Subtest: corrupted reserved bytes become unavailable without a new signed publication
ok 169 - corrupted reserved bytes become unavailable without a new signed publication
  ---
  duration_ms: 222.825198
  type: 'test'
  ...
# Subtest: blocked incomplete sends retain bounded reservation; blocked group readers do not break viewing
ok 170 - blocked incomplete sends retain bounded reservation; blocked group readers do not break viewing
  ---
  duration_ms: 496.940065
  type: 'test'
  ...
# Subtest: pending count/byte reservations and restored metadata ownership are bounded
ok 171 - pending count/byte reservations and restored metadata ownership are bounded
  ---
  duration_ms: 231.553351
  type: 'test'
  ...
# Subtest: a content-file directory flush error preserves the recorded operation instead of signing a replacement
ok 172 - a content-file directory flush error preserves the recorded operation instead of signing a replacement
  ---
  duration_ms: 199.772416
  type: 'test'
  ...
# Subtest: incoming read confirmation is journalled before its admission evicts the original
ok 173 - incoming read confirmation is journalled before its admission evicts the original
  ---
  duration_ms: 272.012396
  type: 'test'
  ...
# Subtest: read confirmation uses the signed roster when contact learning fails and can be reissued after eviction
ok 174 - read confirmation uses the signed roster when contact learning fails and can be reissued after eviction
  ---
  duration_ms: 233.216349
  type: 'test'
  ...
# Subtest: saved peer connection remains idempotent at capacity without opening another connection
ok 175 - saved peer connection remains idempotent at capacity without opening another connection
  ---
  duration_ms: 163.423307
  type: 'test'
  ...
# Subtest: snapshot crossing expiry during journal persistence keeps state and reservation consistent
ok 176 - snapshot crossing expiry during journal persistence keeps state and reservation consistent
  ---
  duration_ms: 1715.034638
  type: 'test'
  ...
# Subtest: snapshot crossing expiry during journal persistence keeps send and reservation consistent
ok 177 - snapshot crossing expiry during journal persistence keeps send and reservation consistent
  ---
  duration_ms: 1719.425901
  type: 'test'
  ...
# Subtest: snapshot crossing expiry during journal persistence keeps retry and reservation consistent
ok 178 - snapshot crossing expiry during journal persistence keeps retry and reservation consistent
  ---
  duration_ms: 1725.140104
  type: 'test'
  ...
# Subtest: an uncertain SQL completion at write 1 recovers the same outbox operation
ok 179 - an uncertain SQL completion at write 1 recovers the same outbox operation
  ---
  duration_ms: 217.872311
  type: 'test'
  ...
# Subtest: an uncertain SQL completion at write 2 recovers the same outbox operation
ok 180 - an uncertain SQL completion at write 2 recovers the same outbox operation
  ---
  duration_ms: 224.156012
  type: 'test'
  ...
# Subtest: outbox preview preserves full astral characters within its UTF-16 budget
ok 181 - outbox preview preserves full astral characters within its UTF-16 budget
  ---
  duration_ms: 0.295323
  type: 'test'
  ...
# (node:1562943) ExperimentalWarning: SQLite is an experimental feature and might change at any time
# (Use `node --trace-warnings ...` to show where the warning was created)
# Subtest: legacy semantic failures are rejected before creating a signed migration intent
ok 182 - legacy semantic failures are rejected before creating a signed migration intent
  ---
  duration_ms: 57.148866
  type: 'test'
  ...
# (node:1562952) ExperimentalWarning: SQLite is an experimental feature and might change at any time
# (Use `node --trace-warnings ...` to show where the warning was created)
# Subtest: signed initialization binds owner, random store ID and legacy ciphertext across phases
ok 183 - signed initialization binds owner, random store ID and legacy ciphertext across phases
  ---
  duration_ms: 8.469169
  type: 'test'
  ...
# Subtest: a signed intent can pin the exact new store before creation without allowing resets
ok 184 - a signed intent can pin the exact new store before creation without allowing resets
  ---
  duration_ms: 20.31059
  type: 'test'
  ...
# (node:1562959) ExperimentalWarning: SQLite is an experimental feature and might change at any time
# (Use `node --trace-warnings ...` to show where the warning was created)
# Subtest: staged import binds the actual legacy ciphertext and committed reopen never falls back
ok 185 - staged import binds the actual legacy ciphertext and committed reopen never falls back
  ---
  duration_ms: 89.316016
  type: 'test'
  ...
# Subtest: existing unbound, missing initialized and wrong-store databases fail without reset
ok 186 - existing unbound, missing initialized and wrong-store databases fail without reset
  ---
  duration_ms: 160.478104
  type: 'test'
  ...
# Subtest: changed legacy source cannot complete a signed preparation
ok 187 - changed legacy source cannot complete a signed preparation
  ---
  duration_ms: 33.802845
  type: 'test'
  ...
# Subtest: transaction wrapper cannot erase initialization or the current private document
ok 188 - transaction wrapper cannot erase initialization or the current private document
  ---
  duration_ms: 65.434992
  type: 'test'
  ...
# Subtest: real process death after prepared initialization boundary preserves resumable private bytes
ok 189 - real process death after prepared initialization boundary preserves resumable private bytes
  ---
  duration_ms: 212.825239
  type: 'test'
  ...
# Subtest: real process death after imported initialization boundary preserves resumable private bytes
ok 190 - real process death after imported initialization boundary preserves resumable private bytes
  ---
  duration_ms: 219.343048
  type: 'test'
  ...
# Subtest: real process death after committed initialization boundary preserves resumable private bytes
ok 191 - real process death after committed initialization boundary preserves resumable private bytes
  ---
  duration_ms: 216.075232
  type: 'test'
  ...
# Subtest: replay of the complete earlier initialization state is an explicit rollback limitation
ok 192 - replay of the complete earlier initialization state is an explicit rollback limitation
  ---
  duration_ms: 135.893722
  type: 'test'
  ...
# (node:1563116) ExperimentalWarning: SQLite is an experimental feature and might change at any time
# (Use `node --trace-warnings ...` to show where the warning was created)
# Subtest: one running owner per profile, another profile remains independent, close permits restart
ok 193 - one running owner per profile, another profile remains independent, close permits restart
  ---
  duration_ms: 29.024507
  type: 'test'
  ...
# Subtest: empty initialization can recover but foreign or malformed metadata is refused
ok 194 - empty initialization can recover but foreign or malformed metadata is refused
  ---
  duration_ms: 40.235075
  type: 'test'
  ...
# (node:1563123) ExperimentalWarning: SQLite is an experimental feature and might change at any time
# (Use `node --trace-warnings ...` to show where the warning was created)
# Subtest: runtime owns the profile through transport shutdown and rejects stale writes after recovery
ok 195 - runtime owns the profile through transport shutdown and rejects stale writes after recovery
  ---
  duration_ms: 338.046752
  type: 'test'
  ...
# Subtest: constructor failure releases ownership without resetting the existing profile
ok 196 - constructor failure releases ownership without resetting the existing profile
  ---
  duration_ms: 23.398369
  type: 'test'
  ...
# (node:1563136) ExperimentalWarning: SQLite is an experimental feature and might change at any time
# (Use `node --trace-warnings ...` to show where the warning was created)
# Subtest: chunked private state is encrypted, persists exactly and shrinks atomically
ok 197 - chunked private state is encrypted, persists exactly and shrinks atomically
  ---
  duration_ms: 103.189286
  type: 'test'
  ...
# Subtest: private state and an authority fence commit together or both roll back, with digest CAS
ok 198 - private state and an authority fence commit together or both roll back, with digest CAS
  ---
  duration_ms: 48.418528
  type: 'test'
  ...
# Subtest: missing, orphan and hash-mismatched chunks fail closed rather than yielding partial state
ok 199 - missing, orphan and hash-mismatched chunks fail closed rather than yielding partial state
  ---
  duration_ms: 127.178743
  type: 'test'
  ...
# Subtest: the full declared private-state byte bound fits while oversize input makes no writes
ok 200 - the full declared private-state byte bound fits while oversize input makes no writes
  ---
  duration_ms: 278.714582
  type: 'test'
  ...
# (node:1563163) ExperimentalWarning: SQLite is an experimental feature and might change at any time
# (Use `node --trace-warnings ...` to show where the warning was created)
# Subtest: inbound semantic ACL: forged public receipt/message and private wrong-reader mutation are hidden
ok 201 - inbound semantic ACL: forged public receipt/message and private wrong-reader mutation are hidden
  ---
  duration_ms: 338.856991
  type: 'test'
  ...
# Subtest: malformed unauthenticated HTTP paths return 400; service survives and auth boundary holds
ok 202 - malformed unauthenticated HTTP paths return 400; service survives and auth boundary holds
  ---
  duration_ms: 55.154848
  type: 'test'
  ...
# Subtest: private site draft and local deletion survive cache removal/restart without plaintext on disk
ok 203 - private site draft and local deletion survive cache removal/restart without plaintext on disk
  ---
  duration_ms: 428.520979
  type: 'test'
  ...
# Subtest: relay consent: no application-level cached serving while paused, positive control after enabling
ok 204 - relay consent: no application-level cached serving while paused, positive control after enabling
  ---
  duration_ms: 1047.077649
  type: 'test'
  ...
# Subtest: deletion journal survives when publication itself evicts its unpinned original
ok 205 - deletion journal survives when publication itself evicts its unpinned original
  ---
  duration_ms: 236.857887
  type: 'test'
  ...
# Subtest: seeded virtual time is reproducible with independently generated secure fixtures
ok 206 - seeded virtual time is reproducible with independently generated secure fixtures
  ---
  duration_ms: 40.169552
  type: 'test'
  ...
# Subtest: loss, MTU fragmentation, partition/heal, low-power transition and SOS-before-bulk
ok 207 - loss, MTU fragmentation, partition/heal, low-power transition and SOS-before-bulk
  ---
  duration_ms: 9.340883
  type: 'test'
  ...
# Subtest: directed bandwidth, latency and MTU produce measurable asymmetric arrival times
ok 208 - directed bandwidth, latency and MTU produce measurable asymmetric arrival times
  ---
  duration_ms: 4.426139
  type: 'test'
  ...
# Subtest: congested bounded queues preserve SOS while bulk is deferred
ok 209 - congested bounded queues preserve SOS while bulk is deferred
  ---
  duration_ms: 6.327343
  type: 'test'
  ...
# Subtest: bounded cache distinguishes pinned exhaustion from unpinned eviction
ok 210 - bounded cache distinguishes pinned exhaustion from unpinned eviction
  ---
  duration_ms: 8.087974
  type: 'test'
  ...
# Subtest: TTL rejects in-flight expiration and retained replay respects the hop limit
ok 211 - TTL rejects in-flight expiration and retained replay respects the hop limit
  ---
  duration_ms: 3.77135
  type: 'test'
  ...
# Subtest: every-fourth-fragment fairness lets bulk advance during SOS pressure
ok 212 - every-fourth-fragment fairness lets bulk advance during SOS pressure
  ---
  duration_ms: 12.40627
  type: 'test'
  ...
# Subtest: real signature/chunk checks pass honest control and detect deliberately broken controls
ok 213 - real signature/chunk checks pass honest control and detect deliberately broken controls
  ---
  duration_ms: 15.581894
  type: 'test'
  ...
# Subtest: simulation rejects invalid transport bounds and complete report gates pass
ok 214 - simulation rejects invalid transport bounds and complete report gates pass
  ---
  duration_ms: 42.043686
  type: 'test'
  ...
# (node:1563400) ExperimentalWarning: SQLite is an experimental feature and might change at any time
# (Use `node --trace-warnings ...` to show where the warning was created)
# Subtest: large valid cache produces bounded pages and exact authorized attachments on demand
ok 215 - large valid cache produces bounded pages and exact authorized attachments on demand
  ---
  duration_ms: 5780.27259
  type: 'test'
  ...
# Subtest: received author deletion persists before evicting its original, and denied attachments stay unavailable
ok 216 - received author deletion persists before evicting its original, and denied attachments stay unavailable
  ---
  duration_ms: 258.429371
  type: 'test'
  ...
# Subtest: request tracking is bounded even when transport rejects every broadcast
ok 217 - request tracking is bounded even when transport rejects every broadcast
  ---
  duration_ms: 186.981225
  type: 'test'
  ...
# Subtest: unknown post extension data does not crash or inflate summaries
ok 218 - unknown post extension data does not crash or inflate summaries
  ---
  duration_ms: 320.471241
  type: 'test'
  ...
# Subtest: summary reuse remains bound to verified disk bytes and unlocked identity
ok 219 - summary reuse remains bound to verified disk bytes and unlocked identity
  ---
  duration_ms: 183.913823
  type: 'test'
  ...
# Subtest: collections and following integrate with encrypted persistence and hashed peer retrieval respects read ACL
ok 220 - collections and following integrate with encrypted persistence and hashed peer retrieval respects read ACL
  ---
  duration_ms: 1656.718694
  type: 'test'
  ...
# Subtest: collection create, rename, add, remove and delete are immutable local transitions
ok 221 - collection create, rename, add, remove and delete are immutable local transitions
  ---
  duration_ms: 1.926863
  type: 'test'
  ...
# Subtest: collection identity, title and timestamp rules reject ambiguous metadata
ok 222 - collection identity, title and timestamp rules reject ambiguous metadata
  ---
  duration_ms: 1.118758
  type: 'test'
  ...
# Subtest: prototype, accessor, unknown field and sparse-array inputs fail without executing metadata
ok 223 - prototype, accessor, unknown field and sparse-array inputs fail without executing metadata
  ---
  duration_ms: 0.437971
  type: 'test'
  ...
# Subtest: collection ownership cannot be transferred by a command or mixed across identity vaults
ok 224 - collection ownership cannot be transferred by a command or mixed across identity vaults
  ---
  duration_ms: 0.329598
  type: 'test'
  ...
# Subtest: collection and membership quotas reject atomically while allowing idempotent operations
ok 225 - collection and membership quotas reject atomically while allowing idempotent operations
  ---
  duration_ms: 6.90709
  type: 'test'
  ...
# Subtest: recovered collections reject duplicate identifiers, titles, members and excessive total memberships
ok 226 - recovered collections reject duplicate identifiers, titles, members and excessive total memberships
  ---
  duration_ms: 3.007689
  type: 'test'
  ...
# Subtest: content references remain canonical hashes and convey neither reader access nor authorship
ok 227 - content references remain canonical hashes and convey neither reader access nor authorship
  ---
  duration_ms: 8.407693
  type: 'test'
  ...
# Subtest: followed feed selects posts and alerts from followed authors without changing caller order or access
ok 228 - followed feed selects posts and alerts from followed authors without changing caller order or access
  ---
  duration_ms: 0.381505
  type: 'test'
  ...
# Subtest: local cancellation removes an actual queued TCP transfer and its reconnect copy
ok 229 - local cancellation removes an actual queued TCP transfer and its reconnect copy
  ---
  duration_ms: 673.109239
  type: 'test'
  ...
# Subtest: local cancellation negative control delivers an actual queued TCP transfer and its reconnect copy
ok 230 - local cancellation negative control delivers an actual queued TCP transfer and its reconnect copy
  ---
  duration_ms: 665.17849
  type: 'test'
  ...
# Subtest: local cancellation leaves another origin's retained relay packet intact
ok 231 - local cancellation leaves another origin's retained relay packet intact
  ---
  duration_ms: 482.940208
  type: 'test'
  ...
# Subtest: TCP parser handles split/coalesced frames, rejects tamper and replays only once
ok 232 - TCP parser handles split/coalesced frames, rejects tamper and replays only once
  ---
  duration_ms: 85.600409
  type: 'test'
  ...
# Subtest: non-reading TCP duplicate flood coalesces and bounds control output
ok 233 - non-reading TCP duplicate flood coalesces and bounds control output
  ---
  duration_ms: 49.843329
  type: 'test'
  ...
# Subtest: TCP malformed frame and unfinished-line floods disconnect and release state
ok 234 - TCP malformed frame and unfinished-line floods disconnect and release state
  ---
  duration_ms: 22.510394
  type: 'test'
  ...
# Subtest: distinct TCP packets cannot grow the ACK queue or exceed its output rate
ok 235 - distinct TCP packets cannot grow the ACK queue or exceed its output rate
  ---
  duration_ms: 153.215799
  type: 'test'
  ...
# Subtest: TCP incomplete assemblies have count and aggregate memory bounds
ok 236 - TCP incomplete assemblies have count and aggregate memory bounds
  ---
  duration_ms: 2257.105748
  type: 'test'
  ...
# Subtest: expired packets, invalid TTLs and exhausted hop limits never relay
ok 237 - expired packets, invalid TTLs and exhausted hop limits never relay
  ---
  duration_ms: 133.130742
  type: 'test'
  ...
# Subtest: queued expiry and stopped sockets release bounded output under backpressure
ok 238 - queued expiry and stopped sockets release bounded output under backpressure
  ---
  duration_ms: 400.543856
  type: 'test'
  ...
# Subtest: partial TCP loss retries exact bytes and missing ACK retries without duplicate delivery
ok 239 - partial TCP loss retries exact bytes and missing ACK retries without duplicate delivery
  ---
  duration_ms: 4412.020243
  type: 'test'
  ...
# Subtest: TCP reconnect delivers a partial transfer and packets created during the partition
ok 240 - TCP reconnect delivers a partial transfer and packets created during the partition
  ---
  duration_ms: 1082.551768
  type: 'test'
  ...
# Subtest: turning relay off cancels queued forwarded fragments and keeps local SOS available
ok 241 - turning relay off cancels queued forwarded fragments and keeps local SOS available
  ---
  duration_ms: 96.962922
  type: 'test'
  ...
# Subtest: relay pause cancels queued local seeding and prevents retained offline replay
ok 242 - relay pause cancels queued local seeding and prevents retained offline replay
  ---
  duration_ms: 132.38857
  type: 'test'
  ...
# Subtest: real TCP fragments preempt bulk for SOS while preserving bulk fairness
ok 243 - real TCP fragments preempt bulk for SOS while preserving bulk fairness
  ---
  duration_ms: 78.155762
  type: 'test'
  ...
# Subtest: many in-progress SOS transfers leave admission capacity for bulk fairness
ok 244 - many in-progress SOS transfers leave admission capacity for bulk fairness
  ---
  duration_ms: 45.481942
  type: 'test'
  ...
# Subtest: real serialport PTY fragments preempt bulk for SOS with the same fairness
ok 245 - real serialport PTY fragments preempt bulk for SOS with the same fairness
  ---
  duration_ms: 151.385858
  type: 'test'
  ...
# Subtest: POSIX poller regression: read rearm must preserve an outstanding write watch
ok 246 - POSIX poller regression: read rearm must preserve an outstanding write watch
  ---
  duration_ms: 0.823013
  type: 'test'
  ...
# Subtest: serial write deadline covers one frame at configured baud while bounding a stalled writer
ok 247 - serial write deadline covers one frame at configured baud while bounding a stalled writer
  ---
  duration_ms: 0.125445
  type: 'test'
  ...
# Subtest: real serial PTY recovers an injected stuck write through bounded reconnect and exact replay
ok 248 - real serial PTY recovers an injected stuck write through bounded reconnect and exact replay
  ---
  duration_ms: 6160.816027
  type: 'test'
  ...
# Subtest: real TCP transfer, two-hop forwarding and relay-off negative control
ok 249 - real TCP transfer, two-hop forwarding and relay-off negative control
  ---
  duration_ms: 911.332305
  type: 'test'
  ...
# Subtest: validation rejection prevents display and relay; positive valid control
ok 250 - validation rejection prevents display and relay; positive valid control
  ---
  duration_ms: 532.074338
  type: 'test'
  ...
1..250
# tests 253
# suites 0
# pass 253
# fail 0
# cancelled 0
# skipped 0
# todo 0
# duration_ms 405498.374136
