TAP version 13
# Subtest: automatic reservations survive restart and count pressure without becoming manual pins
ok 1 - automatic reservations survive restart and count pressure without becoming manual pins
  ---
  duration_ms: 50.888279
  type: 'test'
  ...
# Subtest: byte quota refusal is atomic with a reserved payload and preserves unrelated stored bytes
ok 2 - byte quota refusal is atomic with a reserved payload and preserves unrelated stored bytes
  ---
  duration_ms: 64.508936
  type: 'test'
  ...
# Subtest: reservation does not extend signed expiry
ok 3 - reservation does not extend signed expiry
  ---
  duration_ms: 20.380401
  type: 'test'
  ...
# Subtest: unknown or corrupt reservation input cannot partially release a valid reservation
ok 4 - unknown or corrupt reservation input cannot partially release a valid reservation
  ---
  duration_ms: 23.64435
  type: 'test'
  ...
# Subtest: failed reservation index write protects the union until explicit reconciliation
ok 5 - failed reservation index write protects the union until explicit reconciliation
  ---
  duration_ms: 36.365601
  type: 'test'
  ...
# Subtest: duplicate reserved insertion at the count limit preserves a manual pin and verifies stored bytes
ok 6 - duplicate reserved insertion at the count limit preserves a manual pin and verifies stored bytes
  ---
  duration_ms: 20.661938
  type: 'test'
  ...
# (node:112254) ExperimentalWarning: The MockTimers API is an experimental feature and might change at any time
# (Use `node --trace-warnings ...` to show where the warning was created)
# Subtest: identity proof binds signing address, name and decryption key
ok 7 - identity proof binds signing address, name and decryption key
  ---
  duration_ms: 2.332383
  type: 'test'
  ...
# Subtest: vault encrypts private keys; recovery and wrong-password controls
ok 8 - vault encrypts private keys; recovery and wrong-password controls
  ---
  duration_ms: 262.034834
  type: 'test'
  ...
# Subtest: reader decrypts and seeds but cannot become author; unauthorized reader fails
ok 9 - reader decrypts and seeds but cannot become author; unauthorized reader fails
  ---
  duration_ms: 5.356523
  type: 'test'
  ...
# Subtest: ciphertext, manifest, expiry, depth and address negative controls
ok 10 - ciphertext, manifest, expiry, depth and address negative controls
  ---
  duration_ms: 17.460306
  type: 'test'
  ...
# Subtest: encrypted persistent seed takeover, deduplication, pin/quota, disk corruption
ok 11 - encrypted persistent seed takeover, deduplication, pin/quota, disk corruption
  ---
  duration_ms: 31.40987
  type: 'test'
  ...
# Subtest: object-count cap bounds small-object floods, survives restart and preserves pinned content
ok 12 - object-count cap bounds small-object floods, survives restart and preserves pinned content
  ---
  duration_ms: 135.989153
  type: 'test'
  ...
# Subtest: metadata listing does not replace real viewing order in LRU eviction
ok 13 - metadata listing does not replace real viewing order in LRU eviction
  ---
  duration_ms: 31.306486
  type: 'test'
  ...
# Subtest: cached manifest metadata is isolated, invalidated by disk changes, and never bypasses get verification
ok 14 - cached manifest metadata is isolated, invalidated by disk changes, and never bypasses get verification
  ---
  duration_ms: 15.566946
  type: 'test'
  ...
# Subtest: rejected quota decrease preserves existing files and policy; feasible decrease evicts only unpinned content
ok 15 - rejected quota decrease preserves existing files and policy; feasible decrease evicts only unpinned content
  ---
  duration_ms: 143.884025
  type: 'test'
  ...
# Subtest: invalid persisted index fails safely without deleting verified objects
ok 16 - invalid persisted index fails safely without deleting verified objects
  ---
  duration_ms: 13.406606
  type: 'test'
  ...
# Subtest: strict wire fields and every recipient envelope are validated before accepting signatures
ok 17 - strict wire fields and every recipient envelope are validated before accepting signatures
  ---
  duration_ms: 3.58934
  type: 'test'
  ...
# Subtest: desktop accepts only the owned daemon loopback bootstrap capability
ok 18 - desktop accepts only the owned daemon loopback bootstrap capability
  ---
  duration_ms: 1.198577
  type: 'test'
  ...
# Subtest: desktop request policy blocks other hosts, ports, schemes, subframes and WebSockets
ok 19 - desktop request policy blocks other hosts, ports, schemes, subframes and WebSockets
  ---
  duration_ms: 0.264887
  type: 'test'
  ...
# Subtest: desktop navigation stays on its exact local app and rejects insecure runtime overrides
ok 20 - desktop navigation stays on its exact local app and rejects insecure runtime overrides
  ---
  duration_ms: 0.978685
  type: 'test'
  ...
# Subtest: desktop microphone eligibility excludes cameras, remote documents and subframes
ok 21 - desktop microphone eligibility excludes cameras, remote documents and subframes
  ---
  duration_ms: 0.177763
  type: 'test'
  ...
# Subtest: desktop download defaults cannot contain paths, device names or control bytes
ok 22 - desktop download defaults cannot contain paths, device names or control bytes
  ---
  duration_ms: 0.40006
  type: 'test'
  ...
# Subtest: fixture stop is idempotent after process termination by signal
ok 23 - fixture stop is idempotent after process termination by signal
  ---
  duration_ms: 196.301261
  type: 'test'
  ...
# (node:112374) ExperimentalWarning: SQLite is an experimental feature and might change at any time
# (Use `node --trace-warnings ...` to show where the warning was created)
# Subtest: current and additions-only delayed messages preserve exact old readers without granting newcomer history
ok 24 - current and additions-only delayed messages preserve exact old readers without granting newcomer history
  ---
  duration_ms: 923.512562
  type: 'test'
  ...
# Subtest: removal and rejoin quarantine unseen old content while retaining only exact accepted history
ok 25 - removal and rejoin quarantine unseen old content while retaining only exact accepted history
  ---
  duration_ms: 854.610499
  type: 'test'
  ...
# Subtest: historical receipts from a removed original reader are minimal and cannot admit an unknown target
ok 26 - historical receipts from a removed original reader are minimal and cannot admit an unknown target
  ---
  duration_ms: 484.155351
  type: 'test'
  ...
# Subtest: group tags cannot hide as falsy legacy fields and cached policy cannot escape its transaction
ok 27 - group tags cannot hide as falsy legacy fields and cached policy cannot escape its transaction
  ---
  duration_ms: 37.006943
  type: 'test'
  ...
# Subtest: a closure within the same transaction invalidates earlier cached permission
ok 28 - a closure within the same transaction invalidates earlier cached permission
  ---
  duration_ms: 57.789298
  type: 'test'
  ...
# Subtest: a new edit to old content uses only the original/current reader intersection
ok 29 - a new edit to old content uses only the original/current reader intersection
  ---
  duration_ms: 993.397467
  type: 'test'
  ...
# (node:113763) ExperimentalWarning: SQLite is an experimental feature and might change at any time
# (Use `node --trace-warnings ...` to show where the warning was created)
# Subtest: an API observation cannot display an admission whose outer transaction rolled back
ok 30 - an API observation cannot display an admission whose outer transaction rolled back
  ---
  duration_ms: 364.519349
  type: 'test'
  ...
# Subtest: a historical delete and its accepted context recover together after lost commit response and real cache removal
ok 31 - a historical delete and its accepted context recover together after lost commit response and real cache removal
  ---
  duration_ms: 428.006569
  type: 'test'
  ...
# Subtest: failure to reserve quarantine bytes aborts the hold and locks until authenticated reconciliation succeeds
ok 32 - failure to reserve quarantine bytes aborts the hold and locks until authenticated reconciliation succeeds
  ---
  duration_ms: 383.400428
  type: 'test'
  ...
# Subtest: an unavailable quarantined blob cannot block admission of another valid group object
ok 33 - an unavailable quarantined blob cannot block admission of another valid group object
  ---
  duration_ms: 286.240235
  type: 'test'
  ...
# Subtest: authenticated history with an expiry inconsistent with its signed bundle is rejected
ok 34 - authenticated history with an expiry inconsistent with its signed bundle is rejected
  ---
  duration_ms: 260.419284
  type: 'test'
  ...
# (node:113846) ExperimentalWarning: SQLite is an experimental feature and might change at any time
# (Use `node --trace-warnings ...` to show where the warning was created)
# Subtest: an unchanged group snapshot walks its authority chain once, and a later closure still invalidates new admission
ok 35 - an unchanged group snapshot walks its authority chain once, and a later closure still invalidates new admission
  ---
  duration_ms: 8753.848705
  type: 'test'
  ...
# {"retainedObjects":32,"epochs":32,"visitedHeaders":32,"elapsedMs":95.2754989999994}
# Subtest: real Node receivers hold epoch content until its snapshot arrives and keep only accepted history after closure
ok 36 - real Node receivers hold epoch content until its snapshot arrives and keep only accepted history after closure
  ---
  duration_ms: 4388.255687
  type: 'test'
  ...
# (node:114488) ExperimentalWarning: SQLite is an experimental feature and might change at any time
# (Use `node --trace-warnings ...` to show where the warning was created)
# Subtest: control expiry rejects replay while the signed authority checkpoint survives
ok 37 - control expiry rejects replay while the signed authority checkpoint survives
  ---
  duration_ms: 51.487763
  type: 'test'
  ...
# Subtest: a reader may seal a creator snapshot for its exact original roster without gaining authority
ok 38 - a reader may seal a creator snapshot for its exact original roster without gaining authority
  ---
  duration_ms: 426.533388
  type: 'test'
  ...
# Subtest: removed readers receive their removal boundary but cannot enumerate future membership or request future snapshots
ok 39 - removed readers receive their removal boundary but cannot enumerate future membership or request future snapshots
  ---
  duration_ms: 700.388913
  type: 'test'
  ...
# Subtest: invitation authorizes bounded public ancestry, never a private snapshot before membership
ok 40 - invitation authorizes bounded public ancestry, never a private snapshot before membership
  ---
  duration_ms: 77.249403
  type: 'test'
  ...
# Subtest: carrier schema keeps malformed proof tails for the transactional verifier while bounding inputs
ok 41 - carrier schema keeps malformed proof tails for the transactional verifier while bounding inputs
  ---
  duration_ms: 363.669115
  type: 'test'
  ...
# Subtest: fork proofs are served together and private snapshots at the fork are not re-encrypted
ok 42 - fork proofs are served together and private snapshots at the fork are not re-encrypted
  ---
  duration_ms: 450.069544
  type: 'test'
  ...
# Subtest: newcomer validates exact join consent from signed parent header without old snapshot keys
ok 43 - newcomer validates exact join consent from signed parent header without old snapshot keys
  ---
  duration_ms: 50.861058
  type: 'test'
  ...
# Subtest: permanent group anchor has real creator signature, exact schema and separate carrier identity
ok 44 - permanent group anchor has real creator signature, exact schema and separate carrier identity
  ---
  duration_ms: 6.483406
  type: 'test'
  ...
# Subtest: invitation and signed consent do not alter roster until the creator commits the exact parent
ok 45 - invitation and signed consent do not alter roster until the creator commits the exact parent
  ---
  duration_ms: 25.711977
  type: 'test'
  ...
# Subtest: newcomer reads real new ciphertext without obtaining historical keys; removed reader cannot read new content
ok 46 - newcomer reads real new ciphertext without obtaining historical keys; removed reader cannot read new content
  ---
  duration_ms: 45.701384
  type: 'test'
  ...
# Subtest: stale, substituted, missing or extra member consents cannot commit a roster
ok 47 - stale, substituted, missing or extra member consents cannot commit a roster
  ---
  duration_ms: 52.056159
  type: 'test'
  ...
# Subtest: removal and rejoin remain restrictive across the complete path even with identical final cards
ok 48 - removal and rejoin remain restrictive across the complete path even with identical final cards
  ---
  duration_ms: 48.884322
  type: 'test'
  ...
# Subtest: creator reading-card replacement preserves signing authority but requires fresh signed consent
ok 49 - creator reading-card replacement preserves signing authority but requires fresh signed consent
  ---
  duration_ms: 35.493195
  type: 'test'
  ...
# Subtest: signed schema tampering, roster duplication, invalid order and snapshot substitution fail
ok 50 - signed schema tampering, roster duplication, invalid order and snapshot substitution fail
  ---
  duration_ms: 23.9165
  type: 'test'
  ...
# Subtest: closure preserves the committed historical state and reserves the final epoch
ok 51 - closure preserves the committed historical state and reserves the final epoch
  ---
  duration_ms: 37.862918
  type: 'test'
  ...
# Subtest: a valid creator fork cannot masquerade as a contiguous successor or grant reader authority
ok 52 - a valid creator fork cannot masquerade as a contiguous successor or grant reader authority
  ---
  duration_ms: 32.992818
  type: 'test'
  ...
# Subtest: full 64-member roster is bounded; capacity and title failures do not mutate its parent
ok 53 - full 64-member roster is bounded; capacity and title failures do not mutate its parent
  ---
  duration_ms: 457.94489
  type: 'test'
  ...
# Subtest: member leave is a signed request with no direct roster effect and cannot replace creator closure
ok 54 - member leave is a signed request with no direct roster effect and cannot replace creator closure
  ---
  duration_ms: 31.422573
  type: 'test'
  ...
# (node:114654) ExperimentalWarning: SQLite is an experimental feature and might change at any time
# (Use `node --trace-warnings ...` to show where the warning was created)
# Subtest: group confirmation rollback cannot transmit before successful admission
ok 55 - group confirmation rollback cannot transmit before successful admission
  ---
  duration_ms: 4248.718241
  type: 'test'
  ...
# Subtest: group confirmation lost commit response cannot transmit before successful admission
ok 56 - group confirmation lost commit response cannot transmit before successful admission
  ---
  duration_ms: 4184.122773
  type: 'test'
  ...
# Subtest: blocked readers and missing original bytes cannot mint a group read fact
ok 57 - blocked readers and missing original bytes cannot mint a group read fact
  ---
  duration_ms: 3947.929691
  type: 'test'
  ...
# Subtest: missing historical group proof pauses confirmation until verified proof is restored
ok 58 - missing historical group proof pauses confirmation until verified proof is restored
  ---
  duration_ms: 4420.945476
  type: 'test'
  ...
# Subtest: real Node group automatic delivery and historical read after closure retain original audience
ok 59 - real Node group automatic delivery and historical read after closure retain original audience
  ---
  duration_ms: 6222.304111
  type: 'test'
  ...
# Subtest: opaque Node relay rejects public, oversized and excessive-lifetime controls before storage and forwarding
ok 60 - opaque Node relay rejects public, oversized and excessive-lifetime controls before storage and forwarding
  ---
  duration_ms: 1431.794948
  type: 'test'
  ...
# (node:116425) ExperimentalWarning: SQLite is an experimental feature and might change at any time
# (Use `node --trace-warnings ...` to show where the warning was created)
# Subtest: proof no-op optimisation still checks recipient scope, snapshot bytes and local participation
ok 61 - proof no-op optimisation still checks recipient scope, snapshot bytes and local participation
  ---
  duration_ms: 496.108582
  type: 'test'
  ...
# Subtest: verified cached proof replay avoids authority reapplication but still adopts a new safety header before a bad snapshot
ok 62 - verified cached proof replay avoids authority reapplication but still adopts a new safety header before a bad snapshot
  ---
  duration_ms: 2028.009998
  type: 'test'
  ...
# {"replayed":11,"applications":0,"unlockMs":466.2794469999999}
# (node:116553) ExperimentalWarning: SQLite is an experimental feature and might change at any time
# (Use `node --trace-warnings ...` to show where the warning was created)
# Subtest: group event admission rollback cannot release bytes early
ok 63 - group event admission rollback cannot release bytes early
  ---
  duration_ms: 4222.237844
  type: 'test'
  ...
# Subtest: group event admission lost response cannot release bytes early
ok 64 - group event admission lost response cannot release bytes early
  ---
  duration_ms: 4231.702489
  type: 'test'
  ...
# Subtest: group event content-store failure before payload write preserves honest availability
ok 65 - group event content-store failure before payload write preserves honest availability
  ---
  duration_ms: 4096.639332
  type: 'test'
  ...
# Subtest: group event content-store failure after payload write preserves honest availability
ok 66 - group event content-store failure after payload write preserves honest availability
  ---
  duration_ms: 4103.432739
  type: 'test'
  ...
# Subtest: group event close retires retained packets and refuses later serving with a reachable control
ok 67 - group event close retires retained packets and refuses later serving with a reachable control
  ---
  duration_ms: 4370.88052
  type: 'test'
  ...
# Subtest: group event block retires retained packets and refuses later serving with a reachable control
ok 68 - group event block retires retained packets and refuses later serving with a reachable control
  ---
  duration_ms: 4108.217029
  type: 'test'
  ...
# Subtest: group event lock retires retained packets and refuses later serving with a reachable control
ok 69 - group event lock retires retained packets and refuses later serving with a reachable control
  ---
  duration_ms: 4013.828752
  type: 'test'
  ...
# Subtest: group event evicted retires retained packets and refuses later serving with a reachable control
ok 70 - group event evicted retires retained packets and refuses later serving with a reachable control
  ---
  duration_ms: 4252.400244
  type: 'test'
  ...
# Subtest: missing historical target proof pauses new event publication and seeding until exact proof returns
ok 71 - missing historical target proof pauses new event publication and seeding until exact proof returns
  ---
  duration_ms: 4434.370607
  type: 'test'
  ...
# Subtest: corrupt stored event cannot authorise a valid retained packet; exact bytes restore serving
ok 72 - corrupt stored event cannot authorise a valid retained packet; exact bytes restore serving
  ---
  duration_ms: 4843.493922
  type: 'test'
  ...
# Subtest: real Node group newcomer cannot read earlier audiences; peer serves author's edit while author is offline
ok 73 - real Node group newcomer cannot read earlier audiences; peer serves author's edit while author is offline
  ---
  duration_ms: 20112.278777
  type: 'test'
  ...
# Subtest: real Node group reactions/comments/author edits and historical deletion preserve signing ownership
ok 74 - real Node group reactions/comments/author edits and historical deletion preserve signing ownership
  ---
  duration_ms: 6813.18026
  type: 'test'
  ...
# (node:120886) ExperimentalWarning: SQLite is an experimental feature and might change at any time
# (Use `node --trace-warnings ...` to show where the warning was created)
# Subtest: an index consuming stop headroom is refused without changing existing data
ok 75 - an index consuming stop headroom is refused without changing existing data
  ---
  duration_ms: 957.520283
  type: 'test'
  ...
# Subtest: ordinary index growth stops before the protected checkpoint allocation is consumed
ok 76 - ordinary index growth stops before the protected checkpoint allocation is consumed
  ---
  duration_ms: 3230.859312
  type: 'test'
  ...
# (node:122330) ExperimentalWarning: SQLite is an experimental feature and might change at any time
# (Use `node --trace-warnings ...` to show where the warning was created)
# Subtest: stop reads share one validated snapshot but invalidate on mutation and scope exit
ok 77 - stop reads share one validated snapshot but invalidate on mutation and scope exit
  ---
  duration_ms: 116.691853
  type: 'test'
  ...
# Subtest: all256 immutable stops fit; retirement preserves retained facts and counts only removed records
ok 78 - all256 immutable stops fit; retirement preserves retained facts and counts only removed records
  ---
  duration_ms: 3021.695625
  type: 'test'
  ...
# Subtest: expired holds have counted removal and malformed counters cannot be used as valid state
ok 79 - expired holds have counted removal and malformed counters cannot be used as valid state
  ---
  duration_ms: 37.187101
  type: 'test'
  ...
# (node:122627) ExperimentalWarning: SQLite is an experimental feature and might change at any time
# (Use `node --trace-warnings ...` to show where the warning was created)
# Subtest: accepted history is authenticated and unknown old content stays separately held after removal
ok 80 - accepted history is authenticated and unknown old content stays separately held after removal
  ---
  duration_ms: 589.555053
  type: 'test'
  ...
# Subtest: group closure and immutable outbox stop commit together and callback failure rolls both back
ok 81 - group closure and immutable outbox stop commit together and callback failure rolls both back
  ---
  duration_ms: 122.953823
  type: 'test'
  ...
# Subtest: historical receipt uses only a locally persisted accepted target, never an ID supplied by its sender
ok 82 - historical receipt uses only a locally persisted accepted target, never an ID supplied by its sender
  ---
  duration_ms: 455.753361
  type: 'test'
  ...
# Subtest: missing observation clock or malformed authenticated context cannot grant historical access
ok 83 - missing observation clock or malformed authenticated context cannot grant historical access
  ---
  duration_ms: 58.887987
  type: 'test'
  ...
# Subtest: quarantine byte quota uses actual signed ciphertext sizes and refuses overflow
ok 84 - quarantine byte quota uses actual signed ciphertext sizes and refuses overflow
  ---
  duration_ms: 1006.859046
  type: 'test'
  ...
# Subtest: minimal outbox stop survives exhausted ordinary space without rewriting private content
ok 85 - minimal outbox stop survives exhausted ordinary space without rewriting private content
  ---
  duration_ms: 77.642821
  type: 'test'
  ...
# Subtest: ledger readers cannot escape the borrowed scope, even when every collection is empty
ok 86 - ledger readers cannot escape the borrowed scope, even when every collection is empty
  ---
  duration_ms: 9.877469
  type: 'test'
  ...
# Subtest: the authority reserve also accommodates every retained outbox stop
ok 87 - the authority reserve also accommodates every retained outbox stop
  ---
  duration_ms: 164.043902
  type: 'test'
  ...
# Subtest: quarantine count remains bounded and replay does not consume another slot
ok 88 - quarantine count remains bounded and replay does not consume another slot
  ---
  duration_ms: 1916.176995
  type: 'test'
  ...
# Subtest: full4096 history respects protected records and retains the exact accepted count on retirement
ok 89 - full4096 history respects protected records and retains the exact accepted count on retirement
  ---
  duration_ms: 43336.023389
  type: 'test'
  ...
# Subtest: Node invitation API retains exact delivery material, bounds pending notices and preserves closure
ok 90 - Node invitation API retains exact delivery material, bounds pending notices and preserves closure
  ---
  duration_ms: 16379.081914
  type: 'test'
  ...
# Subtest: real Node notices deliver invitation, explicit consent and leave without automatic group admission
ok 91 - real Node notices deliver invitation, explicit consent and leave without automatic group admission
  ---
  duration_ms: 2689.68675
  type: 'test'
  ...
# (node:127382) ExperimentalWarning: SQLite is an experimental feature and might change at any time
# (Use `node --trace-warnings ...` to show where the warning was created)
# Subtest: Node replays notice safety headers before sending, blocked source=false
ok 92 - Node replays notice safety headers before sending, blocked source=false
  ---
  duration_ms: 4837.95633
  type: 'test'
  ...
# Subtest: Node replays notice safety headers before sending, blocked source=true
ok 93 - Node replays notice safety headers before sending, blocked source=true
  ---
  duration_ms: 4460.308517
  type: 'test'
  ...
# (node:127823) ExperimentalWarning: SQLite is an experimental feature and might change at any time
# (Use `node --trace-warnings ...` to show where the warning was created)
# Subtest: opaque Node seeder delivers invitation and consent after each original author stops
ok 94 - opaque Node seeder delivers invitation and consent after each original author stops
  ---
  duration_ms: 3652.419075
  type: 'test'
  ...
# (node:128021) ExperimentalWarning: SQLite is an experimental feature and might change at any time
# (Use `node --trace-warnings ...` to show where the warning was created)
# Subtest: private notices bind invitation, consent and leave without conferring signing ownership or local admission
ok 95 - private notices bind invitation, consent and leave without conferring signing ownership or local admission
  ---
  duration_ms: 423.991101
  type: 'test'
  ...
# Subtest: invitation result and exact delivery card commit together and survive reopening encrypted SQLite
ok 96 - invitation result and exact delivery card commit together and survive reopening encrypted SQLite
  ---
  duration_ms: 95.38246
  type: 'test'
  ...
# Subtest: issuer quota, duplicate reads and dismissal replay memory stay bounded without changing group state
ok 97 - issuer quota, duplicate reads and dismissal replay memory stay bounded without changing group state
  ---
  duration_ms: 458.137
  type: 'test'
  ...
# Subtest: finite notice history retires oldest entries without making a replay local consent
ok 98 - finite notice history retires oldest entries without making a replay local consent
  ---
  duration_ms: 5754.209742
  type: 'test'
  ...
# Subtest: authenticated malformed notice metadata aborts the outer transaction even if its error is caught
ok 99 - authenticated malformed notice metadata aborts the outer transaction even if its error is caught
  ---
  duration_ms: 59.542725
  type: 'test'
  ...
# Subtest: failed dismissal cannot lose an invitation when the caller swallows the write error
ok 100 - failed dismissal cannot lose an invitation when the caller swallows the write error
  ---
  duration_ms: 59.04903
  type: 'test'
  ...
# (node:128562) ExperimentalWarning: SQLite is an experimental feature and might change at any time
# (Use `node --trace-warnings ...` to show where the warning was created)
# Subtest: missing private proof pauses a valid reserved send without losing availability, then releases its obsolete hold
ok 101 - missing private proof pauses a valid reserved send without losing availability, then releases its obsolete hold
  ---
  duration_ms: 1355.102701
  type: 'test'
  ...
# Subtest: runtime closure persists the minimal stop without rewriting the private document and releases only automatic protection
ok 102 - runtime closure persists the minimal stop without rewriting the private document and releases only automatic protection
  ---
  duration_ms: 1308.671277
  type: 'test'
  ...
# Subtest: runtime group stop and closure recover together after rollback
ok 103 - runtime group stop and closure recover together after rollback
  ---
  duration_ms: 850.299918
  type: 'test'
  ...
# Subtest: runtime group stop and closure recover together after lost commit response
ok 104 - runtime group stop and closure recover together after lost commit response
  ---
  duration_ms: 654.354173
  type: 'test'
  ...
# Subtest: full normal database quota still commits a group stop while the ordinary growth control fails
ok 105 - full normal database quota still commits a group stop while the ordinary growth control fails
  ---
  duration_ms: 1803.60153
  type: 'test'
  ...
# Subtest: forged stop mirror, mismatched binding and orphan stop all fail authenticated reopening
    # Subtest: mirror
    ok 1 - mirror
      ---
      duration_ms: 683.979297
      type: 'test'
      ...
    # Subtest: binding
    ok 2 - binding
      ---
      duration_ms: 814.057106
      type: 'test'
      ...
    # Subtest: orphan
    ok 3 - orphan
      ---
      duration_ms: 766.469626
      type: 'test'
      ...
    1..3
ok 106 - forged stop mirror, mismatched binding and orphan stop all fail authenticated reopening
  ---
  duration_ms: 2265.759819
  type: 'test'
  ...
# Subtest: bounded stopped entries coexist with 128 new pending operations; half bindings and extra fields fail
ok 107 - bounded stopped entries coexist with 128 new pending operations; half bindings and extra fields fail
  ---
  duration_ms: 676.840472
  type: 'test'
  ...
# Subtest: a restrictive prefix with an invalid tail stops the runtime intent in its accepted transaction
ok 108 - a restrictive prefix with an invalid tail stops the runtime intent in its accepted transaction
  ---
  duration_ms: 705.075269
  type: 'test'
  ...
# Subtest: stop retirement and removal of the corresponding intent share a private commit
ok 109 - stop retirement and removal of the corresponding intent share a private commit
  ---
  duration_ms: 1075.417254
  type: 'test'
  ...
# Subtest: runtime stop cancels its existing transport queue
ok 110 - runtime stop cancels its existing transport queue
  ---
  duration_ms: 1129.687134
  type: 'test'
  ...
# Subtest: runtime negative control delivers its existing transport queue
ok 111 - runtime negative control delivers its existing transport queue
  ---
  duration_ms: 1079.127671
  type: 'test'
  ...
# Subtest: real TCP cache request checks active author authority even after delivery completed
ok 112 - real TCP cache request checks active author authority even after delivery completed
  ---
  duration_ms: 1622.813946
  type: 'test'
  ...
# Subtest: real TCP cache request checks closed author authority even after delivery completed
ok 113 - real TCP cache request checks closed author authority even after delivery completed
  ---
  duration_ms: 1622.588913
  type: 'test'
  ...
# Subtest: real TCP cache request checks locked author authority even after delivery completed
ok 114 - real TCP cache request checks locked author authority even after delivery completed
  ---
  duration_ms: 1267.892642
  type: 'test'
  ...
# (node:130456) ExperimentalWarning: SQLite is an experimental feature and might change at any time
# (Use `node --trace-warnings ...` to show where the warning was created)
# Subtest: repeated authority reads share verified checkpoint work only inside an unchanged transaction
ok 115 - repeated authority reads share verified checkpoint work only inside an unchanged transaction
  ---
  duration_ms: 64.8207
  type: 'test'
  ...
# Subtest: a write after a cached read revalidates corruption and aborts the outer transaction
ok 116 - a write after a cached read revalidates corruption and aborts the outer transaction
  ---
  duration_ms: 42.674269
  type: 'test'
  ...
# Subtest: a closure in the same authority scope invalidates an earlier active view
ok 117 - a closure in the same authority scope invalidates an earlier active view
  ---
  duration_ms: 72.740429
  type: 'test'
  ...
# Subtest: a cached checkpoint cannot hide deletion of its referenced epoch: proof
ok 118 - a cached checkpoint cannot hide deletion of its referenced epoch: proof
  ---
  duration_ms: 36.027447
  type: 'test'
  ...
# Subtest: a cached checkpoint cannot hide deletion of its referenced snapshot: proof
ok 119 - a cached checkpoint cannot hide deletion of its referenced snapshot: proof
  ---
  duration_ms: 40.137303
  type: 'test'
  ...
# Subtest: the scoped checkpoint work cache evicts old groups instead of retaining every read
ok 120 - the scoped checkpoint work cache evicts old groups instead of retaining every read
  ---
  duration_ms: 172.907059
  type: 'test'
  ...
# (node:130565) ExperimentalWarning: SQLite is an experimental feature and might change at any time
# (Use `node --trace-warnings ...` to show where the warning was created)
# Subtest: creator state is encrypted, permanent and idempotent while its operation is retained
ok 121 - creator state is encrypted, permanent and idempotent while its operation is retained
  ---
  duration_ms: 79.959053
  type: 'test'
  ...
# Subtest: explicit invitation needs complete ancestry and fresh consent before local membership
ok 122 - explicit invitation needs complete ancestry and fresh consent before local membership
  ---
  duration_ms: 409.18964
  type: 'test'
  ...
# Subtest: unknown groups, invalid signer and signed orphan hints cannot allocate, advance or freeze authority
ok 123 - unknown groups, invalid signer and signed orphan hints cannot allocate, advance or freeze authority
  ---
  duration_ms: 100.685913
  type: 'test'
  ...
# Subtest: an incumbent cannot skip an invalid intermediate membership snapshot
ok 124 - an incumbent cannot skip an invalid intermediate membership snapshot
  ---
  duration_ms: 186.181027
  type: 'test'
  ...
# Subtest: creator equivocation freezes durably; stale hints do not choose or erase a branch
ok 125 - creator equivocation freezes durably; stale hints do not choose or erase a branch
  ---
  duration_ms: 148.967035
  type: 'test'
  ...
# Subtest: local leave survives restart and old consent replay; reentry requires a new committed nonce
ok 126 - local leave survives restart and old consent replay; reentry requires a new committed nonce
  ---
  duration_ms: 704.352704
  type: 'test'
  ...
# Subtest: a late join response cannot restore membership across a subsequent removal
ok 127 - a late join response cannot restore membership across a subsequent removal
  ---
  duration_ms: 263.168329
  type: 'test'
  ...
# Subtest: storage pressure persists a stop checkpoint instead of using an obsolete roster
ok 128 - storage pressure persists a stop checkpoint instead of using an obsolete roster
  ---
  duration_ms: 83.083983
  type: 'test'
  ...
# Subtest: closure and a stale expected parent cannot create a successor or bypass idempotency
ok 129 - closure and a stale expected parent cannot create a successor or bypass idempotency
  ---
  duration_ms: 141.681986
  type: 'test'
  ...
# Subtest: 64 remembered groups are retained; capacity is not reset by closing them
ok 130 - 64 remembered groups are retained; capacity is not reset by closing them
  ---
  duration_ms: 1722.985896
  type: 'test'
  ...
# Subtest: two real creator processes use compare-and-set and cannot commit siblings in one registry
ok 131 - two real creator processes use compare-and-set and cannot commit siblings in one registry
  ---
  duration_ms: 284.825803
  type: 'test'
  ...
# Subtest: real process crashes preserve atomic authority and the original operation after a lost response
ok 132 - real process crashes preserve atomic authority and the original operation after a lost response
  ---
  duration_ms: 393.766022
  type: 'test'
  ...
# Subtest: later snapshots wait for a missing intermediate state and activate after its verified arrival
ok 133 - later snapshots wait for a missing intermediate state and activate after its verified arrival
  ---
  duration_ms: 558.14873
  type: 'test'
  ...
# Subtest: capacity recovery adopts the exact stopped header and still needs its private state
ok 134 - capacity recovery adopts the exact stopped header and still needs its private state
  ---
  duration_ms: 161.459367
  type: 'test'
  ...
# Subtest: snapshot capacity stops survive restart; freeing space alone cannot reactivate membership
ok 135 - snapshot capacity stops survive restart; freeing space alone cannot reactivate membership
  ---
  duration_ms: 157.064306
  type: 'test'
  ...
# Subtest: a real sibling proof during capacity suspension freezes permanently and is retrievable
ok 136 - a real sibling proof during capacity suspension freezes permanently and is retrievable
  ---
  duration_ms: 121.423855
  type: 'test'
  ...
# Subtest: finite operation retention follows authenticated revisions and leaves group proofs intact
ok 137 - finite operation retention follows authenticated revisions and leaves group proofs intact
  ---
  duration_ms: 4882.725847
  type: 'test'
  ...
# Subtest: authenticated but malformed authority records fail closed instead of trusting falsy fields or cursors
ok 138 - authenticated but malformed authority records fail closed instead of trusting falsy fields or cursors
  ---
  duration_ms: 122.8137
  type: 'test'
  ...
# Subtest: corrupt retained operation cannot fabricate a successful response
ok 139 - corrupt retained operation cannot fabricate a successful response
  ---
  duration_ms: 27.414749
  type: 'test'
  ...
# Subtest: local leave and creator closure remain durable under full ordinary metadata capacity
ok 140 - local leave and creator closure remain durable under full ordinary metadata capacity
  ---
  duration_ms: 392.347673
  type: 'test'
  ...
# Subtest: a malformed trailing proof cannot roll back an already verified removal in the same page
ok 141 - a malformed trailing proof cannot roll back an already verified removal in the same page
  ---
  duration_ms: 353.206589
  type: 'test'
  ...
# Subtest: the declared maximum checkpoints and stop receipts fit the reserved SQLite budget
ok 142 - the declared maximum checkpoints and stop receipts fit the reserved SQLite budget
  ---
  duration_ms: 200.990111
  type: 'test'
  ...
# Subtest: retirement rechecks every operation signature after caching a group in the same transaction
ok 143 - retirement rechecks every operation signature after caching a group in the same transaction
  ---
  duration_ms: 4653.708689
  type: 'test'
  ...
# (node:132930) ExperimentalWarning: SQLite is an experimental feature and might change at any time
# (Use `node --trace-warnings ...` to show where the warning was created)
# Subtest: authenticated Node group management persists membership and restrictive proofs
ok 144 - authenticated Node group management persists membership and restrictive proofs
  ---
  duration_ms: 2706.862693
  type: 'test'
  ...
# Subtest: group API recovers a committed command whose response was lost without creating a second group
ok 145 - group API recovers a committed command whose response was lost without creating a second group
  ---
  duration_ms: 267.780125
  type: 'test'
  ...
# (node:133036) ExperimentalWarning: SQLite is an experimental feature and might change at any time
# (Use `node --trace-warnings ...` to show where the warning was created)
# Subtest: group send intent rollback has no transport side effect
ok 146 - group send intent rollback has no transport side effect
  ---
  duration_ms: 1378.584586
  type: 'test'
  ...
# Subtest: group send intent lost response has no transport side effect
ok 147 - group send intent lost response has no transport side effect
  ---
  duration_ms: 1684.642356
  type: 'test'
  ...
# Subtest: group send recovers original stored bytes after ready rollback
ok 148 - group send recovers original stored bytes after ready rollback
  ---
  duration_ms: 2053.938551
  type: 'test'
  ...
# Subtest: group send recovers original stored bytes after lost ready response
ok 149 - group send recovers original stored bytes after lost ready response
  ---
  duration_ms: 2019.943634
  type: 'test'
  ...
# Subtest: a reported content-store failure cannot leak the new group packet or silently create another ID
ok 150 - a reported content-store failure cannot leak the new group packet or silently create another ID
  ---
  duration_ms: 1734.913428
  type: 'test'
  ...
# Subtest: actual group send APIs create durable encrypted text, attachment and reply over TCP without global contacts
ok 151 - actual group send APIs create durable encrypted text, attachment and reply over TCP without global contacts
  ---
  duration_ms: 4246.58913
  type: 'test'
  ...
# Subtest: new group sends require current head and exact snapshot audience; retained operation remains immutable
ok 152 - new group sends require current head and exact snapshot audience; retained operation remains immutable
  ---
  duration_ms: 2895.184233
  type: 'test'
  ...
# (node:134026) ExperimentalWarning: SQLite is an experimental feature and might change at any time
# (Use `node --trace-warnings ...` to show where the warning was created)
# Subtest: encrypted metadata survives close/reopen; uncommitted work and transaction handles cannot escape
ok 153 - encrypted metadata survives close/reopen; uncommitted work and transaction handles cannot escape
  ---
  duration_ms: 33.872637
  type: 'test'
  ...
# Subtest: absence, truncation, wrong identity, wrong signing authority and extra SQL schema fail closed
ok 154 - absence, truncation, wrong identity, wrong signing authority and extra SQL schema fail closed
  ---
  duration_ms: 21.912072
  type: 'test'
  ...
# Subtest: unknown schema cannot hide behind a similar SQLite prefix
ok 155 - unknown schema cannot hide behind a similar SQLite prefix
  ---
  duration_ms: 15.295918
  type: 'test'
  ...
# Subtest: valid encryption with only the reading key cannot forge a locally signed fence
ok 156 - valid encryption with only the reading key cannot forge a locally signed fence
  ---
  duration_ms: 31.169649
  type: 'test'
  ...
# Subtest: checkpoint corruption, deletion, wrong SQL type and oversize are rejected before trusting state
ok 157 - checkpoint corruption, deletion, wrong SQL type and oversize are rejected before trusting state
  ---
  duration_ms: 49.026399
  type: 'test'
  ...
# Subtest: complete valid backup rollback is an explicit limitation; a pinned different registry is rejected
ok 158 - complete valid backup rollback is an explicit limitation; a pinned different registry is rejected
  ---
  duration_ms: 29.685226
  type: 'test'
  ...
# Subtest: ciphertext substitution, swallowed integrity errors and stale index replay cannot change a committed record
ok 159 - ciphertext substitution, swallowed integrity errors and stale index replay cannot change a committed record
  ---
  duration_ms: 34.389636
  type: 'test'
  ...
# Subtest: a replacement callback error cannot erase an observed integrity failure
ok 160 - a replacement callback error cannot erase an observed integrity failure
  ---
  duration_ms: 21.831482
  type: 'test'
  ...
# Subtest: record AAD binds logical key and revision even beneath a freshly signed index
ok 161 - record AAD binds logical key and revision even beneath a freshly signed index
  ---
  duration_ms: 32.288607
  type: 'test'
  ...
# Subtest: ordinary metadata cannot consume the checkpoint reserve; capacity failure is atomic
ok 162 - ordinary metadata cannot consume the checkpoint reserve; capacity failure is atomic
  ---
  duration_ms: 27.407696
  type: 'test'
  ...
# Subtest: abrupt writer process death rolls back staged SQL and preserves the last authenticated checkpoint
ok 163 - abrupt writer process death rolls back staged SQL and preserves the last authenticated checkpoint
  ---
  duration_ms: 226.295817
  type: 'test'
  ...
# Subtest: two actual writer processes serialize read-modify-write without losing updates
ok 164 - two actual writer processes serialize read-modify-write without losing updates
  ---
  duration_ms: 385.914141
  type: 'test'
  ...
# (node:134199) ExperimentalWarning: SQLite is an experimental feature and might change at any time
# (Use `node --trace-warnings ...` to show where the warning was created)
# Subtest: control store failures still consume the bounded publication budget
ok 165 - control store failures still consume the bounded publication budget
  ---
  duration_ms: 808.690084
  type: 'test'
  ...
# Subtest: control transport failures still consume the bounded publication budget
ok 166 - control transport failures still consume the bounded publication budget
  ---
  duration_ms: 771.004158
  type: 'test'
  ...
# Subtest: network responses obey the producer cache quota without evicting pinned controls
ok 167 - network responses obey the producer cache quota without evicting pinned controls
  ---
  duration_ms: 1370.867767
  type: 'test'
  ...
# Subtest: real wire delivers newest snapshot before missing predecessors and projects the verified newest title
ok 168 - real wire delivers newest snapshot before missing predecessors and projects the verified newest title
  ---
  duration_ms: 2519.385006
  type: 'test'
  ...
# Subtest: available encrypted controls replay before a locked member can retry or sign after removal
ok 169 - available encrypted controls replay before a locked member can retry or sign after removal
  ---
  duration_ms: 3230.631996
  type: 'test'
  ...
# Subtest: Node control requests recover lost responses and revalidate authority on identical retries
ok 170 - Node control requests recover lost responses and revalidate authority on identical retries
  ---
  duration_ms: 13283.939234
  type: 'test'
  ...
# Subtest: real Node control proofs heal a partition from another member after creator stops
ok 171 - real Node control proofs heal a partition from another member after creator stops
  ---
  duration_ms: 8720.971955
  type: 'test'
  ...
# Subtest: Node control proofs traverse TCP and serial PTYs, with partition, relay-off and offline opaque seeder controls
ok 172 - Node control proofs traverse TCP and serial PTYs, with partition, relay-off and offline opaque seeder controls
  ---
  duration_ms: 10096.500691
  type: 'test'
  ...
# Subtest: real Node peers synchronise epoch snapshots and closure without HTTP proof transfer after setup
ok 173 - real Node peers synchronise epoch snapshots and closure without HTTP proof transfer after setup
  ---
  duration_ms: 2546.745002
  type: 'test'
  ...
# Subtest: remembered invitation fetches paginated public ancestry automatically but no pre-join private snapshot
ok 174 - remembered invitation fetches paginated public ancestry automatically but no pre-join private snapshot
  ---
  duration_ms: 8080.179538
  type: 'test'
  ...
# (node:148530) ExperimentalWarning: SQLite is an experimental feature and might change at any time
# (Use `node --trace-warnings ...` to show where the warning was created)
# Subtest: group and private document share one commit; callback rollback and expired scopes cannot leak writes
ok 175 - group and private document share one commit; callback rollback and expired scopes cannot leak writes
  ---
  duration_ms: 138.272224
  type: 'test'
  ...
# Subtest: swallowing a scoped operation failure cannot commit earlier group or private writes
ok 176 - swallowing a scoped operation failure cannot commit earlier group or private writes
  ---
  duration_ms: 74.798067
  type: 'test'
  ...
# Subtest: a verified closure and private decision commit despite a rejected proof tail
ok 177 - a verified closure and private decision commit despite a rejected proof tail
  ---
  duration_ms: 128.910291
  type: 'test'
  ...
# Subtest: even swallowing the entire authority scope error cannot commit the outer transaction
ok 178 - even swallowing the entire authority scope error cannot commit the outer transaction
  ---
  duration_ms: 65.729264
  type: 'test'
  ...
# Subtest: minimal authority fence commits at full ordinary quota without growing the private document
ok 179 - minimal authority fence commits at full ordinary quota without growing the private document
  ---
  duration_ms: 142.043353
  type: 'test'
  ...
# Subtest: three processes TCP → serial PTY, partition/heal, relay control and publisher-offline seeder takeover
ok 180 - three processes TCP → serial PTY, partition/heal, relay control and publisher-offline seeder takeover
  ---
  duration_ms: 9457.047154
  type: 'test'
  ...
# Subtest: a delayed fixture client submits a non-idempotent operation once after the server closes idle HTTP sockets
ok 181 - a delayed fixture client submits a non-idempotent operation once after the server closes idle HTTP sockets
  ---
  duration_ms: 6921.844904
  type: 'test'
  ...
# Subtest: real processes: private conversation, receipt, unauthorized edit, social and restart recovery
ok 182 - real processes: private conversation, receipt, unauthorized edit, social and restart recovery
  ---
  duration_ms: 1768.312448
  type: 'test'
  ...
# Subtest: offline control rejects a live origin and proves socket refusal after normal and signal termination
ok 183 - offline control rejects a live origin and proves socket refusal after normal and signal termination
  ---
  duration_ms: 533.975358
  type: 'test'
  ...
# (node:154455) ExperimentalWarning: SQLite is an experimental feature and might change at any time
# (Use `node --trace-warnings ...` to show where the warning was created)
# (node:154455) ExperimentalWarning: The MockTimers API is an experimental feature and might change at any time
# Subtest: offline send is encrypted, pinned, idempotent and recovers the same operation after restart
ok 184 - offline send is encrypted, pinned, idempotent and recovers the same operation after restart
  ---
  duration_ms: 370.698525
  type: 'test'
  ...
# Subtest: preparing journal reconciles surviving exact bytes and never regenerates missing content
ok 185 - preparing journal reconciles surviving exact bytes and never regenerates missing content
  ---
  duration_ms: 241.486368
  type: 'test'
  ...
# Subtest: transport rejection after local acceptance stays pending and cannot crash periodic sync
ok 186 - transport rejection after local acceptance stays pending and cannot crash periodic sync
  ---
  duration_ms: 251.290639
  type: 'test'
  ...
# Subtest: per-reader signed delivery/read confirmations survive paging, replay, eviction and restart
ok 187 - per-reader signed delivery/read confirmations survive paging, replay, eviction and restart
  ---
  duration_ms: 1994.908957
  type: 'test'
  ...
# Subtest: public, foreign-author and wrong-reader confirmations cannot advance a durable send
ok 188 - public, foreign-author and wrong-reader confirmations cannot advance a durable send
  ---
  duration_ms: 296.184029
  type: 'test'
  ...
# Subtest: expiry remains visible after payload removal and explicit user pin is preserved
ok 189 - expiry remains visible after payload removal and explicit user pin is preserved
  ---
  duration_ms: 414.706924
  type: 'test'
  ...
# Subtest: corrupted reserved bytes become unavailable without a new signed publication
ok 190 - corrupted reserved bytes become unavailable without a new signed publication
  ---
  duration_ms: 220.148201
  type: 'test'
  ...
# Subtest: blocked incomplete sends retain bounded reservation; blocked group readers do not break viewing
ok 191 - blocked incomplete sends retain bounded reservation; blocked group readers do not break viewing
  ---
  duration_ms: 446.713503
  type: 'test'
  ...
# Subtest: pending count/byte reservations and restored metadata ownership are bounded
ok 192 - pending count/byte reservations and restored metadata ownership are bounded
  ---
  duration_ms: 224.410392
  type: 'test'
  ...
# Subtest: a content-file directory flush error preserves the recorded operation instead of signing a replacement
ok 193 - a content-file directory flush error preserves the recorded operation instead of signing a replacement
  ---
  duration_ms: 185.875093
  type: 'test'
  ...
# Subtest: incoming read confirmation is journalled before its admission evicts the original
ok 194 - incoming read confirmation is journalled before its admission evicts the original
  ---
  duration_ms: 265.00432
  type: 'test'
  ...
# Subtest: read confirmation uses the signed roster when contact learning fails and can be reissued after eviction
ok 195 - read confirmation uses the signed roster when contact learning fails and can be reissued after eviction
  ---
  duration_ms: 213.847958
  type: 'test'
  ...
# Subtest: saved peer connection remains idempotent at capacity without opening another connection
ok 196 - saved peer connection remains idempotent at capacity without opening another connection
  ---
  duration_ms: 176.770262
  type: 'test'
  ...
# Subtest: snapshot crossing expiry during journal persistence keeps state and reservation consistent
ok 197 - snapshot crossing expiry during journal persistence keeps state and reservation consistent
  ---
  duration_ms: 1722.057184
  type: 'test'
  ...
# Subtest: snapshot crossing expiry during journal persistence keeps send and reservation consistent
ok 198 - snapshot crossing expiry during journal persistence keeps send and reservation consistent
  ---
  duration_ms: 1722.072323
  type: 'test'
  ...
# Subtest: snapshot crossing expiry during journal persistence keeps retry and reservation consistent
ok 199 - snapshot crossing expiry during journal persistence keeps retry and reservation consistent
  ---
  duration_ms: 1719.132531
  type: 'test'
  ...
# Subtest: an uncertain SQL completion at write 1 recovers the same outbox operation
ok 200 - an uncertain SQL completion at write 1 recovers the same outbox operation
  ---
  duration_ms: 178.580396
  type: 'test'
  ...
# Subtest: an uncertain SQL completion at write 2 recovers the same outbox operation
ok 201 - an uncertain SQL completion at write 2 recovers the same outbox operation
  ---
  duration_ms: 202.219908
  type: 'test'
  ...
# Subtest: outbox preview preserves full astral characters within its UTF-16 budget
ok 202 - outbox preview preserves full astral characters within its UTF-16 budget
  ---
  duration_ms: 0.599674
  type: 'test'
  ...
# (node:156634) ExperimentalWarning: SQLite is an experimental feature and might change at any time
# (Use `node --trace-warnings ...` to show where the warning was created)
# Subtest: legacy semantic failures are rejected before creating a signed migration intent
ok 203 - legacy semantic failures are rejected before creating a signed migration intent
  ---
  duration_ms: 42.692033
  type: 'test'
  ...
# (node:156776) ExperimentalWarning: SQLite is an experimental feature and might change at any time
# (Use `node --trace-warnings ...` to show where the warning was created)
# Subtest: signed initialization binds owner, random store ID and legacy ciphertext across phases
ok 204 - signed initialization binds owner, random store ID and legacy ciphertext across phases
  ---
  duration_ms: 13.489541
  type: 'test'
  ...
# Subtest: a signed intent can pin the exact new store before creation without allowing resets
ok 205 - a signed intent can pin the exact new store before creation without allowing resets
  ---
  duration_ms: 23.46294
  type: 'test'
  ...
# (node:156984) ExperimentalWarning: SQLite is an experimental feature and might change at any time
# (Use `node --trace-warnings ...` to show where the warning was created)
# Subtest: staged import binds the actual legacy ciphertext and committed reopen never falls back
ok 206 - staged import binds the actual legacy ciphertext and committed reopen never falls back
  ---
  duration_ms: 81.705598
  type: 'test'
  ...
# Subtest: existing unbound, missing initialized and wrong-store databases fail without reset
ok 207 - existing unbound, missing initialized and wrong-store databases fail without reset
  ---
  duration_ms: 172.361406
  type: 'test'
  ...
# Subtest: changed legacy source cannot complete a signed preparation
ok 208 - changed legacy source cannot complete a signed preparation
  ---
  duration_ms: 31.825439
  type: 'test'
  ...
# Subtest: transaction wrapper cannot erase initialization or the current private document
ok 209 - transaction wrapper cannot erase initialization or the current private document
  ---
  duration_ms: 56.970864
  type: 'test'
  ...
# Subtest: real process death after prepared initialization boundary preserves resumable private bytes
ok 210 - real process death after prepared initialization boundary preserves resumable private bytes
  ---
  duration_ms: 245.007849
  type: 'test'
  ...
# Subtest: real process death after imported initialization boundary preserves resumable private bytes
ok 211 - real process death after imported initialization boundary preserves resumable private bytes
  ---
  duration_ms: 238.967194
  type: 'test'
  ...
# Subtest: real process death after committed initialization boundary preserves resumable private bytes
ok 212 - real process death after committed initialization boundary preserves resumable private bytes
  ---
  duration_ms: 236.060845
  type: 'test'
  ...
# Subtest: replay of the complete earlier initialization state is an explicit rollback limitation
ok 213 - replay of the complete earlier initialization state is an explicit rollback limitation
  ---
  duration_ms: 97.373433
  type: 'test'
  ...
# (node:157397) ExperimentalWarning: SQLite is an experimental feature and might change at any time
# (Use `node --trace-warnings ...` to show where the warning was created)
# Subtest: one running owner per profile, another profile remains independent, close permits restart
ok 214 - one running owner per profile, another profile remains independent, close permits restart
  ---
  duration_ms: 25.81487
  type: 'test'
  ...
# Subtest: empty initialization can recover but foreign or malformed metadata is refused
ok 215 - empty initialization can recover but foreign or malformed metadata is refused
  ---
  duration_ms: 31.82604
  type: 'test'
  ...
# (node:157515) ExperimentalWarning: SQLite is an experimental feature and might change at any time
# (Use `node --trace-warnings ...` to show where the warning was created)
# Subtest: runtime owns the profile through transport shutdown and rejects stale writes after recovery
ok 216 - runtime owns the profile through transport shutdown and rejects stale writes after recovery
  ---
  duration_ms: 339.920619
  type: 'test'
  ...
# Subtest: constructor failure releases ownership without resetting the existing profile
ok 217 - constructor failure releases ownership without resetting the existing profile
  ---
  duration_ms: 13.653018
  type: 'test'
  ...
# (node:157676) ExperimentalWarning: SQLite is an experimental feature and might change at any time
# (Use `node --trace-warnings ...` to show where the warning was created)
# Subtest: chunked private state is encrypted, persists exactly and shrinks atomically
ok 218 - chunked private state is encrypted, persists exactly and shrinks atomically
  ---
  duration_ms: 124.133756
  type: 'test'
  ...
# Subtest: private state and an authority fence commit together or both roll back, with digest CAS
ok 219 - private state and an authority fence commit together or both roll back, with digest CAS
  ---
  duration_ms: 49.804838
  type: 'test'
  ...
# Subtest: missing, orphan and hash-mismatched chunks fail closed rather than yielding partial state
ok 220 - missing, orphan and hash-mismatched chunks fail closed rather than yielding partial state
  ---
  duration_ms: 121.748834
  type: 'test'
  ...
# Subtest: the full declared private-state byte bound fits while oversize input makes no writes
ok 221 - the full declared private-state byte bound fits while oversize input makes no writes
  ---
  duration_ms: 394.6178
  type: 'test'
  ...
# Subtest: scenario timeout trace preserves the active operation without recording request secrets
ok 222 - scenario timeout trace preserves the active operation without recording request secrets
  ---
  duration_ms: 4.189835
  type: 'test'
  ...
# (node:157855) ExperimentalWarning: SQLite is an experimental feature and might change at any time
# (Use `node --trace-warnings ...` to show where the warning was created)
# Subtest: inbound semantic ACL: forged public receipt/message and private wrong-reader mutation are hidden
ok 223 - inbound semantic ACL: forged public receipt/message and private wrong-reader mutation are hidden
  ---
  duration_ms: 309.465971
  type: 'test'
  ...
# Subtest: malformed unauthenticated HTTP paths return 400; service survives and auth boundary holds
ok 224 - malformed unauthenticated HTTP paths return 400; service survives and auth boundary holds
  ---
  duration_ms: 70.595448
  type: 'test'
  ...
# Subtest: private site draft and local deletion survive cache removal/restart without plaintext on disk
ok 225 - private site draft and local deletion survive cache removal/restart without plaintext on disk
  ---
  duration_ms: 428.841064
  type: 'test'
  ...
# Subtest: relay consent: no application-level cached serving while paused, positive control after enabling
ok 226 - relay consent: no application-level cached serving while paused, positive control after enabling
  ---
  duration_ms: 1032.208984
  type: 'test'
  ...
# Subtest: deletion journal survives when publication itself evicts its unpinned original
ok 227 - deletion journal survives when publication itself evicts its unpinned original
  ---
  duration_ms: 223.587559
  type: 'test'
  ...
# Subtest: seeded virtual time is reproducible with independently generated secure fixtures
ok 228 - seeded virtual time is reproducible with independently generated secure fixtures
  ---
  duration_ms: 64.002657
  type: 'test'
  ...
# Subtest: loss, MTU fragmentation, partition/heal, low-power transition and SOS-before-bulk
ok 229 - loss, MTU fragmentation, partition/heal, low-power transition and SOS-before-bulk
  ---
  duration_ms: 13.956937
  type: 'test'
  ...
# Subtest: directed bandwidth, latency and MTU produce measurable asymmetric arrival times
ok 230 - directed bandwidth, latency and MTU produce measurable asymmetric arrival times
  ---
  duration_ms: 7.4729
  type: 'test'
  ...
# Subtest: congested bounded queues preserve SOS while bulk is deferred
ok 231 - congested bounded queues preserve SOS while bulk is deferred
  ---
  duration_ms: 15.803349
  type: 'test'
  ...
# Subtest: bounded cache distinguishes pinned exhaustion from unpinned eviction
ok 232 - bounded cache distinguishes pinned exhaustion from unpinned eviction
  ---
  duration_ms: 15.10524
  type: 'test'
  ...
# Subtest: TTL rejects in-flight expiration and retained replay respects the hop limit
ok 233 - TTL rejects in-flight expiration and retained replay respects the hop limit
  ---
  duration_ms: 5.994719
  type: 'test'
  ...
# Subtest: every-fourth-fragment fairness lets bulk advance during SOS pressure
ok 234 - every-fourth-fragment fairness lets bulk advance during SOS pressure
  ---
  duration_ms: 19.301648
  type: 'test'
  ...
# Subtest: real signature/chunk checks pass honest control and detect deliberately broken controls
ok 235 - real signature/chunk checks pass honest control and detect deliberately broken controls
  ---
  duration_ms: 27.215125
  type: 'test'
  ...
# Subtest: simulation rejects invalid transport bounds and complete report gates pass
ok 236 - simulation rejects invalid transport bounds and complete report gates pass
  ---
  duration_ms: 76.902342
  type: 'test'
  ...
# (node:158459) ExperimentalWarning: SQLite is an experimental feature and might change at any time
# (Use `node --trace-warnings ...` to show where the warning was created)
# Subtest: large valid cache produces bounded pages and exact authorized attachments on demand
ok 237 - large valid cache produces bounded pages and exact authorized attachments on demand
  ---
  duration_ms: 5217.641393
  type: 'test'
  ...
# Subtest: received author deletion persists before evicting its original, and denied attachments stay unavailable
ok 238 - received author deletion persists before evicting its original, and denied attachments stay unavailable
  ---
  duration_ms: 206.569533
  type: 'test'
  ...
# Subtest: request tracking is bounded even when transport rejects every broadcast
ok 239 - request tracking is bounded even when transport rejects every broadcast
  ---
  duration_ms: 187.147568
  type: 'test'
  ...
# Subtest: unknown post extension data does not crash or inflate summaries
ok 240 - unknown post extension data does not crash or inflate summaries
  ---
  duration_ms: 338.597248
  type: 'test'
  ...
# Subtest: summary reuse remains bound to verified disk bytes and unlocked identity
ok 241 - summary reuse remains bound to verified disk bytes and unlocked identity
  ---
  duration_ms: 175.127483
  type: 'test'
  ...
# Subtest: collections and following integrate with encrypted persistence and hashed peer retrieval respects read ACL
ok 242 - collections and following integrate with encrypted persistence and hashed peer retrieval respects read ACL
  ---
  duration_ms: 1765.734113
  type: 'test'
  ...
# Subtest: collection create, rename, add, remove and delete are immutable local transitions
ok 243 - collection create, rename, add, remove and delete are immutable local transitions
  ---
  duration_ms: 2.561713
  type: 'test'
  ...
# Subtest: collection identity, title and timestamp rules reject ambiguous metadata
ok 244 - collection identity, title and timestamp rules reject ambiguous metadata
  ---
  duration_ms: 1.518486
  type: 'test'
  ...
# Subtest: prototype, accessor, unknown field and sparse-array inputs fail without executing metadata
ok 245 - prototype, accessor, unknown field and sparse-array inputs fail without executing metadata
  ---
  duration_ms: 0.892083
  type: 'test'
  ...
# Subtest: collection ownership cannot be transferred by a command or mixed across identity vaults
ok 246 - collection ownership cannot be transferred by a command or mixed across identity vaults
  ---
  duration_ms: 0.433804
  type: 'test'
  ...
# Subtest: collection and membership quotas reject atomically while allowing idempotent operations
ok 247 - collection and membership quotas reject atomically while allowing idempotent operations
  ---
  duration_ms: 8.267611
  type: 'test'
  ...
# Subtest: recovered collections reject duplicate identifiers, titles, members and excessive total memberships
ok 248 - recovered collections reject duplicate identifiers, titles, members and excessive total memberships
  ---
  duration_ms: 3.039239
  type: 'test'
  ...
# Subtest: content references remain canonical hashes and convey neither reader access nor authorship
ok 249 - content references remain canonical hashes and convey neither reader access nor authorship
  ---
  duration_ms: 10.425105
  type: 'test'
  ...
# Subtest: followed feed selects posts and alerts from followed authors without changing caller order or access
ok 250 - followed feed selects posts and alerts from followed authors without changing caller order or access
  ---
  duration_ms: 0.470602
  type: 'test'
  ...
# Subtest: local cancellation removes an actual queued TCP transfer and its reconnect copy
ok 251 - local cancellation removes an actual queued TCP transfer and its reconnect copy
  ---
  duration_ms: 675.923353
  type: 'test'
  ...
# Subtest: local cancellation negative control delivers an actual queued TCP transfer and its reconnect copy
ok 252 - local cancellation negative control delivers an actual queued TCP transfer and its reconnect copy
  ---
  duration_ms: 673.163268
  type: 'test'
  ...
# Subtest: local cancellation leaves another origin's retained relay packet intact
ok 253 - local cancellation leaves another origin's retained relay packet intact
  ---
  duration_ms: 498.747009
  type: 'test'
  ...
# Subtest: TCP parser handles split/coalesced frames, rejects tamper and replays only once
ok 254 - TCP parser handles split/coalesced frames, rejects tamper and replays only once
  ---
  duration_ms: 88.122459
  type: 'test'
  ...
# Subtest: non-reading TCP duplicate flood coalesces and bounds control output
ok 255 - non-reading TCP duplicate flood coalesces and bounds control output
  ---
  duration_ms: 51.015238
  type: 'test'
  ...
# Subtest: TCP malformed frame and unfinished-line floods disconnect and release state
ok 256 - TCP malformed frame and unfinished-line floods disconnect and release state
  ---
  duration_ms: 22.675604
  type: 'test'
  ...
# Subtest: distinct TCP packets cannot grow the ACK queue or exceed its output rate
ok 257 - distinct TCP packets cannot grow the ACK queue or exceed its output rate
  ---
  duration_ms: 163.29068
  type: 'test'
  ...
# Subtest: TCP incomplete assemblies have count and aggregate memory bounds
ok 258 - TCP incomplete assemblies have count and aggregate memory bounds
  ---
  duration_ms: 2304.806758
  type: 'test'
  ...
# Subtest: expired packets, invalid TTLs and exhausted hop limits never relay
ok 259 - expired packets, invalid TTLs and exhausted hop limits never relay
  ---
  duration_ms: 135.305511
  type: 'test'
  ...
# Subtest: queued expiry and stopped sockets release bounded output under backpressure
ok 260 - queued expiry and stopped sockets release bounded output under backpressure
  ---
  duration_ms: 441.587832
  type: 'test'
  ...
# Subtest: partial TCP loss retries exact bytes and missing ACK retries without duplicate delivery
ok 261 - partial TCP loss retries exact bytes and missing ACK retries without duplicate delivery
  ---
  duration_ms: 4413.053641
  type: 'test'
  ...
# Subtest: TCP reconnect delivers a partial transfer and packets created during the partition
ok 262 - TCP reconnect delivers a partial transfer and packets created during the partition
  ---
  duration_ms: 1113.395949
  type: 'test'
  ...
# Subtest: turning relay off cancels queued forwarded fragments and keeps local SOS available
ok 263 - turning relay off cancels queued forwarded fragments and keeps local SOS available
  ---
  duration_ms: 107.481775
  type: 'test'
  ...
# Subtest: relay pause cancels queued local seeding and prevents retained offline replay
ok 264 - relay pause cancels queued local seeding and prevents retained offline replay
  ---
  duration_ms: 134.309383
  type: 'test'
  ...
# Subtest: real TCP fragments preempt bulk for SOS while preserving bulk fairness
ok 265 - real TCP fragments preempt bulk for SOS while preserving bulk fairness
  ---
  duration_ms: 100.557583
  type: 'test'
  ...
# Subtest: many in-progress SOS transfers leave admission capacity for bulk fairness
ok 266 - many in-progress SOS transfers leave admission capacity for bulk fairness
  ---
  duration_ms: 67.679531
  type: 'test'
  ...
# Subtest: real serialport PTY fragments preempt bulk for SOS with the same fairness
ok 267 - real serialport PTY fragments preempt bulk for SOS with the same fairness
  ---
  duration_ms: 165.33883
  type: 'test'
  ...
# Subtest: POSIX poller regression: read rearm must preserve an outstanding write watch
ok 268 - POSIX poller regression: read rearm must preserve an outstanding write watch
  ---
  duration_ms: 1.062101
  type: 'test'
  ...
# Subtest: serial write deadline covers one frame at configured baud while bounding a stalled writer
ok 269 - serial write deadline covers one frame at configured baud while bounding a stalled writer
  ---
  duration_ms: 0.239549
  type: 'test'
  ...
# Subtest: real serial PTY recovers an injected stuck write through bounded reconnect and exact replay
ok 270 - real serial PTY recovers an injected stuck write through bounded reconnect and exact replay
  ---
  duration_ms: 6175.381046
  type: 'test'
  ...
# Subtest: real TCP transfer, two-hop forwarding and relay-off negative control
ok 271 - real TCP transfer, two-hop forwarding and relay-off negative control
  ---
  duration_ms: 916.963123
  type: 'test'
  ...
# Subtest: validation rejection prevents display and relay; positive valid control
ok 272 - validation rejection prevents display and relay; positive valid control
  ---
  duration_ms: 533.072885
  type: 'test'
  ...
1..272
# tests 275
# suites 0
# pass 275
# fail 0
# cancelled 0
# skipped 0
# todo 0
# duration_ms 393015.109776
