TAP version 13
# (node:73581) ExperimentalWarning: SQLite is an experimental feature and might change at any time
# (Use `node --trace-warnings ...` to show where the warning was created)
# Subtest: repeated authority reads share verified checkpoint work only inside an unchanged transaction
not ok 1 - repeated authority reads share verified checkpoint work only inside an unchanged transaction
  ---
  duration_ms: 115.965582
  type: 'test'
  location: '/home/absint0o/projects/relayloom/tests/group-registry-read-scope.test.ts:1:267'
  failureType: 'testCodeFailure'
  error: |-
    unchanged reads repeated checkpoint verification or reused it across transactions
    + actual - expected

      [
    +   5,
    +   5
    -   1,
    -   1
      ]

  code: 'ERR_ASSERTION'
  name: 'AssertionError'
  expected:
    0: 1
    1: 1
  actual:
    0: 5
    1: 5
  operator: 'deepStrictEqual'
  stack: |-
    TestContext.<anonymous> (/home/absint0o/projects/relayloom/tests/group-registry-read-scope.test.ts:36:10)
    Test.runInAsyncScope (node:async_hooks:214:14)
    Test.run (node:internal/test_runner/test:1047:25)
    Test.start (node:internal/test_runner/test:944:17)
    startSubtestAfterBootstrap (node:internal/test_runner/harness:296:17)
  ...
# Subtest: a write after a cached read revalidates corruption and aborts the outer transaction
not ok 2 - a write after a cached read revalidates corruption and aborts the outer transaction
  ---
  duration_ms: 41.211457
  type: 'test'
  location: '/home/absint0o/projects/relayloom/tests/group-registry-read-scope.test.ts:1:1120'
  failureType: 'testCodeFailure'
  error: 'Registo fechado, incerto ou já em transacção'
  code: 'ERR_TEST_FAILURE'
  stack: |-
    ProtectedGroupStore.execute (/home/absint0o/projects/relayloom/packages/groups/src/storage.ts:462:13)
    ProtectedGroupStore.view (/home/absint0o/projects/relayloom/packages/groups/src/storage.ts:609:17)
    GroupRegistry.state (/home/absint0o/projects/relayloom/packages/groups/src/registry.ts:1194:23)
    TestContext.<anonymous> (/home/absint0o/projects/relayloom/tests/group-registry-read-scope.test.ts:61:16)
    Test.runInAsyncScope (node:async_hooks:214:14)
    Test.run (node:internal/test_runner/test:1047:25)
    Test.processPendingSubtests (node:internal/test_runner/test:744:18)
    Test.postRun (node:internal/test_runner/test:1173:19)
    Test.run (node:internal/test_runner/test:1101:12)
    async startSubtestAfterBootstrap (node:internal/test_runner/harness:296:3)
  ...
# Subtest: a closure in the same authority scope invalidates an earlier active view
ok 3 - a closure in the same authority scope invalidates an earlier active view
  ---
  duration_ms: 97.290579
  type: 'test'
  ...
1..3
# tests 3
# suites 0
# pass 1
# fail 2
# cancelled 0
# skipped 0
# todo 0
# duration_ms 456.951112
