TAP version 13
# (node:77812) ExperimentalWarning: SQLite is an experimental feature and might change at any time
# (Use `node --trace-warnings ...` to show where the warning was created)
# Subtest: repeated authority reads share verified checkpoint work only inside an unchanged transaction
ok 1 - repeated authority reads share verified checkpoint work only inside an unchanged transaction
  ---
  duration_ms: 70.066386
  type: 'test'
  ...
# Subtest: a write after a cached read revalidates corruption and aborts the outer transaction
not ok 2 - a write after a cached read revalidates corruption and aborts the outer transaction
  ---
  duration_ms: 40.294808
  type: 'test'
  location: '/home/absint0o/projects/relayloom/tests/group-registry-read-scope.test.ts:1:1120'
  failureType: 'testCodeFailure'
  error: 'Registo fechado, incerto ou já em transacção'
  code: 'ERR_TEST_FAILURE'
  stack: |-
    ProtectedGroupStore.execute (/home/absint0o/projects/relayloom/packages/groups/src/storage.ts:462:13)
    ProtectedGroupStore.view (/home/absint0o/projects/relayloom/packages/groups/src/storage.ts:609:17)
    GroupRegistry.state (/home/absint0o/projects/relayloom/packages/groups/src/registry.ts:1224:23)
    TestContext.<anonymous> (/home/absint0o/projects/relayloom/tests/group-registry-read-scope.test.ts:61:16)
    Test.runInAsyncScope (node:async_hooks:214:14)
    Test.run (node:internal/test_runner/test:1047:25)
    Test.processPendingSubtests (node:internal/test_runner/test:744:18)
    Test.postRun (node:internal/test_runner/test:1173:19)
    Test.run (node:internal/test_runner/test:1101:12)
    async startSubtestAfterBootstrap (node:internal/test_runner/harness:296:3)
  ...
# Subtest: a closure in the same authority scope invalidates an earlier active view
ok 3 - a closure in the same authority scope invalidates an earlier active view
  ---
  duration_ms: 88.459322
  type: 'test'
  ...
1..3
# tests 3
# suites 0
# pass 2
# fail 1
# cancelled 0
# skipped 0
# todo 0
# duration_ms 385.193224
