Monitoring boot status for RelayLoom-CI-7f5b5e1d-9d7f-4ff1-b590-185a8fc8de1f (FF28386F-D81C-43E7-8500-234C0E195A4E).
[2026-09-22 02:34:01 +0000] Status=2, isTerminal=NO, Elapsed=00:16.
	Waiting on Data Migration
		Reason:Running plugin com.apple.-0LaunchServicesMigrator (00LaunchServicesMigrator.migrator, user-agnostic)
		Migration Elapsed:00:11 seconds

[2026-09-22 02:34:01 +0000] Status=2, isTerminal=NO, Elapsed=00:17.
	Waiting on Data Migration
		Reason:Running plugin com.apple.-0LaunchServicesMigrator (00LaunchServicesMigrator.migrator, user-agnostic)
		Migration Elapsed:00:12 seconds

[2026-09-22 02:34:01 +0000] Status=2, isTerminal=NO, Elapsed=00:18.
	Waiting on Data Migration
		Reason:Running plugin com.apple.-0LaunchServicesMigrator (00LaunchServicesMigrator.migrator, user-agnostic)
		Migration Elapsed:00:13 seconds

[2026-09-22 02:34:01 +0000] Status=2, isTerminal=NO, Elapsed=00:19.
	Waiting on Data Migration
		Reason:Running plugin com.apple.-0LaunchServicesMigrator (00LaunchServicesMigrator.migrator, user-agnostic)
		Migration Elapsed:00:14 seconds

[2026-09-22 02:34:02 +0000] Status=2, isTerminal=NO, Elapsed=00:20.
	Waiting on Data Migration
		Reason:Running plugin com.apple.-0LaunchServicesMigrator (00LaunchServicesMigrator.migrator, user-agnostic)
		Migration Elapsed:00:15 seconds

[2026-09-22 02:34:03 +0000] Status=2, isTerminal=NO, Elapsed=00:21.
	Waiting on Data Migration
		Reason:Running plugin com.apple.-0LaunchServicesMigrator (00LaunchServicesMigrator.migrator, user-agnostic)
		Migration Elapsed:00:16 seconds

[2026-09-22 02:34:04 +0000] Status=2, isTerminal=NO, Elapsed=00:22.
	Waiting on Data Migration
		Reason:Running plugin com.apple.-0LaunchServicesMigrator (00LaunchServicesMigrator.migrator, user-agnostic)
		Migration Elapsed:00:17 seconds

[2026-09-22 02:34:05 +0000] Status=2, isTerminal=NO, Elapsed=00:23.
	Waiting on Data Migration
		Reason:Running plugin com.apple.-0LaunchServicesMigrator (00LaunchServicesMigrator.migrator, user-agnostic)
		Migration Elapsed:00:18 seconds

[2026-09-22 02:34:06 +0000] Status=2, isTerminal=NO, Elapsed=00:24.
	Waiting on Data Migration
		Reason:Running plugin com.apple.-0LaunchServicesMigrator (00LaunchServicesMigrator.migrator, user-agnostic)
		Migration Elapsed:00:19 seconds

[2026-09-22 02:34:07 +0000] Status=2, isTerminal=NO, Elapsed=00:25.
	Waiting on Data Migration
		Reason:Running plugin com.apple.-0LaunchServicesMigrator (00LaunchServicesMigrator.migrator, user-agnostic)
		Migration Elapsed:00:20 seconds

[2026-09-22 02:34:08 +0000] Status=2, isTerminal=NO, Elapsed=00:26.
	Waiting on Data Migration
		Reason:Running plugin com.apple.-0LaunchServicesMigrator (00LaunchServicesMigrator.migrator, user-agnostic)
		Migration Elapsed:00:21 seconds

[2026-09-22 02:34:09 +0000] Status=2, isTerminal=NO, Elapsed=00:27.
	Waiting on Data Migration
		Reason:Running plugin com.apple.-0LaunchServicesMigrator (00LaunchServicesMigrator.migrator, user-agnostic)
		Migration Elapsed:00:22 seconds

[2026-09-22 02:34:10 +0000] Status=2, isTerminal=NO, Elapsed=00:28.
	Waiting on Data Migration
		Reason:Running plugin com.apple.-0LaunchServicesMigrator (00LaunchServicesMigrator.migrator, user-agnostic)
		Migration Elapsed:00:23 seconds

[2026-09-22 02:34:11 +0000] Status=2, isTerminal=NO, Elapsed=00:29.
	Waiting on Data Migration
		Reason:Running plugin com.apple.-0LaunchServicesMigrator (00LaunchServicesMigrator.migrator, user-agnostic)
		Migration Elapsed:00:24 seconds

[2026-09-22 02:34:12 +0000] Status=2, isTerminal=NO, Elapsed=00:30.
	Waiting on Data Migration
		Reason:Running plugin com.apple.-0LaunchServicesMigrator (00LaunchServicesMigrator.migrator, user-agnostic)
		Migration Elapsed:00:25 seconds

[2026-09-22 02:34:13 +0000] Status=2, isTerminal=NO, Elapsed=00:31.
	Waiting on Data Migration
		Reason:Running plugin com.apple.-0LaunchServicesMigrator (00LaunchServicesMigrator.migrator, user-agnostic)
		Migration Elapsed:00:26 seconds

[2026-09-22 02:34:14 +0000] Status=2, isTerminal=NO, Elapsed=00:32.
	Waiting on Data Migration
		Reason:Running plugin com.apple.-0LaunchServicesMigrator (00LaunchServicesMigrator.migrator, user-agnostic)
		Migration Elapsed:00:27 seconds

[2026-09-22 02:34:15 +0000] Status=2, isTerminal=NO, Elapsed=00:33.
	Waiting on Data Migration
		Reason:Running plugin com.apple.-0LaunchServicesMigrator (00LaunchServicesMigrator.migrator, user-agnostic)
		Migration Elapsed:00:28 seconds

[2026-09-22 02:34:16 +0000] Status=2, isTerminal=NO, Elapsed=00:34.
	Waiting on Data Migration
		Reason:Running plugin com.apple.-0LaunchServicesMigrator (00LaunchServicesMigrator.migrator, user-agnostic)
		Migration Elapsed:00:29 seconds

[2026-09-22 02:34:17 +0000] Status=2, isTerminal=NO, Elapsed=00:35.
	Waiting on Data Migration
		Reason:Running plugin com.apple.-0LaunchServicesMigrator (00LaunchServicesMigrator.migrator, user-agnostic)
		Migration Elapsed:00:30 seconds

[2026-09-22 02:34:18 +0000] Status=2, isTerminal=NO, Elapsed=00:36.
	Waiting on Data Migration
		Reason:Running plugin com.apple.-0LaunchServicesMigrator (00LaunchServicesMigrator.migrator, user-agnostic)
		Migration Elapsed:00:31 seconds

[2026-09-22 02:34:19 +0000] Status=2, isTerminal=NO, Elapsed=00:37.
	Waiting on Data Migration
		Reason:Running plugin com.apple.-0LaunchServicesMigrator (00LaunchServicesMigrator.migrator, user-agnostic)
		Migration Elapsed:00:32 seconds

[2026-09-22 02:34:20 +0000] Status=2, isTerminal=NO, Elapsed=00:38.
	Waiting on Data Migration
		Reason:Running plugin com.apple.-0LaunchServicesMigrator (00LaunchServicesMigrator.migrator, user-agnostic)
		Migration Elapsed:00:33 seconds

[2026-09-22 02:34:21 +0000] Status=2, isTerminal=NO, Elapsed=00:39.
	Waiting on Data Migration
		Reason:Running plugin com.apple.-0LaunchServicesMigrator (00LaunchServicesMigrator.migrator, user-agnostic)
		Migration Elapsed:00:34 seconds

[2026-09-22 02:34:22 +0000] Status=2, isTerminal=NO, Elapsed=00:40.
	Waiting on Data Migration
		Reason:Running plugin com.apple.-0LaunchServicesMigrator (00LaunchServicesMigrator.migrator, user-agnostic)
		Migration Elapsed:00:35 seconds

[2026-09-22 02:34:23 +0000] Status=2, isTerminal=NO, Elapsed=00:41.
	Waiting on Data Migration
		Reason:Running plugin com.apple.-0LaunchServicesMigrator (00LaunchServicesMigrator.migrator, user-agnostic)
		Migration Elapsed:00:36 seconds

[2026-09-22 02:34:26 +0000] Status=2, isTerminal=NO, Elapsed=00:44.
	Waiting on Data Migration
		Reason:Running plugin com.apple.securityd.KeychainMigrator (KeychainMigrator.migrator, user-agnostic)
		Migration Elapsed:00:37 seconds

[2026-09-22 02:34:27 +0000] Status=2, isTerminal=NO, Elapsed=00:45.
	Waiting on Data Migration
		Reason:Running plugin com.apple.managedconfiguration.migrator (MCProfile.migrator, user-agnostic)
		Migration Elapsed:00:39 seconds

[2026-09-22 02:34:30 +0000] Status=2, isTerminal=NO, Elapsed=00:48.
	Waiting on Data Migration
		Reason:Running plugin com.apple.managedconfiguration.migrator (MCProfile.migrator, user-agnostic)
		Migration Elapsed:00:40 seconds

[2026-09-22 02:34:33 +0000] Status=2, isTerminal=NO, Elapsed=00:50.
	Waiting on Data Migration
		Reason:Running plugin com.apple.managedconfiguration.migrator (MCProfile.migrator, user-agnostic)
		Migration Elapsed:00:43 seconds

[2026-09-22 02:34:34 +0000] Status=2, isTerminal=NO, Elapsed=00:51.
	Waiting on Data Migration
		Reason:Running plugin com.apple.managedconfiguration.migrator (MCProfile.migrator, user-agnostic)
		Migration Elapsed:00:46 seconds

[2026-09-22 02:34:34 +0000] Status=2, isTerminal=NO, Elapsed=00:51.
	Waiting on Data Migration
		Reason:Running plugin com.apple.managedconfiguration.migrator (MCProfile.migrator, user-agnostic)
		Migration Elapsed:00:46 seconds

[2026-09-22 02:34:34 +0000] Status=2, isTerminal=NO, Elapsed=00:52.
	Waiting on Data Migration
		Reason:Running plugin com.apple.managedconfiguration.migrator (MCProfile.migrator, user-agnostic)
		Migration Elapsed:00:47 seconds

[2026-09-22 02:34:35 +0000] Status=2, isTerminal=NO, Elapsed=00:53.
	Waiting on Data Migration
		Reason:Running plugin com.apple.locationd.migrator (CoreLocationMigrator.migrator) (Concurrent: Running plugin com.apple.MobileSlideShow (MobileSlideShow.migrator, concurrent after com.apple.accounts.migrator))
		Migration Elapsed:00:48 seconds

[2026-09-22 02:34:36 +0000] Status=2, isTerminal=NO, Elapsed=00:54.
	Waiting on Data Migration
		Reason:Running plugin com.apple.locationd.migrator (CoreLocationMigrator.migrator)
		Migration Elapsed:00:49 seconds

[2026-09-22 02:34:38 +0000] Status=2, isTerminal=NO, Elapsed=00:55.
	Waiting on Data Migration
		Reason:Running plugin com.apple.locationd.migrator (CoreLocationMigrator.migrator)
		Migration Elapsed:00:50 seconds

[2026-09-22 02:34:39 +0000] Status=2, isTerminal=NO, Elapsed=00:56.
	Waiting on Data Migration
		Reason:Running plugin com.apple.locationd.migrator (CoreLocationMigrator.migrator)
		Migration Elapsed:00:51 seconds

[2026-09-22 02:34:39 +0000] Status=2, isTerminal=NO, Elapsed=00:57.
	Waiting on Data Migration
		Reason:Running plugin com.apple.locationd.migrator (CoreLocationMigrator.migrator)
		Migration Elapsed:00:52 seconds

[2026-09-22 02:34:40 +0000] Status=2, isTerminal=NO, Elapsed=00:58.
	Waiting on Data Migration
		Reason:Running plugin com.apple.locationd.migrator (CoreLocationMigrator.migrator)
		Migration Elapsed:00:53 seconds

[2026-09-22 02:34:41 +0000] Status=2, isTerminal=NO, Elapsed=00:59.
	Waiting on Data Migration
		Reason:Running plugin com.apple.locationd.migrator (CoreLocationMigrator.migrator)
		Migration Elapsed:00:54 seconds

[2026-09-22 02:34:42 +0000] Status=2, isTerminal=NO, Elapsed=01:00.
	Waiting on Data Migration
		Reason:Running plugin com.apple.locationd.migrator (CoreLocationMigrator.migrator)
		Migration Elapsed:00:55 seconds

[2026-09-22 02:34:43 +0000] Status=2, isTerminal=NO, Elapsed=01:01.
	Waiting on Data Migration
		Reason:Running plugin com.apple.locationd.migrator (CoreLocationMigrator.migrator)
		Migration Elapsed:00:56 seconds

[2026-09-22 02:34:44 +0000] Status=2, isTerminal=NO, Elapsed=01:02.
	Waiting on Data Migration
		Reason:Running plugin com.apple.locationd.migrator (CoreLocationMigrator.migrator)
		Migration Elapsed:00:57 seconds

[2026-09-22 02:34:45 +0000] Status=2, isTerminal=NO, Elapsed=01:03.
	Waiting on Data Migration
		Reason:Running plugin com.apple.locationd.migrator (CoreLocationMigrator.migrator)
		Migration Elapsed:00:58 seconds

[2026-09-22 02:34:46 +0000] Status=2, isTerminal=NO, Elapsed=01:04.
	Waiting on Data Migration
		Reason:Running plugin com.apple.locationd.migrator (CoreLocationMigrator.migrator)
		Migration Elapsed:00:59 seconds

[2026-09-22 02:34:47 +0000] Status=2, isTerminal=NO, Elapsed=01:05.
	Waiting on Data Migration
		Reason:Running plugin com.apple.locationd.migrator (CoreLocationMigrator.migrator)
		Migration Elapsed:01:00 seconds

[2026-09-22 02:34:48 +0000] Status=2, isTerminal=NO, Elapsed=01:06.
	Waiting on Data Migration
		Reason:Running plugin com.apple.locationd.migrator (CoreLocationMigrator.migrator)
		Migration Elapsed:01:01 seconds

[2026-09-22 02:34:49 +0000] Status=2, isTerminal=NO, Elapsed=01:07.
	Waiting on Data Migration
		Reason:Running plugin com.apple.locationd.migrator (CoreLocationMigrator.migrator)
		Migration Elapsed:01:02 seconds

[2026-09-22 02:34:50 +0000] Status=2, isTerminal=NO, Elapsed=01:08.
	Waiting on Data Migration
		Reason:Running plugin com.apple.locationd.migrator (CoreLocationMigrator.migrator)
		Migration Elapsed:01:03 seconds

[2026-09-22 02:34:51 +0000] Status=2, isTerminal=NO, Elapsed=01:09.
	Waiting on Data Migration
		Reason:Running plugin com.apple.locationd.migrator (CoreLocationMigrator.migrator)
		Migration Elapsed:01:04 seconds

[2026-09-22 02:34:52 +0000] Status=2, isTerminal=NO, Elapsed=01:10.
	Waiting on Data Migration
		Reason:Running plugin com.apple.locationd.migrator (CoreLocationMigrator.migrator)
		Migration Elapsed:01:05 seconds

[2026-09-22 02:34:53 +0000] Status=2, isTerminal=NO, Elapsed=01:11.
	Waiting on Data Migration
		Reason:Running plugin com.apple.locationd.migrator (CoreLocationMigrator.migrator)
		Migration Elapsed:01:06 seconds

[2026-09-22 02:34:54 +0000] Status=2, isTerminal=NO, Elapsed=01:12.
	Waiting on Data Migration
		Reason:Running plugin com.apple.locationd.migrator (CoreLocationMigrator.migrator)
		Migration Elapsed:01:07 seconds

[2026-09-22 02:34:55 +0000] Status=2, isTerminal=NO, Elapsed=01:13.
	Waiting on Data Migration
		Reason:Running plugin com.apple.locationd.migrator (CoreLocationMigrator.migrator)
		Migration Elapsed:01:08 seconds

[2026-09-22 02:34:56 +0000] Status=2, isTerminal=NO, Elapsed=01:14.
	Waiting on Data Migration
		Reason:Running plugin com.apple.locationd.migrator (CoreLocationMigrator.migrator)
		Migration Elapsed:01:09 seconds

[2026-09-22 02:34:57 +0000] Status=2, isTerminal=NO, Elapsed=01:15.
	Waiting on Data Migration
		Reason:Running plugin com.apple.locationd.migrator (CoreLocationMigrator.migrator)
		Migration Elapsed:01:10 seconds

[2026-09-22 02:34:58 +0000] Status=2, isTerminal=NO, Elapsed=01:16.
	Waiting on Data Migration
		Reason:Running plugin com.apple.locationd.migrator (CoreLocationMigrator.migrator)
		Migration Elapsed:01:11 seconds

[2026-09-22 02:34:59 +0000] Status=2, isTerminal=NO, Elapsed=01:17.
	Waiting on Data Migration
		Reason:Running plugin com.apple.locationd.migrator (CoreLocationMigrator.migrator)
		Migration Elapsed:01:12 seconds

[2026-09-22 02:35:00 +0000] Status=2, isTerminal=NO, Elapsed=01:18.
	Waiting on Data Migration
		Reason:Running plugin com.apple.locationd.migrator (CoreLocationMigrator.migrator)
		Migration Elapsed:01:13 seconds

[2026-09-22 02:35:01 +0000] Status=2, isTerminal=NO, Elapsed=01:19.
	Waiting on Data Migration
		Reason:Running plugin com.apple.locationd.migrator (CoreLocationMigrator.migrator)
		Migration Elapsed:01:14 seconds

[2026-09-22 02:35:02 +0000] Status=2, isTerminal=NO, Elapsed=01:20.
	Waiting on Data Migration
		Reason:Running plugin com.apple.locationd.migrator (CoreLocationMigrator.migrator)
		Migration Elapsed:01:15 seconds

[2026-09-22 02:35:03 +0000] Status=2, isTerminal=NO, Elapsed=01:21.
	Waiting on Data Migration
		Reason:Running plugin com.apple.locationd.migrator (CoreLocationMigrator.migrator)
		Migration Elapsed:01:16 seconds

[2026-09-22 02:35:04 +0000] Status=2, isTerminal=NO, Elapsed=01:22.
	Waiting on Data Migration
		Reason:Running plugin com.apple.locationd.migrator (CoreLocationMigrator.migrator)
		Migration Elapsed:01:17 seconds

[2026-09-22 02:35:05 +0000] Status=2, isTerminal=NO, Elapsed=01:23.
	Waiting on Data Migration
		Reason:Running plugin com.apple.locationd.migrator (CoreLocationMigrator.migrator)
		Migration Elapsed:01:18 seconds

[2026-09-22 02:35:06 +0000] Status=2, isTerminal=NO, Elapsed=01:24.
	Waiting on Data Migration
		Reason:Running plugin com.apple.locationd.migrator (CoreLocationMigrator.migrator)
		Migration Elapsed:01:19 seconds

[2026-09-22 02:35:07 +0000] Status=2, isTerminal=NO, Elapsed=01:25.
	Waiting on Data Migration
		Reason:Running plugin com.apple.locationd.migrator (CoreLocationMigrator.migrator)
		Migration Elapsed:01:20 seconds

[2026-09-22 02:35:08 +0000] Status=2, isTerminal=NO, Elapsed=01:26.
	Waiting on Data Migration
		Reason:Running plugin com.apple.locationd.migrator (CoreLocationMigrator.migrator)
		Migration Elapsed:01:21 seconds

[2026-09-22 02:35:09 +0000] Status=2, isTerminal=NO, Elapsed=01:27.
	Waiting on Data Migration
		Reason:Running plugin com.apple.locationd.migrator (CoreLocationMigrator.migrator)
		Migration Elapsed:01:22 seconds

[2026-09-22 02:35:10 +0000] Status=2, isTerminal=NO, Elapsed=01:28.
	Waiting on Data Migration
		Reason:Running plugin com.apple.locationd.migrator (CoreLocationMigrator.migrator)
		Migration Elapsed:01:23 seconds

[2026-09-22 02:35:11 +0000] Status=2, isTerminal=NO, Elapsed=01:29.
	Waiting on Data Migration
		Reason:Running plugin com.apple.locationd.migrator (CoreLocationMigrator.migrator)
		Migration Elapsed:01:24 seconds

[2026-09-22 02:35:12 +0000] Status=2, isTerminal=NO, Elapsed=01:30.
	Waiting on Data Migration
		Reason:Running plugin com.apple.locationd.migrator (CoreLocationMigrator.migrator)
		Migration Elapsed:01:25 seconds

[2026-09-22 02:35:13 +0000] Status=2, isTerminal=NO, Elapsed=01:31.
	Waiting on Data Migration
		Reason:Running plugin com.apple.locationd.migrator (CoreLocationMigrator.migrator)
		Migration Elapsed:01:26 seconds

[2026-09-22 02:35:14 +0000] Status=2, isTerminal=NO, Elapsed=01:32.
	Waiting on Data Migration
		Reason:Running plugin com.apple.locationd.migrator (CoreLocationMigrator.migrator)
		Migration Elapsed:01:27 seconds

[2026-09-22 02:35:15 +0000] Status=2, isTerminal=NO, Elapsed=01:33.
	Waiting on Data Migration
		Reason:Running plugin com.apple.locationd.migrator (CoreLocationMigrator.migrator)
		Migration Elapsed:01:28 seconds

[2026-09-22 02:35:16 +0000] Status=2, isTerminal=NO, Elapsed=01:34.
	Waiting on Data Migration
		Reason:Running plugin com.apple.locationd.migrator (CoreLocationMigrator.migrator)
		Migration Elapsed:01:29 seconds

[2026-09-22 02:35:17 +0000] Status=2, isTerminal=NO, Elapsed=01:35.
	Waiting on Data Migration
		Reason:Running plugin com.apple.locationd.migrator (CoreLocationMigrator.migrator)
		Migration Elapsed:01:30 seconds

[2026-09-22 02:35:18 +0000] Status=2, isTerminal=NO, Elapsed=01:36.
	Waiting on Data Migration
		Reason:Running plugin com.apple.locationd.migrator (CoreLocationMigrator.migrator)
		Migration Elapsed:01:31 seconds

[2026-09-22 02:35:19 +0000] Status=2, isTerminal=NO, Elapsed=01:37.
	Waiting on Data Migration
		Reason:Running plugin com.apple.locationd.migrator (CoreLocationMigrator.migrator)
		Migration Elapsed:01:32 seconds

[2026-09-22 02:35:20 +0000] Status=2, isTerminal=NO, Elapsed=01:38.
	Waiting on Data Migration
		Reason:Running plugin com.apple.locationd.migrator (CoreLocationMigrator.migrator)
		Migration Elapsed:01:33 seconds

[2026-09-22 02:35:21 +0000] Status=2, isTerminal=NO, Elapsed=01:39.
	Waiting on Data Migration
		Reason:Running plugin com.apple.locationd.migrator (CoreLocationMigrator.migrator)
		Migration Elapsed:01:34 seconds

[2026-09-22 02:35:22 +0000] Status=2, isTerminal=NO, Elapsed=01:40.
	Waiting on Data Migration
		Reason:Running plugin com.apple.locationd.migrator (CoreLocationMigrator.migrator)
		Migration Elapsed:01:35 seconds

[2026-09-22 02:35:23 +0000] Status=2, isTerminal=NO, Elapsed=01:41.
	Waiting on Data Migration
		Reason:Running plugin com.apple.locationd.migrator (CoreLocationMigrator.migrator)
		Migration Elapsed:01:36 seconds

[2026-09-22 02:35:24 +0000] Status=2, isTerminal=NO, Elapsed=01:42.
	Waiting on Data Migration
		Reason:Running plugin com.apple.locationd.migrator (CoreLocationMigrator.migrator)
		Migration Elapsed:01:37 seconds

[2026-09-22 02:35:25 +0000] Status=2, isTerminal=NO, Elapsed=01:43.
	Waiting on Data Migration
		Reason:Running plugin com.apple.locationd.migrator (CoreLocationMigrator.migrator)
		Migration Elapsed:01:38 seconds

[2026-09-22 02:35:26 +0000] Status=2, isTerminal=NO, Elapsed=01:44.
	Waiting on Data Migration
		Reason:Running plugin com.apple.locationd.migrator (CoreLocationMigrator.migrator)
		Migration Elapsed:01:39 seconds

[2026-09-22 02:35:27 +0000] Status=2, isTerminal=NO, Elapsed=01:45.
	Waiting on Data Migration
		Reason:Running plugin com.apple.locationd.migrator (CoreLocationMigrator.migrator)
		Migration Elapsed:01:40 seconds

[2026-09-22 02:35:28 +0000] Status=2, isTerminal=NO, Elapsed=01:46.
	Waiting on Data Migration
		Reason:Running plugin com.apple.locationd.migrator (CoreLocationMigrator.migrator)
		Migration Elapsed:01:41 seconds

[2026-09-22 02:35:29 +0000] Status=2, isTerminal=NO, Elapsed=01:47.
	Waiting on Data Migration
		Reason:Running plugin com.apple.locationd.migrator (CoreLocationMigrator.migrator)
		Migration Elapsed:01:42 seconds

[2026-09-22 02:35:30 +0000] Status=2, isTerminal=NO, Elapsed=01:48.
	Waiting on Data Migration
		Reason:Running plugin com.apple.locationd.migrator (CoreLocationMigrator.migrator)
		Migration Elapsed:01:43 seconds

[2026-09-22 02:35:31 +0000] Status=2, isTerminal=NO, Elapsed=01:49.
	Waiting on Data Migration
		Reason:Running plugin com.apple.locationd.migrator (CoreLocationMigrator.migrator)
		Migration Elapsed:01:44 seconds

[2026-09-22 02:35:32 +0000] Status=2, isTerminal=NO, Elapsed=01:50.
	Waiting on Data Migration
		Reason:Running plugin com.apple.locationd.migrator (CoreLocationMigrator.migrator)
		Migration Elapsed:01:45 seconds

[2026-09-22 02:35:33 +0000] Status=2, isTerminal=NO, Elapsed=01:51.
	Waiting on Data Migration
		Reason:Running plugin com.apple.locationd.migrator (CoreLocationMigrator.migrator)
		Migration Elapsed:01:46 seconds

[2026-09-22 02:35:34 +0000] Status=2, isTerminal=NO, Elapsed=01:52.
	Waiting on Data Migration
		Reason:Running plugin com.apple.locationd.migrator (CoreLocationMigrator.migrator)
		Migration Elapsed:01:47 seconds

[2026-09-22 02:35:35 +0000] Status=2, isTerminal=NO, Elapsed=01:53.
	Waiting on Data Migration
		Reason:Running plugin com.apple.locationd.migrator (CoreLocationMigrator.migrator)
		Migration Elapsed:01:48 seconds

[2026-09-22 02:35:36 +0000] Status=2, isTerminal=NO, Elapsed=01:54.
	Waiting on Data Migration
		Reason:Running plugin com.apple.locationd.migrator (CoreLocationMigrator.migrator)
		Migration Elapsed:01:49 seconds

[2026-09-22 02:35:37 +0000] Status=2, isTerminal=NO, Elapsed=01:55.
	Waiting on Data Migration
		Reason:Running plugin com.apple.locationd.migrator (CoreLocationMigrator.migrator)
		Migration Elapsed:01:50 seconds

[2026-09-22 02:35:38 +0000] Status=2, isTerminal=NO, Elapsed=01:56.
	Waiting on Data Migration
		Reason:Running plugin com.apple.locationd.migrator (CoreLocationMigrator.migrator)
		Migration Elapsed:01:51 seconds

[2026-09-22 02:35:39 +0000] Status=2, isTerminal=NO, Elapsed=01:57.
	Waiting on Data Migration
		Reason:Running plugin com.apple.locationd.migrator (CoreLocationMigrator.migrator)
		Migration Elapsed:01:52 seconds

[2026-09-22 02:35:40 +0000] Status=2, isTerminal=NO, Elapsed=01:58.
	Waiting on Data Migration
		Reason:Running plugin com.apple.locationd.migrator (CoreLocationMigrator.migrator)
		Migration Elapsed:01:53 seconds

[2026-09-22 02:35:41 +0000] Status=2, isTerminal=NO, Elapsed=01:59.
	Waiting on Data Migration
		Reason:Running plugin com.apple.locationd.migrator (CoreLocationMigrator.migrator)
		Migration Elapsed:01:54 seconds

[2026-09-22 02:35:42 +0000] Status=2, isTerminal=NO, Elapsed=02:00.
	Waiting on Data Migration
		Reason:Running plugin com.apple.locationd.migrator (CoreLocationMigrator.migrator)
		Migration Elapsed:01:55 seconds

[2026-09-22 02:35:43 +0000] Status=2, isTerminal=NO, Elapsed=02:01.
	Waiting on Data Migration
		Reason:Running plugin com.apple.locationd.migrator (CoreLocationMigrator.migrator)
		Migration Elapsed:01:56 seconds

[2026-09-22 02:35:44 +0000] Status=2, isTerminal=NO, Elapsed=02:02.
	Waiting on Data Migration
		Reason:Running plugin com.apple.locationd.migrator (CoreLocationMigrator.migrator)
		Migration Elapsed:01:57 seconds

[2026-09-22 02:35:45 +0000] Status=2, isTerminal=NO, Elapsed=02:03.
	Waiting on Data Migration
		Reason:Running plugin com.apple.locationd.migrator (CoreLocationMigrator.migrator)
		Migration Elapsed:01:58 seconds

[2026-09-22 02:35:46 +0000] Status=2, isTerminal=NO, Elapsed=02:04.
	Waiting on Data Migration
		Reason:Running plugin com.apple.locationd.migrator (CoreLocationMigrator.migrator)
		Migration Elapsed:01:59 seconds

[2026-09-22 02:35:47 +0000] Status=2, isTerminal=NO, Elapsed=02:05.
	Waiting on Data Migration
		Reason:Running plugin com.apple.locationd.migrator (CoreLocationMigrator.migrator)
		Migration Elapsed:02:00 seconds

[2026-09-22 02:35:48 +0000] Status=2, isTerminal=NO, Elapsed=02:06.
	Waiting on Data Migration
		Reason:Running plugin com.apple.locationd.migrator (CoreLocationMigrator.migrator)
		Migration Elapsed:02:01 seconds

[2026-09-22 02:35:49 +0000] Status=2, isTerminal=NO, Elapsed=02:07.
	Waiting on Data Migration
		Reason:Running plugin com.apple.locationd.migrator (CoreLocationMigrator.migrator)
		Migration Elapsed:02:02 seconds

[2026-09-22 02:35:50 +0000] Status=2, isTerminal=NO, Elapsed=02:08.
	Waiting on Data Migration
		Reason:Running plugin com.apple.locationd.migrator (CoreLocationMigrator.migrator)
		Migration Elapsed:02:03 seconds

[2026-09-22 02:35:51 +0000] Status=2, isTerminal=NO, Elapsed=02:09.
	Waiting on Data Migration
		Reason:Running plugin com.apple.locationd.migrator (CoreLocationMigrator.migrator)
		Migration Elapsed:02:04 seconds

[2026-09-22 02:35:52 +0000] Status=2, isTerminal=NO, Elapsed=02:10.
	Waiting on Data Migration
		Reason:Running plugin com.apple.locationd.migrator (CoreLocationMigrator.migrator)
		Migration Elapsed:02:05 seconds

[2026-09-22 02:35:53 +0000] Status=2, isTerminal=NO, Elapsed=02:11.
	Waiting on Data Migration
		Reason:Running plugin com.apple.locationd.migrator (CoreLocationMigrator.migrator)
		Migration Elapsed:02:06 seconds

[2026-09-22 02:35:54 +0000] Status=2, isTerminal=NO, Elapsed=02:12.
	Waiting on Data Migration
		Reason:Running plugin com.apple.locationd.migrator (CoreLocationMigrator.migrator)
		Migration Elapsed:02:07 seconds

[2026-09-22 02:35:55 +0000] Status=2, isTerminal=NO, Elapsed=02:13.
	Waiting on Data Migration
		Reason:Running plugin com.apple.locationd.migrator (CoreLocationMigrator.migrator)
		Migration Elapsed:02:08 seconds

[2026-09-22 02:35:56 +0000] Status=2, isTerminal=NO, Elapsed=02:14.
	Waiting on Data Migration
		Reason:Running plugin com.apple.locationd.migrator (CoreLocationMigrator.migrator)
		Migration Elapsed:02:09 seconds

[2026-09-22 02:35:57 +0000] Status=2, isTerminal=NO, Elapsed=02:15.
	Waiting on Data Migration
		Reason:Running plugin com.apple.locationd.migrator (CoreLocationMigrator.migrator)
		Migration Elapsed:02:10 seconds

[2026-09-22 02:35:58 +0000] Status=2, isTerminal=NO, Elapsed=02:16.
	Waiting on Data Migration
		Reason:Running plugin com.apple.locationd.migrator (CoreLocationMigrator.migrator)
		Migration Elapsed:02:11 seconds

[2026-09-22 02:35:59 +0000] Status=2, isTerminal=NO, Elapsed=02:17.
	Waiting on Data Migration
		Reason:Running plugin com.apple.locationd.migrator (CoreLocationMigrator.migrator)
		Migration Elapsed:02:12 seconds

[2026-09-22 02:36:00 +0000] Status=2, isTerminal=NO, Elapsed=02:18.
	Waiting on Data Migration
		Reason:Running plugin com.apple.locationd.migrator (CoreLocationMigrator.migrator)
		Migration Elapsed:02:13 seconds

[2026-09-22 02:36:01 +0000] Status=2, isTerminal=NO, Elapsed=02:19.
	Waiting on Data Migration
		Reason:Running plugin com.apple.locationd.migrator (CoreLocationMigrator.migrator)
		Migration Elapsed:02:14 seconds

[2026-09-22 02:36:02 +0000] Status=2, isTerminal=NO, Elapsed=02:20.
	Waiting on Data Migration
		Reason:Running plugin com.apple.locationd.migrator (CoreLocationMigrator.migrator)
		Migration Elapsed:02:15 seconds

[2026-09-22 02:36:03 +0000] Status=2, isTerminal=NO, Elapsed=02:21.
	Waiting on Data Migration
		Reason:Running plugin com.apple.locationd.migrator (CoreLocationMigrator.migrator)
		Migration Elapsed:02:16 seconds

[2026-09-22 02:36:04 +0000] Status=2, isTerminal=NO, Elapsed=02:22.
	Waiting on Data Migration
		Reason:Running plugin com.apple.locationd.migrator (CoreLocationMigrator.migrator)
		Migration Elapsed:02:17 seconds

[2026-09-22 02:36:05 +0000] Status=2, isTerminal=NO, Elapsed=02:23.
	Waiting on Data Migration
		Reason:Running plugin com.apple.locationd.migrator (CoreLocationMigrator.migrator)
		Migration Elapsed:02:18 seconds

[2026-09-22 02:36:06 +0000] Status=2, isTerminal=NO, Elapsed=02:24.
	Waiting on Data Migration
		Reason:Running plugin com.apple.locationd.migrator (CoreLocationMigrator.migrator)
		Migration Elapsed:02:19 seconds

[2026-09-22 02:36:07 +0000] Status=2, isTerminal=NO, Elapsed=02:25.
	Waiting on Data Migration
		Reason:Running plugin com.apple.locationd.migrator (CoreLocationMigrator.migrator)
		Migration Elapsed:02:20 seconds

[2026-09-22 02:36:08 +0000] Status=2, isTerminal=NO, Elapsed=02:26.
	Waiting on Data Migration
		Reason:Running plugin com.apple.locationd.migrator (CoreLocationMigrator.migrator)
		Migration Elapsed:02:21 seconds

[2026-09-22 02:36:09 +0000] Status=2, isTerminal=NO, Elapsed=02:27.
	Waiting on Data Migration
		Reason:Running plugin com.apple.locationd.migrator (CoreLocationMigrator.migrator)
		Migration Elapsed:02:22 seconds

[2026-09-22 02:36:10 +0000] Status=2, isTerminal=NO, Elapsed=02:28.
	Waiting on Data Migration
		Reason:Running plugin com.apple.locationd.migrator (CoreLocationMigrator.migrator)
		Migration Elapsed:02:23 seconds

[2026-09-22 02:36:11 +0000] Status=2, isTerminal=NO, Elapsed=02:29.
	Waiting on Data Migration
		Reason:Running plugin com.apple.locationd.migrator (CoreLocationMigrator.migrator)
		Migration Elapsed:02:24 seconds

[2026-09-22 02:36:12 +0000] Status=2, isTerminal=NO, Elapsed=02:30.
	Waiting on Data Migration
		Reason:Running plugin com.apple.locationd.migrator (CoreLocationMigrator.migrator)
		Migration Elapsed:02:25 seconds

[2026-09-22 02:36:13 +0000] Status=2, isTerminal=NO, Elapsed=02:31.
	Waiting on Data Migration
		Reason:Running plugin com.apple.locationd.migrator (CoreLocationMigrator.migrator)
		Migration Elapsed:02:26 seconds

[2026-09-22 02:36:15 +0000] Status=2, isTerminal=NO, Elapsed=02:32.
	Waiting on Data Migration
		Reason:Running plugin com.apple.locationd.migrator (CoreLocationMigrator.migrator)
		Migration Elapsed:02:27 seconds

[2026-09-22 02:36:15 +0000] Status=2, isTerminal=NO, Elapsed=02:33.
	Waiting on Data Migration
		Reason:Running plugin com.apple.locationd.migrator (CoreLocationMigrator.migrator)
		Migration Elapsed:02:28 seconds

[2026-09-22 02:36:17 +0000] Status=2, isTerminal=NO, Elapsed=02:34.
	Waiting on Data Migration
		Reason:Running plugin com.apple.CloudTabsMigrator.migrator (CloudTabsMigrator.migrator)
		Migration Elapsed:02:29 seconds

[2026-09-22 02:36:18 +0000] Status=4, isTerminal=NO, Elapsed=02:35.
	Waiting on System App

[2026-09-22 02:36:18 +0000] Status=4, isTerminal=NO, Elapsed=02:36.
	Waiting on System App

[2026-09-22 02:36:20 +0000] Status=4, isTerminal=NO, Elapsed=02:37.
	Waiting on System App

[2026-09-22 02:36:22 +0000] Status=4, isTerminal=NO, Elapsed=02:39.
	Waiting on System App

[2026-09-22 02:36:24 +0000] Status=4294967295, isTerminal=YES, Elapsed=02:42.
	Finished

