TAP version 13
# (node:3330119) ExperimentalWarning: The MockTimers API is an experimental feature and might change at any time
# (Use `node --trace-warnings ...` to show where the warning was created)
# Subtest: identity proof binds signing address, name and decryption key
ok 1 - identity proof binds signing address, name and decryption key
  ---
  duration_ms: 2.169107
  type: 'test'
  ...
# Subtest: vault encrypts private keys; recovery and wrong-password controls
ok 2 - vault encrypts private keys; recovery and wrong-password controls
  ---
  duration_ms: 229.057247
  type: 'test'
  ...
# Subtest: reader decrypts and seeds but cannot become author; unauthorized reader fails
ok 3 - reader decrypts and seeds but cannot become author; unauthorized reader fails
  ---
  duration_ms: 4.973455
  type: 'test'
  ...
# Subtest: ciphertext, manifest, expiry, depth and address negative controls
ok 4 - ciphertext, manifest, expiry, depth and address negative controls
  ---
  duration_ms: 13.913666
  type: 'test'
  ...
# Subtest: encrypted persistent seed takeover, deduplication, pin/quota, disk corruption
ok 5 - encrypted persistent seed takeover, deduplication, pin/quota, disk corruption
  ---
  duration_ms: 43.849874
  type: 'test'
  ...
# Subtest: object-count cap bounds small-object floods, survives restart and preserves pinned content
ok 6 - object-count cap bounds small-object floods, survives restart and preserves pinned content
  ---
  duration_ms: 252.008858
  type: 'test'
  ...
# Subtest: metadata listing does not replace real viewing order in LRU eviction
ok 7 - metadata listing does not replace real viewing order in LRU eviction
  ---
  duration_ms: 55.588442
  type: 'test'
  ...
# Subtest: cached manifest metadata is isolated, invalidated by disk changes, and never bypasses get verification
ok 8 - cached manifest metadata is isolated, invalidated by disk changes, and never bypasses get verification
  ---
  duration_ms: 26.811128
  type: 'test'
  ...
# Subtest: rejected quota decrease preserves existing files and policy; feasible decrease evicts only unpinned content
ok 9 - rejected quota decrease preserves existing files and policy; feasible decrease evicts only unpinned content
  ---
  duration_ms: 160.621747
  type: 'test'
  ...
# Subtest: invalid persisted index fails safely without deleting verified objects
ok 10 - invalid persisted index fails safely without deleting verified objects
  ---
  duration_ms: 24.481299
  type: 'test'
  ...
# Subtest: strict wire fields and every recipient envelope are validated before accepting signatures
ok 11 - strict wire fields and every recipient envelope are validated before accepting signatures
  ---
  duration_ms: 3.467732
  type: 'test'
  ...
# (node:3330156) ExperimentalWarning: SQLite is an experimental feature and might change at any time
# (Use `node --trace-warnings ...` to show where the warning was created)
# (node:3330156) ExperimentalWarning: The MockTimers API is an experimental feature and might change at any time
# Subtest: offline send is encrypted, pinned, idempotent and recovers the same operation after restart
ok 12 - offline send is encrypted, pinned, idempotent and recovers the same operation after restart
  ---
  duration_ms: 350.047519
  type: 'test'
  ...
# Subtest: preparing journal reconciles surviving exact bytes and never regenerates missing content
ok 13 - preparing journal reconciles surviving exact bytes and never regenerates missing content
  ---
  duration_ms: 248.38303
  type: 'test'
  ...
# Subtest: transport rejection after local acceptance stays pending and cannot crash periodic sync
ok 14 - transport rejection after local acceptance stays pending and cannot crash periodic sync
  ---
  duration_ms: 243.224158
  type: 'test'
  ...
# Subtest: per-reader signed delivery/read confirmations survive paging, replay, eviction and restart
ok 15 - per-reader signed delivery/read confirmations survive paging, replay, eviction and restart
  ---
  duration_ms: 2439.324036
  type: 'test'
  ...
# Subtest: public, foreign-author and wrong-reader confirmations cannot advance a durable send
ok 16 - public, foreign-author and wrong-reader confirmations cannot advance a durable send
  ---
  duration_ms: 334.284425
  type: 'test'
  ...
# Subtest: expiry remains visible after payload removal and explicit user pin is preserved
ok 17 - expiry remains visible after payload removal and explicit user pin is preserved
  ---
  duration_ms: 391.855635
  type: 'test'
  ...
# Subtest: corrupted reserved bytes become unavailable without a new signed publication
ok 18 - corrupted reserved bytes become unavailable without a new signed publication
  ---
  duration_ms: 216.700599
  type: 'test'
  ...
# Subtest: blocked incomplete sends retain bounded reservation; blocked group readers do not break viewing
ok 19 - blocked incomplete sends retain bounded reservation; blocked group readers do not break viewing
  ---
  duration_ms: 486.62185
  type: 'test'
  ...
# Subtest: pending count/byte reservations and restored metadata ownership are bounded
ok 20 - pending count/byte reservations and restored metadata ownership are bounded
  ---
  duration_ms: 252.462548
  type: 'test'
  ...
# Subtest: a content-file directory flush error preserves the recorded operation instead of signing a replacement
ok 21 - a content-file directory flush error preserves the recorded operation instead of signing a replacement
  ---
  duration_ms: 213.485391
  type: 'test'
  ...
# Subtest: incoming read confirmation is journalled before its admission evicts the original
ok 22 - incoming read confirmation is journalled before its admission evicts the original
  ---
  duration_ms: 307.124744
  type: 'test'
  ...
# Subtest: read confirmation uses the signed roster when contact learning fails and can be reissued after eviction
ok 23 - read confirmation uses the signed roster when contact learning fails and can be reissued after eviction
  ---
  duration_ms: 250.536207
  type: 'test'
  ...
# Subtest: saved peer connection remains idempotent at capacity without opening another connection
ok 24 - saved peer connection remains idempotent at capacity without opening another connection
  ---
  duration_ms: 181.261615
  type: 'test'
  ...
# Subtest: snapshot crossing expiry during journal persistence keeps state and reservation consistent
ok 25 - snapshot crossing expiry during journal persistence keeps state and reservation consistent
  ---
  duration_ms: 1739.405749
  type: 'test'
  ...
# Subtest: snapshot crossing expiry during journal persistence keeps send and reservation consistent
ok 26 - snapshot crossing expiry during journal persistence keeps send and reservation consistent
  ---
  duration_ms: 1732.992574
  type: 'test'
  ...
# Subtest: snapshot crossing expiry during journal persistence keeps retry and reservation consistent
ok 27 - snapshot crossing expiry during journal persistence keeps retry and reservation consistent
  ---
  duration_ms: 1746.779243
  type: 'test'
  ...
# Subtest: an uncertain SQL completion at write 1 recovers the same outbox operation
ok 28 - an uncertain SQL completion at write 1 recovers the same outbox operation
  ---
  duration_ms: 217.274334
  type: 'test'
  ...
# Subtest: an uncertain SQL completion at write 2 recovers the same outbox operation
ok 29 - an uncertain SQL completion at write 2 recovers the same outbox operation
  ---
  duration_ms: 222.421635
  type: 'test'
  ...
# Subtest: outbox preview preserves full astral characters within its UTF-16 budget
ok 30 - outbox preview preserves full astral characters within its UTF-16 budget
  ---
  duration_ms: 0.291817
  type: 'test'
  ...
# Subtest: collection create, rename, add, remove and delete are immutable local transitions
ok 31 - collection create, rename, add, remove and delete are immutable local transitions
  ---
  duration_ms: 1.902497
  type: 'test'
  ...
# Subtest: collection identity, title and timestamp rules reject ambiguous metadata
ok 32 - collection identity, title and timestamp rules reject ambiguous metadata
  ---
  duration_ms: 1.096085
  type: 'test'
  ...
# Subtest: prototype, accessor, unknown field and sparse-array inputs fail without executing metadata
ok 33 - prototype, accessor, unknown field and sparse-array inputs fail without executing metadata
  ---
  duration_ms: 0.441277
  type: 'test'
  ...
# Subtest: collection ownership cannot be transferred by a command or mixed across identity vaults
ok 34 - collection ownership cannot be transferred by a command or mixed across identity vaults
  ---
  duration_ms: 0.339527
  type: 'test'
  ...
# Subtest: collection and membership quotas reject atomically while allowing idempotent operations
ok 35 - collection and membership quotas reject atomically while allowing idempotent operations
  ---
  duration_ms: 7.620447
  type: 'test'
  ...
# Subtest: recovered collections reject duplicate identifiers, titles, members and excessive total memberships
ok 36 - recovered collections reject duplicate identifiers, titles, members and excessive total memberships
  ---
  duration_ms: 2.519764
  type: 'test'
  ...
# Subtest: content references remain canonical hashes and convey neither reader access nor authorship
ok 37 - content references remain canonical hashes and convey neither reader access nor authorship
  ---
  duration_ms: 8.568916
  type: 'test'
  ...
# Subtest: followed feed selects posts and alerts from followed authors without changing caller order or access
ok 38 - followed feed selects posts and alerts from followed authors without changing caller order or access
  ---
  duration_ms: 0.408546
  type: 'test'
  ...
1..38
# tests 38
# suites 0
# pass 38
# fail 0
# cancelled 0
# skipped 0
# todo 0
# duration_ms 12958.152245
