TAP version 13
# (node:1522561) ExperimentalWarning: SQLite is an experimental feature and might change at any time
# (Use `node --trace-warnings ...` to show where the warning was created)
# Subtest: control expiry rejects replay while the signed authority checkpoint survives
ok 1 - control expiry rejects replay while the signed authority checkpoint survives
  ---
  duration_ms: 49.619697
  type: 'test'
  ...
# Subtest: a reader may seal a creator snapshot for its exact original roster without gaining authority
ok 2 - a reader may seal a creator snapshot for its exact original roster without gaining authority
  ---
  duration_ms: 425.156591
  type: 'test'
  ...
# Subtest: removed readers receive their removal boundary but cannot enumerate future membership or request future snapshots
ok 3 - removed readers receive their removal boundary but cannot enumerate future membership or request future snapshots
  ---
  duration_ms: 775.785207
  type: 'test'
  ...
# Subtest: invitation authorizes bounded public ancestry, never a private snapshot before membership
ok 4 - invitation authorizes bounded public ancestry, never a private snapshot before membership
  ---
  duration_ms: 84.208103
  type: 'test'
  ...
# Subtest: carrier schema keeps malformed proof tails for the transactional verifier while bounding inputs
ok 5 - carrier schema keeps malformed proof tails for the transactional verifier while bounding inputs
  ---
  duration_ms: 324.044736
  type: 'test'
  ...
# Subtest: fork proofs are served together and private snapshots at the fork are not re-encrypted
ok 6 - fork proofs are served together and private snapshots at the fork are not re-encrypted
  ---
  duration_ms: 490.33702
  type: 'test'
  ...
# Subtest: opaque Node relay rejects public, oversized and excessive-lifetime controls before storage and forwarding
ok 7 - opaque Node relay rejects public, oversized and excessive-lifetime controls before storage and forwarding
  ---
  duration_ms: 1405.439939
  type: 'test'
  ...
# Subtest: Node and Go independently seal and reject the same private group-control vectors
ok 8 - Node and Go independently seal and reject the same private group-control vectors
  ---
  duration_ms: 3761.271486
  type: 'test'
  ...
# Subtest: opaque Go relay rejects public, oversized and excessive-lifetime controls before storage and forwarding
ok 9 - opaque Go relay rejects public, oversized and excessive-lifetime controls before storage and forwarding
  ---
  duration_ms: 1342.917492
  type: 'test'
  ...
1..9
# tests 9
# suites 0
# pass 9
# fail 0
# cancelled 0
# skipped 0
# todo 0
# duration_ms 9314.235845
