TAP version 13
# Subtest: Go control requests recover lost responses and revalidate authority on identical retries
ok 1 - Go control requests recover lost responses and revalidate authority on identical retries
  ---
  duration_ms: 12524.961662
  type: 'test'
  ...
# Subtest: Go control publisher reaches isolated Node serial reader through opaque Node relay
ok 2 - Go control publisher reaches isolated Node serial reader through opaque Node relay
  ---
  duration_ms: 9648.301131
  type: 'test'
  ...
1..2
# tests 2
# suites 0
# pass 2
# fail 0
# cancelled 0
# skipped 0
# todo 0
# duration_ms 22538.101089
