TAP version 13
# Subtest: opaque Go relay rejects public, oversized and excessive-lifetime controls before storage and forwarding
not ok 1 - opaque Go relay rejects public, oversized and excessive-lifetime controls before storage and forwarding
  ---
  duration_ms: 564.006765
  type: 'test'
  location: '/home/absint0o/projects/relayloom/tests/native/group-control-envelope.test.ts:1:101'
  failureType: 'testCodeFailure'
  error: |-
    public control crossed the opaque relay
    
    true !== false
    
  code: 'ERR_ASSERTION'
  name: 'AssertionError'
  expected: false
  actual: true
  operator: 'strictEqual'
  stack: |-
    groupControlEnvelope (/home/absint0o/projects/relayloom/tests/fixtures/group-control-envelope.ts:116:14)
    process.processTicksAndRejections (node:internal/process/task_queues:103:5)
    async TestContext.<anonymous> (/home/absint0o/projects/relayloom/tests/native/group-control-envelope.test.ts:7:5)
    async Test.run (node:internal/test_runner/test:1054:7)
    async startSubtestAfterBootstrap (node:internal/test_runner/harness:296:3)
  ...
1..1
# tests 1
# suites 0
# pass 0
# fail 1
# cancelled 0
# skipped 0
# todo 0
# duration_ms 761.461833
