TAP version 13
# Subtest: control store failures still consume the bounded publication budget
ok 1 - control store failures still consume the bounded publication budget
  ---
  duration_ms: 823.385899
  type: 'test'
  ...
# Subtest: control transport failures still consume the bounded publication budget
ok 2 - control transport failures still consume the bounded publication budget
  ---
  duration_ms: 771.867111
  type: 'test'
  ...
# Subtest: network responses obey the producer cache quota without evicting pinned controls
ok 3 - network responses obey the producer cache quota without evicting pinned controls
  ---
  duration_ms: 1298.854514
  type: 'test'
  ...
1..3
# tests 3
# suites 0
# pass 3
# fail 0
# cancelled 0
# skipped 0
# todo 0
# duration_ms 3059.3663
