
Running 110 tests using 1 worker

(node:3260176) Warning: The 'NO_COLOR' env is ignored due to the 'FORCE_COLOR' env being set.
(Use `node --trace-warnings ...` to show where the warning was created)
  ✓    1 [chromium] › tests/browser/application.spec.ts:75:1 › autonomous Liquid Glass UI owns identity and offline outbox, connects through real RTC, receives signed confirmations and survives reload (8.0s)
  ✓    2 [chromium] › tests/browser/application.spec.ts:204:1 › autonomous social actions and safe signed site builder persist and remain viewable after author closes (15.4s)
  ✓    3 [chromium] › tests/browser/application.spec.ts:359:1 › production worker keeps private keys out of replies and recovers an applied send after the UI response is lost (22.5s)
  ✓    4 [chromium] › tests/browser/application.spec.ts:466:1 › a second tab cannot take ownership of a live application profile and an unknown or corrupt profile is never silently reset (4.1s)
  ✓    5 [chromium] › tests/browser/application.spec.ts:523:1 › cached application code and encrypted profile reopen when the static host is unavailable, without installing the PWA (4.0s)
  ✓    6 [chromium] › tests/browser/application.spec.ts:589:1 › corrupted cached worker is rejected offline and recovered only from verified available code (1.3s)
  ✓    7 [chromium] › tests/browser/contact-relay.spec.ts:121:1 › imported contact immediately appears once, survives reload and becomes the first real DM without a duplicate (4.8s)
  ✓    8 [chromium] › tests/browser/contact-relay.spec.ts:208:1 › relay consent through the UI gates a real A to B to C path and does not grant B private reading (34.7s)
  ✓    9 [chromium] › tests/browser/core-fixed-envelope.spec.ts:15:1 › actual browser preserves saved envelope times, verifies Node bytes and refuses expired live admission (161ms)
  ✓   10 [chromium] › tests/browser/foundation.spec.ts:24:1 › Browser owns compatible identities/vaults/bundles: real Node and Go positive and negative controls (2.2s)
  ✓   11 [chromium] › tests/browser/foundation.spec.ts:205:1 › encrypted IndexedDB persists, coordinates two pages, rejects corruption and preserves pins on failed admission (985ms)
  ✓   12 [chromium] › tests/browser/foundation.spec.ts:397:1 › lock during unlock cannot resurrect keys; missing authenticated state is not replaced with empty success (619ms)
  ✓   13 [chromium] › tests/browser/foundation.spec.ts:449:1 › real WebRTC transfers encrypted chunks and an offline author's reader seeds identical bytes to a new reader (9.2s)
  ✓   14 [chromium] › tests/browser/foundation.spec.ts:623:1 › WebRTC rejects a correctly framed corrupt bundle before storage and rejects admission failure without ACK (1.3s)
  ✓   15 [chromium] › tests/browser/foundation.spec.ts:723:1 › identity recovery is compatible and cannot overwrite an existing profile; quota eviction retains pinned objects (412ms)
  ✓   16 [chromium] › tests/browser/foundation.spec.ts:783:1 › browser application bundle/ledger commit is atomic, pending reservations survive eviction pressure and IDB abort preserves prior state (285ms)
  ✓   17 [chromium] › tests/browser/native-transport.spec.ts:51:3 › browser WebRTC to browser WebSocket to real node daemon, reverse transfer and invitation revocation (3.0s)
  ✓   18 [chromium] › tests/browser/native-transport.spec.ts:51:3 › browser WebRTC to browser WebSocket to real native daemon, reverse transfer and invitation revocation (2.7s)
  ✓   19 [chromium] › tests/browser/native-transport.spec.ts:191:1 › private four-medium route WebRTC-WebSocket-TCP-serial, partition/heal and restarted browser seeder with author offline (11.1s)
  ✓   20 [chromium] › tests/browser/native-transport.spec.ts:419:1 › late native ACK cannot leave an orphan retry assembly or close an otherwise healthy WebSocket (4.4s)
  ✓   21 [chromium] › tests/browser/private-values.spec.ts:4:1 › private values larger than the metadata index survive restart without becoming peer inventory (928ms)
  ✓   22 [chromium] › tests/browser/private-values.spec.ts:51:1 › legacy embedded values migrate lazily and encrypted value rows remain outside peer access (997ms)
  ✓   23 [chromium] › tests/browser/private-values.spec.ts:206:1 › bundle and private-value mutations commit together, and corruption cannot silently reset a value (417ms)
  ✓   24 [chromium] › tests/browser/private-values.spec.ts:385:1 › private-value byte and total budgets reject excess without losing committed values (3.9s)
  ✓   25 [chromium] › tests/browser/private-values.spec.ts:443:1 › multiple private values share one commit and a concurrent writer cannot remove a reader's snapshot (295ms)
  ✓   26 [chromium] › tests/browser/relay-policy-race.spec.ts:65:3 › relay policy race during request distinguishes a cancelled local response from an invalid peer frame (743ms)
  ✓   27 [chromium] › tests/browser/relay-policy-race.spec.ts:65:3 › relay policy race during serve distinguishes a cancelled local response from an invalid peer frame (942ms)
  ✓   28 [chromium] › tests/browser/relay-policy-race.spec.ts:65:3 › relay policy race during unrelated-error distinguishes a cancelled local response from an invalid peer frame (793ms)
  ✓   29 [chromium] › tests/browser/routing.spec.ts:13:1 › managed packet-ID cancellation preserves an equal local payload and a foreign packet; absolute deadlines remain on wire (736ms)
  ✓   30 [chromium] › tests/browser/routing.spec.ts:179:1 › automatic A-B-C mesh: consent controls, own sends while paused, partition/heal and restarted reader takeover with author offline (6.9s)
  ✓   31 [chromium] › tests/browser/routing.spec.ts:307:1 › one network owner per profile and concurrent consent/preferences do not resurrect revoked relay (482ms)
  ✓   32 [chromium] › tests/browser/routing.spec.ts:365:1 › fragment scheduling preempts bulk with SOS, gives bulk a fair turn, and cancels relayed bytes without closing own traffic (3.1s)
  ✓   33 [chromium] › tests/browser/routing.spec.ts:571:1 › packet bounds reject expiry, hop loops and tampering; retained flood is bounded (125ms)
  ✓   34 [chromium] › tests/browser/routing.spec.ts:635:1 › low-power defers bulk on a live link, keeps SOS moving and never revives an expired queued packet (1.8s)
  ✓   35 [chromium] › tests/browser/routing.spec.ts:693:1 › browser routing packets cross real native TCP routers; native packet bytes verify in the browser and corruption never forwards (878ms)
  ✓   36 [chromium] › tests/browser/routing.spec.ts:841:1 › opaque packet corruption is rejected by the browser mesh before storage or forwarding, with valid controls on both sides (1.4s)
  ✓   37 [chromium] › tests/browser/routing.spec.ts:926:1 › managed relay revocation cancels an in-flight forwarded packet and keeps an authored SOS on that same open link (2.4s)
  ✓   38 [chromium] › tests/browser/site-contribution-catalog.spec.ts:13:1 › browser contribution intent and signature commit separately, survive reopening and abort signing on lock without publishing (915ms)
  ✓   39 [chromium] › tests/browser/site-contribution-catalog.spec.ts:214:1 › browser catalogue expiry preserves the old result and missing staging is an integrity error (337ms)
  ✓   40 [chromium] › tests/browser/site-contribution-catalog.spec.ts:320:1 › browser rechecks the fixed deadline after policy before signing, with a one-millisecond positive control (352ms)
  ✓   41 [chromium] › tests/browser/site-contribution-catalog.spec.ts:389:1 › browser retains one private encrypted envelope across reopen and cancels a late seal when the identity locks (873ms)
  ✓   42 [chromium] › tests/browser/site-contribution-catalog.spec.ts:549:1 › repeating cancellation of an old proposal preserves a different active preparation (341ms)
  ✓   43 [chromium] › tests/browser/site-contribution-catalog.spec.ts:606:1 › browser queued handoff keeps source and envelope private, supports a second intent and preserves packet identity after expiry (543ms)
  ✓   44 [chromium] › tests/browser/site-contribution-context.spec.ts:13:1 › form inspection uses authenticated browser state and invalidates delayed replies after block, withdrawal, expiry or lock (2.8s)
  ✓   45 [chromium] › tests/browser/site-contribution-copy.spec.ts:12:3 › proposal copy rechecks block and never reports an unavailable envelope as copied (756ms)
  ✓   46 [chromium] › tests/browser/site-contribution-copy.spec.ts:12:3 › proposal copy rechecks withdraw and never reports an unavailable envelope as copied (742ms)
  ✓   47 [chromium] › tests/browser/site-contribution-copy.spec.ts:12:3 › proposal copy rechecks lock and never reports an unavailable envelope as copied (896ms)
  ✓   48 [chromium] › tests/browser/site-contribution-copy.spec.ts:12:3 › proposal copy rechecks lost-copy and never reports an unavailable envelope as copied (765ms)
  ✓   49 [chromium] › tests/browser/site-contribution-dismiss.spec.ts:21:3 › browser local discard reopen preserves atomic private evidence and replay protection (704ms)
  ✓   50 [chromium] › tests/browser/site-contribution-dismiss.spec.ts:21:3 › browser local discard rollback preserves atomic private evidence and replay protection (732ms)
  ✓   51 [chromium] › tests/browser/site-contribution-dismiss.spec.ts:21:3 › browser local discard lost-reply preserves atomic private evidence and replay protection (719ms)
  ✓   52 [chromium] › tests/browser/site-contribution-dismiss.spec.ts:21:3 › browser local discard lock preserves atomic private evidence and replay protection (725ms)
  ✓   53 [chromium] › tests/browser/site-contribution-dismiss.spec.ts:21:3 › browser local discard corruption preserves atomic private evidence and replay protection (552ms)
  ✓   54 [chromium] › tests/browser/site-contribution-dismiss.spec.ts:21:3 › browser local discard concurrent-source preserves atomic private evidence and replay protection (712ms)
  ✓   55 [chromium] › tests/browser/site-contribution-dismiss.spec.ts:21:3 › browser local discard concurrent-dismiss preserves atomic private evidence and replay protection (659ms)
  ✓   56 [chromium] › tests/browser/site-contribution-inbox.spec.ts:12:1 › available form permissions are checked before uninvited browser proposals reserve private inbox capacity (1.6s)
  ✓   57 [chromium] › tests/browser/site-contribution-inbox.spec.ts:141:3 › browser durable proposal inbox reopen-conflict preserves original authority and never fabricates approval (759ms)
  ✓   58 [chromium] › tests/browser/site-contribution-inbox.spec.ts:141:3 › browser durable proposal inbox lock-source preserves original authority and never fabricates approval (687ms)
  ✓   59 [chromium] › tests/browser/site-contribution-inbox.spec.ts:141:3 › browser durable proposal inbox corruption-expiry preserves original authority and never fabricates approval (599ms)
  ✓   60 [chromium] › tests/browser/site-contribution-inbox.spec.ts:367:3 › browser receipt journal dismiss keeps exact historical intent and never signs before its commit (737ms)
  ✓   61 [chromium] › tests/browser/site-contribution-inbox.spec.ts:367:3 › browser receipt journal expire keeps exact historical intent and never signs before its commit (743ms)
  ✓   62 [chromium] › tests/browser/site-contribution-inbox.spec.ts:367:3 › browser receipt journal lost-reply keeps exact historical intent and never signs before its commit (745ms)
  ✓   63 [chromium] › tests/browser/site-contribution-inbox.spec.ts:367:3 › browser receipt journal lock-sign keeps exact historical intent and never signs before its commit (672ms)
  ✓   64 [chromium] › tests/browser/site-contribution-inbox.spec.ts:367:3 › browser receipt journal lock-seal keeps exact historical intent and never signs before its commit (713ms)
  ✓   65 [chromium] › tests/browser/site-contribution-inbox.spec.ts:367:3 › browser receipt journal corrupt-receipt keeps exact historical intent and never signs before its commit (589ms)
  ✓   66 [chromium] › tests/browser/site-contribution-inbox.spec.ts:596:1 › expiry of 129 actual signed receipts stays below the private transaction key cap and survives interruption between cleanup batches (11.2s)
  ✓   67 [chromium] › tests/browser/site-contribution-receipt-runtime.spec.ts:21:3 › browser receipt admission cached preserves authority and original private queue facts (632ms)
  ✓   68 [chromium] › tests/browser/site-contribution-receipt-runtime.spec.ts:21:3 › browser receipt admission cancelled preserves authority and original private queue facts (639ms)
  ✓   69 [chromium] › tests/browser/site-contribution-receipt-runtime.spec.ts:21:3 › browser receipt admission expired preserves authority and original private queue facts (632ms)
  ✓   70 [chromium] › tests/browser/site-contribution-receipt-runtime.spec.ts:21:3 › browser receipt admission blocked preserves authority and original private queue facts (666ms)
  ✓   71 [chromium] › tests/browser/site-contribution-receipt-runtime.spec.ts:21:3 › browser receipt admission lock-receive preserves authority and original private queue facts (772ms)
  ✓   72 [chromium] › tests/browser/site-contribution-receipt-runtime.spec.ts:21:3 › browser receipt admission wrong-reference preserves authority and original private queue facts (574ms)
  ✓   73 [chromium] › tests/browser/site-contribution-receipt-runtime.spec.ts:21:3 › browser receipt admission not-copied preserves authority and original private queue facts (527ms)
  ✓   74 [chromium] › tests/browser/site-contribution-receipt-runtime.spec.ts:21:3 › browser receipt admission same-error-text preserves authority and original private queue facts (549ms)
  ✓   75 [chromium] › tests/browser/site-contribution-receipt-runtime.spec.ts:281:1 › owner receipt retries rotate a bounded batch without re-signing or dropping a pending ninth proposal (2.9s)
  ✓   76 [chromium] › tests/browser/site-contribution-receipt-runtime.spec.ts:364:3 › owner receipt authority unchanged-retry handles a retained policy reply without reviving revocation (617ms)
  ✓   77 [chromium] › tests/browser/site-contribution-receipt-runtime.spec.ts:364:3 › owner receipt authority block-and-reallow handles a retained policy reply without reviving revocation (654ms)
  ✓   78 [chromium] › tests/browser/site-contribution-receipt-runtime.spec.ts:364:3 › owner receipt authority close handles a retained policy reply without reviving revocation (625ms)
  ✓   79 [chromium] › tests/browser/site-contribution-receipt.spec.ts:53:1 › actual browser and Node authenticate owner receipts with exact private readers, original references and corruption controls (163ms)
  ✓   80 [chromium] › tests/browser/site-contribution-send.spec.ts:22:3 › browser source held only in a private proposal queue recover with both relays paused (1.7s)
  ✓   81 [chromium] › tests/browser/site-contribution-send.spec.ts:22:3 › browser source held only in a private proposal queue cancel-retained-reply with both relays paused (1.8s)
  ✓   82 [chromium] › tests/browser/site-contribution-send.spec.ts:22:3 › browser source held only in a private proposal queue cancel-before-admission with both relays paused (1.7s)
  ✓   83 [chromium] › tests/browser/site-contribution-send.spec.ts:22:3 › browser source held only in a private proposal queue cancel-queued with both relays paused (1.8s)
  ✓   84 [chromium] › tests/browser/site-contribution-send.spec.ts:396:5 › private form proposals web-to-native cross RTC and WebSocket with node and an intermediary without a reading key (2.8s)
  ✓   85 [chromium] › tests/browser/site-contribution-send.spec.ts:396:5 › private form proposals native-to-web cross RTC and WebSocket with node and an intermediary without a reading key (3.9s)
  ✓   86 [chromium] › tests/browser/site-contribution-send.spec.ts:396:5 › private form proposals web-to-native cross RTC and WebSocket with native and an intermediary without a reading key (3.4s)
  ✓   87 [chromium] › tests/browser/site-contribution-send.spec.ts:396:5 › private form proposals native-to-web cross RTC and WebSocket with native and an intermediary without a reading key (3.6s)
  ✓   88 [chromium] › tests/browser/site-contribution-send.spec.ts:623:1 › two autonomous browser accounts send a private form proposal through real RTC while the sender relay is paused (1.8s)
  ✓   89 [chromium] › tests/browser/site-contribution-send.spec.ts:792:1 › browser reception journals the original source before review and survives actual cache eviction with the RTC sender closed (1.5s)
  ✓   90 [chromium] › tests/browser/site-contribution-send.spec.ts:937:1 › an authenticated receipt for retired or absent local history is ignored without closing the real RTC channel (893ms)
  ✓   91 [chromium] › tests/browser/site-contribution-serve-race.spec.ts:13:3 › in-flight proposal authorization cannot survive cancel while its policy read is retained (569ms)
  ✓   92 [chromium] › tests/browser/site-contribution-serve-race.spec.ts:13:3 › in-flight proposal authorization cannot survive expire while its policy read is retained (558ms)
  ✓   93 [chromium] › tests/browser/site-contribution-serve-race.spec.ts:13:3 › in-flight proposal authorization cannot survive close while its policy read is retained (551ms)
  ✓   94 [chromium] › tests/browser/site-contribution-serve-race.spec.ts:148:5 › durable retry without changes preserves an in-flight proposal read (611ms)
  ✓   95 [chromium] › tests/browser/site-contribution-serve-race.spec.ts:148:5 › durable retry after revocation refuses an in-flight proposal read (624ms)
  ✓   96 [chromium] › tests/browser/site-contribution-serve-race.spec.ts:148:5 › durable retry without changes preserves an in-flight source read (656ms)
  ✓   97 [chromium] › tests/browser/site-contribution-serve-race.spec.ts:148:5 › durable retry after revocation refuses an in-flight source read (646ms)
  ✓   98 [chromium] › tests/browser/site-contribution-worker.spec.ts:53:1 › production worker describes an authenticated form after UI setup and unlock without exposing keys or accepting caller authority (1.3s)
  ✓   99 [chromium] › tests/browser/site-contribution-worker.spec.ts:160:1 › production workers recover queued proposals offline and send through the UI-established RTC link without reviving cancellation (10.5s)
  ✓  100 [chromium] › tests/browser/site-contribution.spec.ts:50:1 › browser visitor certificates interoperate with Node and Go while encrypted proposals and publication consent remain separate (677ms)
  ✓  101 [chromium] › tests/browser/site-network.spec.ts:172:5 › version 1 sites cross RTC, WebSocket and TCP through node, heal a partition and survive with only a restarted reader (5.4s)
  ✓  102 [chromium] › tests/browser/site-network.spec.ts:172:5 › version 1 sites cross RTC, WebSocket and TCP through native, heal a partition and survive with only a restarted reader (5.3s)
  ✓  103 [chromium] › tests/browser/site-network.spec.ts:172:5 › version 2 sites cross RTC, WebSocket and TCP through node, heal a partition and survive with only a restarted reader (5.4s)
  ✓  104 [chromium] › tests/browser/site-network.spec.ts:172:5 › version 2 sites cross RTC, WebSocket and TCP through native, heal a partition and survive with only a restarted reader (5.6s)
  ✓  105 [chromium] › tests/browser/site-resource-catalog.spec.ts:11:1 › browser resource creation keeps its signature private until durable preparation, reopens and recovers one exact result (421ms)
  ✓  106 [chromium] › tests/browser/site-resource-catalog.spec.ts:116:1 › locking during resource signing aborts the private transaction and invalidates its old catalogue (384ms)
  ✓  107 [chromium] › tests/browser/site-resource-network.spec.ts:97:1 › browser resource admission rejects readable malformed bodies, preserves opaque seeding and keeps summaries distinct from full data (957ms)
  ✓  108 [chromium] › tests/browser/site-resource-network.spec.ts:221:3 › optional data crosses RTC and WS through node only on request and a restarted browser seeds it after author shutdown (17.5s)
  ✓  109 [chromium] › tests/browser/site-resource-network.spec.ts:221:3 › optional data crosses RTC and WS through native only on request and a restarted browser seeds it after author shutdown (17.2s)
  ✓  110 [chromium] › tests/browser/site-worker.spec.ts:26:1 › production worker publishes and recovers exact site requests, refuses forged snapshots and does not export signing helpers (1.4s)

  110 passed (5.1m)
