TAP version 13
# Subtest: Go A → Node B → Go C: isolated real sockets, encrypted messages/receipts, partition, restart and publisher-offline seeding
ok 1 - Go A → Node B → Go C: isolated real sockets, encrypted messages/receipts, partition, restart and publisher-offline seeding
  ---
  duration_ms: 9647.137852
  type: 'test'
  ...
# Subtest: Go A → Node B → Node C over TCP and serial PTYs preserves bytes, receipts and partition recovery
ok 2 - Go A → Node B → Node C over TCP and serial PTYs preserves bytes, receipts and partition recovery
  ---
  duration_ms: 4623.862336
  type: 'test'
  ...
# Subtest: node refuses public or forged proposals before storage and withholds unauthorized candidates
ok 3 - node refuses public or forged proposals before storage and withholds unauthorized candidates
  ---
  duration_ms: 1318.200466
  type: 'test'
  ...
# Subtest: native refuses public or forged proposals before storage and withholds unauthorized candidates
ok 4 - native refuses public or forged proposals before storage and withholds unauthorized candidates
  ---
  duration_ms: 870.138285
  type: 'test'
  ...
# Subtest: node unauthorized proposals for an available form cannot fill the private inbox ahead of an allowed contributor
ok 5 - node unauthorized proposals for an available form cannot fill the private inbox ahead of an allowed contributor
  ---
  duration_ms: 9573.001237
  type: 'test'
  ...
# Subtest: native unauthorized proposals for an available form cannot fill the private inbox ahead of an allowed contributor
ok 6 - native unauthorized proposals for an available form cannot fill the private inbox ahead of an allowed contributor
  ---
  duration_ms: 8774.438605
  type: 'test'
  ...
# (node:3229655) ExperimentalWarning: SQLite is an experimental feature and might change at any time
# (Use `node --trace-warnings ...` to show where the warning was created)
# Subtest: node prepares without signing; the other runtime resumes the same private intent and certificate
ok 7 - node prepares without signing; the other runtime resumes the same private intent and certificate
  ---
  duration_ms: 5440.685431
  type: 'test'
  ...
# Subtest: go prepares without signing; the other runtime resumes the same private intent and certificate
ok 8 - go prepares without signing; the other runtime resumes the same private intent and certificate
  ---
  duration_ms: 4468.743115
  type: 'test'
  ...
# Subtest: real Go process exit before-intent-commit leaves exactly the committed state for Node recovery
ok 9 - real Go process exit before-intent-commit leaves exactly the committed state for Node recovery
  ---
  duration_ms: 1186.283021
  type: 'test'
  ...
# Subtest: real Go process exit after-intent leaves exactly the committed state for Node recovery
ok 10 - real Go process exit after-intent leaves exactly the committed state for Node recovery
  ---
  duration_ms: 1183.025443
  type: 'test'
  ...
# Subtest: real Go process exit before-signature-commit leaves exactly the committed state for Node recovery
ok 11 - real Go process exit before-signature-commit leaves exactly the committed state for Node recovery
  ---
  duration_ms: 1258.960158
  type: 'test'
  ...
# Subtest: real Go process exit after-signature leaves exactly the committed state for Node recovery
ok 12 - real Go process exit after-signature leaves exactly the committed state for Node recovery
  ---
  duration_ms: 1208.946688
  type: 'test'
  ...
# Subtest: Go catalogue honors expiry without renewing, rejects another request and preserves a new monotonic sequence
ok 13 - Go catalogue honors expiry without renewing, rejects another request and preserves a new monotonic sequence
  ---
  duration_ms: 4345.606531
  type: 'test'
  ...
# Subtest: Go refuses authenticated-but-inconsistent stage without replacing the preparation
ok 14 - Go refuses authenticated-but-inconsistent stage without replacing the preparation
  ---
  duration_ms: 1071.593281
  type: 'test'
  ...
# Subtest: Go refuses authenticated-but-inconsistent record without replacing the preparation
ok 15 - Go refuses authenticated-but-inconsistent record without replacing the preparation
  ---
  duration_ms: 1071.594684
  type: 'test'
  ...
# Subtest: Go quota refusal leaves no proposal counter/stage and allows the original smaller request
ok 16 - Go quota refusal leaves no proposal counter/stage and allows the original smaller request
  ---
  duration_ms: 1741.192897
  type: 'test'
  ...
# Subtest: Go policy clock boundary -1ms rechecks the actual proposal handle
ok 17 - Go policy clock boundary -1ms rechecks the actual proposal handle
  ---
  duration_ms: 1135.752351
  type: 'test'
  ...
# Subtest: Go policy clock boundary 0ms rechecks the actual proposal handle
ok 18 - Go policy clock boundary 0ms rechecks the actual proposal handle
  ---
  duration_ms: 1101.533129
  type: 'test'
  ...
# Subtest: node seals a private envelope once and the other engine recovers its exact bytes and fixed deadline
ok 19 - node seals a private envelope once and the other engine recovers its exact bytes and fixed deadline
  ---
  duration_ms: 2355.493484
  type: 'test'
  ...
# Subtest: go seals a private envelope once and the other engine recovers its exact bytes and fixed deadline
ok 20 - go seals a private envelope once and the other engine recovers its exact bytes and fixed deadline
  ---
  duration_ms: 3504.140217
  type: 'test'
  ...
# Subtest: Go abrupt exit before-envelope-commit preserves only a committed encrypted envelope
ok 21 - Go abrupt exit before-envelope-commit preserves only a committed encrypted envelope
  ---
  duration_ms: 1288.937967
  type: 'test'
  ...
# Subtest: Go abrupt exit after-envelope preserves only a committed encrypted envelope
ok 22 - Go abrupt exit after-envelope preserves only a committed encrypted envelope
  ---
  duration_ms: 1270.32908
  type: 'test'
  ...
# Subtest: both catalogues reject a corrupted retained envelope without falling back to a fresh nonce
ok 23 - both catalogues reject a corrupted retained envelope without falling back to a fresh nonce
  ---
  duration_ms: 1150.313408
  type: 'test'
  ...
# Subtest: a Node sealer waits on the real Go writer transaction and recovers the envelope committed by that writer
ok 24 - a Node sealer waits on the real Go writer transaction and recovers the envelope committed by that writer
  ---
  duration_ms: 1407.119862
  type: 'test'
  ...
# Subtest: repeated Go cancellation of an old operation cannot remove the current preparation
ok 25 - repeated Go cancellation of an old operation cannot remove the current preparation
  ---
  duration_ms: 1199.429816
  type: 'test'
  ...
# Subtest: node queues before public copying, recovers bytes and frees only its own preparation slot
ok 26 - node queues before public copying, recovers bytes and frees only its own preparation slot
  ---
  duration_ms: 3521.47195
  type: 'test'
  ...
# Subtest: go queues before public copying, recovers bytes and frees only its own preparation slot
ok 27 - go queues before public copying, recovers bytes and frees only its own preparation slot
  ---
  duration_ms: 4565.345565
  type: 'test'
  ...
# Subtest: Go exit before-queue-commit retains either the signed stage or its durable queued replacement
ok 28 - Go exit before-queue-commit retains either the signed stage or its durable queued replacement
  ---
  duration_ms: 214.88767
  type: 'test'
  ...
# Subtest: Go exit after-queue retains either the signed stage or its durable queued replacement
ok 29 - Go exit after-queue retains either the signed stage or its durable queued replacement
  ---
  duration_ms: 199.415484
  type: 'test'
  ...
# Subtest: node admits historical owner receipt from queued, removes only the original payload and preserves a new preparation
ok 30 - node admits historical owner receipt from queued, removes only the original payload and preserves a new preparation
  ---
  duration_ms: 1229.993003
  type: 'test'
  ...
# Subtest: node admits historical owner receipt from cancelled, removes only the original payload and preserves a new preparation
ok 31 - node admits historical owner receipt from cancelled, removes only the original payload and preserves a new preparation
  ---
  duration_ms: 1219.789525
  type: 'test'
  ...
# Subtest: node admits historical owner receipt from expired, removes only the original payload and preserves a new preparation
ok 32 - node admits historical owner receipt from expired, removes only the original payload and preserves a new preparation
  ---
  duration_ms: 1239.79532
  type: 'test'
  ...
# Subtest: go admits historical owner receipt from queued, removes only the original payload and preserves a new preparation
ok 33 - go admits historical owner receipt from queued, removes only the original payload and preserves a new preparation
  ---
  duration_ms: 2378.774008
  type: 'test'
  ...
# Subtest: go admits historical owner receipt from cancelled, removes only the original payload and preserves a new preparation
ok 34 - go admits historical owner receipt from cancelled, removes only the original payload and preserves a new preparation
  ---
  duration_ms: 2281.641584
  type: 'test'
  ...
# Subtest: go admits historical owner receipt from expired, removes only the original payload and preserves a new preparation
ok 35 - go admits historical owner receipt from expired, removes only the original payload and preserves a new preparation
  ---
  duration_ms: 2290.238321
  type: 'test'
  ...
# Subtest: Go before-receipt-commit leaves receipt and payload on the same side of the transaction boundary
ok 36 - Go before-receipt-commit leaves receipt and payload on the same side of the transaction boundary
  ---
  duration_ms: 215.942106
  type: 'test'
  ...
# Subtest: Go after-receipt leaves receipt and payload on the same side of the transaction boundary
ok 37 - Go after-receipt leaves receipt and payload on the same side of the transaction boundary
  ---
  duration_ms: 197.693175
  type: 'test'
  ...
# Subtest: uncopied or cross-reference receipts cannot release an authorised private proposal
ok 38 - uncopied or cross-reference receipts cannot release an authorised private proposal
  ---
  duration_ms: 2226.051591
  type: 'test'
  ...
# Subtest: Node before-receipt-commit preserves the receipt/payload boundary when reopened by Go
ok 39 - Node before-receipt-commit preserves the receipt/payload boundary when reopened by Go
  ---
  duration_ms: 2449.98697
  type: 'test'
  ...
# Subtest: Node after-receipt preserves the receipt/payload boundary when reopened by Go
ok 40 - Node after-receipt preserves the receipt/payload boundary when reopened by Go
  ---
  duration_ms: 2448.510964
  type: 'test'
  ...
# Subtest: concurrent Go and Node receipt receivers consume one private payload and agree on the retained first fact
ok 41 - concurrent Go and Node receipt receivers consume one private payload and agree on the retained first fact
  ---
  duration_ms: 1551.522533
  type: 'test'
  ...
# Subtest: node form lookup derives permissions from real snapshots across process transfer, private access and restarted seeder takeover
ok 42 - node form lookup derives permissions from real snapshots across process transfer, private access and restarted seeder takeover
  ---
  duration_ms: 4388.053136
  type: 'test'
  ...
# Subtest: native form lookup derives permissions from real snapshots across process transfer, private access and restarted seeder takeover
ok 43 - native form lookup derives permissions from real snapshots across process transfer, private access and restarted seeder takeover
  ---
  duration_ms: 4010.418195
  type: 'test'
  ...
# Subtest: node owner discards a blocked verified proposal across TCP/restart/replay with a positive channel control
ok 44 - node owner discards a blocked verified proposal across TCP/restart/replay with a positive channel control
  ---
  duration_ms: 1694.084254
  type: 'test'
  ...
# Subtest: node owner discards a blocked missing-source proposal across TCP/restart/replay with a positive channel control
ok 45 - node owner discards a blocked missing-source proposal across TCP/restart/replay with a positive channel control
  ---
  duration_ms: 1952.239565
  type: 'test'
  ...
# Subtest: native owner discards a blocked verified proposal across TCP/restart/replay with a positive channel control
ok 46 - native owner discards a blocked verified proposal across TCP/restart/replay with a positive channel control
  ---
  duration_ms: 1012.436801
  type: 'test'
  ...
# Subtest: native owner discards a blocked missing-source proposal across TCP/restart/replay with a positive channel control
ok 47 - native owner discards a blocked missing-source proposal across TCP/restart/replay with a positive channel control
  ---
  duration_ms: 1034.038488
  type: 'test'
  ...
# Subtest: node journals a received proposal before inbox is opened and retains its source after cache-file loss and sender exit
ok 48 - node journals a received proposal before inbox is opened and retains its source after cache-file loss and sender exit
  ---
  duration_ms: 1328.441694
  type: 'test'
  ...
# Subtest: native journals a received proposal before inbox is opened and retains its source after cache-file loss and sender exit
ok 49 - native journals a received proposal before inbox is opened and retains its source after cache-file loss and sender exit
  ---
  duration_ms: 955.771141
  type: 'test'
  ...
# Subtest: node keeps an out-of-order proposal unverified until the actual authenticated source reaches the owner
ok 50 - node keeps an out-of-order proposal unverified until the actual authenticated source reaches the owner
  ---
  duration_ms: 2670.076542
  type: 'test'
  ...
# Subtest: native keeps an out-of-order proposal unverified until the actual authenticated source reaches the owner
ok 51 - native keeps an out-of-order proposal unverified until the actual authenticated source reaches the owner
  ---
  duration_ms: 2714.655985
  type: 'test'
  ...
# (node:3240189) ExperimentalWarning: SQLite is an experimental feature and might change at any time
# (Use `node --trace-warnings ...` to show where the warning was created)
# Subtest: node inbox persists an original proposal that the other process verifies and reopens with the same encrypted source
ok 52 - node inbox persists an original proposal that the other process verifies and reopens with the same encrypted source
  ---
  duration_ms: 5550.065935
  type: 'test'
  ...
# Subtest: go inbox persists an original proposal that the other process verifies and reopens with the same encrypted source
ok 53 - go inbox persists an original proposal that the other process verifies and reopens with the same encrypted source
  ---
  duration_ms: 5507.136384
  type: 'test'
  ...
# Subtest: Go inbox process exit before-commit during admit preserves the exact committed boundary
ok 54 - Go inbox process exit before-commit during admit preserves the exact committed boundary
  ---
  duration_ms: 2235.702059
  type: 'test'
  ...
# Subtest: Go inbox process exit after-command during admit preserves the exact committed boundary
ok 55 - Go inbox process exit after-command during admit preserves the exact committed boundary
  ---
  duration_ms: 2261.988939
  type: 'test'
  ...
# Subtest: Go inbox process exit before-commit during source preserves the exact committed boundary
ok 56 - Go inbox process exit before-commit during source preserves the exact committed boundary
  ---
  duration_ms: 2312.22608
  type: 'test'
  ...
# Subtest: Go inbox process exit after-command during source preserves the exact committed boundary
ok 57 - Go inbox process exit after-command during source preserves the exact committed boundary
  ---
  duration_ms: 2348.592255
  type: 'test'
  ...
# Subtest: native inbox refuses block/corruption and collects expired proof without erasing replay metadata
ok 58 - native inbox refuses block/corruption and collects expired proof without erasing replay metadata
  ---
  duration_ms: 5401.131035
  type: 'test'
  ...
# Subtest: node discards missing-source proposal durably across encrypted Node/Go reopen
ok 59 - node discards missing-source proposal durably across encrypted Node/Go reopen
  ---
  duration_ms: 8389.796772
  type: 'test'
  ...
# Subtest: node discards verified proposal durably across encrypted Node/Go reopen
ok 60 - node discards verified proposal durably across encrypted Node/Go reopen
  ---
  duration_ms: 8455.792876
  type: 'test'
  ...
# Subtest: go discards missing-source proposal durably across encrypted Node/Go reopen
ok 61 - go discards missing-source proposal durably across encrypted Node/Go reopen
  ---
  duration_ms: 9423.00174
  type: 'test'
  ...
# Subtest: go discards verified proposal durably across encrypted Node/Go reopen
ok 62 - go discards verified proposal durably across encrypted Node/Go reopen
  ---
  duration_ms: 9531.894542
  type: 'test'
  ...
# Subtest: Go discard process exit before-commit cannot separate proof disposal from replay tombstone
ok 63 - Go discard process exit before-commit cannot separate proof disposal from replay tombstone
  ---
  duration_ms: 2260.736491
  type: 'test'
  ...
# Subtest: Go discard process exit after-command cannot separate proof disposal from replay tombstone
ok 64 - Go discard process exit after-command cannot separate proof disposal from replay tombstone
  ---
  duration_ms: 2237.767262
  type: 'test'
  ...
# Subtest: Go dismissal detects corrupt evidence instead of laundering it through cleanup
ok 65 - Go dismissal detects corrupt evidence instead of laundering it through cleanup
  ---
  duration_ms: 1089.979383
  type: 'test'
  ...
# Subtest: Node discard process exit before-commit is recovered by Go without splitting proof and tombstone
ok 66 - Node discard process exit before-commit is recovered by Go without splitting proof and tombstone
  ---
  duration_ms: 2369.379746
  type: 'test'
  ...
# Subtest: Node discard process exit after-command is recovered by Go without splitting proof and tombstone
ok 67 - Node discard process exit after-command is recovered by Go without splitting proof and tombstone
  ---
  duration_ms: 2295.944046
  type: 'test'
  ...
# Subtest: node receipt intent, signature, exact envelope and copy survive cross-runtime reopen after proposal disposal
ok 68 - node receipt intent, signature, exact envelope and copy survive cross-runtime reopen after proposal disposal
  ---
  duration_ms: 9656.266253
  type: 'test'
  ...
# Subtest: go receipt intent, signature, exact envelope and copy survive cross-runtime reopen after proposal disposal
ok 69 - go receipt intent, signature, exact envelope and copy survive cross-runtime reopen after proposal disposal
  ---
  duration_ms: 10743.16387
  type: 'test'
  ...
# Subtest: Go receipt source exit before-commit preserves exactly the committed signing boundary
ok 70 - Go receipt source exit before-commit preserves exactly the committed signing boundary
  ---
  duration_ms: 1234.773641
  type: 'test'
  ...
# Subtest: Go receipt source exit after-command preserves exactly the committed signing boundary
ok 71 - Go receipt source exit after-command preserves exactly the committed signing boundary
  ---
  duration_ms: 1250.461551
  type: 'test'
  ...
# Subtest: Go receipt sign-receipt exit before-commit preserves exactly the committed signing boundary
ok 72 - Go receipt sign-receipt exit before-commit preserves exactly the committed signing boundary
  ---
  duration_ms: 1211.88458
  type: 'test'
  ...
# Subtest: Go receipt sign-receipt exit after-command preserves exactly the committed signing boundary
ok 73 - Go receipt sign-receipt exit after-command preserves exactly the committed signing boundary
  ---
  duration_ms: 1175.936117
  type: 'test'
  ...
# Subtest: Go receipt seal-receipt exit before-commit preserves exactly the committed signing boundary
ok 74 - Go receipt seal-receipt exit before-commit preserves exactly the committed signing boundary
  ---
  duration_ms: 2282.306418
  type: 'test'
  ...
# Subtest: Go receipt seal-receipt exit after-command preserves exactly the committed signing boundary
ok 75 - Go receipt seal-receipt exit after-command preserves exactly the committed signing boundary
  ---
  duration_ms: 2269.981414
  type: 'test'
  ...
# Subtest: Go receipt copy-receipt exit before-commit preserves exactly the committed signing boundary
ok 76 - Go receipt copy-receipt exit before-commit preserves exactly the committed signing boundary
  ---
  duration_ms: 1252.454337
  type: 'test'
  ...
# Subtest: Go receipt copy-receipt exit after-command preserves exactly the committed signing boundary
ok 77 - Go receipt copy-receipt exit after-command preserves exactly the committed signing boundary
  ---
  duration_ms: 1235.329453
  type: 'test'
  ...
# Subtest: Node receipt source exit before-commit is recoverable in the Go catalogue
ok 78 - Node receipt source exit before-commit is recoverable in the Go catalogue
  ---
  duration_ms: 2326.071476
  type: 'test'
  ...
# Subtest: Node receipt source exit after-command is recoverable in the Go catalogue
ok 79 - Node receipt source exit after-command is recoverable in the Go catalogue
  ---
  duration_ms: 2319.143939
  type: 'test'
  ...
# Subtest: Node receipt sign-receipt exit before-commit is recoverable in the Go catalogue
ok 80 - Node receipt sign-receipt exit before-commit is recoverable in the Go catalogue
  ---
  duration_ms: 2307.310334
  type: 'test'
  ...
# Subtest: Node receipt sign-receipt exit after-command is recoverable in the Go catalogue
ok 81 - Node receipt sign-receipt exit after-command is recoverable in the Go catalogue
  ---
  duration_ms: 2287.267459
  type: 'test'
  ...
# Subtest: Node receipt seal-receipt exit before-commit is recoverable in the Go catalogue
ok 82 - Node receipt seal-receipt exit before-commit is recoverable in the Go catalogue
  ---
  duration_ms: 3403.860796
  type: 'test'
  ...
# Subtest: Node receipt seal-receipt exit after-command is recoverable in the Go catalogue
ok 83 - Node receipt seal-receipt exit after-command is recoverable in the Go catalogue
  ---
  duration_ms: 3390.734949
  type: 'test'
  ...
# Subtest: Node receipt copy-receipt exit before-commit is recoverable in the Go catalogue
ok 84 - Node receipt copy-receipt exit before-commit is recoverable in the Go catalogue
  ---
  duration_ms: 2376.228896
  type: 'test'
  ...
# Subtest: Node receipt copy-receipt exit after-command is recoverable in the Go catalogue
ok 85 - Node receipt copy-receipt exit after-command is recoverable in the Go catalogue
  ---
  duration_ms: 2347.871635
  type: 'test'
  ...
# Subtest: tampered owner receipt preparation is rejected across both storage engines
ok 86 - tampered owner receipt preparation is rejected across both storage engines
  ---
  duration_ms: 1116.874494
  type: 'test'
  ...
# Subtest: concurrent Go and Node receipt writers commit one envelope while the losing writer observes the committed bytes
ok 87 - concurrent Go and Node receipt writers commit one envelope while the losing writer observes the committed bytes
  ---
  duration_ms: 2486.725555
  type: 'test'
  ...
# Subtest: node refuses forged, public and cross-reference receipt traffic with positive packets on the same live channel
ok 88 - node refuses forged, public and cross-reference receipt traffic with positive packets on the same live channel
  ---
  duration_ms: 2932.449849
  type: 'test'
  ...
# Subtest: native refuses forged, public and cross-reference receipt traffic with positive packets on the same live channel
ok 89 - native refuses forged, public and cross-reference receipt traffic with positive packets on the same live channel
  ---
  duration_ms: 2605.012508
  type: 'test'
  ...
# Subtest: node visitor receives an owner-signed private receipt from the other engine and never resumes the confirmed proposal after restart
ok 90 - node visitor receives an owner-signed private receipt from the other engine and never resumes the confirmed proposal after restart
  ---
  duration_ms: 2863.653666
  type: 'test'
  ...
# Subtest: native visitor receives an owner-signed private receipt from the other engine and never resumes the confirmed proposal after restart
ok 91 - native visitor receives an owner-signed private receipt from the other engine and never resumes the confirmed proposal after restart
  ---
  duration_ms: 3120.198252
  type: 'test'
  ...
# Subtest: late receipt survives an opaque seeder takeover and records reception without reviving a cancelled visitor proposal
ok 92 - late receipt survives an opaque seeder takeover and records reception without reviving a cancelled visitor proposal
  ---
  duration_ms: 11782.87246
  type: 'test'
  ...
# Subtest: late receipt survives an opaque seeder takeover and records reception without reviving a expired visitor proposal
ok 93 - late receipt survives an opaque seeder takeover and records reception without reviving a expired visitor proposal
  ---
  duration_ms: 23749.104925
  type: 'test'
  ...
# Subtest: node private proposals cross TCP/serial and an opaque seeder takes over after sender exit
ok 94 - node private proposals cross TCP/serial and an opaque seeder takes over after sender exit
  ---
  duration_ms: 5180.338013
  type: 'test'
  ...
# Subtest: native private proposals cross TCP/serial and an opaque seeder takes over after sender exit
ok 95 - native private proposals cross TCP/serial and an opaque seeder takes over after sender exit
  ---
  duration_ms: 4854.711167
  type: 'test'
  ...
# Subtest: node sends a private site proposal over real TCP and the owner resolves its signed form
ok 96 - node sends a private site proposal over real TCP and the owner resolves its signed form
  ---
  duration_ms: 879.788647
  type: 'test'
  ...
# Subtest: native sends a private site proposal over real TCP and the owner resolves its signed form
ok 97 - native sends a private site proposal over real TCP and the owner resolves its signed form
  ---
  duration_ms: 882.878881
  type: 'test'
  ...
# Subtest: node restarts a private proposal queue and heals a partition without renewing its envelope
ok 98 - node restarts a private proposal queue and heals a partition without renewing its envelope
  ---
  duration_ms: 1622.174724
  type: 'test'
  ...
# Subtest: native restarts a private proposal queue and heals a partition without renewing its envelope
ok 99 - native restarts a private proposal queue and heals a partition without renewing its envelope
  ---
  duration_ms: 1496.740882
  type: 'test'
  ...
# Subtest: node proposal source held only in its private queue recovers across real TCP with both relays paused
ok 100 - node proposal source held only in its private queue recovers across real TCP with both relays paused
  ---
  duration_ms: 1658.747538
  type: 'test'
  ...
# Subtest: node proposal source held only in its private queue cancels across real TCP with both relays paused
ok 101 - node proposal source held only in its private queue cancels across real TCP with both relays paused
  ---
  duration_ms: 3246.216869
  type: 'test'
  ...
# Subtest: node proposal source held only in its private queue blocks across real TCP with both relays paused
ok 102 - node proposal source held only in its private queue blocks across real TCP with both relays paused
  ---
  duration_ms: 6732.712923
  type: 'test'
  ...
# Subtest: native proposal source held only in its private queue recovers across real TCP with both relays paused
ok 103 - native proposal source held only in its private queue recovers across real TCP with both relays paused
  ---
  duration_ms: 1455.675838
  type: 'test'
  ...
# Subtest: native proposal source held only in its private queue cancels across real TCP with both relays paused
ok 104 - native proposal source held only in its private queue cancels across real TCP with both relays paused
  ---
  duration_ms: 2996.614608
  type: 'test'
  ...
# Subtest: native proposal source held only in its private queue blocks across real TCP with both relays paused
ok 105 - native proposal source held only in its private queue blocks across real TCP with both relays paused
  ---
  duration_ms: 6590.190354
  type: 'test'
  ...
# (node:3258657) ExperimentalWarning: SQLite is an experimental feature and might change at any time
# (Use `node --trace-warnings ...` to show where the warning was created)
# Subtest: an authenticated outer SQLite database cannot transpose unpublished signatures from site into the resource namespace
ok 106 - an authenticated outer SQLite database cannot transpose unpublished signatures from site into the resource namespace
  ---
  duration_ms: 834.368959
  type: 'test'
  ...
# Subtest: an authenticated outer SQLite database cannot transpose unpublished signatures from resource into the site namespace
ok 107 - an authenticated outer SQLite database cannot transpose unpublished signatures from resource into the site namespace
  ---
  duration_ms: 56.314854
  type: 'test'
  ...
# Subtest: an authenticated outer SQLite database cannot transpose unpublished signatures from site into the contribution namespace
ok 108 - an authenticated outer SQLite database cannot transpose unpublished signatures from site into the contribution namespace
  ---
  duration_ms: 53.239479
  type: 'test'
  ...
# Subtest: an authenticated outer SQLite database cannot transpose unpublished signatures from contribution into the site namespace
ok 109 - an authenticated outer SQLite database cannot transpose unpublished signatures from contribution into the site namespace
  ---
  duration_ms: 50.977178
  type: 'test'
  ...
# Subtest: an authenticated outer SQLite database cannot transpose unpublished signatures from resource into the contribution namespace
ok 110 - an authenticated outer SQLite database cannot transpose unpublished signatures from resource into the contribution namespace
  ---
  duration_ms: 54.991964
  type: 'test'
  ...
# Subtest: an authenticated outer SQLite database cannot transpose unpublished signatures from contribution into the resource namespace
ok 111 - an authenticated outer SQLite database cannot transpose unpublished signatures from contribution into the resource namespace
  ---
  duration_ms: 53.460673
  type: 'test'
  ...
# Subtest: an authenticated outer SQLite database cannot transpose unpublished signatures from site into the contribution-inbox namespace
ok 112 - an authenticated outer SQLite database cannot transpose unpublished signatures from site into the contribution-inbox namespace
  ---
  duration_ms: 55.333664
  type: 'test'
  ...
# Subtest: an authenticated outer SQLite database cannot transpose unpublished signatures from contribution-inbox into the site namespace
ok 113 - an authenticated outer SQLite database cannot transpose unpublished signatures from contribution-inbox into the site namespace
  ---
  duration_ms: 52.361312
  type: 'test'
  ...
# Subtest: an authenticated outer SQLite database cannot transpose unpublished signatures from resource into the contribution-inbox namespace
ok 114 - an authenticated outer SQLite database cannot transpose unpublished signatures from resource into the contribution-inbox namespace
  ---
  duration_ms: 54.185241
  type: 'test'
  ...
# Subtest: an authenticated outer SQLite database cannot transpose unpublished signatures from contribution-inbox into the resource namespace
ok 115 - an authenticated outer SQLite database cannot transpose unpublished signatures from contribution-inbox into the resource namespace
  ---
  duration_ms: 55.952925
  type: 'test'
  ...
# Subtest: an authenticated outer SQLite database cannot transpose unpublished signatures from contribution into the contribution-inbox namespace
ok 116 - an authenticated outer SQLite database cannot transpose unpublished signatures from contribution into the contribution-inbox namespace
  ---
  duration_ms: 51.19167
  type: 'test'
  ...
# Subtest: an authenticated outer SQLite database cannot transpose unpublished signatures from contribution-inbox into the contribution namespace
ok 117 - an authenticated outer SQLite database cannot transpose unpublished signatures from contribution-inbox into the contribution namespace
  ---
  duration_ms: 54.652117
  type: 'test'
  ...
# Subtest: an authenticated outer SQLite database cannot transpose unpublished signatures from contribution-receipt into the site namespace
ok 118 - an authenticated outer SQLite database cannot transpose unpublished signatures from contribution-receipt into the site namespace
  ---
  duration_ms: 52.198387
  type: 'test'
  ...
# Subtest: an authenticated outer SQLite database cannot transpose unpublished signatures from site into the contribution-receipt namespace
ok 119 - an authenticated outer SQLite database cannot transpose unpublished signatures from site into the contribution-receipt namespace
  ---
  duration_ms: 52.495203
  type: 'test'
  ...
# Subtest: an authenticated outer SQLite database cannot transpose unpublished signatures from contribution-receipt into the resource namespace
ok 120 - an authenticated outer SQLite database cannot transpose unpublished signatures from contribution-receipt into the resource namespace
  ---
  duration_ms: 53.060734
  type: 'test'
  ...
# Subtest: an authenticated outer SQLite database cannot transpose unpublished signatures from resource into the contribution-receipt namespace
ok 121 - an authenticated outer SQLite database cannot transpose unpublished signatures from resource into the contribution-receipt namespace
  ---
  duration_ms: 51.706584
  type: 'test'
  ...
# Subtest: an authenticated outer SQLite database cannot transpose unpublished signatures from contribution-receipt into the contribution namespace
ok 122 - an authenticated outer SQLite database cannot transpose unpublished signatures from contribution-receipt into the contribution namespace
  ---
  duration_ms: 54.731275
  type: 'test'
  ...
# Subtest: an authenticated outer SQLite database cannot transpose unpublished signatures from contribution into the contribution-receipt namespace
ok 123 - an authenticated outer SQLite database cannot transpose unpublished signatures from contribution into the contribution-receipt namespace
  ---
  duration_ms: 55.181579
  type: 'test'
  ...
# Subtest: an authenticated outer SQLite database cannot transpose unpublished signatures from contribution-receipt into the contribution-inbox namespace
ok 124 - an authenticated outer SQLite database cannot transpose unpublished signatures from contribution-receipt into the contribution-inbox namespace
  ---
  duration_ms: 53.686667
  type: 'test'
  ...
# Subtest: an authenticated outer SQLite database cannot transpose unpublished signatures from contribution-inbox into the contribution-receipt namespace
ok 125 - an authenticated outer SQLite database cannot transpose unpublished signatures from contribution-inbox into the contribution-receipt namespace
  ---
  duration_ms: 55.802092
  type: 'test'
  ...
# Subtest: Node and a real Go process exchange signing-protected site records in the same SQLite database
ok 126 - Node and a real Go process exchange signing-protected site records in the same SQLite database
  ---
  duration_ms: 2294.328907
  type: 'test'
  ...
# Subtest: Node and a real Go process exchange signing-protected resource records in the same SQLite database
ok 127 - Node and a real Go process exchange signing-protected resource records in the same SQLite database
  ---
  duration_ms: 2283.338774
  type: 'test'
  ...
# Subtest: Node and a real Go process exchange signing-protected contribution records in the same SQLite database
ok 128 - Node and a real Go process exchange signing-protected contribution records in the same SQLite database
  ---
  duration_ms: 2322.794923
  type: 'test'
  ...
# Subtest: Node and a real Go process exchange signing-protected contribution-inbox records in the same SQLite database
ok 129 - Node and a real Go process exchange signing-protected contribution-inbox records in the same SQLite database
  ---
  duration_ms: 2292.086954
  type: 'test'
  ...
# Subtest: Node and a real Go process exchange signing-protected contribution-receipt records in the same SQLite database
ok 130 - Node and a real Go process exchange signing-protected contribution-receipt records in the same SQLite database
  ---
  duration_ms: 2267.84571
  type: 'test'
  ...
# Subtest: Go rejects a Node encrypted site value transplanted into another authenticated store
ok 131 - Go rejects a Node encrypted site value transplanted into another authenticated store
  ---
  duration_ms: 71.09343
  type: 'test'
  ...
# Subtest: Go rejects a Node encrypted resource value transplanted into another authenticated store
ok 132 - Go rejects a Node encrypted resource value transplanted into another authenticated store
  ---
  duration_ms: 62.679816
  type: 'test'
  ...
# Subtest: Go rejects a Node encrypted contribution value transplanted into another authenticated store
ok 133 - Go rejects a Node encrypted contribution value transplanted into another authenticated store
  ---
  duration_ms: 59.371835
  type: 'test'
  ...
# Subtest: Go rejects a Node encrypted contribution-inbox value transplanted into another authenticated store
ok 134 - Go rejects a Node encrypted contribution-inbox value transplanted into another authenticated store
  ---
  duration_ms: 65.805386
  type: 'test'
  ...
# Subtest: Go rejects a Node encrypted contribution-receipt value transplanted into another authenticated store
ok 135 - Go rejects a Node encrypted contribution-receipt value transplanted into another authenticated store
  ---
  duration_ms: 60.904839
  type: 'test'
  ...
1..135
# tests 135
# suites 0
# pass 135
# fail 0
# cancelled 0
# skipped 0
# todo 0
# duration_ms 351598.149681
