TAP version 13
# (node:2300713) ExperimentalWarning: SQLite is an experimental feature and might change at any time
# (Use `node --trace-warnings ...` to show where the warning was created)
# Subtest: private inbox preserves verified source and proposal across reopening, separately from sender staging
ok 1 - private inbox preserves verified source and proposal across reopening, separately from sender staging
  ---
  duration_ms: 150.491912
  type: 'test'
  ...
# Subtest: repackaging is idempotent and a conflicting visitor UUID cannot replace the original candidate
ok 2 - repackaging is idempotent and a conflicting visitor UUID cannot replace the original candidate
  ---
  duration_ms: 116.690732
  type: 'test'
  ...
# Subtest: an interrupted admission/source transaction rolls back without losing the earlier proof
ok 3 - an interrupted admission/source transaction rolls back without losing the earlier proof
  ---
  duration_ms: 81.644798
  type: 'test'
  ...
# Subtest: expiry removes private payloads but keeps replay metadata for the bounded retention window
ok 4 - expiry removes private payloads but keeps replay metadata for the bounded retention window
  ---
  duration_ms: 109.29675
  type: 'test'
  ...
# Subtest: unreadable/public proposals, wrong source and revoked policy never become verified candidates
ok 5 - unreadable/public proposals, wrong source and revoked policy never become verified candidates
  ---
  duration_ms: 114.691634
  type: 'test'
  ...
# Subtest: tampered retained evidence is an integrity failure, never repaired into a new proposal
ok 6 - tampered retained evidence is an integrity failure, never repaired into a new proposal
  ---
  duration_ms: 88.827173
  type: 'test'
  ...
# Subtest: journal quotas preserve pending entries and conflict floods have bounded descriptors and writes
ok 7 - journal quotas preserve pending entries and conflict floods have bounded descriptors and writes
  ---
  duration_ms: 137.886269
  type: 'test'
  ...
# (node:2300815) ExperimentalWarning: SQLite is an experimental feature and might change at any time
# (Use `node --trace-warnings ...` to show where the warning was created)
# Subtest: queued source and envelope survive restart while a second preparation uses its own slot
ok 8 - queued source and envelope survive restart while a second preparation uses its own slot
  ---
  duration_ms: 331.532788
  type: 'test'
  ...
# Subtest: queue transaction rollback retains the signed envelope and never frees a preparation early
ok 9 - queue transaction rollback retains the signed envelope and never frees a preparation early
  ---
  duration_ms: 164.698757
  type: 'test'
  ...
# Subtest: queued expiry retires private payload but retains packet identity for cancellation
ok 10 - queued expiry retires private payload but retains packet identity for cancellation
  ---
  duration_ms: 170.39162
  type: 'test'
  ...
# Subtest: 32 pending queues apply backpressure without losing old payloads or the current prepared envelope
ok 11 - 32 pending queues apply backpressure without losing old payloads or the current prepared envelope
  ---
  duration_ms: 3462.664552
  type: 'test'
  ...
# Subtest: missing queued payload is corruption, not an excuse to create new bytes or cancel a different stage
ok 12 - missing queued payload is corruption, not an excuse to create new bytes or cancel a different stage
  ---
  duration_ms: 125.030918
  type: 'test'
  ...
# (node:2301103) ExperimentalWarning: SQLite is an experimental feature and might change at any time
# (Use `node --trace-warnings ...` to show where the warning was created)
# Subtest: private site staging survives SQLite restart and does not expose signatures to the reading secret
ok 13 - private site staging survives SQLite restart and does not expose signatures to the reading secret
  ---
  duration_ms: 110.521727
  type: 'test'
  ...
# Subtest: private resource staging survives SQLite restart and does not expose signatures to the reading secret
ok 14 - private resource staging survives SQLite restart and does not expose signatures to the reading secret
  ---
  duration_ms: 90.57013
  type: 'test'
  ...
# Subtest: private contribution staging survives SQLite restart and does not expose signatures to the reading secret
ok 15 - private contribution staging survives SQLite restart and does not expose signatures to the reading secret
  ---
  duration_ms: 85.142104
  type: 'test'
  ...
# Subtest: private staging quota failure aborts all record changes even when its error is caught
ok 16 - private staging quota failure aborts all record changes even when its error is caught
  ---
  duration_ms: 47.896005
  type: 'test'
  ...
# Subtest: private record handles expire at the synchronous transaction boundary
ok 17 - private record handles expire at the synchronous transaction boundary
  ---
  duration_ms: 16.767576
  type: 'test'
  ...
# Subtest: missing and transposed ciphertext are rejected even inside an otherwise authentic outer database
ok 18 - missing and transposed ciphertext are rejected even inside an otherwise authentic outer database
  ---
  duration_ms: 81.139551
  type: 'test'
  ...
1..18
# tests 18
# suites 0
# pass 18
# fail 0
# cancelled 0
# skipped 0
# todo 0
# duration_ms 6026.435939
