TAP version 13
# (node:444749) ExperimentalWarning: SQLite is an experimental feature and might change at any time
# (Use `node --trace-warnings ...` to show where the warning was created)
# Subtest: Node and a real Go process exchange signing-protected site records in the same SQLite database
ok 1 - Node and a real Go process exchange signing-protected site records in the same SQLite database
  ---
  duration_ms: 3418.872283
  type: 'test'
  ...
# Subtest: Go rejects a Node encrypted site value transplanted into another authenticated store
ok 2 - Go rejects a Node encrypted site value transplanted into another authenticated store
  ---
  duration_ms: 111.238634
  type: 'test'
  ...
1..2
# tests 2
# suites 0
# pass 2
# fail 0
# cancelled 0
# skipped 0
# todo 0
# duration_ms 3771.486076
