TAP version 13
# Subtest: Go A → Node B → Go C: isolated real sockets, encrypted messages/receipts, partition, restart and publisher-offline seeding
ok 1 - Go A → Node B → Go C: isolated real sockets, encrypted messages/receipts, partition, restart and publisher-offline seeding
  ---
  duration_ms: 9782.731759
  type: 'test'
  ...
# Subtest: Go A → Node B → Node C over TCP and serial PTYs preserves bytes, receipts and partition recovery
ok 2 - Go A → Node B → Node C over TCP and serial PTYs preserves bytes, receipts and partition recovery
  ---
  duration_ms: 4621.291658
  type: 'test'
  ...
# Subtest: node refuses public or forged proposals before storage and withholds unauthorized candidates
ok 3 - node refuses public or forged proposals before storage and withholds unauthorized candidates
  ---
  duration_ms: 1348.689519
  type: 'test'
  ...
# Subtest: native refuses public or forged proposals before storage and withholds unauthorized candidates
ok 4 - native refuses public or forged proposals before storage and withholds unauthorized candidates
  ---
  duration_ms: 916.942616
  type: 'test'
  ...
# Subtest: node unauthorized proposals for an available form cannot fill the private inbox ahead of an allowed contributor
ok 5 - node unauthorized proposals for an available form cannot fill the private inbox ahead of an allowed contributor
  ---
  duration_ms: 9565.504133
  type: 'test'
  ...
# Subtest: native unauthorized proposals for an available form cannot fill the private inbox ahead of an allowed contributor
ok 6 - native unauthorized proposals for an available form cannot fill the private inbox ahead of an allowed contributor
  ---
  duration_ms: 8793.53727
  type: 'test'
  ...
# (node:815115) ExperimentalWarning: SQLite is an experimental feature and might change at any time
# (Use `node --trace-warnings ...` to show where the warning was created)
# Subtest: node prepares without signing; the other runtime resumes the same private intent and certificate
ok 7 - node prepares without signing; the other runtime resumes the same private intent and certificate
  ---
  duration_ms: 5264.558355
  type: 'test'
  ...
# Subtest: go prepares without signing; the other runtime resumes the same private intent and certificate
ok 8 - go prepares without signing; the other runtime resumes the same private intent and certificate
  ---
  duration_ms: 4424.750227
  type: 'test'
  ...
# Subtest: real Go process exit before-intent-commit leaves exactly the committed state for Node recovery
ok 9 - real Go process exit before-intent-commit leaves exactly the committed state for Node recovery
  ---
  duration_ms: 1175.40965
  type: 'test'
  ...
# Subtest: real Go process exit after-intent leaves exactly the committed state for Node recovery
ok 10 - real Go process exit after-intent leaves exactly the committed state for Node recovery
  ---
  duration_ms: 1176.970716
  type: 'test'
  ...
# Subtest: real Go process exit before-signature-commit leaves exactly the committed state for Node recovery
ok 11 - real Go process exit before-signature-commit leaves exactly the committed state for Node recovery
  ---
  duration_ms: 1215.214299
  type: 'test'
  ...
# Subtest: real Go process exit after-signature leaves exactly the committed state for Node recovery
ok 12 - real Go process exit after-signature leaves exactly the committed state for Node recovery
  ---
  duration_ms: 1224.200617
  type: 'test'
  ...
# Subtest: Go catalogue honors expiry without renewing, rejects another request and preserves a new monotonic sequence
ok 13 - Go catalogue honors expiry without renewing, rejects another request and preserves a new monotonic sequence
  ---
  duration_ms: 4334.278774
  type: 'test'
  ...
# Subtest: Go refuses authenticated-but-inconsistent stage without replacing the preparation
ok 14 - Go refuses authenticated-but-inconsistent stage without replacing the preparation
  ---
  duration_ms: 1079.64355
  type: 'test'
  ...
# Subtest: Go refuses authenticated-but-inconsistent record without replacing the preparation
ok 15 - Go refuses authenticated-but-inconsistent record without replacing the preparation
  ---
  duration_ms: 1087.817345
  type: 'test'
  ...
# Subtest: Go quota refusal leaves no proposal counter/stage and allows the original smaller request
ok 16 - Go quota refusal leaves no proposal counter/stage and allows the original smaller request
  ---
  duration_ms: 1419.024448
  type: 'test'
  ...
# Subtest: Go policy clock boundary -1ms rechecks the actual proposal handle
ok 17 - Go policy clock boundary -1ms rechecks the actual proposal handle
  ---
  duration_ms: 1149.793242
  type: 'test'
  ...
# Subtest: Go policy clock boundary 0ms rechecks the actual proposal handle
ok 18 - Go policy clock boundary 0ms rechecks the actual proposal handle
  ---
  duration_ms: 1114.554734
  type: 'test'
  ...
# Subtest: node seals a private envelope once and the other engine recovers its exact bytes and fixed deadline
ok 19 - node seals a private envelope once and the other engine recovers its exact bytes and fixed deadline
  ---
  duration_ms: 2323.118243
  type: 'test'
  ...
# Subtest: go seals a private envelope once and the other engine recovers its exact bytes and fixed deadline
ok 20 - go seals a private envelope once and the other engine recovers its exact bytes and fixed deadline
  ---
  duration_ms: 3450.792054
  type: 'test'
  ...
# Subtest: Go abrupt exit before-envelope-commit preserves only a committed encrypted envelope
ok 21 - Go abrupt exit before-envelope-commit preserves only a committed encrypted envelope
  ---
  duration_ms: 1255.040178
  type: 'test'
  ...
# Subtest: Go abrupt exit after-envelope preserves only a committed encrypted envelope
ok 22 - Go abrupt exit after-envelope preserves only a committed encrypted envelope
  ---
  duration_ms: 1302.183436
  type: 'test'
  ...
# Subtest: both catalogues reject a corrupted retained envelope without falling back to a fresh nonce
ok 23 - both catalogues reject a corrupted retained envelope without falling back to a fresh nonce
  ---
  duration_ms: 1153.51514
  type: 'test'
  ...
# Subtest: a Node sealer waits on the real Go writer transaction and recovers the envelope committed by that writer
ok 24 - a Node sealer waits on the real Go writer transaction and recovers the envelope committed by that writer
  ---
  duration_ms: 1390.268514
  type: 'test'
  ...
# Subtest: repeated Go cancellation of an old operation cannot remove the current preparation
ok 25 - repeated Go cancellation of an old operation cannot remove the current preparation
  ---
  duration_ms: 1207.072804
  type: 'test'
  ...
# Subtest: node queues before public copying, recovers bytes and frees only its own preparation slot
ok 26 - node queues before public copying, recovers bytes and frees only its own preparation slot
  ---
  duration_ms: 3507.655957
  type: 'test'
  ...
# Subtest: go queues before public copying, recovers bytes and frees only its own preparation slot
ok 27 - go queues before public copying, recovers bytes and frees only its own preparation slot
  ---
  duration_ms: 4574.162447
  type: 'test'
  ...
# Subtest: Go exit before-queue-commit retains either the signed stage or its durable queued replacement
ok 28 - Go exit before-queue-commit retains either the signed stage or its durable queued replacement
  ---
  duration_ms: 226.066247
  type: 'test'
  ...
# Subtest: Go exit after-queue retains either the signed stage or its durable queued replacement
ok 29 - Go exit after-queue retains either the signed stage or its durable queued replacement
  ---
  duration_ms: 223.302986
  type: 'test'
  ...
# Subtest: node admits historical owner receipt from queued, removes only the original payload and preserves a new preparation
ok 30 - node admits historical owner receipt from queued, removes only the original payload and preserves a new preparation
  ---
  duration_ms: 1271.420508
  type: 'test'
  ...
# Subtest: node admits historical owner receipt from cancelled, removes only the original payload and preserves a new preparation
ok 31 - node admits historical owner receipt from cancelled, removes only the original payload and preserves a new preparation
  ---
  duration_ms: 1269.781636
  type: 'test'
  ...
# Subtest: node admits historical owner receipt from expired, removes only the original payload and preserves a new preparation
ok 32 - node admits historical owner receipt from expired, removes only the original payload and preserves a new preparation
  ---
  duration_ms: 1270.745423
  type: 'test'
  ...
# Subtest: go admits historical owner receipt from queued, removes only the original payload and preserves a new preparation
ok 33 - go admits historical owner receipt from queued, removes only the original payload and preserves a new preparation
  ---
  duration_ms: 2348.784074
  type: 'test'
  ...
# Subtest: go admits historical owner receipt from cancelled, removes only the original payload and preserves a new preparation
ok 34 - go admits historical owner receipt from cancelled, removes only the original payload and preserves a new preparation
  ---
  duration_ms: 2331.720242
  type: 'test'
  ...
# Subtest: go admits historical owner receipt from expired, removes only the original payload and preserves a new preparation
ok 35 - go admits historical owner receipt from expired, removes only the original payload and preserves a new preparation
  ---
  duration_ms: 2338.679278
  type: 'test'
  ...
# Subtest: Go before-receipt-commit leaves receipt and payload on the same side of the transaction boundary
ok 36 - Go before-receipt-commit leaves receipt and payload on the same side of the transaction boundary
  ---
  duration_ms: 222.334069
  type: 'test'
  ...
# Subtest: Go after-receipt leaves receipt and payload on the same side of the transaction boundary
ok 37 - Go after-receipt leaves receipt and payload on the same side of the transaction boundary
  ---
  duration_ms: 222.610277
  type: 'test'
  ...
# Subtest: uncopied or cross-reference receipts cannot release an authorised private proposal
ok 38 - uncopied or cross-reference receipts cannot release an authorised private proposal
  ---
  duration_ms: 2237.197663
  type: 'test'
  ...
# Subtest: Node before-receipt-commit preserves the receipt/payload boundary when reopened by Go
ok 39 - Node before-receipt-commit preserves the receipt/payload boundary when reopened by Go
  ---
  duration_ms: 2413.745237
  type: 'test'
  ...
# Subtest: Node after-receipt preserves the receipt/payload boundary when reopened by Go
ok 40 - Node after-receipt preserves the receipt/payload boundary when reopened by Go
  ---
  duration_ms: 2372.216958
  type: 'test'
  ...
# Subtest: concurrent Go and Node receipt receivers consume one private payload and agree on the retained first fact
ok 41 - concurrent Go and Node receipt receivers consume one private payload and agree on the retained first fact
  ---
  duration_ms: 1511.108535
  type: 'test'
  ...
# Subtest: node form lookup derives permissions from real snapshots across process transfer, private access and restarted seeder takeover
ok 42 - node form lookup derives permissions from real snapshots across process transfer, private access and restarted seeder takeover
  ---
  duration_ms: 4419.276024
  type: 'test'
  ...
# Subtest: native form lookup derives permissions from real snapshots across process transfer, private access and restarted seeder takeover
ok 43 - native form lookup derives permissions from real snapshots across process transfer, private access and restarted seeder takeover
  ---
  duration_ms: 4350.882595
  type: 'test'
  ...
# Subtest: node owner discards a blocked verified proposal across TCP/restart/replay with a positive channel control
ok 44 - node owner discards a blocked verified proposal across TCP/restart/replay with a positive channel control
  ---
  duration_ms: 1713.123548
  type: 'test'
  ...
# Subtest: node owner discards a blocked missing-source proposal across TCP/restart/replay with a positive channel control
ok 45 - node owner discards a blocked missing-source proposal across TCP/restart/replay with a positive channel control
  ---
  duration_ms: 1855.547185
  type: 'test'
  ...
# Subtest: native owner discards a blocked verified proposal across TCP/restart/replay with a positive channel control
ok 46 - native owner discards a blocked verified proposal across TCP/restart/replay with a positive channel control
  ---
  duration_ms: 1052.305865
  type: 'test'
  ...
# Subtest: native owner discards a blocked missing-source proposal across TCP/restart/replay with a positive channel control
ok 47 - native owner discards a blocked missing-source proposal across TCP/restart/replay with a positive channel control
  ---
  duration_ms: 1079.800995
  type: 'test'
  ...
# Subtest: node journals a received proposal before inbox is opened and retains its source after cache-file loss and sender exit
ok 48 - node journals a received proposal before inbox is opened and retains its source after cache-file loss and sender exit
  ---
  duration_ms: 1434.791469
  type: 'test'
  ...
# Subtest: native journals a received proposal before inbox is opened and retains its source after cache-file loss and sender exit
ok 49 - native journals a received proposal before inbox is opened and retains its source after cache-file loss and sender exit
  ---
  duration_ms: 1133.378126
  type: 'test'
  ...
# Subtest: node keeps an out-of-order proposal unverified until the actual authenticated source reaches the owner
ok 50 - node keeps an out-of-order proposal unverified until the actual authenticated source reaches the owner
  ---
  duration_ms: 2699.643803
  type: 'test'
  ...
# Subtest: native keeps an out-of-order proposal unverified until the actual authenticated source reaches the owner
ok 51 - native keeps an out-of-order proposal unverified until the actual authenticated source reaches the owner
  ---
  duration_ms: 2713.150756
  type: 'test'
  ...
# (node:821870) ExperimentalWarning: SQLite is an experimental feature and might change at any time
# (Use `node --trace-warnings ...` to show where the warning was created)
# Subtest: node inbox persists an original proposal that the other process verifies and reopens with the same encrypted source
ok 52 - node inbox persists an original proposal that the other process verifies and reopens with the same encrypted source
  ---
  duration_ms: 5547.399107
  type: 'test'
  ...
# Subtest: go inbox persists an original proposal that the other process verifies and reopens with the same encrypted source
ok 53 - go inbox persists an original proposal that the other process verifies and reopens with the same encrypted source
  ---
  duration_ms: 5477.126635
  type: 'test'
  ...
# Subtest: Go inbox process exit before-commit during admit preserves the exact committed boundary
ok 54 - Go inbox process exit before-commit during admit preserves the exact committed boundary
  ---
  duration_ms: 2235.845919
  type: 'test'
  ...
# Subtest: Go inbox process exit after-command during admit preserves the exact committed boundary
ok 55 - Go inbox process exit after-command during admit preserves the exact committed boundary
  ---
  duration_ms: 2266.157619
  type: 'test'
  ...
# Subtest: Go inbox process exit before-commit during source preserves the exact committed boundary
ok 56 - Go inbox process exit before-commit during source preserves the exact committed boundary
  ---
  duration_ms: 2301.006607
  type: 'test'
  ...
# Subtest: Go inbox process exit after-command during source preserves the exact committed boundary
ok 57 - Go inbox process exit after-command during source preserves the exact committed boundary
  ---
  duration_ms: 2340.153553
  type: 'test'
  ...
# Subtest: native inbox refuses block/corruption and collects expired proof without erasing replay metadata
ok 58 - native inbox refuses block/corruption and collects expired proof without erasing replay metadata
  ---
  duration_ms: 5426.620491
  type: 'test'
  ...
# Subtest: node discards missing-source proposal durably across encrypted Node/Go reopen
ok 59 - node discards missing-source proposal durably across encrypted Node/Go reopen
  ---
  duration_ms: 8393.196981
  type: 'test'
  ...
# Subtest: node discards verified proposal durably across encrypted Node/Go reopen
ok 60 - node discards verified proposal durably across encrypted Node/Go reopen
  ---
  duration_ms: 8454.20344
  type: 'test'
  ...
# Subtest: go discards missing-source proposal durably across encrypted Node/Go reopen
ok 61 - go discards missing-source proposal durably across encrypted Node/Go reopen
  ---
  duration_ms: 9437.608735
  type: 'test'
  ...
# Subtest: go discards verified proposal durably across encrypted Node/Go reopen
ok 62 - go discards verified proposal durably across encrypted Node/Go reopen
  ---
  duration_ms: 9504.373811
  type: 'test'
  ...
# Subtest: Go discard process exit before-commit cannot separate proof disposal from replay tombstone
ok 63 - Go discard process exit before-commit cannot separate proof disposal from replay tombstone
  ---
  duration_ms: 2263.445725
  type: 'test'
  ...
# Subtest: Go discard process exit after-command cannot separate proof disposal from replay tombstone
ok 64 - Go discard process exit after-command cannot separate proof disposal from replay tombstone
  ---
  duration_ms: 2266.4301
  type: 'test'
  ...
# Subtest: Go dismissal detects corrupt evidence instead of laundering it through cleanup
ok 65 - Go dismissal detects corrupt evidence instead of laundering it through cleanup
  ---
  duration_ms: 1105.931075
  type: 'test'
  ...
# Subtest: Node discard process exit before-commit is recovered by Go without splitting proof and tombstone
ok 66 - Node discard process exit before-commit is recovered by Go without splitting proof and tombstone
  ---
  duration_ms: 2371.830362
  type: 'test'
  ...
# Subtest: Node discard process exit after-command is recovered by Go without splitting proof and tombstone
ok 67 - Node discard process exit after-command is recovered by Go without splitting proof and tombstone
  ---
  duration_ms: 2302.304691
  type: 'test'
  ...
# Subtest: node receipt intent, signature, exact envelope and copy survive cross-runtime reopen after proposal disposal
ok 68 - node receipt intent, signature, exact envelope and copy survive cross-runtime reopen after proposal disposal
  ---
  duration_ms: 9675.673979
  type: 'test'
  ...
# Subtest: go receipt intent, signature, exact envelope and copy survive cross-runtime reopen after proposal disposal
ok 69 - go receipt intent, signature, exact envelope and copy survive cross-runtime reopen after proposal disposal
  ---
  duration_ms: 10757.939534
  type: 'test'
  ...
# Subtest: Go receipt source exit before-commit preserves exactly the committed signing boundary
ok 70 - Go receipt source exit before-commit preserves exactly the committed signing boundary
  ---
  duration_ms: 1231.225628
  type: 'test'
  ...
# Subtest: Go receipt source exit after-command preserves exactly the committed signing boundary
ok 71 - Go receipt source exit after-command preserves exactly the committed signing boundary
  ---
  duration_ms: 1248.868686
  type: 'test'
  ...
# Subtest: Go receipt sign-receipt exit before-commit preserves exactly the committed signing boundary
ok 72 - Go receipt sign-receipt exit before-commit preserves exactly the committed signing boundary
  ---
  duration_ms: 1197.367058
  type: 'test'
  ...
# Subtest: Go receipt sign-receipt exit after-command preserves exactly the committed signing boundary
ok 73 - Go receipt sign-receipt exit after-command preserves exactly the committed signing boundary
  ---
  duration_ms: 1198.784124
  type: 'test'
  ...
# Subtest: Go receipt seal-receipt exit before-commit preserves exactly the committed signing boundary
ok 74 - Go receipt seal-receipt exit before-commit preserves exactly the committed signing boundary
  ---
  duration_ms: 2309.61146
  type: 'test'
  ...
# Subtest: Go receipt seal-receipt exit after-command preserves exactly the committed signing boundary
ok 75 - Go receipt seal-receipt exit after-command preserves exactly the committed signing boundary
  ---
  duration_ms: 2279.40188
  type: 'test'
  ...
# Subtest: Go receipt copy-receipt exit before-commit preserves exactly the committed signing boundary
ok 76 - Go receipt copy-receipt exit before-commit preserves exactly the committed signing boundary
  ---
  duration_ms: 1278.57349
  type: 'test'
  ...
# Subtest: Go receipt copy-receipt exit after-command preserves exactly the committed signing boundary
ok 77 - Go receipt copy-receipt exit after-command preserves exactly the committed signing boundary
  ---
  duration_ms: 1254.060751
  type: 'test'
  ...
# Subtest: Node receipt source exit before-commit is recoverable in the Go catalogue
ok 78 - Node receipt source exit before-commit is recoverable in the Go catalogue
  ---
  duration_ms: 2342.479774
  type: 'test'
  ...
# Subtest: Node receipt source exit after-command is recoverable in the Go catalogue
ok 79 - Node receipt source exit after-command is recoverable in the Go catalogue
  ---
  duration_ms: 2335.205887
  type: 'test'
  ...
# Subtest: Node receipt sign-receipt exit before-commit is recoverable in the Go catalogue
ok 80 - Node receipt sign-receipt exit before-commit is recoverable in the Go catalogue
  ---
  duration_ms: 2315.65981
  type: 'test'
  ...
# Subtest: Node receipt sign-receipt exit after-command is recoverable in the Go catalogue
ok 81 - Node receipt sign-receipt exit after-command is recoverable in the Go catalogue
  ---
  duration_ms: 2305.424921
  type: 'test'
  ...
# Subtest: Node receipt seal-receipt exit before-commit is recoverable in the Go catalogue
ok 82 - Node receipt seal-receipt exit before-commit is recoverable in the Go catalogue
  ---
  duration_ms: 3403.124744
  type: 'test'
  ...
# Subtest: Node receipt seal-receipt exit after-command is recoverable in the Go catalogue
ok 83 - Node receipt seal-receipt exit after-command is recoverable in the Go catalogue
  ---
  duration_ms: 3378.056834
  type: 'test'
  ...
# Subtest: Node receipt copy-receipt exit before-commit is recoverable in the Go catalogue
ok 84 - Node receipt copy-receipt exit before-commit is recoverable in the Go catalogue
  ---
  duration_ms: 2383.636267
  type: 'test'
  ...
# Subtest: Node receipt copy-receipt exit after-command is recoverable in the Go catalogue
ok 85 - Node receipt copy-receipt exit after-command is recoverable in the Go catalogue
  ---
  duration_ms: 2372.470443
  type: 'test'
  ...
# Subtest: tampered owner receipt preparation is rejected across both storage engines
ok 86 - tampered owner receipt preparation is rejected across both storage engines
  ---
  duration_ms: 1148.164819
  type: 'test'
  ...
# Subtest: concurrent Go and Node receipt writers commit one envelope while the losing writer observes the committed bytes
ok 87 - concurrent Go and Node receipt writers commit one envelope while the losing writer observes the committed bytes
  ---
  duration_ms: 2501.701746
  type: 'test'
  ...
# Subtest: node refuses forged, public and cross-reference receipt traffic with positive packets on the same live channel
ok 88 - node refuses forged, public and cross-reference receipt traffic with positive packets on the same live channel
  ---
  duration_ms: 2969.444897
  type: 'test'
  ...
# Subtest: native refuses forged, public and cross-reference receipt traffic with positive packets on the same live channel
ok 89 - native refuses forged, public and cross-reference receipt traffic with positive packets on the same live channel
  ---
  duration_ms: 2733.229272
  type: 'test'
  ...
# Subtest: node visitor receives an owner-signed private receipt from the other engine and never resumes the confirmed proposal after restart
ok 90 - node visitor receives an owner-signed private receipt from the other engine and never resumes the confirmed proposal after restart
  ---
  duration_ms: 2983.941196
  type: 'test'
  ...
# Subtest: native visitor receives an owner-signed private receipt from the other engine and never resumes the confirmed proposal after restart
ok 91 - native visitor receives an owner-signed private receipt from the other engine and never resumes the confirmed proposal after restart
  ---
  duration_ms: 3257.030565
  type: 'test'
  ...
# Subtest: late receipt survives an opaque seeder takeover and records reception without reviving a cancelled visitor proposal
ok 92 - late receipt survives an opaque seeder takeover and records reception without reviving a cancelled visitor proposal
  ---
  duration_ms: 11846.857183
  type: 'test'
  ...
# Subtest: late receipt survives an opaque seeder takeover and records reception without reviving a expired visitor proposal
ok 93 - late receipt survives an opaque seeder takeover and records reception without reviving a expired visitor proposal
  ---
  duration_ms: 23956.687757
  type: 'test'
  ...
# (node:868740) ExperimentalWarning: SQLite is an experimental feature and might change at any time
# (Use `node --trace-warnings ...` to show where the warning was created)
# Subtest: node admits historical owner rejection from queued, removes only the original payload and preserves a new preparation
ok 94 - node admits historical owner rejection from queued, removes only the original payload and preserves a new preparation
  ---
  duration_ms: 1886.903735
  type: 'test'
  ...
# Subtest: node admits historical owner rejection from cancelled, removes only the original payload and preserves a new preparation
ok 95 - node admits historical owner rejection from cancelled, removes only the original payload and preserves a new preparation
  ---
  duration_ms: 1357.531135
  type: 'test'
  ...
# Subtest: node admits historical owner rejection from expired, removes only the original payload and preserves a new preparation
ok 96 - node admits historical owner rejection from expired, removes only the original payload and preserves a new preparation
  ---
  duration_ms: 1341.799891
  type: 'test'
  ...
# Subtest: go admits historical owner rejection from queued, removes only the original payload and preserves a new preparation
ok 97 - go admits historical owner rejection from queued, removes only the original payload and preserves a new preparation
  ---
  duration_ms: 2415.008417
  type: 'test'
  ...
# Subtest: go admits historical owner rejection from cancelled, removes only the original payload and preserves a new preparation
ok 98 - go admits historical owner rejection from cancelled, removes only the original payload and preserves a new preparation
  ---
  duration_ms: 2522.386087
  type: 'test'
  ...
# Subtest: go admits historical owner rejection from expired, removes only the original payload and preserves a new preparation
ok 99 - go admits historical owner rejection from expired, removes only the original payload and preserves a new preparation
  ---
  duration_ms: 2438.696859
  type: 'test'
  ...
# Subtest: Go before-rejection-commit leaves rejection and payload on the same side of the transaction boundary
ok 100 - Go before-rejection-commit leaves rejection and payload on the same side of the transaction boundary
  ---
  duration_ms: 213.801602
  type: 'test'
  ...
# Subtest: Go after-rejection leaves rejection and payload on the same side of the transaction boundary
ok 101 - Go after-rejection leaves rejection and payload on the same side of the transaction boundary
  ---
  duration_ms: 206.954314
  type: 'test'
  ...
# Subtest: uncopied or cross-reference rejections cannot release an authorised private proposal
ok 102 - uncopied or cross-reference rejections cannot release an authorised private proposal
  ---
  duration_ms: 2226.893514
  type: 'test'
  ...
# Subtest: Node before-rejection-commit preserves the rejection/payload boundary when reopened by Go
ok 103 - Node before-rejection-commit preserves the rejection/payload boundary when reopened by Go
  ---
  duration_ms: 2508.964012
  type: 'test'
  ...
# Subtest: Node after-rejection preserves the rejection/payload boundary when reopened by Go
ok 104 - Node after-rejection preserves the rejection/payload boundary when reopened by Go
  ---
  duration_ms: 2367.992717
  type: 'test'
  ...
# Subtest: concurrent Go and Node rejection receivers consume one private payload and agree on the retained first fact
ok 105 - concurrent Go and Node rejection receivers consume one private payload and agree on the retained first fact
  ---
  duration_ms: 1544.656132
  type: 'test'
  ...
# Subtest: node refuses forged, public and cross-reference rejection traffic with positive packets on the same live channel
ok 106 - node refuses forged, public and cross-reference rejection traffic with positive packets on the same live channel
  ---
  duration_ms: 3124.303318
  type: 'test'
  ...
# Subtest: native refuses forged, public and cross-reference rejection traffic with positive packets on the same live channel
ok 107 - native refuses forged, public and cross-reference rejection traffic with positive packets on the same live channel
  ---
  duration_ms: 2843.71598
  type: 'test'
  ...
# Subtest: node visitor receives an owner-signed private refusal from the other engine and never resumes the declined proposal after restart
ok 108 - node visitor receives an owner-signed private refusal from the other engine and never resumes the declined proposal after restart
  ---
  duration_ms: 9683.780948
  type: 'test'
  ...
# Subtest: native visitor receives an owner-signed private refusal from the other engine and never resumes the declined proposal after restart
ok 109 - native visitor receives an owner-signed private refusal from the other engine and never resumes the declined proposal after restart
  ---
  duration_ms: 9902.586833
  type: 'test'
  ...
# Subtest: late rejection survives an opaque seeder takeover and records reception without reviving a cancelled visitor proposal
ok 110 - late rejection survives an opaque seeder takeover and records reception without reviving a cancelled visitor proposal
  ---
  duration_ms: 11974.803537
  type: 'test'
  ...
# Subtest: late rejection survives an opaque seeder takeover and records reception without reviving a expired visitor proposal
ok 111 - late rejection survives an opaque seeder takeover and records reception without reviving a expired visitor proposal
  ---
  duration_ms: 23998.751002
  type: 'test'
  ...
# (node:886813) ExperimentalWarning: SQLite is an experimental feature and might change at any time
# (Use `node --trace-warnings ...` to show where the warning was created)
# Subtest: node owner decision releases the proposal in the same commit and other engine resumes its exact encrypted refusal
ok 112 - node owner decision releases the proposal in the same commit and other engine resumes its exact encrypted refusal
  ---
  duration_ms: 9726.166616
  type: 'test'
  ...
# Subtest: go owner decision releases the proposal in the same commit and other engine resumes its exact encrypted refusal
ok 113 - go owner decision releases the proposal in the same commit and other engine resumes its exact encrypted refusal
  ---
  duration_ms: 10764.169896
  type: 'test'
  ...
# Subtest: node refusal reject crash before-commit preserves the exact atomic boundary in the other engine
ok 114 - node refusal reject crash before-commit preserves the exact atomic boundary in the other engine
  ---
  duration_ms: 3364.779672
  type: 'test'
  ...
# Subtest: node refusal reject crash after-command preserves the exact atomic boundary in the other engine
ok 115 - node refusal reject crash after-command preserves the exact atomic boundary in the other engine
  ---
  duration_ms: 3330.993717
  type: 'test'
  ...
# Subtest: node refusal sign-rejection crash before-commit preserves the exact atomic boundary in the other engine
ok 116 - node refusal sign-rejection crash before-commit preserves the exact atomic boundary in the other engine
  ---
  duration_ms: 3393.500319
  type: 'test'
  ...
# Subtest: node refusal sign-rejection crash after-command preserves the exact atomic boundary in the other engine
ok 117 - node refusal sign-rejection crash after-command preserves the exact atomic boundary in the other engine
  ---
  duration_ms: 3369.214887
  type: 'test'
  ...
# Subtest: node refusal seal-rejection crash before-commit preserves the exact atomic boundary in the other engine
ok 118 - node refusal seal-rejection crash before-commit preserves the exact atomic boundary in the other engine
  ---
  duration_ms: 3417.050964
  type: 'test'
  ...
# Subtest: node refusal seal-rejection crash after-command preserves the exact atomic boundary in the other engine
ok 119 - node refusal seal-rejection crash after-command preserves the exact atomic boundary in the other engine
  ---
  duration_ms: 3400.513568
  type: 'test'
  ...
# Subtest: node refusal copy-rejection crash before-commit preserves the exact atomic boundary in the other engine
ok 120 - node refusal copy-rejection crash before-commit preserves the exact atomic boundary in the other engine
  ---
  duration_ms: 3447.048476
  type: 'test'
  ...
# Subtest: node refusal copy-rejection crash after-command preserves the exact atomic boundary in the other engine
ok 121 - node refusal copy-rejection crash after-command preserves the exact atomic boundary in the other engine
  ---
  duration_ms: 3426.94296
  type: 'test'
  ...
# Subtest: go refusal reject crash before-commit preserves the exact atomic boundary in the other engine
ok 122 - go refusal reject crash before-commit preserves the exact atomic boundary in the other engine
  ---
  duration_ms: 2241.683323
  type: 'test'
  ...
# Subtest: go refusal reject crash after-command preserves the exact atomic boundary in the other engine
ok 123 - go refusal reject crash after-command preserves the exact atomic boundary in the other engine
  ---
  duration_ms: 2210.235602
  type: 'test'
  ...
# Subtest: go refusal sign-rejection crash before-commit preserves the exact atomic boundary in the other engine
ok 124 - go refusal sign-rejection crash before-commit preserves the exact atomic boundary in the other engine
  ---
  duration_ms: 2245.145685
  type: 'test'
  ...
# Subtest: go refusal sign-rejection crash after-command preserves the exact atomic boundary in the other engine
ok 125 - go refusal sign-rejection crash after-command preserves the exact atomic boundary in the other engine
  ---
  duration_ms: 2242.846474
  type: 'test'
  ...
# Subtest: go refusal seal-rejection crash before-commit preserves the exact atomic boundary in the other engine
ok 126 - go refusal seal-rejection crash before-commit preserves the exact atomic boundary in the other engine
  ---
  duration_ms: 2289.016998
  type: 'test'
  ...
# Subtest: go refusal seal-rejection crash after-command preserves the exact atomic boundary in the other engine
ok 127 - go refusal seal-rejection crash after-command preserves the exact atomic boundary in the other engine
  ---
  duration_ms: 2303.345882
  type: 'test'
  ...
# Subtest: go refusal copy-rejection crash before-commit preserves the exact atomic boundary in the other engine
ok 128 - go refusal copy-rejection crash before-commit preserves the exact atomic boundary in the other engine
  ---
  duration_ms: 2363.291313
  type: 'test'
  ...
# Subtest: go refusal copy-rejection crash after-command preserves the exact atomic boundary in the other engine
ok 129 - go refusal copy-rejection crash after-command preserves the exact atomic boundary in the other engine
  ---
  duration_ms: 2321.007597
  type: 'test'
  ...
# Subtest: refusal stage corruption is refused by both engines and cannot be hidden by expiry
ok 130 - refusal stage corruption is refused by both engines and cannot be hidden by expiry
  ---
  duration_ms: 2194.94286
  type: 'test'
  ...
# Subtest: concurrent Go and Node rejection writers commit one envelope while the losing writer observes the committed bytes
ok 131 - concurrent Go and Node rejection writers commit one envelope while the losing writer observes the committed bytes
  ---
  duration_ms: 2513.957233
  type: 'test'
  ...
# Subtest: node private proposals cross TCP/serial and an opaque seeder takes over after sender exit
ok 132 - node private proposals cross TCP/serial and an opaque seeder takes over after sender exit
  ---
  duration_ms: 7355.461103
  type: 'test'
  ...
# Subtest: native private proposals cross TCP/serial and an opaque seeder takes over after sender exit
ok 133 - native private proposals cross TCP/serial and an opaque seeder takes over after sender exit
  ---
  duration_ms: 7098.101856
  type: 'test'
  ...
# Subtest: node sends a private site proposal over real TCP and the owner resolves its signed form
ok 134 - node sends a private site proposal over real TCP and the owner resolves its signed form
  ---
  duration_ms: 1060.211898
  type: 'test'
  ...
# Subtest: native sends a private site proposal over real TCP and the owner resolves its signed form
ok 135 - native sends a private site proposal over real TCP and the owner resolves its signed form
  ---
  duration_ms: 855.965381
  type: 'test'
  ...
# Subtest: node restarts a private proposal queue and heals a partition without renewing its envelope
ok 136 - node restarts a private proposal queue and heals a partition without renewing its envelope
  ---
  duration_ms: 1607.182912
  type: 'test'
  ...
# Subtest: native restarts a private proposal queue and heals a partition without renewing its envelope
ok 137 - native restarts a private proposal queue and heals a partition without renewing its envelope
  ---
  duration_ms: 1539.851384
  type: 'test'
  ...
# Subtest: node proposal source held only in its private queue recovers across real TCP with both relays paused
ok 138 - node proposal source held only in its private queue recovers across real TCP with both relays paused
  ---
  duration_ms: 1665.741021
  type: 'test'
  ...
# Subtest: node proposal source held only in its private queue cancels across real TCP with both relays paused
ok 139 - node proposal source held only in its private queue cancels across real TCP with both relays paused
  ---
  duration_ms: 3200.447399
  type: 'test'
  ...
# Subtest: node proposal source held only in its private queue blocks across real TCP with both relays paused
ok 140 - node proposal source held only in its private queue blocks across real TCP with both relays paused
  ---
  duration_ms: 6726.910988
  type: 'test'
  ...
# Subtest: native proposal source held only in its private queue recovers across real TCP with both relays paused
ok 141 - native proposal source held only in its private queue recovers across real TCP with both relays paused
  ---
  duration_ms: 1410.712995
  type: 'test'
  ...
# Subtest: native proposal source held only in its private queue cancels across real TCP with both relays paused
ok 142 - native proposal source held only in its private queue cancels across real TCP with both relays paused
  ---
  duration_ms: 2964.718386
  type: 'test'
  ...
# Subtest: native proposal source held only in its private queue blocks across real TCP with both relays paused
ok 143 - native proposal source held only in its private queue blocks across real TCP with both relays paused
  ---
  duration_ms: 6623.962402
  type: 'test'
  ...
# (node:895297) ExperimentalWarning: SQLite is an experimental feature and might change at any time
# (Use `node --trace-warnings ...` to show where the warning was created)
# Subtest: an authenticated outer SQLite database cannot transpose unpublished signatures from site into the resource namespace
ok 144 - an authenticated outer SQLite database cannot transpose unpublished signatures from site into the resource namespace
  ---
  duration_ms: 1161.662115
  type: 'test'
  ...
# Subtest: an authenticated outer SQLite database cannot transpose unpublished signatures from resource into the site namespace
ok 145 - an authenticated outer SQLite database cannot transpose unpublished signatures from resource into the site namespace
  ---
  duration_ms: 54.601561
  type: 'test'
  ...
# Subtest: an authenticated outer SQLite database cannot transpose unpublished signatures from site into the contribution namespace
ok 146 - an authenticated outer SQLite database cannot transpose unpublished signatures from site into the contribution namespace
  ---
  duration_ms: 53.159538
  type: 'test'
  ...
# Subtest: an authenticated outer SQLite database cannot transpose unpublished signatures from contribution into the site namespace
ok 147 - an authenticated outer SQLite database cannot transpose unpublished signatures from contribution into the site namespace
  ---
  duration_ms: 51.412503
  type: 'test'
  ...
# Subtest: an authenticated outer SQLite database cannot transpose unpublished signatures from resource into the contribution namespace
ok 148 - an authenticated outer SQLite database cannot transpose unpublished signatures from resource into the contribution namespace
  ---
  duration_ms: 53.179876
  type: 'test'
  ...
# Subtest: an authenticated outer SQLite database cannot transpose unpublished signatures from contribution into the resource namespace
ok 149 - an authenticated outer SQLite database cannot transpose unpublished signatures from contribution into the resource namespace
  ---
  duration_ms: 53.443239
  type: 'test'
  ...
# Subtest: an authenticated outer SQLite database cannot transpose unpublished signatures from site into the contribution-inbox namespace
ok 150 - an authenticated outer SQLite database cannot transpose unpublished signatures from site into the contribution-inbox namespace
  ---
  duration_ms: 57.397183
  type: 'test'
  ...
# Subtest: an authenticated outer SQLite database cannot transpose unpublished signatures from contribution-inbox into the site namespace
ok 151 - an authenticated outer SQLite database cannot transpose unpublished signatures from contribution-inbox into the site namespace
  ---
  duration_ms: 53.87007
  type: 'test'
  ...
# Subtest: an authenticated outer SQLite database cannot transpose unpublished signatures from resource into the contribution-inbox namespace
ok 152 - an authenticated outer SQLite database cannot transpose unpublished signatures from resource into the contribution-inbox namespace
  ---
  duration_ms: 55.244778
  type: 'test'
  ...
# Subtest: an authenticated outer SQLite database cannot transpose unpublished signatures from contribution-inbox into the resource namespace
ok 153 - an authenticated outer SQLite database cannot transpose unpublished signatures from contribution-inbox into the resource namespace
  ---
  duration_ms: 53.187881
  type: 'test'
  ...
# Subtest: an authenticated outer SQLite database cannot transpose unpublished signatures from contribution into the contribution-inbox namespace
ok 154 - an authenticated outer SQLite database cannot transpose unpublished signatures from contribution into the contribution-inbox namespace
  ---
  duration_ms: 59.366866
  type: 'test'
  ...
# Subtest: an authenticated outer SQLite database cannot transpose unpublished signatures from contribution-inbox into the contribution namespace
ok 155 - an authenticated outer SQLite database cannot transpose unpublished signatures from contribution-inbox into the contribution namespace
  ---
  duration_ms: 61.814776
  type: 'test'
  ...
# Subtest: an authenticated outer SQLite database cannot transpose unpublished signatures from contribution-receipt into the site namespace
ok 156 - an authenticated outer SQLite database cannot transpose unpublished signatures from contribution-receipt into the site namespace
  ---
  duration_ms: 52.240474
  type: 'test'
  ...
# Subtest: an authenticated outer SQLite database cannot transpose unpublished signatures from site into the contribution-receipt namespace
ok 157 - an authenticated outer SQLite database cannot transpose unpublished signatures from site into the contribution-receipt namespace
  ---
  duration_ms: 53.500096
  type: 'test'
  ...
# Subtest: an authenticated outer SQLite database cannot transpose unpublished signatures from contribution-receipt into the resource namespace
ok 158 - an authenticated outer SQLite database cannot transpose unpublished signatures from contribution-receipt into the resource namespace
  ---
  duration_ms: 52.573228
  type: 'test'
  ...
# Subtest: an authenticated outer SQLite database cannot transpose unpublished signatures from resource into the contribution-receipt namespace
ok 159 - an authenticated outer SQLite database cannot transpose unpublished signatures from resource into the contribution-receipt namespace
  ---
  duration_ms: 54.059174
  type: 'test'
  ...
# Subtest: an authenticated outer SQLite database cannot transpose unpublished signatures from contribution-receipt into the contribution namespace
ok 160 - an authenticated outer SQLite database cannot transpose unpublished signatures from contribution-receipt into the contribution namespace
  ---
  duration_ms: 56.443164
  type: 'test'
  ...
# Subtest: an authenticated outer SQLite database cannot transpose unpublished signatures from contribution into the contribution-receipt namespace
ok 161 - an authenticated outer SQLite database cannot transpose unpublished signatures from contribution into the contribution-receipt namespace
  ---
  duration_ms: 51.978994
  type: 'test'
  ...
# Subtest: an authenticated outer SQLite database cannot transpose unpublished signatures from contribution-receipt into the contribution-inbox namespace
ok 162 - an authenticated outer SQLite database cannot transpose unpublished signatures from contribution-receipt into the contribution-inbox namespace
  ---
  duration_ms: 52.225898
  type: 'test'
  ...
# Subtest: an authenticated outer SQLite database cannot transpose unpublished signatures from contribution-inbox into the contribution-receipt namespace
ok 163 - an authenticated outer SQLite database cannot transpose unpublished signatures from contribution-inbox into the contribution-receipt namespace
  ---
  duration_ms: 52.289707
  type: 'test'
  ...
# Subtest: an authenticated outer SQLite database cannot transpose unpublished signatures from contribution-rejection into the site namespace
ok 164 - an authenticated outer SQLite database cannot transpose unpublished signatures from contribution-rejection into the site namespace
  ---
  duration_ms: 53.685123
  type: 'test'
  ...
# Subtest: an authenticated outer SQLite database cannot transpose unpublished signatures from site into the contribution-rejection namespace
ok 165 - an authenticated outer SQLite database cannot transpose unpublished signatures from site into the contribution-rejection namespace
  ---
  duration_ms: 57.046555
  type: 'test'
  ...
# Subtest: an authenticated outer SQLite database cannot transpose unpublished signatures from contribution-rejection into the resource namespace
ok 166 - an authenticated outer SQLite database cannot transpose unpublished signatures from contribution-rejection into the resource namespace
  ---
  duration_ms: 53.743623
  type: 'test'
  ...
# Subtest: an authenticated outer SQLite database cannot transpose unpublished signatures from resource into the contribution-rejection namespace
ok 167 - an authenticated outer SQLite database cannot transpose unpublished signatures from resource into the contribution-rejection namespace
  ---
  duration_ms: 51.321462
  type: 'test'
  ...
# Subtest: an authenticated outer SQLite database cannot transpose unpublished signatures from contribution-rejection into the contribution namespace
ok 168 - an authenticated outer SQLite database cannot transpose unpublished signatures from contribution-rejection into the contribution namespace
  ---
  duration_ms: 56.084201
  type: 'test'
  ...
# Subtest: an authenticated outer SQLite database cannot transpose unpublished signatures from contribution into the contribution-rejection namespace
ok 169 - an authenticated outer SQLite database cannot transpose unpublished signatures from contribution into the contribution-rejection namespace
  ---
  duration_ms: 53.227335
  type: 'test'
  ...
# Subtest: an authenticated outer SQLite database cannot transpose unpublished signatures from contribution-rejection into the contribution-inbox namespace
ok 170 - an authenticated outer SQLite database cannot transpose unpublished signatures from contribution-rejection into the contribution-inbox namespace
  ---
  duration_ms: 52.421544
  type: 'test'
  ...
# Subtest: an authenticated outer SQLite database cannot transpose unpublished signatures from contribution-inbox into the contribution-rejection namespace
ok 171 - an authenticated outer SQLite database cannot transpose unpublished signatures from contribution-inbox into the contribution-rejection namespace
  ---
  duration_ms: 51.02716
  type: 'test'
  ...
# Subtest: an authenticated outer SQLite database cannot transpose unpublished signatures from contribution-rejection into the contribution-receipt namespace
ok 172 - an authenticated outer SQLite database cannot transpose unpublished signatures from contribution-rejection into the contribution-receipt namespace
  ---
  duration_ms: 52.999948
  type: 'test'
  ...
# Subtest: an authenticated outer SQLite database cannot transpose unpublished signatures from contribution-receipt into the contribution-rejection namespace
ok 173 - an authenticated outer SQLite database cannot transpose unpublished signatures from contribution-receipt into the contribution-rejection namespace
  ---
  duration_ms: 58.725032
  type: 'test'
  ...
# Subtest: Node and a real Go process exchange signing-protected site records in the same SQLite database
ok 174 - Node and a real Go process exchange signing-protected site records in the same SQLite database
  ---
  duration_ms: 1716.656843
  type: 'test'
  ...
# Subtest: Node and a real Go process exchange signing-protected resource records in the same SQLite database
ok 175 - Node and a real Go process exchange signing-protected resource records in the same SQLite database
  ---
  duration_ms: 1702.172887
  type: 'test'
  ...
# Subtest: Node and a real Go process exchange signing-protected contribution records in the same SQLite database
ok 176 - Node and a real Go process exchange signing-protected contribution records in the same SQLite database
  ---
  duration_ms: 1725.221049
  type: 'test'
  ...
# Subtest: Node and a real Go process exchange signing-protected contribution-inbox records in the same SQLite database
ok 177 - Node and a real Go process exchange signing-protected contribution-inbox records in the same SQLite database
  ---
  duration_ms: 1706.890051
  type: 'test'
  ...
# Subtest: Node and a real Go process exchange signing-protected contribution-receipt records in the same SQLite database
ok 178 - Node and a real Go process exchange signing-protected contribution-receipt records in the same SQLite database
  ---
  duration_ms: 1705.397172
  type: 'test'
  ...
# Subtest: Node and a real Go process exchange signing-protected contribution-rejection records in the same SQLite database
ok 179 - Node and a real Go process exchange signing-protected contribution-rejection records in the same SQLite database
  ---
  duration_ms: 1709.119831
  type: 'test'
  ...
# Subtest: Go rejects a Node encrypted site value transplanted into another authenticated store
ok 180 - Go rejects a Node encrypted site value transplanted into another authenticated store
  ---
  duration_ms: 67.948384
  type: 'test'
  ...
# Subtest: Go rejects a Node encrypted resource value transplanted into another authenticated store
ok 181 - Go rejects a Node encrypted resource value transplanted into another authenticated store
  ---
  duration_ms: 64.234112
  type: 'test'
  ...
# Subtest: Go rejects a Node encrypted contribution value transplanted into another authenticated store
ok 182 - Go rejects a Node encrypted contribution value transplanted into another authenticated store
  ---
  duration_ms: 58.94242
  type: 'test'
  ...
# Subtest: Go rejects a Node encrypted contribution-inbox value transplanted into another authenticated store
ok 183 - Go rejects a Node encrypted contribution-inbox value transplanted into another authenticated store
  ---
  duration_ms: 61.962943
  type: 'test'
  ...
# Subtest: Go rejects a Node encrypted contribution-receipt value transplanted into another authenticated store
ok 184 - Go rejects a Node encrypted contribution-receipt value transplanted into another authenticated store
  ---
  duration_ms: 62.657926
  type: 'test'
  ...
# Subtest: Go rejects a Node encrypted contribution-rejection value transplanted into another authenticated store
ok 185 - Go rejects a Node encrypted contribution-rejection value transplanted into another authenticated store
  ---
  duration_ms: 58.887898
  type: 'test'
  ...
1..185
# tests 185
# suites 0
# pass 185
# fail 0
# cancelled 0
# skipped 0
# todo 0
# duration_ms 511449.651254
