
Running 72 tests using 1 worker

(node:1902592) Warning: The 'NO_COLOR' env is ignored due to the 'FORCE_COLOR' env being set.
(Use `node --trace-warnings ...` to show where the warning was created)
  ✓   1 [chromium] › tests/browser/application.spec.ts:75:1 › autonomous Liquid Glass UI owns identity and offline outbox, connects through real RTC, receives signed confirmations and survives reload (8.2s)
  ✓   2 [chromium] › tests/browser/application.spec.ts:204:1 › autonomous social actions and safe signed site builder persist and remain viewable after author closes (15.4s)
  ✓   3 [chromium] › tests/browser/application.spec.ts:359:1 › production worker keeps private keys out of replies and recovers an applied send after the UI response is lost (22.4s)
  ✓   4 [chromium] › tests/browser/application.spec.ts:466:1 › a second tab cannot take ownership of a live application profile and an unknown or corrupt profile is never silently reset (1.8s)
  ✓   5 [chromium] › tests/browser/application.spec.ts:523:1 › cached application code and encrypted profile reopen when the static host is unavailable, without installing the PWA (3.8s)
  ✓   6 [chromium] › tests/browser/application.spec.ts:589:1 › corrupted cached worker is rejected offline and recovered only from verified available code (1.3s)
  ✓   7 [chromium] › tests/browser/connectivity.spec.ts:98:1 › both pending outboxes deliver after completing signalling; modes stay separate and diagnostics contain no secrets (13.0s)
  ✓   8 [chromium] › tests/browser/connectivity.spec.ts:242:1 › closing while a code is being generated releases the late pending peer (4.6s)
  ✓   9 [chromium] › tests/browser/contact-relay.spec.ts:121:1 › imported contact immediately appears once, survives reload and becomes the first real DM without a duplicate (4.7s)
  ✓  10 [chromium] › tests/browser/contact-relay.spec.ts:208:1 › relay consent through the UI gates a real A to B to C path and does not grant B private reading (32.4s)
  ✓  11 [chromium] › tests/browser/large-site-draft.spec.ts:13:1 › an allowed large site image saves through the UI and survives encrypted browser restart (7.3s)
  ✓  12 [chromium] › tests/browser/mobile-navigation.spec.ts:13:1 › a single touch activates compact sidebar destinations after an open conversation hides the dock (1.4s)
  ✓  13 [chromium] › tests/browser/onboarding-language.spec.ts:13:1 › initial language, product guide and appearance work without altering identity form values (1.9s)
  ✓  14 [chromium] › tests/browser/onboarding-language.spec.ts:133:1 › English and Spanish identities exchange encrypted messages and files without translating authored text (10.2s)
  ✓  15 [chromium] › tests/browser/onboarding-language.spec.ts:365:1 › a blocked tab can change UI language while the owning identity remains intact (1.3s)
  ✓  16 [chromium] › tests/browser/onboarding-language.spec.ts:455:1 › unavailable preference storage and localized form validation never reset a profile (1.2s)
  ✓  17 [chromium] › tests/browser/onboarding-language.spec.ts:534:1 › saving one preference does not hide a different unsaved preference (777ms)
  ✓  18 [chromium] › tests/browser/public-distribution.checks.ts:6:1 › public build serves every integrity-pinned asset below its prefix, with no daemon entry (56ms)
  ✓  19 [chromium] › tests/browser/public-distribution.checks.ts:59:1 › subpath offline installation preserves other installations' caches and uses no external runtime (739ms)
  ✓  20 [chromium] › tests/browser/site-language.spec.ts:115:1 › three multilingual identities edit signed pages, preserve original text and seed to a new reader after author closes (19.4s)
  ✓  21 [chromium] › tests/browser/site-pages.spec.ts:65:1 › web users copy pages, reorder with keyboard, reopen encrypted drafts and read the signed result after the author closes (11.0s)
  ✓  22 [chromium] › tests/browser/site-studio.spec.ts:77:1 › multipage studio saves encrypted draft, rejects executable imports and a consenting reader seeds it to a new browser after author closes (21.8s)
  ✓  23 [chromium] › tests/browser/site-studio.spec.ts:351:1 › studio keyboard navigation, nested drag, duplicate, reparent and page references stay editable on a narrow screen (3.1s)
  ✓  24 [chromium] › tests/browser/site-studio.spec.ts:425:1 › dense three-level compositions keep all controls inside their blocks and preserve contrast across palettes and app themes (9.1s)
(node:1920865) Warning: The 'NO_COLOR' env is ignored due to the 'FORCE_COLOR' env being set.
(Use `node --trace-warnings ...` to show where the warning was created)
  ✓  25 [firefox] › tests/browser/application.spec.ts:75:1 › autonomous Liquid Glass UI owns identity and offline outbox, connects through real RTC, receives signed confirmations and survives reload (11.8s)
  ✓  26 [firefox] › tests/browser/application.spec.ts:204:1 › autonomous social actions and safe signed site builder persist and remain viewable after author closes (15.8s)
  ✓  27 [firefox] › tests/browser/application.spec.ts:359:1 › production worker keeps private keys out of replies and recovers an applied send after the UI response is lost (24.5s)
  ✓  28 [firefox] › tests/browser/application.spec.ts:466:1 › a second tab cannot take ownership of a live application profile and an unknown or corrupt profile is never silently reset (2.3s)
  ✓  29 [firefox] › tests/browser/application.spec.ts:523:1 › cached application code and encrypted profile reopen when the static host is unavailable, without installing the PWA (4.1s)
  ✓  30 [firefox] › tests/browser/application.spec.ts:589:1 › corrupted cached worker is rejected offline and recovered only from verified available code (1.7s)
  ✓  31 [firefox] › tests/browser/connectivity.spec.ts:98:1 › both pending outboxes deliver after completing signalling; modes stay separate and diagnostics contain no secrets (13.9s)
  ✓  32 [firefox] › tests/browser/connectivity.spec.ts:242:1 › closing while a code is being generated releases the late pending peer (4.6s)
  ✓  33 [firefox] › tests/browser/contact-relay.spec.ts:121:1 › imported contact immediately appears once, survives reload and becomes the first real DM without a duplicate (6.6s)
  ✓  34 [firefox] › tests/browser/contact-relay.spec.ts:208:1 › relay consent through the UI gates a real A to B to C path and does not grant B private reading (32.5s)
  ✓  35 [firefox] › tests/browser/large-site-draft.spec.ts:13:1 › an allowed large site image saves through the UI and survives encrypted browser restart (10.0s)
  ✓  36 [firefox] › tests/browser/mobile-navigation.spec.ts:13:1 › a single touch activates compact sidebar destinations after an open conversation hides the dock (1.5s)
  ✓  37 [firefox] › tests/browser/onboarding-language.spec.ts:13:1 › initial language, product guide and appearance work without altering identity form values (3.1s)
  ✓  38 [firefox] › tests/browser/onboarding-language.spec.ts:133:1 › English and Spanish identities exchange encrypted messages and files without translating authored text (11.0s)
  ✓  39 [firefox] › tests/browser/onboarding-language.spec.ts:365:1 › a blocked tab can change UI language while the owning identity remains intact (2.2s)
  ✓  40 [firefox] › tests/browser/onboarding-language.spec.ts:455:1 › unavailable preference storage and localized form validation never reset a profile (1.9s)
  ✓  41 [firefox] › tests/browser/onboarding-language.spec.ts:534:1 › saving one preference does not hide a different unsaved preference (1.0s)
  ✓  42 [firefox] › tests/browser/public-distribution.checks.ts:6:1 › public build serves every integrity-pinned asset below its prefix, with no daemon entry (48ms)
  ✓  43 [firefox] › tests/browser/public-distribution.checks.ts:59:1 › subpath offline installation preserves other installations' caches and uses no external runtime (1.3s)
  ✓  44 [firefox] › tests/browser/site-language.spec.ts:115:1 › three multilingual identities edit signed pages, preserve original text and seed to a new reader after author closes (21.5s)
  ✓  45 [firefox] › tests/browser/site-pages.spec.ts:65:1 › web users copy pages, reorder with keyboard, reopen encrypted drafts and read the signed result after the author closes (13.6s)
  ✓  46 [firefox] › tests/browser/site-studio.spec.ts:77:1 › multipage studio saves encrypted draft, rejects executable imports and a consenting reader seeds it to a new browser after author closes (26.6s)
  ✓  47 [firefox] › tests/browser/site-studio.spec.ts:351:1 › studio keyboard navigation, nested drag, duplicate, reparent and page references stay editable on a narrow screen (3.8s)
  ✓  48 [firefox] › tests/browser/site-studio.spec.ts:425:1 › dense three-level compositions keep all controls inside their blocks and preserve contrast across palettes and app themes (11.4s)
(node:1943416) Warning: The 'NO_COLOR' env is ignored due to the 'FORCE_COLOR' env being set.
(Use `node --trace-warnings ...` to show where the warning was created)
  ✓  49 [webkit] › tests/browser/application.spec.ts:75:1 › autonomous Liquid Glass UI owns identity and offline outbox, connects through real RTC, receives signed confirmations and survives reload (13.3s)
  ✓  50 [webkit] › tests/browser/application.spec.ts:204:1 › autonomous social actions and safe signed site builder persist and remain viewable after author closes (18.9s)
  ✓  51 [webkit] › tests/browser/application.spec.ts:359:1 › production worker keeps private keys out of replies and recovers an applied send after the UI response is lost (24.8s)
  ✓  52 [webkit] › tests/browser/application.spec.ts:466:1 › a second tab cannot take ownership of a live application profile and an unknown or corrupt profile is never silently reset (3.4s)
  ✓  53 [webkit] › tests/browser/application.spec.ts:523:1 › cached application code and encrypted profile reopen when the static host is unavailable, without installing the PWA (4.5s)
  ✓  54 [webkit] › tests/browser/application.spec.ts:589:1 › corrupted cached worker is rejected offline and recovered only from verified available code (2.1s)
  ✓  55 [webkit] › tests/browser/connectivity.spec.ts:98:1 › both pending outboxes deliver after completing signalling; modes stay separate and diagnostics contain no secrets (15.5s)
  ✓  56 [webkit] › tests/browser/connectivity.spec.ts:242:1 › closing while a code is being generated releases the late pending peer (4.9s)
  ✓  57 [webkit] › tests/browser/contact-relay.spec.ts:121:1 › imported contact immediately appears once, survives reload and becomes the first real DM without a duplicate (7.1s)
  ✓  58 [webkit] › tests/browser/contact-relay.spec.ts:208:1 › relay consent through the UI gates a real A to B to C path and does not grant B private reading (44.3s)
  ✓  59 [webkit] › tests/browser/large-site-draft.spec.ts:13:1 › an allowed large site image saves through the UI and survives encrypted browser restart (17.9s)
  ✓  60 [webkit] › tests/browser/mobile-navigation.spec.ts:13:1 › a single touch activates compact sidebar destinations after an open conversation hides the dock (2.2s)
  ✓  61 [webkit] › tests/browser/onboarding-language.spec.ts:13:1 › initial language, product guide and appearance work without altering identity form values (3.5s)
  ✓  62 [webkit] › tests/browser/onboarding-language.spec.ts:133:1 › English and Spanish identities exchange encrypted messages and files without translating authored text (14.0s)
  ✓  63 [webkit] › tests/browser/onboarding-language.spec.ts:365:1 › a blocked tab can change UI language while the owning identity remains intact (3.2s)
  ✓  64 [webkit] › tests/browser/onboarding-language.spec.ts:455:1 › unavailable preference storage and localized form validation never reset a profile (2.9s)
  ✓  65 [webkit] › tests/browser/onboarding-language.spec.ts:534:1 › saving one preference does not hide a different unsaved preference (1.6s)
  ✓  66 [webkit] › tests/browser/public-distribution.checks.ts:6:1 › public build serves every integrity-pinned asset below its prefix, with no daemon entry (65ms)
  ✓  67 [webkit] › tests/browser/public-distribution.checks.ts:59:1 › subpath offline installation preserves other installations' caches and uses no external runtime (1.4s)
  ✓  68 [webkit] › tests/browser/site-language.spec.ts:115:1 › three multilingual identities edit signed pages, preserve original text and seed to a new reader after author closes (22.2s)
  ✓  69 [webkit] › tests/browser/site-pages.spec.ts:65:1 › web users copy pages, reorder with keyboard, reopen encrypted drafts and read the signed result after the author closes (13.7s)
  ✓  70 [webkit] › tests/browser/site-studio.spec.ts:77:1 › multipage studio saves encrypted draft, rejects executable imports and a consenting reader seeds it to a new browser after author closes (29.2s)
  ✓  71 [webkit] › tests/browser/site-studio.spec.ts:351:1 › studio keyboard navigation, nested drag, duplicate, reparent and page references stay editable on a narrow screen (4.5s)
  ✓  72 [webkit] › tests/browser/site-studio.spec.ts:425:1 › dense three-level compositions keep all controls inside their blocks and preserve contrast across palettes and app themes (10.5s)

  72 passed (11.6m)
