(node:3741061) ExperimentalWarning: SQLite is an experimental feature and might change at any time
(Use `node --trace-warnings ...` to show where the warning was created)

Running 21 tests using 1 worker

(node:3741098) Warning: The 'NO_COLOR' env is ignored due to the 'FORCE_COLOR' env being set.
(Use `node --trace-warnings ...` to show where the warning was created)
  ✓   1 tests/e2e/dynamic-groups.spec.ts:8:1 › a new group version preserves the draft, requires audience review, and lock removes the group dialog (8.1s)
  ✓   2 tests/e2e/dynamic-groups.spec.ts:79:1 › Liquid Glass groups create, invite, consent, approve, message and leave through two real clients (18.1s)
  ✓   3 tests/e2e/flows.spec.ts:58:1 › two live clients: identities, connection, message, attachment, reaction, group, social, safe site and offline recovery (30.0s)
(node:3741098) ExperimentalWarning: SQLite is an experimental feature and might change at any time
  ✓   4 tests/e2e/group-outbox.spec.ts:9:1 › real runtime group outbox shows proof pause and terminal stop with accessible recovery guidance (9.4s)
  ✓   5 tests/e2e/liquid-glass.spec.ts:40:1 › command search uses real authorised peer messages, preserves drafts and forgets private queries on lock (8.1s)
  ✓   6 tests/e2e/liquid-glass.spec.ts:187:1 › glass respects device effects, low power, contrast and keyboard access across responsive screens (15.8s)
  ✓   7 tests/e2e/long-dialog.spec.ts:6:1 › a cached site dialog is visible and reachable after scrolling a long mobile contact list (3.9s)
  ✓   8 tests/e2e/notifications.spec.ts:166:1 › notification stubs verify explicit opt-in, private filtering, coalescing, privacy and persistence (24.2s)
  ✓   9 tests/e2e/notifications.spec.ts:303:1 › lock, identity switch and cancelled permission close notices and invalidate pending work (9.9s)
  ✓  10 tests/e2e/notifications.spec.ts:406:1 › denied, unavailable and failed notification APIs remain honest inactive states (3.2s)
  ✓  11 tests/e2e/onboarding-layout.spec.ts:8:1 › onboarding fits the native minimum window and intermediate widths with keyboard access (2.7s)
  ✓  12 tests/e2e/outbox.spec.ts:61:1 › durable composer retries a lost response once, survives restart, and shows distinct real received/read states (16.0s)
  ✓  13 tests/e2e/outbox.spec.ts:201:1 › expired pending sends remain visible without delivery, and locking clears the outbox UI (7.8s)
  ✓  14 tests/e2e/outbox.spec.ts:250:1 › an absent record after an uncertain response requires an explicit new-send choice (2.3s)
  ✓  15 tests/e2e/outbox.spec.ts:288:1 › legacy group read labels count unique recipients without retained outbox metadata (6.2s)
  ✓  16 tests/e2e/privacy-history.spec.ts:6:1 › an earlier delayed state cannot restore private UI after identity lock (4.8s)
  ✓  17 tests/e2e/privacy-history.spec.ts:70:1 › history page loads older verified posts without inflating the periodic snapshot (4.9s)
  ✓  18 tests/e2e/social.spec.ts:6:1 › named private collections, followed feed, sharing reference and UI persistence (4.8s)
(node:3753307) Warning: The 'NO_COLOR' env is ignored due to the 'FORCE_COLOR' env being set.
(Use `node --trace-warnings ...` to show where the warning was created)
  ✓  19 tests/e2e/media.spec.ts:204:1 › synthetic image, audio, video and fake-microphone voice arrive at a real peer (9.4s)
  ✓  20 tests/e2e/media.spec.ts:377:1 › microphone denial and unsupported recording are explicit and do not add attachments (4.2s)
  ✓  21 tests/e2e/media.spec.ts:430:1 › late permission, recording error, byte cap and virtual duration cap release synthetic tracks (7.0s)

  21 passed (3.4m)
