
> relayloom@0.1.0 test
> tsx --test --test-concurrency=1 tests/*.test.ts

TAP version 13
# (node:1416642) ExperimentalWarning: The MockTimers API is an experimental feature and might change at any time
# (Use `node --trace-warnings ...` to show where the warning was created)
# Subtest: identity proof binds signing address, name and decryption key
ok 1 - identity proof binds signing address, name and decryption key
  ---
  duration_ms: 2.845151
  type: 'test'
  ...
# Subtest: vault encrypts private keys; recovery and wrong-password controls
ok 2 - vault encrypts private keys; recovery and wrong-password controls
  ---
  duration_ms: 252.720104
  type: 'test'
  ...
# Subtest: reader decrypts and seeds but cannot become author; unauthorized reader fails
ok 3 - reader decrypts and seeds but cannot become author; unauthorized reader fails
  ---
  duration_ms: 6.58105
  type: 'test'
  ...
# Subtest: ciphertext, manifest, expiry, depth and address negative controls
ok 4 - ciphertext, manifest, expiry, depth and address negative controls
  ---
  duration_ms: 19.675233
  type: 'test'
  ...
# Subtest: encrypted persistent seed takeover, deduplication, pin/quota, disk corruption
ok 5 - encrypted persistent seed takeover, deduplication, pin/quota, disk corruption
  ---
  duration_ms: 32.421284
  type: 'test'
  ...
# Subtest: object-count cap bounds small-object floods, survives restart and preserves pinned content
ok 6 - object-count cap bounds small-object floods, survives restart and preserves pinned content
  ---
  duration_ms: 141.740874
  type: 'test'
  ...
# Subtest: metadata listing does not replace real viewing order in LRU eviction
ok 7 - metadata listing does not replace real viewing order in LRU eviction
  ---
  duration_ms: 29.565273
  type: 'test'
  ...
# Subtest: cached manifest metadata is isolated, invalidated by disk changes, and never bypasses get verification
ok 8 - cached manifest metadata is isolated, invalidated by disk changes, and never bypasses get verification
  ---
  duration_ms: 17.081644
  type: 'test'
  ...
# Subtest: rejected quota decrease preserves existing files and policy; feasible decrease evicts only unpinned content
ok 9 - rejected quota decrease preserves existing files and policy; feasible decrease evicts only unpinned content
  ---
  duration_ms: 138.239314
  type: 'test'
  ...
# Subtest: invalid persisted index fails safely without deleting verified objects
ok 10 - invalid persisted index fails safely without deleting verified objects
  ---
  duration_ms: 12.86836
  type: 'test'
  ...
# Subtest: strict wire fields and every recipient envelope are validated before accepting signatures
ok 11 - strict wire fields and every recipient envelope are validated before accepting signatures
  ---
  duration_ms: 13.534057
  type: 'test'
  ...
# Subtest: desktop accepts only the owned daemon loopback bootstrap capability
ok 12 - desktop accepts only the owned daemon loopback bootstrap capability
  ---
  duration_ms: 1.926479
  type: 'test'
  ...
# Subtest: desktop request policy blocks other hosts, ports, schemes, subframes and WebSockets
ok 13 - desktop request policy blocks other hosts, ports, schemes, subframes and WebSockets
  ---
  duration_ms: 0.340839
  type: 'test'
  ...
# Subtest: desktop navigation stays on its exact local app and rejects insecure runtime overrides
ok 14 - desktop navigation stays on its exact local app and rejects insecure runtime overrides
  ---
  duration_ms: 1.806184
  type: 'test'
  ...
# Subtest: desktop microphone eligibility excludes cameras, remote documents and subframes
ok 15 - desktop microphone eligibility excludes cameras, remote documents and subframes
  ---
  duration_ms: 0.215163
  type: 'test'
  ...
# Subtest: desktop download defaults cannot contain paths, device names or control bytes
ok 16 - desktop download defaults cannot contain paths, device names or control bytes
  ---
  duration_ms: 0.486692
  type: 'test'
  ...
# Subtest: fixture stop is idempotent after process termination by signal
ok 17 - fixture stop is idempotent after process termination by signal
  ---
  duration_ms: 358.372191
  type: 'test'
  ...
# Subtest: permanent group anchor has real creator signature, exact schema and separate carrier identity
ok 18 - permanent group anchor has real creator signature, exact schema and separate carrier identity
  ---
  duration_ms: 14.845224
  type: 'test'
  ...
# Subtest: invitation and signed consent do not alter roster until the creator commits the exact parent
ok 19 - invitation and signed consent do not alter roster until the creator commits the exact parent
  ---
  duration_ms: 31.545263
  type: 'test'
  ...
# Subtest: newcomer reads real new ciphertext without obtaining historical keys; removed reader cannot read new content
ok 20 - newcomer reads real new ciphertext without obtaining historical keys; removed reader cannot read new content
  ---
  duration_ms: 54.624424
  type: 'test'
  ...
# Subtest: stale, substituted, missing or extra member consents cannot commit a roster
ok 21 - stale, substituted, missing or extra member consents cannot commit a roster
  ---
  duration_ms: 58.987919
  type: 'test'
  ...
# Subtest: removal and rejoin remain restrictive across the complete path even with identical final cards
ok 22 - removal and rejoin remain restrictive across the complete path even with identical final cards
  ---
  duration_ms: 53.666148
  type: 'test'
  ...
# Subtest: creator reading-card replacement preserves signing authority but requires fresh signed consent
ok 23 - creator reading-card replacement preserves signing authority but requires fresh signed consent
  ---
  duration_ms: 39.124394
  type: 'test'
  ...
# Subtest: signed schema tampering, roster duplication, invalid order and snapshot substitution fail
ok 24 - signed schema tampering, roster duplication, invalid order and snapshot substitution fail
  ---
  duration_ms: 29.144474
  type: 'test'
  ...
# Subtest: closure preserves the committed historical state and reserves the final epoch
ok 25 - closure preserves the committed historical state and reserves the final epoch
  ---
  duration_ms: 41.275904
  type: 'test'
  ...
# Subtest: a valid creator fork cannot masquerade as a contiguous successor or grant reader authority
ok 26 - a valid creator fork cannot masquerade as a contiguous successor or grant reader authority
  ---
  duration_ms: 36.700632
  type: 'test'
  ...
# Subtest: full 64-member roster is bounded; capacity and title failures do not mutate its parent
ok 27 - full 64-member roster is bounded; capacity and title failures do not mutate its parent
  ---
  duration_ms: 506.553282
  type: 'test'
  ...
# Subtest: member leave is a signed request with no direct roster effect and cannot replace creator closure
ok 28 - member leave is a signed request with no direct roster effect and cannot replace creator closure
  ---
  duration_ms: 34.746621
  type: 'test'
  ...
# (node:1416734) ExperimentalWarning: SQLite is an experimental feature and might change at any time
# (Use `node --trace-warnings ...` to show where the warning was created)
# Subtest: encrypted metadata survives close/reopen; uncommitted work and transaction handles cannot escape
ok 29 - encrypted metadata survives close/reopen; uncommitted work and transaction handles cannot escape
  ---
  duration_ms: 36.25649
  type: 'test'
  ...
# Subtest: absence, truncation, wrong identity, wrong signing authority and extra SQL schema fail closed
ok 30 - absence, truncation, wrong identity, wrong signing authority and extra SQL schema fail closed
  ---
  duration_ms: 18.498659
  type: 'test'
  ...
# Subtest: valid encryption with only the reading key cannot forge a locally signed fence
ok 31 - valid encryption with only the reading key cannot forge a locally signed fence
  ---
  duration_ms: 24.588228
  type: 'test'
  ...
# Subtest: checkpoint corruption, deletion, wrong SQL type and oversize are rejected before trusting state
ok 32 - checkpoint corruption, deletion, wrong SQL type and oversize are rejected before trusting state
  ---
  duration_ms: 42.125496
  type: 'test'
  ...
# Subtest: complete valid backup rollback is an explicit limitation; a pinned different registry is rejected
ok 33 - complete valid backup rollback is an explicit limitation; a pinned different registry is rejected
  ---
  duration_ms: 25.816499
  type: 'test'
  ...
# Subtest: ciphertext substitution, swallowed integrity errors and stale index replay cannot change a committed record
ok 34 - ciphertext substitution, swallowed integrity errors and stale index replay cannot change a committed record
  ---
  duration_ms: 26.319752
  type: 'test'
  ...
# Subtest: a replacement callback error cannot erase an observed integrity failure
ok 35 - a replacement callback error cannot erase an observed integrity failure
  ---
  duration_ms: 15.3769
  type: 'test'
  ...
# Subtest: record AAD binds logical key and revision even beneath a freshly signed index
ok 36 - record AAD binds logical key and revision even beneath a freshly signed index
  ---
  duration_ms: 24.972438
  type: 'test'
  ...
# Subtest: ordinary metadata cannot consume the checkpoint reserve; capacity failure is atomic
ok 37 - ordinary metadata cannot consume the checkpoint reserve; capacity failure is atomic
  ---
  duration_ms: 22.671457
  type: 'test'
  ...
# Subtest: abrupt writer process death rolls back staged SQL and preserves the last authenticated checkpoint
ok 38 - abrupt writer process death rolls back staged SQL and preserves the last authenticated checkpoint
  ---
  duration_ms: 280.446913
  type: 'test'
  ...
# Subtest: two actual writer processes serialize read-modify-write without losing updates
ok 39 - two actual writer processes serialize read-modify-write without losing updates
  ---
  duration_ms: 420.753018
  type: 'test'
  ...
# Subtest: three processes TCP → serial PTY, partition/heal, relay control and publisher-offline seeder takeover
ok 40 - three processes TCP → serial PTY, partition/heal, relay control and publisher-offline seeder takeover
  ---
  duration_ms: 9654.332587
  type: 'test'
  ...
# Subtest: real processes: private conversation, receipt, unauthorized edit, social and restart recovery
ok 41 - real processes: private conversation, receipt, unauthorized edit, social and restart recovery
  ---
  duration_ms: 1936.666867
  type: 'test'
  ...
# (node:1417165) ExperimentalWarning: The MockTimers API is an experimental feature and might change at any time
# (Use `node --trace-warnings ...` to show where the warning was created)
# Subtest: offline send is encrypted, pinned, idempotent and recovers the same operation after restart
ok 42 - offline send is encrypted, pinned, idempotent and recovers the same operation after restart
  ---
  duration_ms: 235.580561
  type: 'test'
  ...
# Subtest: preparing journal reconciles surviving exact bytes and never regenerates missing content
ok 43 - preparing journal reconciles surviving exact bytes and never regenerates missing content
  ---
  duration_ms: 131.372298
  type: 'test'
  ...
# Subtest: transport rejection after local acceptance stays pending and cannot crash periodic sync
ok 44 - transport rejection after local acceptance stays pending and cannot crash periodic sync
  ---
  duration_ms: 133.410046
  type: 'test'
  ...
# Subtest: per-reader signed delivery/read confirmations survive paging, replay, eviction and restart
ok 45 - per-reader signed delivery/read confirmations survive paging, replay, eviction and restart
  ---
  duration_ms: 1441.930956
  type: 'test'
  ...
# Subtest: public, foreign-author and wrong-reader confirmations cannot advance a durable send
ok 46 - public, foreign-author and wrong-reader confirmations cannot advance a durable send
  ---
  duration_ms: 180.90956
  type: 'test'
  ...
# Subtest: expiry remains visible after payload removal and explicit user pin is preserved
ok 47 - expiry remains visible after payload removal and explicit user pin is preserved
  ---
  duration_ms: 240.139392
  type: 'test'
  ...
# Subtest: corrupted reserved bytes become unavailable without a new signed publication
ok 48 - corrupted reserved bytes become unavailable without a new signed publication
  ---
  duration_ms: 127.234936
  type: 'test'
  ...
# Subtest: blocked incomplete sends retain bounded reservation; blocked group readers do not break viewing
ok 49 - blocked incomplete sends retain bounded reservation; blocked group readers do not break viewing
  ---
  duration_ms: 292.341257
  type: 'test'
  ...
# Subtest: pending count/byte reservations and restored metadata ownership are bounded
ok 50 - pending count/byte reservations and restored metadata ownership are bounded
  ---
  duration_ms: 155.838928
  type: 'test'
  ...
# Subtest: an error after journal rename reads back the operation instead of signing a replacement
ok 51 - an error after journal rename reads back the operation instead of signing a replacement
  ---
  duration_ms: 109.949039
  type: 'test'
  ...
# Subtest: incoming read confirmation is journalled before its admission evicts the original
ok 52 - incoming read confirmation is journalled before its admission evicts the original
  ---
  duration_ms: 155.919779
  type: 'test'
  ...
# Subtest: read confirmation uses the signed roster when contact learning fails and can be reissued after eviction
ok 53 - read confirmation uses the signed roster when contact learning fails and can be reissued after eviction
  ---
  duration_ms: 152.445871
  type: 'test'
  ...
# Subtest: saved peer connection remains idempotent at capacity without opening another connection
ok 54 - saved peer connection remains idempotent at capacity without opening another connection
  ---
  duration_ms: 101.313019
  type: 'test'
  ...
# Subtest: snapshot crossing expiry during journal persistence keeps state and reservation consistent
ok 55 - snapshot crossing expiry during journal persistence keeps state and reservation consistent
  ---
  duration_ms: 1639.78899
  type: 'test'
  ...
# Subtest: snapshot crossing expiry during journal persistence keeps send and reservation consistent
ok 56 - snapshot crossing expiry during journal persistence keeps send and reservation consistent
  ---
  duration_ms: 1641.116297
  type: 'test'
  ...
# Subtest: snapshot crossing expiry during journal persistence keeps retry and reservation consistent
ok 57 - snapshot crossing expiry during journal persistence keeps retry and reservation consistent
  ---
  duration_ms: 1638.788505
  type: 'test'
  ...
# Subtest: inbound semantic ACL: forged public receipt/message and private wrong-reader mutation are hidden
ok 58 - inbound semantic ACL: forged public receipt/message and private wrong-reader mutation are hidden
  ---
  duration_ms: 204.088438
  type: 'test'
  ...
# Subtest: malformed unauthenticated HTTP paths return 400; service survives and auth boundary holds
ok 59 - malformed unauthenticated HTTP paths return 400; service survives and auth boundary holds
  ---
  duration_ms: 44.99339
  type: 'test'
  ...
# Subtest: private site draft and local deletion survive cache removal/restart without plaintext on disk
ok 60 - private site draft and local deletion survive cache removal/restart without plaintext on disk
  ---
  duration_ms: 311.057434
  type: 'test'
  ...
# Subtest: relay consent: no application-level cached serving while paused, positive control after enabling
ok 61 - relay consent: no application-level cached serving while paused, positive control after enabling
  ---
  duration_ms: 963.604709
  type: 'test'
  ...
# Subtest: deletion journal survives when publication itself evicts its unpinned original
ok 62 - deletion journal survives when publication itself evicts its unpinned original
  ---
  duration_ms: 128.351457
  type: 'test'
  ...
# Subtest: seeded virtual time is reproducible with independently generated secure fixtures
ok 63 - seeded virtual time is reproducible with independently generated secure fixtures
  ---
  duration_ms: 51.363364
  type: 'test'
  ...
# Subtest: loss, MTU fragmentation, partition/heal, low-power transition and SOS-before-bulk
ok 64 - loss, MTU fragmentation, partition/heal, low-power transition and SOS-before-bulk
  ---
  duration_ms: 12.723489
  type: 'test'
  ...
# Subtest: directed bandwidth, latency and MTU produce measurable asymmetric arrival times
ok 65 - directed bandwidth, latency and MTU produce measurable asymmetric arrival times
  ---
  duration_ms: 5.396311
  type: 'test'
  ...
# Subtest: congested bounded queues preserve SOS while bulk is deferred
ok 66 - congested bounded queues preserve SOS while bulk is deferred
  ---
  duration_ms: 8.544499
  type: 'test'
  ...
# Subtest: bounded cache distinguishes pinned exhaustion from unpinned eviction
ok 67 - bounded cache distinguishes pinned exhaustion from unpinned eviction
  ---
  duration_ms: 9.95424
  type: 'test'
  ...
# Subtest: TTL rejects in-flight expiration and retained replay respects the hop limit
ok 68 - TTL rejects in-flight expiration and retained replay respects the hop limit
  ---
  duration_ms: 5.674452
  type: 'test'
  ...
# Subtest: every-fourth-fragment fairness lets bulk advance during SOS pressure
ok 69 - every-fourth-fragment fairness lets bulk advance during SOS pressure
  ---
  duration_ms: 14.839644
  type: 'test'
  ...
# Subtest: real signature/chunk checks pass honest control and detect deliberately broken controls
ok 70 - real signature/chunk checks pass honest control and detect deliberately broken controls
  ---
  duration_ms: 19.69463
  type: 'test'
  ...
# Subtest: simulation rejects invalid transport bounds and complete report gates pass
ok 71 - simulation rejects invalid transport bounds and complete report gates pass
  ---
  duration_ms: 52.744792
  type: 'test'
  ...
# Subtest: large valid cache produces bounded pages and exact authorized attachments on demand
ok 72 - large valid cache produces bounded pages and exact authorized attachments on demand
  ---
  duration_ms: 4547.221562
  type: 'test'
  ...
# Subtest: received author deletion persists before evicting its original, and denied attachments stay unavailable
ok 73 - received author deletion persists before evicting its original, and denied attachments stay unavailable
  ---
  duration_ms: 135.212533
  type: 'test'
  ...
# Subtest: request tracking is bounded even when transport rejects every broadcast
ok 74 - request tracking is bounded even when transport rejects every broadcast
  ---
  duration_ms: 126.012205
  type: 'test'
  ...
# Subtest: unknown post extension data does not crash or inflate summaries
ok 75 - unknown post extension data does not crash or inflate summaries
  ---
  duration_ms: 267.106738
  type: 'test'
  ...
# Subtest: summary reuse remains bound to verified disk bytes and unlocked identity
ok 76 - summary reuse remains bound to verified disk bytes and unlocked identity
  ---
  duration_ms: 117.718426
  type: 'test'
  ...
# Subtest: collections and following integrate with encrypted persistence and hashed peer retrieval respects read ACL
ok 77 - collections and following integrate with encrypted persistence and hashed peer retrieval respects read ACL
  ---
  duration_ms: 2152.862899
  type: 'test'
  ...
# Subtest: collection create, rename, add, remove and delete are immutable local transitions
ok 78 - collection create, rename, add, remove and delete are immutable local transitions
  ---
  duration_ms: 3.177573
  type: 'test'
  ...
# Subtest: collection identity, title and timestamp rules reject ambiguous metadata
ok 79 - collection identity, title and timestamp rules reject ambiguous metadata
  ---
  duration_ms: 2.683217
  type: 'test'
  ...
# Subtest: prototype, accessor, unknown field and sparse-array inputs fail without executing metadata
ok 80 - prototype, accessor, unknown field and sparse-array inputs fail without executing metadata
  ---
  duration_ms: 0.78497
  type: 'test'
  ...
# Subtest: collection ownership cannot be transferred by a command or mixed across identity vaults
ok 81 - collection ownership cannot be transferred by a command or mixed across identity vaults
  ---
  duration_ms: 0.737551
  type: 'test'
  ...
# Subtest: collection and membership quotas reject atomically while allowing idempotent operations
ok 82 - collection and membership quotas reject atomically while allowing idempotent operations
  ---
  duration_ms: 7.357465
  type: 'test'
  ...
# Subtest: recovered collections reject duplicate identifiers, titles, members and excessive total memberships
ok 83 - recovered collections reject duplicate identifiers, titles, members and excessive total memberships
  ---
  duration_ms: 2.827728
  type: 'test'
  ...
# Subtest: content references remain canonical hashes and convey neither reader access nor authorship
ok 84 - content references remain canonical hashes and convey neither reader access nor authorship
  ---
  duration_ms: 11.244557
  type: 'test'
  ...
# Subtest: followed feed selects posts and alerts from followed authors without changing caller order or access
ok 85 - followed feed selects posts and alerts from followed authors without changing caller order or access
  ---
  duration_ms: 0.541114
  type: 'test'
  ...
# Subtest: TCP parser handles split/coalesced frames, rejects tamper and replays only once
ok 86 - TCP parser handles split/coalesced frames, rejects tamper and replays only once
  ---
  duration_ms: 87.353735
  type: 'test'
  ...
# Subtest: non-reading TCP duplicate flood coalesces and bounds control output
ok 87 - non-reading TCP duplicate flood coalesces and bounds control output
  ---
  duration_ms: 59.051057
  type: 'test'
  ...
# Subtest: TCP malformed frame and unfinished-line floods disconnect and release state
ok 88 - TCP malformed frame and unfinished-line floods disconnect and release state
  ---
  duration_ms: 23.139795
  type: 'test'
  ...
# Subtest: distinct TCP packets cannot grow the ACK queue or exceed its output rate
ok 89 - distinct TCP packets cannot grow the ACK queue or exceed its output rate
  ---
  duration_ms: 159.64533
  type: 'test'
  ...
# Subtest: TCP incomplete assemblies have count and aggregate memory bounds
ok 90 - TCP incomplete assemblies have count and aggregate memory bounds
  ---
  duration_ms: 2311.497936
  type: 'test'
  ...
# Subtest: expired packets, invalid TTLs and exhausted hop limits never relay
ok 91 - expired packets, invalid TTLs and exhausted hop limits never relay
  ---
  duration_ms: 136.586156
  type: 'test'
  ...
# Subtest: queued expiry and stopped sockets release bounded output under backpressure
ok 92 - queued expiry and stopped sockets release bounded output under backpressure
  ---
  duration_ms: 491.930055
  type: 'test'
  ...
# Subtest: partial TCP loss retries exact bytes and missing ACK retries without duplicate delivery
ok 93 - partial TCP loss retries exact bytes and missing ACK retries without duplicate delivery
  ---
  duration_ms: 4402.884363
  type: 'test'
  ...
# Subtest: TCP reconnect delivers a partial transfer and packets created during the partition
ok 94 - TCP reconnect delivers a partial transfer and packets created during the partition
  ---
  duration_ms: 1092.951321
  type: 'test'
  ...
# Subtest: turning relay off cancels queued forwarded fragments and keeps local SOS available
ok 95 - turning relay off cancels queued forwarded fragments and keeps local SOS available
  ---
  duration_ms: 110.573048
  type: 'test'
  ...
# Subtest: relay pause cancels queued local seeding and prevents retained offline replay
ok 96 - relay pause cancels queued local seeding and prevents retained offline replay
  ---
  duration_ms: 133.844509
  type: 'test'
  ...
# Subtest: real TCP fragments preempt bulk for SOS while preserving bulk fairness
ok 97 - real TCP fragments preempt bulk for SOS while preserving bulk fairness
  ---
  duration_ms: 100.683459
  type: 'test'
  ...
# Subtest: many in-progress SOS transfers leave admission capacity for bulk fairness
ok 98 - many in-progress SOS transfers leave admission capacity for bulk fairness
  ---
  duration_ms: 67.916989
  type: 'test'
  ...
# Subtest: real serialport PTY fragments preempt bulk for SOS with the same fairness
ok 99 - real serialport PTY fragments preempt bulk for SOS with the same fairness
  ---
  duration_ms: 153.620502
  type: 'test'
  ...
# Subtest: POSIX poller regression: read rearm must preserve an outstanding write watch
ok 100 - POSIX poller regression: read rearm must preserve an outstanding write watch
  ---
  duration_ms: 1.807186
  type: 'test'
  ...
# Subtest: serial write deadline covers one frame at configured baud while bounding a stalled writer
ok 101 - serial write deadline covers one frame at configured baud while bounding a stalled writer
  ---
  duration_ms: 0.204754
  type: 'test'
  ...
# Subtest: real serial PTY recovers an injected stuck write through bounded reconnect and exact replay
ok 102 - real serial PTY recovers an injected stuck write through bounded reconnect and exact replay
  ---
  duration_ms: 6193.983447
  type: 'test'
  ...
# Subtest: real TCP transfer, two-hop forwarding and relay-off negative control
ok 103 - real TCP transfer, two-hop forwarding and relay-off negative control
  ---
  duration_ms: 924.795447
  type: 'test'
  ...
# Subtest: validation rejection prevents display and relay; positive valid control
ok 104 - validation rejection prevents display and relay; positive valid control
  ---
  duration_ms: 536.0568
  type: 'test'
  ...
1..104
# tests 104
# suites 0
# pass 104
# fail 0
# cancelled 0
# skipped 0
# todo 0
# duration_ms 54128.679011
