TAP version 13
# Subtest: real Node and Go processes preserve encrypted reservations after process exit, with an eviction negative control
ok 1 - real Node and Go processes preserve encrypted reservations after process exit, with an eviction negative control
  ---
  duration_ms: 5075.552347
  type: 'test'
  ...
# (node:2911659) ExperimentalWarning: SQLite is an experimental feature and might change at any time
# (Use `node --trace-warnings ...` to show where the warning was created)
# Subtest: Node and Go derive identical authorization from signed bundles and the same protected authority files
ok 2 - Node and Go derive identical authorization from signed bundles and the same protected authority files
  ---
  duration_ms: 12376.409762
  type: 'test'
  ...
# Subtest: actual node/native group admission preserves quarantine and history through node restart
ok 3 - actual node/native group admission preserves quarantine and history through node restart
  ---
  duration_ms: 3561.057841
  type: 'test'
  ...
# Subtest: actual native/node group admission preserves quarantine and history through native restart
ok 4 - actual native/node group admission preserves quarantine and history through native restart
  ---
  duration_ms: 2914.90331
  type: 'test'
  ...
# Subtest: actual native/native group admission preserves quarantine and history through native restart
ok 5 - actual native/native group admission preserves quarantine and history through native restart
  ---
  duration_ms: 2663.088509
  type: 'test'
  ...
# (node:2912916) ExperimentalWarning: SQLite is an experimental feature and might change at any time
# (Use `node --trace-warnings ...` to show where the warning was created)
# Subtest: real Node/Go authority files preserve heads, cursors, fences, CAS and crash idempotence
ok 6 - real Node/Go authority files preserve heads, cursors, fences, CAS and crash idempotence
  ---
  duration_ms: 21740.585044
  type: 'test'
  ...
# Subtest: Node and Go independently seal and reject the same private group-control vectors
ok 7 - Node and Go independently seal and reject the same private group-control vectors
  ---
  duration_ms: 3645.10167
  type: 'test'
  ...
# Subtest: Node and Go verify each other's signed group epochs, consent, reader scope and exact Unicode bytes
ok 8 - Node and Go verify each other's signed group epochs, consent, reader scope and exact Unicode bytes
  ---
  duration_ms: 547.729151
  type: 'test'
  ...
# Subtest: real native/node automatic group confirmations preserve historical original readers
ok 9 - real native/node automatic group confirmations preserve historical original readers
  ---
  duration_ms: 3589.463588
  type: 'test'
  ...
# Subtest: real node/native automatic group confirmations preserve historical original readers
ok 10 - real node/native automatic group confirmations preserve historical original readers
  ---
  duration_ms: 5810.720365
  type: 'test'
  ...
# Subtest: real native/native automatic group confirmations preserve historical original readers
ok 11 - real native/native automatic group confirmations preserve historical original readers
  ---
  duration_ms: 5176.893765
  type: 'test'
  ...
# Subtest: opaque Go relay rejects public, oversized and excessive-lifetime controls before storage and forwarding
ok 12 - opaque Go relay rejects public, oversized and excessive-lifetime controls before storage and forwarding
  ---
  duration_ms: 1351.252804
  type: 'test'
  ...
# Subtest: real native/node/native group event seed takeover and new-reader exclusion
ok 13 - real native/node/native group event seed takeover and new-reader exclusion
  ---
  duration_ms: 9704.380208
  type: 'test'
  ...
# Subtest: real node/native/node group event seed takeover and new-reader exclusion
ok 14 - real node/native/node group event seed takeover and new-reader exclusion
  ---
  duration_ms: 15118.597117
  type: 'test'
  ...
# Subtest: real native/node group events preserve signing ownership and historical deletion
ok 15 - real native/node group events preserve signing ownership and historical deletion
  ---
  duration_ms: 5393.808815
  type: 'test'
  ...
# Subtest: real node/native group events preserve signing ownership and historical deletion
ok 16 - real node/native group events preserve signing ownership and historical deletion
  ---
  duration_ms: 5801.590999
  type: 'test'
  ...
# Subtest: real native/native group events preserve signing ownership and historical deletion
ok 17 - real native/native group events preserve signing ownership and historical deletion
  ---
  duration_ms: 4069.482944
  type: 'test'
  ...
# (node:2918662) ExperimentalWarning: SQLite is an experimental feature and might change at any time
# (Use `node --trace-warnings ...` to show where the warning was created)
# Subtest: real Node/Go near-limit index preserves stop headroom and the disabled-guard control fails
ok 18 - real Node/Go near-limit index preserves stop headroom and the disabled-guard control fails
  ---
  duration_ms: 13030.865257
  type: 'test'
  ...
# (node:2919768) ExperimentalWarning: SQLite is an experimental feature and might change at any time
# (Use `node --trace-warnings ...` to show where the warning was created)
# Subtest: Node and Go share durable admission, quarantine and stops across real commit-boundary process exits
ok 19 - Node and Go share durable admission, quarantine and stops across real commit-boundary process exits
  ---
  duration_ms: 14365.269412
  type: 'test'
  ...
# Subtest: real node→native invitation API preserves exact card, capacity rollback and closure
ok 20 - real node→native invitation API preserves exact card, capacity rollback and closure
  ---
  duration_ms: 12030.648686
  type: 'test'
  ...
# Subtest: real native→node invitation API preserves exact card, capacity rollback and closure
ok 21 - real native→node invitation API preserves exact card, capacity rollback and closure
  ---
  duration_ms: 14787.815677
  type: 'test'
  ...
# Subtest: real native/node invitations, consent, group message and leave use P2P notices
ok 22 - real native/node invitations, consent, group message and leave use P2P notices
  ---
  duration_ms: 1776.687614
  type: 'test'
  ...
# Subtest: real node/native invitations, consent, group message and leave use P2P notices
ok 23 - real node/native invitations, consent, group message and leave use P2P notices
  ---
  duration_ms: 1683.82931
  type: 'test'
  ...
# Subtest: real native/native invitations, consent, group message and leave use P2P notices
ok 24 - real native/native invitations, consent, group message and leave use P2P notices
  ---
  duration_ms: 1019.955137
  type: 'test'
  ...
# (node:2922327) ExperimentalWarning: SQLite is an experimental feature and might change at any time
# (Use `node --trace-warnings ...` to show where the warning was created)
# Subtest: Go replays notice safety headers before sending, blocked source=false
ok 25 - Go replays notice safety headers before sending, blocked source=false
  ---
  duration_ms: 2781.689105
  type: 'test'
  ...
# Subtest: Go replays notice safety headers before sending, blocked source=true
ok 26 - Go replays notice safety headers before sending, blocked source=true
  ---
  duration_ms: 2540.255828
  type: 'test'
  ...
# (node:2923811) ExperimentalWarning: SQLite is an experimental feature and might change at any time
# (Use `node --trace-warnings ...` to show where the warning was created)
# Subtest: opaque relay serves native/node invitation and consent with each author offline
ok 27 - opaque relay serves native/node invitation and consent with each author offline
  ---
  duration_ms: 2759.627293
  type: 'test'
  ...
# Subtest: opaque relay serves node/native invitation and consent with each author offline
ok 28 - opaque relay serves node/native invitation and consent with each author offline
  ---
  duration_ms: 2526.90111
  type: 'test'
  ...
# (node:2924131) ExperimentalWarning: SQLite is an experimental feature and might change at any time
# (Use `node --trace-warnings ...` to show where the warning was created)
# Subtest: Node and Go share encrypted notice rows, retirement and envelopes through real processes
ok 29 - Node and Go share encrypted notice rows, retirement and envelopes through real processes
  ---
  duration_ms: 14575.645432
  type: 'test'
  ...
# (node:2924996) ExperimentalWarning: SQLite is an experimental feature and might change at any time
# (Use `node --trace-warnings ...` to show where the warning was created)
# {"phase":"node-install-first-128","elapsedMs":6087}
# {"phase":"node-observe-first-128","elapsedMs":403}
# {"phase":"node-stop-first-128","elapsedMs":1789}
# {"phase":"node-observe-stops","elapsedMs":100}
# {"phase":"node-create-next-group","elapsedMs":363}
# {"phase":"node-install-next-128","elapsedMs":7625}
# {"phase":"node-observe-256","elapsedMs":502}
# Subtest: real Node/Go application deaths preserve an outbox stop at the same commit as group closure
ok 30 - real Node/Go application deaths preserve an outbox stop at the same commit as group closure
  ---
  duration_ms: 8636.977747
  type: 'test'
  ...
# {"phase":"go-open-256","elapsedMs":1710}
# {"phase":"go-observe-256","elapsedMs":491}
# {"phase":"go-stop-next-128","elapsedMs":2789}
# {"phase":"go-observe-256-stops","elapsedMs":625}
# Subtest: 128 real stopped intents and 128 pending reserved payloads reopen across Node and Go without reopening old retries
ok 31 - 128 real stopped intents and 128 pending reserved payloads reopen across Node and Go without reopening old retries
  ---
  duration_ms: 26000.020527
  type: 'test'
  ...
# Subtest: actual node creator and native member APIs preserve authority across engine takeover
ok 32 - actual node creator and native member APIs preserve authority across engine takeover
  ---
  duration_ms: 2225.592587
  type: 'test'
  ...
# Subtest: actual native creator and node member APIs preserve authority across engine takeover
ok 33 - actual native creator and node member APIs preserve authority across engine takeover
  ---
  duration_ms: 1737.43391
  type: 'test'
  ...
# {"runtime":"node","phase":"preparing","mode":"before"}
# {"runtime":"node","phase":"preparing","mode":"after"}
# {"runtime":"node","phase":"ready","mode":"before"}
# {"runtime":"node","phase":"ready","mode":"after"}
# {"runtime":"native","phase":"preparing","mode":"before"}
# {"runtime":"native","phase":"preparing","mode":"after"}
# {"runtime":"native","phase":"ready","mode":"before"}
# {"runtime":"native","phase":"ready","mode":"after"}
# Subtest: actual group creation/send survives eight Node/Go process deaths at intent and ready commits
ok 34 - actual group creation/send survives eight Node/Go process deaths at intent and ready commits
  ---
  duration_ms: 25493.088875
  type: 'test'
  ...
# Subtest: actual native/node group send, file-only message and reply use authenticated epoch cards
ok 35 - actual native/node group send, file-only message and reply use authenticated epoch cards
  ---
  duration_ms: 4004.163551
  type: 'test'
  ...
# Subtest: actual node/native group send, file-only message and reply use authenticated epoch cards
ok 36 - actual node/native group send, file-only message and reply use authenticated epoch cards
  ---
  duration_ms: 4285.059955
  type: 'test'
  ...
# Subtest: actual native/native group send, file-only message and reply use authenticated epoch cards
ok 37 - actual native/native group send, file-only message and reply use authenticated epoch cards
  ---
  duration_ms: 3366.705113
  type: 'test'
  ...
# (node:2929362) ExperimentalWarning: SQLite is an experimental feature and might change at any time
# (Use `node --trace-warnings ...` to show where the warning was created)
# Subtest: Node and Go share encrypted SQLite files, serialize real writers and recover each other's crashed transactions
ok 38 - Node and Go share encrypted SQLite files, serialize real writers and recover each other's crashed transactions
  ---
  duration_ms: 950.570982
  type: 'test'
  ...
# Subtest: Go control requests recover lost responses and revalidate authority on identical retries
ok 39 - Go control requests recover lost responses and revalidate authority on identical retries
  ---
  duration_ms: 12520.764161
  type: 'test'
  ...
# Subtest: real native/node/native proof sync heals from offline creator through a seeder
ok 40 - real native/node/native proof sync heals from offline creator through a seeder
  ---
  duration_ms: 4958.467071
  type: 'test'
  ...
# Subtest: real node/native/node proof sync heals from offline creator through a seeder
ok 41 - real node/native/node proof sync heals from offline creator through a seeder
  ---
  duration_ms: 6666.597542
  type: 'test'
  ...
# Subtest: Go control publisher reaches isolated Node serial reader through opaque Node relay
ok 42 - Go control publisher reaches isolated Node serial reader through opaque Node relay
  ---
  duration_ms: 9882.286464
  type: 'test'
  ...
# Subtest: real native/node synchronises group changes and closure over encrypted transport
ok 43 - real native/node synchronises group changes and closure over encrypted transport
  ---
  duration_ms: 1458.685203
  type: 'test'
  ...
# Subtest: real node/native synchronises group changes and closure over encrypted transport
ok 44 - real node/native synchronises group changes and closure over encrypted transport
  ---
  duration_ms: 1668.184429
  type: 'test'
  ...
# Subtest: real native/native synchronises group changes and closure over encrypted transport
ok 45 - real native/native synchronises group changes and closure over encrypted transport
  ---
  duration_ms: 957.736036
  type: 'test'
  ...
# (node:2932778) ExperimentalWarning: SQLite is an experimental feature and might change at any time
# (Use `node --trace-warnings ...` to show where the warning was created)
# Subtest: real Node/Go process exits preserve group authority and the private document at one commit boundary
ok 46 - real Node/Go process exits preserve group authority and the private document at one commit boundary
  ---
  duration_ms: 5063.713872
  type: 'test'
  ...
# Subtest: Go A → Node B → Go C: isolated real sockets, encrypted messages/receipts, partition, restart and publisher-offline seeding
ok 47 - Go A → Node B → Go C: isolated real sockets, encrypted messages/receipts, partition, restart and publisher-offline seeding
  ---
  duration_ms: 9399.480023
  type: 'test'
  ...
# Subtest: Go A → Node B → Node C over TCP and serial PTYs preserves bytes, receipts and partition recovery
ok 48 - Go A → Node B → Node C over TCP and serial PTYs preserves bytes, receipts and partition recovery
  ---
  duration_ms: 4511.422878
  type: 'test'
  ...
# Subtest: Node ↔ Go generated vectors preserve canonical bytes, identities, vaults, reader authority, chunks and disk seeds
ok 49 - Node ↔ Go generated vectors preserve canonical bytes, identities, vaults, reader authority, chunks and disk seeds
  ---
  duration_ms: 895.010175
  type: 'test'
  ...
# Subtest: node outbox → go relay → go recipient: durable restart, real ACK control, signed group confirmations and expiry
ok 50 - node outbox → go relay → go recipient: durable restart, real ACK control, signed group confirmations and expiry
  ---
  duration_ms: 41259.230399
  type: 'test'
  ...
# Subtest: go outbox → node relay → node recipient: durable restart, real ACK control, signed group confirmations and expiry
ok 51 - go outbox → node relay → node recipient: durable restart, real ACK control, signed group confirmations and expiry
  ---
  duration_ms: 48030.222502
  type: 'test'
  ...
# (node:2939733) ExperimentalWarning: SQLite is an experimental feature and might change at any time
# (Use `node --trace-warnings ...` to show where the warning was created)
# Subtest: node API migrates legacy private data and the other engine recovers after process death without fallback
ok 52 - node API migrates legacy private data and the other engine recovers after process death without fallback
  ---
  duration_ms: 1344.069717
  type: 'test'
  ...
# Subtest: go API migrates legacy private data and the other engine recovers after process death without fallback
ok 53 - go API migrates legacy private data and the other engine recovers after process death without fallback
  ---
  duration_ms: 1052.040391
  type: 'test'
  ...
# Subtest: node application owns its profile until close; another engine recovers its pending outbox
ok 54 - node application owns its profile until close; another engine recovers its pending outbox
  ---
  duration_ms: 804.048437
  type: 'test'
  ...
# Subtest: go application owns its profile until close; another engine recovers its pending outbox
ok 55 - go application owns its profile until close; another engine recovers its pending outbox
  ---
  duration_ms: 946.921581
  type: 'test'
  ...
# (node:2940127) ExperimentalWarning: SQLite is an experimental feature and might change at any time
# (Use `node --trace-warnings ...` to show where the warning was created)
# Subtest: Node and Go share initialized private state and recover staged and committed process deaths
ok 56 - Node and Go share initialized private state and recover staged and committed process deaths
  ---
  duration_ms: 4491.669163
  type: 'test'
  ...
# (node:2940526) ExperimentalWarning: SQLite is an experimental feature and might change at any time
# (Use `node --trace-warnings ...` to show where the warning was created)
# Subtest: real Node and Go processes exclude the same profile and recover after owner death
ok 57 - real Node and Go processes exclude the same profile and recover after owner death
  ---
  duration_ms: 3979.836332
  type: 'test'
  ...
# Subtest: Go web-peer API separates keys, relay consent and control authority, and enforces explicit revocation
ok 58 - Go web-peer API separates keys, relay consent and control authority, and enforces explicit revocation
  ---
  duration_ms: 282.370948
  type: 'test'
  ...
1..58
# tests 58
# suites 0
# pass 58
# fail 0
# cancelled 0
# skipped 0
# todo 0
# duration_ms 435387.002896
