
> relayloom@0.1.0 test:interop
> tsx --test --test-concurrency=1 tests/native/*.test.ts

TAP version 13
# Subtest: real Node and Go processes preserve encrypted reservations after process exit, with an eviction negative control
ok 1 - real Node and Go processes preserve encrypted reservations after process exit, with an eviction negative control
  ---
  duration_ms: 4925.929703
  type: 'test'
  ...
# (node:229869) ExperimentalWarning: SQLite is an experimental feature and might change at any time
# (Use `node --trace-warnings ...` to show where the warning was created)
# Subtest: Node and Go derive identical authorization from signed bundles and the same protected authority files
ok 2 - Node and Go derive identical authorization from signed bundles and the same protected authority files
  ---
  duration_ms: 13685.602563
  type: 'test'
  ...
# Subtest: actual node/native group admission preserves quarantine and history through node restart
ok 3 - actual node/native group admission preserves quarantine and history through node restart
  ---
  duration_ms: 4034.738074
  type: 'test'
  ...
# Subtest: actual native/node group admission preserves quarantine and history through native restart
ok 4 - actual native/node group admission preserves quarantine and history through native restart
  ---
  duration_ms: 3487.84519
  type: 'test'
  ...
# Subtest: actual native/native group admission preserves quarantine and history through native restart
ok 5 - actual native/native group admission preserves quarantine and history through native restart
  ---
  duration_ms: 2923.172141
  type: 'test'
  ...
# (node:231279) ExperimentalWarning: SQLite is an experimental feature and might change at any time
# (Use `node --trace-warnings ...` to show where the warning was created)
# Subtest: real Node/Go authority files preserve heads, cursors, fences, CAS and crash idempotence
ok 6 - real Node/Go authority files preserve heads, cursors, fences, CAS and crash idempotence
  ---
  duration_ms: 21511.85726
  type: 'test'
  ...
# Subtest: Node and Go verify each other's signed group epochs, consent, reader scope and exact Unicode bytes
ok 7 - Node and Go verify each other's signed group epochs, consent, reader scope and exact Unicode bytes
  ---
  duration_ms: 330.162943
  type: 'test'
  ...
# Subtest: real native/node automatic group confirmations preserve historical original readers
ok 8 - real native/node automatic group confirmations preserve historical original readers
  ---
  duration_ms: 3951.535099
  type: 'test'
  ...
# Subtest: real node/native automatic group confirmations preserve historical original readers
ok 9 - real node/native automatic group confirmations preserve historical original readers
  ---
  duration_ms: 6631.334899
  type: 'test'
  ...
# Subtest: real native/native automatic group confirmations preserve historical original readers
ok 10 - real native/native automatic group confirmations preserve historical original readers
  ---
  duration_ms: 5673.024089
  type: 'test'
  ...
# (node:237572) ExperimentalWarning: SQLite is an experimental feature and might change at any time
# (Use `node --trace-warnings ...` to show where the warning was created)
# Subtest: real Node/Go near-limit index preserves stop headroom and the disabled-guard control fails
ok 11 - real Node/Go near-limit index preserves stop headroom and the disabled-guard control fails
  ---
  duration_ms: 9864.098594
  type: 'test'
  ...
# (node:242269) ExperimentalWarning: SQLite is an experimental feature and might change at any time
# (Use `node --trace-warnings ...` to show where the warning was created)
# Subtest: Node and Go share durable admission, quarantine and stops across real commit-boundary process exits
ok 12 - Node and Go share durable admission, quarantine and stops across real commit-boundary process exits
  ---
  duration_ms: 15440.536016
  type: 'test'
  ...
# (node:245989) ExperimentalWarning: SQLite is an experimental feature and might change at any time
# (Use `node --trace-warnings ...` to show where the warning was created)
# {"phase":"node-install-first-128","elapsedMs":9472}
# {"phase":"node-observe-first-128","elapsedMs":435}
# {"phase":"node-stop-first-128","elapsedMs":3928}
# {"phase":"node-observe-stops","elapsedMs":121}
# {"phase":"node-create-next-group","elapsedMs":228}
# {"phase":"node-install-next-128","elapsedMs":10875}
# {"phase":"node-observe-256","elapsedMs":563}
# Subtest: real Node/Go application deaths preserve an outbox stop at the same commit as group closure
ok 13 - real Node/Go application deaths preserve an outbox stop at the same commit as group closure
  ---
  duration_ms: 7814.37676
  type: 'test'
  ...
# {"phase":"go-open-256","elapsedMs":608}
# {"phase":"go-observe-256","elapsedMs":511}
# {"phase":"go-stop-next-128","elapsedMs":3814}
# {"phase":"go-observe-256-stops","elapsedMs":668}
# Subtest: 128 real stopped intents and 128 pending reserved payloads reopen across Node and Go without reopening old retries
ok 14 - 128 real stopped intents and 128 pending reserved payloads reopen across Node and Go without reopening old retries
  ---
  duration_ms: 32984.927681
  type: 'test'
  ...
# Subtest: actual node creator and native member APIs preserve authority across engine takeover
ok 15 - actual node creator and native member APIs preserve authority across engine takeover
  ---
  duration_ms: 1683.032669
  type: 'test'
  ...
# Subtest: actual native creator and node member APIs preserve authority across engine takeover
ok 16 - actual native creator and node member APIs preserve authority across engine takeover
  ---
  duration_ms: 1455.682327
  type: 'test'
  ...
# {"runtime":"node","phase":"preparing","mode":"before"}
# {"runtime":"node","phase":"preparing","mode":"after"}
# {"runtime":"node","phase":"ready","mode":"before"}
# {"runtime":"node","phase":"ready","mode":"after"}
# {"runtime":"native","phase":"preparing","mode":"before"}
# {"runtime":"native","phase":"preparing","mode":"after"}
# {"runtime":"native","phase":"ready","mode":"before"}
# {"runtime":"native","phase":"ready","mode":"after"}
# Subtest: actual group creation/send survives eight Node/Go process deaths at intent and ready commits
ok 17 - actual group creation/send survives eight Node/Go process deaths at intent and ready commits
  ---
  duration_ms: 26449.659706
  type: 'test'
  ...
# Subtest: actual native/node group send, file-only message and reply use authenticated epoch cards
ok 18 - actual native/node group send, file-only message and reply use authenticated epoch cards
  ---
  duration_ms: 4726.848753
  type: 'test'
  ...
# Subtest: actual node/native group send, file-only message and reply use authenticated epoch cards
ok 19 - actual node/native group send, file-only message and reply use authenticated epoch cards
  ---
  duration_ms: 5119.173551
  type: 'test'
  ...
# Subtest: actual native/native group send, file-only message and reply use authenticated epoch cards
ok 20 - actual native/native group send, file-only message and reply use authenticated epoch cards
  ---
  duration_ms: 3805.681403
  type: 'test'
  ...
# (node:251679) ExperimentalWarning: SQLite is an experimental feature and might change at any time
# (Use `node --trace-warnings ...` to show where the warning was created)
# Subtest: Node and Go share encrypted SQLite files, serialize real writers and recover each other's crashed transactions
ok 21 - Node and Go share encrypted SQLite files, serialize real writers and recover each other's crashed transactions
  ---
  duration_ms: 905.75339
  type: 'test'
  ...
# (node:251872) ExperimentalWarning: SQLite is an experimental feature and might change at any time
# (Use `node --trace-warnings ...` to show where the warning was created)
# Subtest: real Node/Go process exits preserve group authority and the private document at one commit boundary
ok 22 - real Node/Go process exits preserve group authority and the private document at one commit boundary
  ---
  duration_ms: 4837.114216
  type: 'test'
  ...
# Subtest: Go A → Node B → Go C: isolated real sockets, encrypted messages/receipts, partition, restart and publisher-offline seeding
ok 23 - Go A → Node B → Go C: isolated real sockets, encrypted messages/receipts, partition, restart and publisher-offline seeding
  ---
  duration_ms: 7175.593223
  type: 'test'
  ...
# Subtest: Go A → Node B → Node C over TCP and serial PTYs preserves bytes, receipts and partition recovery
ok 24 - Go A → Node B → Node C over TCP and serial PTYs preserves bytes, receipts and partition recovery
  ---
  duration_ms: 4629.604623
  type: 'test'
  ...
# Subtest: Node ↔ Go generated vectors preserve canonical bytes, identities, vaults, reader authority, chunks and disk seeds
ok 25 - Node ↔ Go generated vectors preserve canonical bytes, identities, vaults, reader authority, chunks and disk seeds
  ---
  duration_ms: 869.555575
  type: 'test'
  ...
# Subtest: node outbox → go relay → go recipient: durable restart, real ACK control, signed group confirmations and expiry
ok 26 - node outbox → go relay → go recipient: durable restart, real ACK control, signed group confirmations and expiry
  ---
  duration_ms: 47632.90273
  type: 'test'
  ...
# Subtest: go outbox → node relay → node recipient: durable restart, real ACK control, signed group confirmations and expiry
ok 27 - go outbox → node relay → node recipient: durable restart, real ACK control, signed group confirmations and expiry
  ---
  duration_ms: 58121.451846
  type: 'test'
  ...
# (node:257220) ExperimentalWarning: SQLite is an experimental feature and might change at any time
# (Use `node --trace-warnings ...` to show where the warning was created)
# Subtest: node API migrates legacy private data and the other engine recovers after process death without fallback
ok 28 - node API migrates legacy private data and the other engine recovers after process death without fallback
  ---
  duration_ms: 1260.755525
  type: 'test'
  ...
# Subtest: go API migrates legacy private data and the other engine recovers after process death without fallback
ok 29 - go API migrates legacy private data and the other engine recovers after process death without fallback
  ---
  duration_ms: 1046.300679
  type: 'test'
  ...
# Subtest: node application owns its profile until close; another engine recovers its pending outbox
ok 30 - node application owns its profile until close; another engine recovers its pending outbox
  ---
  duration_ms: 761.75355
  type: 'test'
  ...
# Subtest: go application owns its profile until close; another engine recovers its pending outbox
ok 31 - go application owns its profile until close; another engine recovers its pending outbox
  ---
  duration_ms: 870.97165
  type: 'test'
  ...
# (node:257506) ExperimentalWarning: SQLite is an experimental feature and might change at any time
# (Use `node --trace-warnings ...` to show where the warning was created)
# Subtest: Node and Go share initialized private state and recover staged and committed process deaths
ok 32 - Node and Go share initialized private state and recover staged and committed process deaths
  ---
  duration_ms: 4489.511867
  type: 'test'
  ...
# (node:257862) ExperimentalWarning: SQLite is an experimental feature and might change at any time
# (Use `node --trace-warnings ...` to show where the warning was created)
# Subtest: real Node and Go processes exclude the same profile and recover after owner death
ok 33 - real Node and Go processes exclude the same profile and recover after owner death
  ---
  duration_ms: 3898.925333
  type: 'test'
  ...
1..33
# tests 33
# suites 0
# pass 33
# fail 0
# cancelled 0
# skipped 0
# todo 0
# duration_ms 315431.084958
