
> relayloom@0.1.0 test
> tsx --test --test-concurrency=1 tests/*.test.ts

TAP version 13
# Subtest: automatic reservations survive restart and count pressure without becoming manual pins
ok 1 - automatic reservations survive restart and count pressure without becoming manual pins
  ---
  duration_ms: 99.739354
  type: 'test'
  ...
# Subtest: byte quota refusal is atomic with a reserved payload and preserves unrelated stored bytes
ok 2 - byte quota refusal is atomic with a reserved payload and preserves unrelated stored bytes
  ---
  duration_ms: 115.242201
  type: 'test'
  ...
# Subtest: reservation does not extend signed expiry
ok 3 - reservation does not extend signed expiry
  ---
  duration_ms: 39.113755
  type: 'test'
  ...
# Subtest: unknown or corrupt reservation input cannot partially release a valid reservation
ok 4 - unknown or corrupt reservation input cannot partially release a valid reservation
  ---
  duration_ms: 48.271766
  type: 'test'
  ...
# Subtest: failed reservation index write protects the union until explicit reconciliation
ok 5 - failed reservation index write protects the union until explicit reconciliation
  ---
  duration_ms: 71.827812
  type: 'test'
  ...
# Subtest: duplicate reserved insertion at the count limit preserves a manual pin and verifies stored bytes
ok 6 - duplicate reserved insertion at the count limit preserves a manual pin and verifies stored bytes
  ---
  duration_ms: 39.312538
  type: 'test'
  ...
# (node:165952) ExperimentalWarning: The MockTimers API is an experimental feature and might change at any time
# (Use `node --trace-warnings ...` to show where the warning was created)
# Subtest: identity proof binds signing address, name and decryption key
ok 7 - identity proof binds signing address, name and decryption key
  ---
  duration_ms: 3.005285
  type: 'test'
  ...
# Subtest: vault encrypts private keys; recovery and wrong-password controls
ok 8 - vault encrypts private keys; recovery and wrong-password controls
  ---
  duration_ms: 344.882259
  type: 'test'
  ...
# Subtest: reader decrypts and seeds but cannot become author; unauthorized reader fails
ok 9 - reader decrypts and seeds but cannot become author; unauthorized reader fails
  ---
  duration_ms: 8.114664
  type: 'test'
  ...
# Subtest: ciphertext, manifest, expiry, depth and address negative controls
ok 10 - ciphertext, manifest, expiry, depth and address negative controls
  ---
  duration_ms: 29.89466
  type: 'test'
  ...
# Subtest: encrypted persistent seed takeover, deduplication, pin/quota, disk corruption
ok 11 - encrypted persistent seed takeover, deduplication, pin/quota, disk corruption
  ---
  duration_ms: 71.438041
  type: 'test'
  ...
# Subtest: object-count cap bounds small-object floods, survives restart and preserves pinned content
ok 12 - object-count cap bounds small-object floods, survives restart and preserves pinned content
  ---
  duration_ms: 523.827157
  type: 'test'
  ...
# Subtest: metadata listing does not replace real viewing order in LRU eviction
ok 13 - metadata listing does not replace real viewing order in LRU eviction
  ---
  duration_ms: 73.30457
  type: 'test'
  ...
# Subtest: cached manifest metadata is isolated, invalidated by disk changes, and never bypasses get verification
ok 14 - cached manifest metadata is isolated, invalidated by disk changes, and never bypasses get verification
  ---
  duration_ms: 36.759752
  type: 'test'
  ...
# Subtest: rejected quota decrease preserves existing files and policy; feasible decrease evicts only unpinned content
ok 15 - rejected quota decrease preserves existing files and policy; feasible decrease evicts only unpinned content
  ---
  duration_ms: 226.80869
  type: 'test'
  ...
# Subtest: invalid persisted index fails safely without deleting verified objects
ok 16 - invalid persisted index fails safely without deleting verified objects
  ---
  duration_ms: 31.332256
  type: 'test'
  ...
# Subtest: strict wire fields and every recipient envelope are validated before accepting signatures
ok 17 - strict wire fields and every recipient envelope are validated before accepting signatures
  ---
  duration_ms: 4.91239
  type: 'test'
  ...
# Subtest: desktop accepts only the owned daemon loopback bootstrap capability
ok 18 - desktop accepts only the owned daemon loopback bootstrap capability
  ---
  duration_ms: 1.492708
  type: 'test'
  ...
# Subtest: desktop request policy blocks other hosts, ports, schemes, subframes and WebSockets
ok 19 - desktop request policy blocks other hosts, ports, schemes, subframes and WebSockets
  ---
  duration_ms: 0.352702
  type: 'test'
  ...
# Subtest: desktop navigation stays on its exact local app and rejects insecure runtime overrides
ok 20 - desktop navigation stays on its exact local app and rejects insecure runtime overrides
  ---
  duration_ms: 1.229645
  type: 'test'
  ...
# Subtest: desktop microphone eligibility excludes cameras, remote documents and subframes
ok 21 - desktop microphone eligibility excludes cameras, remote documents and subframes
  ---
  duration_ms: 0.397305
  type: 'test'
  ...
# Subtest: desktop download defaults cannot contain paths, device names or control bytes
ok 22 - desktop download defaults cannot contain paths, device names or control bytes
  ---
  duration_ms: 0.447529
  type: 'test'
  ...
# Subtest: fixture stop is idempotent after process termination by signal
ok 23 - fixture stop is idempotent after process termination by signal
  ---
  duration_ms: 295.862781
  type: 'test'
  ...
# (node:166209) ExperimentalWarning: SQLite is an experimental feature and might change at any time
# (Use `node --trace-warnings ...` to show where the warning was created)
# Subtest: current and additions-only delayed messages preserve exact old readers without granting newcomer history
ok 24 - current and additions-only delayed messages preserve exact old readers without granting newcomer history
  ---
  duration_ms: 1514.53957
  type: 'test'
  ...
# Subtest: removal and rejoin quarantine unseen old content while retaining only exact accepted history
ok 25 - removal and rejoin quarantine unseen old content while retaining only exact accepted history
  ---
  duration_ms: 1363.205621
  type: 'test'
  ...
# Subtest: historical receipts from a removed original reader are minimal and cannot admit an unknown target
ok 26 - historical receipts from a removed original reader are minimal and cannot admit an unknown target
  ---
  duration_ms: 720.501297
  type: 'test'
  ...
# Subtest: group tags cannot hide as falsy legacy fields and cached policy cannot escape its transaction
ok 27 - group tags cannot hide as falsy legacy fields and cached policy cannot escape its transaction
  ---
  duration_ms: 74.899841
  type: 'test'
  ...
# Subtest: a closure within the same transaction invalidates earlier cached permission
ok 28 - a closure within the same transaction invalidates earlier cached permission
  ---
  duration_ms: 125.377824
  type: 'test'
  ...
# Subtest: a new edit to old content uses only the original/current reader intersection
ok 29 - a new edit to old content uses only the original/current reader intersection
  ---
  duration_ms: 1342.216227
  type: 'test'
  ...
# (node:166504) ExperimentalWarning: SQLite is an experimental feature and might change at any time
# (Use `node --trace-warnings ...` to show where the warning was created)
# Subtest: an API observation cannot display an admission whose outer transaction rolled back
ok 30 - an API observation cannot display an admission whose outer transaction rolled back
  ---
  duration_ms: 431.853513
  type: 'test'
  ...
# Subtest: a historical delete and its accepted context recover together after lost commit response and real cache removal
ok 31 - a historical delete and its accepted context recover together after lost commit response and real cache removal
  ---
  duration_ms: 625.847508
  type: 'test'
  ...
# Subtest: failure to reserve quarantine bytes aborts the hold and locks until authenticated reconciliation succeeds
ok 32 - failure to reserve quarantine bytes aborts the hold and locks until authenticated reconciliation succeeds
  ---
  duration_ms: 437.973879
  type: 'test'
  ...
# Subtest: an unavailable quarantined blob cannot block admission of another valid group object
ok 33 - an unavailable quarantined blob cannot block admission of another valid group object
  ---
  duration_ms: 387.980495
  type: 'test'
  ...
# Subtest: authenticated history with an expiry inconsistent with its signed bundle is rejected
ok 34 - authenticated history with an expiry inconsistent with its signed bundle is rejected
  ---
  duration_ms: 400.64509
  type: 'test'
  ...
# (node:166677) ExperimentalWarning: SQLite is an experimental feature and might change at any time
# (Use `node --trace-warnings ...` to show where the warning was created)
# Subtest: an unchanged group snapshot walks its authority chain once, and a later closure still invalidates new admission
ok 35 - an unchanged group snapshot walks its authority chain once, and a later closure still invalidates new admission
  ---
  duration_ms: 7363.743148
  type: 'test'
  ...
# {"retainedObjects":32,"epochs":32,"visitedHeaders":32,"elapsedMs":119.80792099999962}
# Subtest: real Node receivers hold epoch content until its snapshot arrives and keep only accepted history after closure
ok 36 - real Node receivers hold epoch content until its snapshot arrives and keep only accepted history after closure
  ---
  duration_ms: 4794.990626
  type: 'test'
  ...
# Subtest: newcomer validates exact join consent from signed parent header without old snapshot keys
ok 37 - newcomer validates exact join consent from signed parent header without old snapshot keys
  ---
  duration_ms: 52.408362
  type: 'test'
  ...
# Subtest: permanent group anchor has real creator signature, exact schema and separate carrier identity
ok 38 - permanent group anchor has real creator signature, exact schema and separate carrier identity
  ---
  duration_ms: 6.413776
  type: 'test'
  ...
# Subtest: invitation and signed consent do not alter roster until the creator commits the exact parent
ok 39 - invitation and signed consent do not alter roster until the creator commits the exact parent
  ---
  duration_ms: 26.122367
  type: 'test'
  ...
# Subtest: newcomer reads real new ciphertext without obtaining historical keys; removed reader cannot read new content
ok 40 - newcomer reads real new ciphertext without obtaining historical keys; removed reader cannot read new content
  ---
  duration_ms: 45.429547
  type: 'test'
  ...
# Subtest: stale, substituted, missing or extra member consents cannot commit a roster
ok 41 - stale, substituted, missing or extra member consents cannot commit a roster
  ---
  duration_ms: 49.921108
  type: 'test'
  ...
# Subtest: removal and rejoin remain restrictive across the complete path even with identical final cards
ok 42 - removal and rejoin remain restrictive across the complete path even with identical final cards
  ---
  duration_ms: 47.69821
  type: 'test'
  ...
# Subtest: creator reading-card replacement preserves signing authority but requires fresh signed consent
ok 43 - creator reading-card replacement preserves signing authority but requires fresh signed consent
  ---
  duration_ms: 34.243704
  type: 'test'
  ...
# Subtest: signed schema tampering, roster duplication, invalid order and snapshot substitution fail
ok 44 - signed schema tampering, roster duplication, invalid order and snapshot substitution fail
  ---
  duration_ms: 24.024164
  type: 'test'
  ...
# Subtest: closure preserves the committed historical state and reserves the final epoch
ok 45 - closure preserves the committed historical state and reserves the final epoch
  ---
  duration_ms: 35.984318
  type: 'test'
  ...
# Subtest: a valid creator fork cannot masquerade as a contiguous successor or grant reader authority
ok 46 - a valid creator fork cannot masquerade as a contiguous successor or grant reader authority
  ---
  duration_ms: 32.565268
  type: 'test'
  ...
# Subtest: full 64-member roster is bounded; capacity and title failures do not mutate its parent
ok 47 - full 64-member roster is bounded; capacity and title failures do not mutate its parent
  ---
  duration_ms: 453.692219
  type: 'test'
  ...
# Subtest: member leave is a signed request with no direct roster effect and cannot replace creator closure
ok 48 - member leave is a signed request with no direct roster effect and cannot replace creator closure
  ---
  duration_ms: 30.401
  type: 'test'
  ...
# (node:167560) ExperimentalWarning: SQLite is an experimental feature and might change at any time
# (Use `node --trace-warnings ...` to show where the warning was created)
# Subtest: group confirmation rollback cannot transmit before successful admission
ok 49 - group confirmation rollback cannot transmit before successful admission
  ---
  duration_ms: 4283.301266
  type: 'test'
  ...
# Subtest: group confirmation lost commit response cannot transmit before successful admission
ok 50 - group confirmation lost commit response cannot transmit before successful admission
  ---
  duration_ms: 4204.456488
  type: 'test'
  ...
# Subtest: blocked readers and missing original bytes cannot mint a group read fact
ok 51 - blocked readers and missing original bytes cannot mint a group read fact
  ---
  duration_ms: 3887.246864
  type: 'test'
  ...
# Subtest: missing historical group proof pauses confirmation until verified proof is restored
ok 52 - missing historical group proof pauses confirmation until verified proof is restored
  ---
  duration_ms: 4423.396616
  type: 'test'
  ...
# Subtest: real Node group automatic delivery and historical read after closure retain original audience
ok 53 - real Node group automatic delivery and historical read after closure retain original audience
  ---
  duration_ms: 6965.111924
  type: 'test'
  ...
# (node:168504) ExperimentalWarning: SQLite is an experimental feature and might change at any time
# (Use `node --trace-warnings ...` to show where the warning was created)
# Subtest: an index consuming stop headroom is refused without changing existing data
ok 54 - an index consuming stop headroom is refused without changing existing data
  ---
  duration_ms: 759.321121
  type: 'test'
  ...
# Subtest: ordinary index growth stops before the protected checkpoint allocation is consumed
ok 55 - ordinary index growth stops before the protected checkpoint allocation is consumed
  ---
  duration_ms: 2613.730152
  type: 'test'
  ...
# (node:169452) ExperimentalWarning: SQLite is an experimental feature and might change at any time
# (Use `node --trace-warnings ...` to show where the warning was created)
# Subtest: stop reads share one validated snapshot but invalidate on mutation and scope exit
ok 56 - stop reads share one validated snapshot but invalidate on mutation and scope exit
  ---
  duration_ms: 196.558162
  type: 'test'
  ...
# Subtest: all256 immutable stops fit; retirement preserves retained facts and counts only removed records
ok 57 - all256 immutable stops fit; retirement preserves retained facts and counts only removed records
  ---
  duration_ms: 7442.54244
  type: 'test'
  ...
# Subtest: expired holds have counted removal and malformed counters cannot be used as valid state
ok 58 - expired holds have counted removal and malformed counters cannot be used as valid state
  ---
  duration_ms: 58.95195
  type: 'test'
  ...
# (node:169812) ExperimentalWarning: SQLite is an experimental feature and might change at any time
# (Use `node --trace-warnings ...` to show where the warning was created)
# Subtest: accepted history is authenticated and unknown old content stays separately held after removal
ok 59 - accepted history is authenticated and unknown old content stays separately held after removal
  ---
  duration_ms: 724.059338
  type: 'test'
  ...
# Subtest: group closure and immutable outbox stop commit together and callback failure rolls both back
ok 60 - group closure and immutable outbox stop commit together and callback failure rolls both back
  ---
  duration_ms: 182.195783
  type: 'test'
  ...
# Subtest: historical receipt uses only a locally persisted accepted target, never an ID supplied by its sender
ok 61 - historical receipt uses only a locally persisted accepted target, never an ID supplied by its sender
  ---
  duration_ms: 591.916961
  type: 'test'
  ...
# Subtest: missing observation clock or malformed authenticated context cannot grant historical access
ok 62 - missing observation clock or malformed authenticated context cannot grant historical access
  ---
  duration_ms: 89.067645
  type: 'test'
  ...
# Subtest: quarantine byte quota uses actual signed ciphertext sizes and refuses overflow
ok 63 - quarantine byte quota uses actual signed ciphertext sizes and refuses overflow
  ---
  duration_ms: 992.179023
  type: 'test'
  ...
# Subtest: minimal outbox stop survives exhausted ordinary space without rewriting private content
ok 64 - minimal outbox stop survives exhausted ordinary space without rewriting private content
  ---
  duration_ms: 119.443548
  type: 'test'
  ...
# Subtest: ledger readers cannot escape the borrowed scope, even when every collection is empty
ok 65 - ledger readers cannot escape the borrowed scope, even when every collection is empty
  ---
  duration_ms: 15.512194
  type: 'test'
  ...
# Subtest: the authority reserve also accommodates every retained outbox stop
ok 66 - the authority reserve also accommodates every retained outbox stop
  ---
  duration_ms: 168.887893
  type: 'test'
  ...
# Subtest: quarantine count remains bounded and replay does not consume another slot
ok 67 - quarantine count remains bounded and replay does not consume another slot
  ---
  duration_ms: 2377.185728
  type: 'test'
  ...
# Subtest: full4096 history respects protected records and retains the exact accepted count on retirement
ok 68 - full4096 history respects protected records and retains the exact accepted count on retirement
  ---
  duration_ms: 34070.493796
  type: 'test'
  ...
# (node:171013) ExperimentalWarning: SQLite is an experimental feature and might change at any time
# (Use `node --trace-warnings ...` to show where the warning was created)
# Subtest: missing private proof pauses a valid reserved send without losing availability, then releases its obsolete hold
ok 69 - missing private proof pauses a valid reserved send without losing availability, then releases its obsolete hold
  ---
  duration_ms: 1826.958493
  type: 'test'
  ...
# Subtest: runtime closure persists the minimal stop without rewriting the private document and releases only automatic protection
ok 70 - runtime closure persists the minimal stop without rewriting the private document and releases only automatic protection
  ---
  duration_ms: 1360.779271
  type: 'test'
  ...
# Subtest: runtime group stop and closure recover together after rollback
ok 71 - runtime group stop and closure recover together after rollback
  ---
  duration_ms: 1060.205337
  type: 'test'
  ...
# Subtest: runtime group stop and closure recover together after lost commit response
ok 72 - runtime group stop and closure recover together after lost commit response
  ---
  duration_ms: 802.197461
  type: 'test'
  ...
# Subtest: full normal database quota still commits a group stop while the ordinary growth control fails
ok 73 - full normal database quota still commits a group stop while the ordinary growth control fails
  ---
  duration_ms: 1378.007172
  type: 'test'
  ...
# Subtest: forged stop mirror, mismatched binding and orphan stop all fail authenticated reopening
    # Subtest: mirror
    ok 1 - mirror
      ---
      duration_ms: 758.028517
      type: 'test'
      ...
    # Subtest: binding
    ok 2 - binding
      ---
      duration_ms: 829.022116
      type: 'test'
      ...
    # Subtest: orphan
    ok 3 - orphan
      ---
      duration_ms: 820.536355
      type: 'test'
      ...
    1..3
ok 74 - forged stop mirror, mismatched binding and orphan stop all fail authenticated reopening
  ---
  duration_ms: 2408.625525
  type: 'test'
  ...
# Subtest: bounded stopped entries coexist with 128 new pending operations; half bindings and extra fields fail
ok 75 - bounded stopped entries coexist with 128 new pending operations; half bindings and extra fields fail
  ---
  duration_ms: 768.117343
  type: 'test'
  ...
# Subtest: a restrictive prefix with an invalid tail stops the runtime intent in its accepted transaction
ok 76 - a restrictive prefix with an invalid tail stops the runtime intent in its accepted transaction
  ---
  duration_ms: 902.765169
  type: 'test'
  ...
# Subtest: stop retirement and removal of the corresponding intent share a private commit
ok 77 - stop retirement and removal of the corresponding intent share a private commit
  ---
  duration_ms: 929.435103
  type: 'test'
  ...
# Subtest: runtime stop cancels its existing transport queue
ok 78 - runtime stop cancels its existing transport queue
  ---
  duration_ms: 1209.542794
  type: 'test'
  ...
# Subtest: runtime negative control delivers its existing transport queue
ok 79 - runtime negative control delivers its existing transport queue
  ---
  duration_ms: 1226.054152
  type: 'test'
  ...
# Subtest: real TCP cache request checks active author authority even after delivery completed
ok 80 - real TCP cache request checks active author authority even after delivery completed
  ---
  duration_ms: 1724.44633
  type: 'test'
  ...
# Subtest: real TCP cache request checks closed author authority even after delivery completed
ok 81 - real TCP cache request checks closed author authority even after delivery completed
  ---
  duration_ms: 1755.27909
  type: 'test'
  ...
# Subtest: real TCP cache request checks locked author authority even after delivery completed
ok 82 - real TCP cache request checks locked author authority even after delivery completed
  ---
  duration_ms: 1443.195866
  type: 'test'
  ...
# (node:171769) ExperimentalWarning: SQLite is an experimental feature and might change at any time
# (Use `node --trace-warnings ...` to show where the warning was created)
# Subtest: creator state is encrypted, permanent and idempotent while its operation is retained
ok 83 - creator state is encrypted, permanent and idempotent while its operation is retained
  ---
  duration_ms: 82.092377
  type: 'test'
  ...
# Subtest: explicit invitation needs complete ancestry and fresh consent before local membership
ok 84 - explicit invitation needs complete ancestry and fresh consent before local membership
  ---
  duration_ms: 367.511407
  type: 'test'
  ...
# Subtest: unknown groups, invalid signer and signed orphan hints cannot allocate, advance or freeze authority
ok 85 - unknown groups, invalid signer and signed orphan hints cannot allocate, advance or freeze authority
  ---
  duration_ms: 109.28927
  type: 'test'
  ...
# Subtest: an incumbent cannot skip an invalid intermediate membership snapshot
ok 86 - an incumbent cannot skip an invalid intermediate membership snapshot
  ---
  duration_ms: 261.273589
  type: 'test'
  ...
# Subtest: creator equivocation freezes durably; stale hints do not choose or erase a branch
ok 87 - creator equivocation freezes durably; stale hints do not choose or erase a branch
  ---
  duration_ms: 162.446796
  type: 'test'
  ...
# Subtest: local leave survives restart and old consent replay; reentry requires a new committed nonce
ok 88 - local leave survives restart and old consent replay; reentry requires a new committed nonce
  ---
  duration_ms: 747.756899
  type: 'test'
  ...
# Subtest: a late join response cannot restore membership across a subsequent removal
ok 89 - a late join response cannot restore membership across a subsequent removal
  ---
  duration_ms: 329.447861
  type: 'test'
  ...
# Subtest: storage pressure persists a stop checkpoint instead of using an obsolete roster
ok 90 - storage pressure persists a stop checkpoint instead of using an obsolete roster
  ---
  duration_ms: 100.932071
  type: 'test'
  ...
# Subtest: closure and a stale expected parent cannot create a successor or bypass idempotency
ok 91 - closure and a stale expected parent cannot create a successor or bypass idempotency
  ---
  duration_ms: 162.10256
  type: 'test'
  ...
# Subtest: 64 remembered groups are retained; capacity is not reset by closing them
ok 92 - 64 remembered groups are retained; capacity is not reset by closing them
  ---
  duration_ms: 1938.734386
  type: 'test'
  ...
# Subtest: two real creator processes use compare-and-set and cannot commit siblings in one registry
ok 93 - two real creator processes use compare-and-set and cannot commit siblings in one registry
  ---
  duration_ms: 245.227994
  type: 'test'
  ...
# Subtest: real process crashes preserve atomic authority and the original operation after a lost response
ok 94 - real process crashes preserve atomic authority and the original operation after a lost response
  ---
  duration_ms: 375.082772
  type: 'test'
  ...
# Subtest: later snapshots wait for a missing intermediate state and activate after its verified arrival
ok 95 - later snapshots wait for a missing intermediate state and activate after its verified arrival
  ---
  duration_ms: 599.983345
  type: 'test'
  ...
# Subtest: capacity recovery adopts the exact stopped header and still needs its private state
ok 96 - capacity recovery adopts the exact stopped header and still needs its private state
  ---
  duration_ms: 194.877651
  type: 'test'
  ...
# Subtest: snapshot capacity stops survive restart; freeing space alone cannot reactivate membership
ok 97 - snapshot capacity stops survive restart; freeing space alone cannot reactivate membership
  ---
  duration_ms: 185.023676
  type: 'test'
  ...
# Subtest: a real sibling proof during capacity suspension freezes permanently and is retrievable
ok 98 - a real sibling proof during capacity suspension freezes permanently and is retrievable
  ---
  duration_ms: 145.768946
  type: 'test'
  ...
# Subtest: finite operation retention follows authenticated revisions and leaves group proofs intact
ok 99 - finite operation retention follows authenticated revisions and leaves group proofs intact
  ---
  duration_ms: 6075.249156
  type: 'test'
  ...
# Subtest: authenticated but malformed authority records fail closed instead of trusting falsy fields or cursors
ok 100 - authenticated but malformed authority records fail closed instead of trusting falsy fields or cursors
  ---
  duration_ms: 191.582984
  type: 'test'
  ...
# Subtest: corrupt retained operation cannot fabricate a successful response
ok 101 - corrupt retained operation cannot fabricate a successful response
  ---
  duration_ms: 41.663306
  type: 'test'
  ...
# Subtest: local leave and creator closure remain durable under full ordinary metadata capacity
ok 102 - local leave and creator closure remain durable under full ordinary metadata capacity
  ---
  duration_ms: 405.047514
  type: 'test'
  ...
# Subtest: a malformed trailing proof cannot roll back an already verified removal in the same page
ok 103 - a malformed trailing proof cannot roll back an already verified removal in the same page
  ---
  duration_ms: 383.720668
  type: 'test'
  ...
# Subtest: the declared maximum checkpoints and stop receipts fit the reserved SQLite budget
ok 104 - the declared maximum checkpoints and stop receipts fit the reserved SQLite budget
  ---
  duration_ms: 179.820029
  type: 'test'
  ...
# Subtest: retirement rechecks every operation signature after caching a group in the same transaction
ok 105 - retirement rechecks every operation signature after caching a group in the same transaction
  ---
  duration_ms: 5730.654457
  type: 'test'
  ...
# (node:172580) ExperimentalWarning: SQLite is an experimental feature and might change at any time
# (Use `node --trace-warnings ...` to show where the warning was created)
# Subtest: authenticated Node group management persists membership and restrictive proofs
ok 106 - authenticated Node group management persists membership and restrictive proofs
  ---
  duration_ms: 2370.778916
  type: 'test'
  ...
# Subtest: group API recovers a committed command whose response was lost without creating a second group
ok 107 - group API recovers a committed command whose response was lost without creating a second group
  ---
  duration_ms: 250.860786
  type: 'test'
  ...
# (node:172710) ExperimentalWarning: SQLite is an experimental feature and might change at any time
# (Use `node --trace-warnings ...` to show where the warning was created)
# Subtest: group send intent rollback has no transport side effect
ok 108 - group send intent rollback has no transport side effect
  ---
  duration_ms: 1625.520001
  type: 'test'
  ...
# Subtest: group send intent lost response has no transport side effect
ok 109 - group send intent lost response has no transport side effect
  ---
  duration_ms: 2134.904498
  type: 'test'
  ...
# Subtest: group send recovers original stored bytes after ready rollback
ok 110 - group send recovers original stored bytes after ready rollback
  ---
  duration_ms: 2601.070026
  type: 'test'
  ...
# Subtest: group send recovers original stored bytes after lost ready response
ok 111 - group send recovers original stored bytes after lost ready response
  ---
  duration_ms: 2497.992854
  type: 'test'
  ...
# Subtest: a reported content-store failure cannot leak the new group packet or silently create another ID
ok 112 - a reported content-store failure cannot leak the new group packet or silently create another ID
  ---
  duration_ms: 2194.313577
  type: 'test'
  ...
# Subtest: actual group send APIs create durable encrypted text, attachment and reply over TCP without global contacts
ok 113 - actual group send APIs create durable encrypted text, attachment and reply over TCP without global contacts
  ---
  duration_ms: 4246.609802
  type: 'test'
  ...
# Subtest: new group sends require current head and exact snapshot audience; retained operation remains immutable
ok 114 - new group sends require current head and exact snapshot audience; retained operation remains immutable
  ---
  duration_ms: 3462.756455
  type: 'test'
  ...
# (node:173495) ExperimentalWarning: SQLite is an experimental feature and might change at any time
# (Use `node --trace-warnings ...` to show where the warning was created)
# Subtest: encrypted metadata survives close/reopen; uncommitted work and transaction handles cannot escape
ok 115 - encrypted metadata survives close/reopen; uncommitted work and transaction handles cannot escape
  ---
  duration_ms: 45.009019
  type: 'test'
  ...
# Subtest: absence, truncation, wrong identity, wrong signing authority and extra SQL schema fail closed
ok 116 - absence, truncation, wrong identity, wrong signing authority and extra SQL schema fail closed
  ---
  duration_ms: 30.952213
  type: 'test'
  ...
# Subtest: unknown schema cannot hide behind a similar SQLite prefix
ok 117 - unknown schema cannot hide behind a similar SQLite prefix
  ---
  duration_ms: 26.898953
  type: 'test'
  ...
# Subtest: valid encryption with only the reading key cannot forge a locally signed fence
ok 118 - valid encryption with only the reading key cannot forge a locally signed fence
  ---
  duration_ms: 50.787643
  type: 'test'
  ...
# Subtest: checkpoint corruption, deletion, wrong SQL type and oversize are rejected before trusting state
ok 119 - checkpoint corruption, deletion, wrong SQL type and oversize are rejected before trusting state
  ---
  duration_ms: 78.528525
  type: 'test'
  ...
# Subtest: complete valid backup rollback is an explicit limitation; a pinned different registry is rejected
ok 120 - complete valid backup rollback is an explicit limitation; a pinned different registry is rejected
  ---
  duration_ms: 52.756324
  type: 'test'
  ...
# Subtest: ciphertext substitution, swallowed integrity errors and stale index replay cannot change a committed record
ok 121 - ciphertext substitution, swallowed integrity errors and stale index replay cannot change a committed record
  ---
  duration_ms: 68.103138
  type: 'test'
  ...
# Subtest: a replacement callback error cannot erase an observed integrity failure
ok 122 - a replacement callback error cannot erase an observed integrity failure
  ---
  duration_ms: 38.375191
  type: 'test'
  ...
# Subtest: record AAD binds logical key and revision even beneath a freshly signed index
ok 123 - record AAD binds logical key and revision even beneath a freshly signed index
  ---
  duration_ms: 58.71123
  type: 'test'
  ...
# Subtest: ordinary metadata cannot consume the checkpoint reserve; capacity failure is atomic
ok 124 - ordinary metadata cannot consume the checkpoint reserve; capacity failure is atomic
  ---
  duration_ms: 44.976878
  type: 'test'
  ...
# Subtest: abrupt writer process death rolls back staged SQL and preserves the last authenticated checkpoint
ok 125 - abrupt writer process death rolls back staged SQL and preserves the last authenticated checkpoint
  ---
  duration_ms: 122.093777
  type: 'test'
  ...
# Subtest: two actual writer processes serialize read-modify-write without losing updates
ok 126 - two actual writer processes serialize read-modify-write without losing updates
  ---
  duration_ms: 457.528602
  type: 'test'
  ...
# (node:173537) ExperimentalWarning: SQLite is an experimental feature and might change at any time
# (Use `node --trace-warnings ...` to show where the warning was created)
# Subtest: group and private document share one commit; callback rollback and expired scopes cannot leak writes
ok 127 - group and private document share one commit; callback rollback and expired scopes cannot leak writes
  ---
  duration_ms: 115.456031
  type: 'test'
  ...
# Subtest: swallowing a scoped operation failure cannot commit earlier group or private writes
ok 128 - swallowing a scoped operation failure cannot commit earlier group or private writes
  ---
  duration_ms: 73.365435
  type: 'test'
  ...
# Subtest: a verified closure and private decision commit despite a rejected proof tail
ok 129 - a verified closure and private decision commit despite a rejected proof tail
  ---
  duration_ms: 125.106065
  type: 'test'
  ...
# Subtest: even swallowing the entire authority scope error cannot commit the outer transaction
ok 130 - even swallowing the entire authority scope error cannot commit the outer transaction
  ---
  duration_ms: 70.362725
  type: 'test'
  ...
# Subtest: minimal authority fence commits at full ordinary quota without growing the private document
ok 131 - minimal authority fence commits at full ordinary quota without growing the private document
  ---
  duration_ms: 122.722816
  type: 'test'
  ...
# Subtest: three processes TCP → serial PTY, partition/heal, relay control and publisher-offline seeder takeover
ok 132 - three processes TCP → serial PTY, partition/heal, relay control and publisher-offline seeder takeover
  ---
  duration_ms: 9317.69807
  type: 'test'
  ...
# Subtest: real processes: private conversation, receipt, unauthorized edit, social and restart recovery
ok 133 - real processes: private conversation, receipt, unauthorized edit, social and restart recovery
  ---
  duration_ms: 1520.401261
  type: 'test'
  ...
# (node:175326) ExperimentalWarning: SQLite is an experimental feature and might change at any time
# (Use `node --trace-warnings ...` to show where the warning was created)
# (node:175326) ExperimentalWarning: The MockTimers API is an experimental feature and might change at any time
# Subtest: offline send is encrypted, pinned, idempotent and recovers the same operation after restart
ok 134 - offline send is encrypted, pinned, idempotent and recovers the same operation after restart
  ---
  duration_ms: 347.408616
  type: 'test'
  ...
# Subtest: preparing journal reconciles surviving exact bytes and never regenerates missing content
ok 135 - preparing journal reconciles surviving exact bytes and never regenerates missing content
  ---
  duration_ms: 240.285588
  type: 'test'
  ...
# Subtest: transport rejection after local acceptance stays pending and cannot crash periodic sync
ok 136 - transport rejection after local acceptance stays pending and cannot crash periodic sync
  ---
  duration_ms: 242.354316
  type: 'test'
  ...
# Subtest: per-reader signed delivery/read confirmations survive paging, replay, eviction and restart
ok 137 - per-reader signed delivery/read confirmations survive paging, replay, eviction and restart
  ---
  duration_ms: 2475.497105
  type: 'test'
  ...
# Subtest: public, foreign-author and wrong-reader confirmations cannot advance a durable send
ok 138 - public, foreign-author and wrong-reader confirmations cannot advance a durable send
  ---
  duration_ms: 344.922474
  type: 'test'
  ...
# Subtest: expiry remains visible after payload removal and explicit user pin is preserved
ok 139 - expiry remains visible after payload removal and explicit user pin is preserved
  ---
  duration_ms: 394.157095
  type: 'test'
  ...
# Subtest: corrupted reserved bytes become unavailable without a new signed publication
ok 140 - corrupted reserved bytes become unavailable without a new signed publication
  ---
  duration_ms: 244.707349
  type: 'test'
  ...
# Subtest: blocked incomplete sends retain bounded reservation; blocked group readers do not break viewing
ok 141 - blocked incomplete sends retain bounded reservation; blocked group readers do not break viewing
  ---
  duration_ms: 730.563503
  type: 'test'
  ...
# Subtest: pending count/byte reservations and restored metadata ownership are bounded
ok 142 - pending count/byte reservations and restored metadata ownership are bounded
  ---
  duration_ms: 275.681242
  type: 'test'
  ...
# Subtest: a content-file directory flush error preserves the recorded operation instead of signing a replacement
ok 143 - a content-file directory flush error preserves the recorded operation instead of signing a replacement
  ---
  duration_ms: 225.596587
  type: 'test'
  ...
# Subtest: incoming read confirmation is journalled before its admission evicts the original
ok 144 - incoming read confirmation is journalled before its admission evicts the original
  ---
  duration_ms: 397.975104
  type: 'test'
  ...
# Subtest: read confirmation uses the signed roster when contact learning fails and can be reissued after eviction
ok 145 - read confirmation uses the signed roster when contact learning fails and can be reissued after eviction
  ---
  duration_ms: 277.387521
  type: 'test'
  ...
# Subtest: saved peer connection remains idempotent at capacity without opening another connection
ok 146 - saved peer connection remains idempotent at capacity without opening another connection
  ---
  duration_ms: 189.97525
  type: 'test'
  ...
# Subtest: snapshot crossing expiry during journal persistence keeps state and reservation consistent
ok 147 - snapshot crossing expiry during journal persistence keeps state and reservation consistent
  ---
  duration_ms: 1735.269402
  type: 'test'
  ...
# Subtest: snapshot crossing expiry during journal persistence keeps send and reservation consistent
ok 148 - snapshot crossing expiry during journal persistence keeps send and reservation consistent
  ---
  duration_ms: 1767.064225
  type: 'test'
  ...
# Subtest: snapshot crossing expiry during journal persistence keeps retry and reservation consistent
ok 149 - snapshot crossing expiry during journal persistence keeps retry and reservation consistent
  ---
  duration_ms: 1765.688746
  type: 'test'
  ...
# Subtest: an uncertain SQL completion at write 1 recovers the same outbox operation
ok 150 - an uncertain SQL completion at write 1 recovers the same outbox operation
  ---
  duration_ms: 210.836493
  type: 'test'
  ...
# Subtest: an uncertain SQL completion at write 2 recovers the same outbox operation
ok 151 - an uncertain SQL completion at write 2 recovers the same outbox operation
  ---
  duration_ms: 227.332732
  type: 'test'
  ...
# Subtest: outbox preview preserves full astral characters within its UTF-16 budget
ok 152 - outbox preview preserves full astral characters within its UTF-16 budget
  ---
  duration_ms: 0.276739
  type: 'test'
  ...
# (node:176104) ExperimentalWarning: SQLite is an experimental feature and might change at any time
# (Use `node --trace-warnings ...` to show where the warning was created)
# Subtest: legacy semantic failures are rejected before creating a signed migration intent
ok 153 - legacy semantic failures are rejected before creating a signed migration intent
  ---
  duration_ms: 65.583965
  type: 'test'
  ...
# (node:176117) ExperimentalWarning: SQLite is an experimental feature and might change at any time
# (Use `node --trace-warnings ...` to show where the warning was created)
# Subtest: signed initialization binds owner, random store ID and legacy ciphertext across phases
ok 154 - signed initialization binds owner, random store ID and legacy ciphertext across phases
  ---
  duration_ms: 9.177327
  type: 'test'
  ...
# Subtest: a signed intent can pin the exact new store before creation without allowing resets
ok 155 - a signed intent can pin the exact new store before creation without allowing resets
  ---
  duration_ms: 23.636677
  type: 'test'
  ...
# (node:176124) ExperimentalWarning: SQLite is an experimental feature and might change at any time
# (Use `node --trace-warnings ...` to show where the warning was created)
# Subtest: staged import binds the actual legacy ciphertext and committed reopen never falls back
ok 156 - staged import binds the actual legacy ciphertext and committed reopen never falls back
  ---
  duration_ms: 117.701192
  type: 'test'
  ...
# Subtest: existing unbound, missing initialized and wrong-store databases fail without reset
ok 157 - existing unbound, missing initialized and wrong-store databases fail without reset
  ---
  duration_ms: 215.758722
  type: 'test'
  ...
# Subtest: changed legacy source cannot complete a signed preparation
ok 158 - changed legacy source cannot complete a signed preparation
  ---
  duration_ms: 42.616002
  type: 'test'
  ...
# Subtest: transaction wrapper cannot erase initialization or the current private document
ok 159 - transaction wrapper cannot erase initialization or the current private document
  ---
  duration_ms: 86.472069
  type: 'test'
  ...
# Subtest: real process death after prepared initialization boundary preserves resumable private bytes
ok 160 - real process death after prepared initialization boundary preserves resumable private bytes
  ---
  duration_ms: 216.116282
  type: 'test'
  ...
# Subtest: real process death after imported initialization boundary preserves resumable private bytes
ok 161 - real process death after imported initialization boundary preserves resumable private bytes
  ---
  duration_ms: 220.463363
  type: 'test'
  ...
# Subtest: real process death after committed initialization boundary preserves resumable private bytes
ok 162 - real process death after committed initialization boundary preserves resumable private bytes
  ---
  duration_ms: 239.281405
  type: 'test'
  ...
# Subtest: replay of the complete earlier initialization state is an explicit rollback limitation
ok 163 - replay of the complete earlier initialization state is an explicit rollback limitation
  ---
  duration_ms: 178.774318
  type: 'test'
  ...
# (node:176294) ExperimentalWarning: SQLite is an experimental feature and might change at any time
# (Use `node --trace-warnings ...` to show where the warning was created)
# Subtest: one running owner per profile, another profile remains independent, close permits restart
ok 164 - one running owner per profile, another profile remains independent, close permits restart
  ---
  duration_ms: 21.251044
  type: 'test'
  ...
# Subtest: empty initialization can recover but foreign or malformed metadata is refused
ok 165 - empty initialization can recover but foreign or malformed metadata is refused
  ---
  duration_ms: 31.216388
  type: 'test'
  ...
# (node:176352) ExperimentalWarning: SQLite is an experimental feature and might change at any time
# (Use `node --trace-warnings ...` to show where the warning was created)
# Subtest: runtime owns the profile through transport shutdown and rejects stale writes after recovery
ok 166 - runtime owns the profile through transport shutdown and rejects stale writes after recovery
  ---
  duration_ms: 502.127362
  type: 'test'
  ...
# Subtest: constructor failure releases ownership without resetting the existing profile
ok 167 - constructor failure releases ownership without resetting the existing profile
  ---
  duration_ms: 55.475803
  type: 'test'
  ...
# (node:176426) ExperimentalWarning: SQLite is an experimental feature and might change at any time
# (Use `node --trace-warnings ...` to show where the warning was created)
# Subtest: chunked private state is encrypted, persists exactly and shrinks atomically
ok 168 - chunked private state is encrypted, persists exactly and shrinks atomically
  ---
  duration_ms: 160.662069
  type: 'test'
  ...
# Subtest: private state and an authority fence commit together or both roll back, with digest CAS
ok 169 - private state and an authority fence commit together or both roll back, with digest CAS
  ---
  duration_ms: 97.858517
  type: 'test'
  ...
# Subtest: missing, orphan and hash-mismatched chunks fail closed rather than yielding partial state
ok 170 - missing, orphan and hash-mismatched chunks fail closed rather than yielding partial state
  ---
  duration_ms: 254.817093
  type: 'test'
  ...
# Subtest: the full declared private-state byte bound fits while oversize input makes no writes
ok 171 - the full declared private-state byte bound fits while oversize input makes no writes
  ---
  duration_ms: 292.460382
  type: 'test'
  ...
# (node:176502) ExperimentalWarning: SQLite is an experimental feature and might change at any time
# (Use `node --trace-warnings ...` to show where the warning was created)
# Subtest: inbound semantic ACL: forged public receipt/message and private wrong-reader mutation are hidden
ok 172 - inbound semantic ACL: forged public receipt/message and private wrong-reader mutation are hidden
  ---
  duration_ms: 470.737939
  type: 'test'
  ...
# Subtest: malformed unauthenticated HTTP paths return 400; service survives and auth boundary holds
ok 173 - malformed unauthenticated HTTP paths return 400; service survives and auth boundary holds
  ---
  duration_ms: 68.883752
  type: 'test'
  ...
# Subtest: private site draft and local deletion survive cache removal/restart without plaintext on disk
ok 174 - private site draft and local deletion survive cache removal/restart without plaintext on disk
  ---
  duration_ms: 545.340303
  type: 'test'
  ...
# Subtest: relay consent: no application-level cached serving while paused, positive control after enabling
ok 175 - relay consent: no application-level cached serving while paused, positive control after enabling
  ---
  duration_ms: 1116.252572
  type: 'test'
  ...
# Subtest: deletion journal survives when publication itself evicts its unpinned original
ok 176 - deletion journal survives when publication itself evicts its unpinned original
  ---
  duration_ms: 388.058511
  type: 'test'
  ...
# Subtest: seeded virtual time is reproducible with independently generated secure fixtures
ok 177 - seeded virtual time is reproducible with independently generated secure fixtures
  ---
  duration_ms: 38.899744
  type: 'test'
  ...
# Subtest: loss, MTU fragmentation, partition/heal, low-power transition and SOS-before-bulk
ok 178 - loss, MTU fragmentation, partition/heal, low-power transition and SOS-before-bulk
  ---
  duration_ms: 9.682945
  type: 'test'
  ...
# Subtest: directed bandwidth, latency and MTU produce measurable asymmetric arrival times
ok 179 - directed bandwidth, latency and MTU produce measurable asymmetric arrival times
  ---
  duration_ms: 4.62394
  type: 'test'
  ...
# Subtest: congested bounded queues preserve SOS while bulk is deferred
ok 180 - congested bounded queues preserve SOS while bulk is deferred
  ---
  duration_ms: 6.588984
  type: 'test'
  ...
# Subtest: bounded cache distinguishes pinned exhaustion from unpinned eviction
ok 181 - bounded cache distinguishes pinned exhaustion from unpinned eviction
  ---
  duration_ms: 7.827696
  type: 'test'
  ...
# Subtest: TTL rejects in-flight expiration and retained replay respects the hop limit
ok 182 - TTL rejects in-flight expiration and retained replay respects the hop limit
  ---
  duration_ms: 3.884764
  type: 'test'
  ...
# Subtest: every-fourth-fragment fairness lets bulk advance during SOS pressure
ok 183 - every-fourth-fragment fairness lets bulk advance during SOS pressure
  ---
  duration_ms: 11.476979
  type: 'test'
  ...
# Subtest: real signature/chunk checks pass honest control and detect deliberately broken controls
ok 184 - real signature/chunk checks pass honest control and detect deliberately broken controls
  ---
  duration_ms: 15.475144
  type: 'test'
  ...
# Subtest: simulation rejects invalid transport bounds and complete report gates pass
ok 185 - simulation rejects invalid transport bounds and complete report gates pass
  ---
  duration_ms: 39.021983
  type: 'test'
  ...
# (node:176562) ExperimentalWarning: SQLite is an experimental feature and might change at any time
# (Use `node --trace-warnings ...` to show where the warning was created)
# Subtest: large valid cache produces bounded pages and exact authorized attachments on demand
ok 186 - large valid cache produces bounded pages and exact authorized attachments on demand
  ---
  duration_ms: 6927.470471
  type: 'test'
  ...
# Subtest: received author deletion persists before evicting its original, and denied attachments stay unavailable
ok 187 - received author deletion persists before evicting its original, and denied attachments stay unavailable
  ---
  duration_ms: 249.180996
  type: 'test'
  ...
# Subtest: request tracking is bounded even when transport rejects every broadcast
ok 188 - request tracking is bounded even when transport rejects every broadcast
  ---
  duration_ms: 180.471351
  type: 'test'
  ...
# Subtest: unknown post extension data does not crash or inflate summaries
ok 189 - unknown post extension data does not crash or inflate summaries
  ---
  duration_ms: 324.484895
  type: 'test'
  ...
# Subtest: summary reuse remains bound to verified disk bytes and unlocked identity
ok 190 - summary reuse remains bound to verified disk bytes and unlocked identity
  ---
  duration_ms: 177.013778
  type: 'test'
  ...
# Subtest: collections and following integrate with encrypted persistence and hashed peer retrieval respects read ACL
ok 191 - collections and following integrate with encrypted persistence and hashed peer retrieval respects read ACL
  ---
  duration_ms: 1673.615236
  type: 'test'
  ...
# Subtest: collection create, rename, add, remove and delete are immutable local transitions
ok 192 - collection create, rename, add, remove and delete are immutable local transitions
  ---
  duration_ms: 1.917135
  type: 'test'
  ...
# Subtest: collection identity, title and timestamp rules reject ambiguous metadata
ok 193 - collection identity, title and timestamp rules reject ambiguous metadata
  ---
  duration_ms: 1.139517
  type: 'test'
  ...
# Subtest: prototype, accessor, unknown field and sparse-array inputs fail without executing metadata
ok 194 - prototype, accessor, unknown field and sparse-array inputs fail without executing metadata
  ---
  duration_ms: 0.438462
  type: 'test'
  ...
# Subtest: collection ownership cannot be transferred by a command or mixed across identity vaults
ok 195 - collection ownership cannot be transferred by a command or mixed across identity vaults
  ---
  duration_ms: 0.331331
  type: 'test'
  ...
# Subtest: collection and membership quotas reject atomically while allowing idempotent operations
ok 196 - collection and membership quotas reject atomically while allowing idempotent operations
  ---
  duration_ms: 6.648736
  type: 'test'
  ...
# Subtest: recovered collections reject duplicate identifiers, titles, members and excessive total memberships
ok 197 - recovered collections reject duplicate identifiers, titles, members and excessive total memberships
  ---
  duration_ms: 2.890109
  type: 'test'
  ...
# Subtest: content references remain canonical hashes and convey neither reader access nor authorship
ok 198 - content references remain canonical hashes and convey neither reader access nor authorship
  ---
  duration_ms: 8.507221
  type: 'test'
  ...
# Subtest: followed feed selects posts and alerts from followed authors without changing caller order or access
ok 199 - followed feed selects posts and alerts from followed authors without changing caller order or access
  ---
  duration_ms: 0.404067
  type: 'test'
  ...
# Subtest: local cancellation removes an actual queued TCP transfer and its reconnect copy
ok 200 - local cancellation removes an actual queued TCP transfer and its reconnect copy
  ---
  duration_ms: 673.086959
  type: 'test'
  ...
# Subtest: local cancellation negative control delivers an actual queued TCP transfer and its reconnect copy
ok 201 - local cancellation negative control delivers an actual queued TCP transfer and its reconnect copy
  ---
  duration_ms: 663.863826
  type: 'test'
  ...
# Subtest: local cancellation leaves another origin's retained relay packet intact
ok 202 - local cancellation leaves another origin's retained relay packet intact
  ---
  duration_ms: 483.005781
  type: 'test'
  ...
# Subtest: TCP parser handles split/coalesced frames, rejects tamper and replays only once
ok 203 - TCP parser handles split/coalesced frames, rejects tamper and replays only once
  ---
  duration_ms: 82.751763
  type: 'test'
  ...
# Subtest: non-reading TCP duplicate flood coalesces and bounds control output
ok 204 - non-reading TCP duplicate flood coalesces and bounds control output
  ---
  duration_ms: 51.193034
  type: 'test'
  ...
# Subtest: TCP malformed frame and unfinished-line floods disconnect and release state
ok 205 - TCP malformed frame and unfinished-line floods disconnect and release state
  ---
  duration_ms: 22.663322
  type: 'test'
  ...
# Subtest: distinct TCP packets cannot grow the ACK queue or exceed its output rate
ok 206 - distinct TCP packets cannot grow the ACK queue or exceed its output rate
  ---
  duration_ms: 153.929817
  type: 'test'
  ...
# Subtest: TCP incomplete assemblies have count and aggregate memory bounds
ok 207 - TCP incomplete assemblies have count and aggregate memory bounds
  ---
  duration_ms: 2253.966221
  type: 'test'
  ...
# Subtest: expired packets, invalid TTLs and exhausted hop limits never relay
ok 208 - expired packets, invalid TTLs and exhausted hop limits never relay
  ---
  duration_ms: 135.126361
  type: 'test'
  ...
# Subtest: queued expiry and stopped sockets release bounded output under backpressure
ok 209 - queued expiry and stopped sockets release bounded output under backpressure
  ---
  duration_ms: 388.533802
  type: 'test'
  ...
# Subtest: partial TCP loss retries exact bytes and missing ACK retries without duplicate delivery
ok 210 - partial TCP loss retries exact bytes and missing ACK retries without duplicate delivery
  ---
  duration_ms: 4408.069788
  type: 'test'
  ...
# Subtest: TCP reconnect delivers a partial transfer and packets created during the partition
ok 211 - TCP reconnect delivers a partial transfer and packets created during the partition
  ---
  duration_ms: 1081.188279
  type: 'test'
  ...
# Subtest: turning relay off cancels queued forwarded fragments and keeps local SOS available
ok 212 - turning relay off cancels queued forwarded fragments and keeps local SOS available
  ---
  duration_ms: 120.324379
  type: 'test'
  ...
# Subtest: relay pause cancels queued local seeding and prevents retained offline replay
ok 213 - relay pause cancels queued local seeding and prevents retained offline replay
  ---
  duration_ms: 132.327704
  type: 'test'
  ...
# Subtest: real TCP fragments preempt bulk for SOS while preserving bulk fairness
ok 214 - real TCP fragments preempt bulk for SOS while preserving bulk fairness
  ---
  duration_ms: 74.314635
  type: 'test'
  ...
# Subtest: many in-progress SOS transfers leave admission capacity for bulk fairness
ok 215 - many in-progress SOS transfers leave admission capacity for bulk fairness
  ---
  duration_ms: 49.880843
  type: 'test'
  ...
# Subtest: real serialport PTY fragments preempt bulk for SOS with the same fairness
ok 216 - real serialport PTY fragments preempt bulk for SOS with the same fairness
  ---
  duration_ms: 149.954924
  type: 'test'
  ...
# Subtest: POSIX poller regression: read rearm must preserve an outstanding write watch
ok 217 - POSIX poller regression: read rearm must preserve an outstanding write watch
  ---
  duration_ms: 0.823394
  type: 'test'
  ...
# Subtest: serial write deadline covers one frame at configured baud while bounding a stalled writer
ok 218 - serial write deadline covers one frame at configured baud while bounding a stalled writer
  ---
  duration_ms: 0.124534
  type: 'test'
  ...
# Subtest: real serial PTY recovers an injected stuck write through bounded reconnect and exact replay
ok 219 - real serial PTY recovers an injected stuck write through bounded reconnect and exact replay
  ---
  duration_ms: 6168.544999
  type: 'test'
  ...
# Subtest: real TCP transfer, two-hop forwarding and relay-off negative control
ok 220 - real TCP transfer, two-hop forwarding and relay-off negative control
  ---
  duration_ms: 912.555564
  type: 'test'
  ...
# Subtest: validation rejection prevents display and relay; positive valid control
ok 221 - validation rejection prevents display and relay; positive valid control
  ---
  duration_ms: 533.898761
  type: 'test'
  ...
1..221
# tests 224
# suites 0
# pass 224
# fail 0
# cancelled 0
# skipped 0
# todo 0
# duration_ms 218969.905912
