
Running 49 tests using 1 worker

(node:2106020) Warning: The 'NO_COLOR' env is ignored due to the 'FORCE_COLOR' env being set.
(Use `node --trace-warnings ...` to show where the warning was created)
  ✓   1 [firefox] › tests/browser/application.spec.ts:75:1 › autonomous Liquid Glass UI owns identity and offline outbox, connects through real RTC, receives signed confirmations and survives reload (11.8s)
  ✓   2 [firefox] › tests/browser/application.spec.ts:204:1 › autonomous social actions and safe signed site builder persist and remain viewable after author closes (20.9s)
  ✓   3 [firefox] › tests/browser/application.spec.ts:359:1 › production worker keeps private keys out of replies and recovers an applied send after the UI response is lost (27.8s)
  ✓   4 [firefox] › tests/browser/application.spec.ts:466:1 › a second tab cannot take ownership of a live application profile and an unknown or corrupt profile is never silently reset (4.8s)
  ✓   5 [firefox] › tests/browser/application.spec.ts:523:1 › cached application code and encrypted profile reopen when the static host is unavailable, without installing the PWA (4.4s)
  ✓   6 [firefox] › tests/browser/application.spec.ts:589:1 › corrupted cached worker is rejected offline and recovered only from verified available code (1.9s)
  ✓   7 [firefox] › tests/browser/contact-relay.spec.ts:121:1 › imported contact immediately appears once, survives reload and becomes the first real DM without a duplicate (11.9s)
  ✓   8 [firefox] › tests/browser/contact-relay.spec.ts:208:1 › relay consent through the UI gates a real A to B to C path and does not grant B private reading (45.9s)
  ✓   9 [firefox] › tests/browser/core-fixed-envelope.spec.ts:15:1 › actual browser preserves saved envelope times, verifies Node bytes and refuses expired live admission (393ms)
  ✓  10 [firefox] › tests/browser/foundation.spec.ts:24:1 › Browser owns compatible identities/vaults/bundles: real Node and Go positive and negative controls (2.6s)
  ✓  11 [firefox] › tests/browser/foundation.spec.ts:205:1 › encrypted IndexedDB persists, coordinates two pages, rejects corruption and preserves pins on failed admission (2.7s)
  ✓  12 [firefox] › tests/browser/foundation.spec.ts:397:1 › lock during unlock cannot resurrect keys; missing authenticated state is not replaced with empty success (1.1s)
  ✓  13 [firefox] › tests/browser/foundation.spec.ts:449:1 › real WebRTC transfers encrypted chunks and an offline author's reader seeds identical bytes to a new reader (5.8s)
  ✓  14 [firefox] › tests/browser/foundation.spec.ts:623:1 › WebRTC rejects a correctly framed corrupt bundle before storage and rejects admission failure without ACK (4.7s)
  ✓  15 [firefox] › tests/browser/foundation.spec.ts:723:1 › identity recovery is compatible and cannot overwrite an existing profile; quota eviction retains pinned objects (1.3s)
  ✓  16 [firefox] › tests/browser/foundation.spec.ts:783:1 › browser application bundle/ledger commit is atomic, pending reservations survive eviction pressure and IDB abort preserves prior state (1.2s)
  ✓  17 [firefox] › tests/browser/private-values.spec.ts:4:1 › private values larger than the metadata index survive restart without becoming peer inventory (3.2s)
  ✓  18 [firefox] › tests/browser/private-values.spec.ts:51:1 › legacy embedded values migrate lazily and encrypted value rows remain outside peer access (2.2s)
  ✓  19 [firefox] › tests/browser/private-values.spec.ts:206:1 › bundle and private-value mutations commit together, and corruption cannot silently reset a value (923ms)
  ✓  20 [firefox] › tests/browser/private-values.spec.ts:385:1 › private-value byte and total budgets reject excess without losing committed values (6.7s)
  ✓  21 [firefox] › tests/browser/private-values.spec.ts:443:1 › multiple private values share one commit and a concurrent writer cannot remove a reader's snapshot (656ms)
  ✓  22 [firefox] › tests/browser/relay-policy-race.spec.ts:65:3 › relay policy race during request distinguishes a cancelled local response from an invalid peer frame (1.7s)
  ✓  23 [firefox] › tests/browser/relay-policy-race.spec.ts:65:3 › relay policy race during serve distinguishes a cancelled local response from an invalid peer frame (1.8s)
  ✓  24 [firefox] › tests/browser/relay-policy-race.spec.ts:65:3 › relay policy race during unrelated-error distinguishes a cancelled local response from an invalid peer frame (2.5s)
  ✓  25 [firefox] › tests/browser/site-contribution-catalog.spec.ts:13:1 › browser contribution intent and signature commit separately, survive reopening and abort signing on lock without publishing (1.7s)
  ✓  26 [firefox] › tests/browser/site-contribution-catalog.spec.ts:214:1 › browser catalogue expiry preserves the old result and missing staging is an integrity error (723ms)
  ✓  27 [firefox] › tests/browser/site-contribution-catalog.spec.ts:320:1 › browser rechecks the fixed deadline after policy before signing, with a one-millisecond positive control (786ms)
  ✓  28 [firefox] › tests/browser/site-contribution-catalog.spec.ts:389:1 › browser retains one private encrypted envelope across reopen and cancels a late seal when the identity locks (1.8s)
  ✓  29 [firefox] › tests/browser/site-contribution-catalog.spec.ts:549:1 › repeating cancellation of an old proposal preserves a different active preparation (758ms)
  ✓  30 [firefox] › tests/browser/site-contribution-catalog.spec.ts:606:1 › browser queued handoff keeps source and envelope private, supports a second intent and preserves packet identity after expiry (1.3s)
  ✓  31 [firefox] › tests/browser/site-contribution-context.spec.ts:13:1 › form inspection uses authenticated browser state and invalidates delayed replies after block, withdrawal, expiry or lock (4.8s)
  ✓  32 [firefox] › tests/browser/site-contribution-copy.spec.ts:12:3 › proposal copy rechecks block and never reports an unavailable envelope as copied (1.6s)
  ✓  33 [firefox] › tests/browser/site-contribution-copy.spec.ts:12:3 › proposal copy rechecks withdraw and never reports an unavailable envelope as copied (1.6s)
  ✓  34 [firefox] › tests/browser/site-contribution-copy.spec.ts:12:3 › proposal copy rechecks lock and never reports an unavailable envelope as copied (3.0s)
  ✓  35 [firefox] › tests/browser/site-contribution-copy.spec.ts:12:3 › proposal copy rechecks lost-copy and never reports an unavailable envelope as copied (1.7s)
  ✓  36 [firefox] › tests/browser/site-contribution-send.spec.ts:107:1 › two autonomous browser accounts send a private form proposal through real RTC while the sender relay is paused (3.1s)
  ✓  37 [firefox] › tests/browser/site-contribution-worker.spec.ts:53:1 › production worker describes an authenticated form after UI setup and unlock without exposing keys or accepting caller authority (2.0s)
  ✓  38 [firefox] › tests/browser/site-contribution-worker.spec.ts:146:1 › production workers recover queued proposals offline and send through the UI-established RTC link without reviving cancellation (9.5s)
  ✓  39 [firefox] › tests/browser/site-contribution.spec.ts:50:1 › browser visitor certificates interoperate with Node and Go while encrypted proposals and publication consent remain separate (871ms)
  ✓  40 [firefox] › tests/browser/site-network.spec.ts:172:5 › version 1 sites cross RTC, WebSocket and TCP through node, heal a partition and survive with only a restarted reader (9.0s)
  ✓  41 [firefox] › tests/browser/site-network.spec.ts:172:5 › version 1 sites cross RTC, WebSocket and TCP through native, heal a partition and survive with only a restarted reader (8.0s)
  ✓  42 [firefox] › tests/browser/site-network.spec.ts:172:5 › version 2 sites cross RTC, WebSocket and TCP through node, heal a partition and survive with only a restarted reader (8.4s)
  ✓  43 [firefox] › tests/browser/site-network.spec.ts:172:5 › version 2 sites cross RTC, WebSocket and TCP through native, heal a partition and survive with only a restarted reader (8.2s)
  ✓  44 [firefox] › tests/browser/site-resource-catalog.spec.ts:11:1 › browser resource creation keeps its signature private until durable preparation, reopens and recovers one exact result (1.7s)
  ✓  45 [firefox] › tests/browser/site-resource-catalog.spec.ts:116:1 › locking during resource signing aborts the private transaction and invalidates its old catalogue (786ms)
  ✓  46 [firefox] › tests/browser/site-resource-network.spec.ts:97:1 › browser resource admission rejects readable malformed bodies, preserves opaque seeding and keeps summaries distinct from full data (2.0s)
  ✓  47 [firefox] › tests/browser/site-resource-network.spec.ts:221:3 › optional data crosses RTC and WS through node only on request and a restarted browser seeds it after author shutdown (20.1s)
  ✓  48 [firefox] › tests/browser/site-resource-network.spec.ts:221:3 › optional data crosses RTC and WS through native only on request and a restarted browser seeds it after author shutdown (21.5s)
  ✓  49 [firefox] › tests/browser/site-worker.spec.ts:26:1 › production worker publishes and recovers exact site requests, refuses forged snapshots and does not export signing helpers (3.6s)

  49 passed (4.8m)
