TAP version 13
# Subtest: node visitor receives an owner-signed private receipt from the other engine and never resumes the confirmed proposal after restart
ok 1 - node visitor receives an owner-signed private receipt from the other engine and never resumes the confirmed proposal after restart
  ---
  duration_ms: 3014.577607
  type: 'test'
  ...
# Subtest: native visitor receives an owner-signed private receipt from the other engine and never resumes the confirmed proposal after restart
ok 2 - native visitor receives an owner-signed private receipt from the other engine and never resumes the confirmed proposal after restart
  ---
  duration_ms: 3230.618692
  type: 'test'
  ...
# Subtest: late receipt survives an opaque seeder takeover and records reception without reviving a cancelled visitor proposal
ok 3 - late receipt survives an opaque seeder takeover and records reception without reviving a cancelled visitor proposal
  ---
  duration_ms: 11873.269887
  type: 'test'
  ...
# Subtest: late receipt survives an opaque seeder takeover and records reception without reviving a expired visitor proposal
ok 4 - late receipt survives an opaque seeder takeover and records reception without reviving a expired visitor proposal
  ---
  duration_ms: 23964.203904
  type: 'test'
  ...
1..4
# tests 4
# suites 0
# pass 4
# fail 0
# cancelled 0
# skipped 0
# todo 0
# duration_ms 42229.34329
