TAP version 13
# (node:835409) ExperimentalWarning: SQLite is an experimental feature and might change at any time
# (Use `node --trace-warnings ...` to show where the warning was created)
# Subtest: Node before-receipt-commit preserves the receipt/payload boundary when reopened by Go
ok 1 - Node before-receipt-commit preserves the receipt/payload boundary when reopened by Go
  ---
  duration_ms: 4882.364405
  type: 'test'
  ...
# Subtest: Node after-receipt preserves the receipt/payload boundary when reopened by Go
ok 2 - Node after-receipt preserves the receipt/payload boundary when reopened by Go
  ---
  duration_ms: 2433.647835
  type: 'test'
  ...
# Subtest: concurrent Go and Node receipt receivers consume one private payload and agree on the retained first fact
ok 3 - concurrent Go and Node receipt receivers consume one private payload and agree on the retained first fact
  ---
  duration_ms: 1569.979986
  type: 'test'
  ...
1..3
# tests 3
# suites 0
# pass 3
# fail 0
# cancelled 0
# skipped 0
# todo 0
# duration_ms 9084.640713
