TAP version 13
# (node:3673834) ExperimentalWarning: SQLite is an experimental feature and might change at any time
# (Use `node --trace-warnings ...` to show where the warning was created)
# Subtest: node owner decision releases the proposal in the same commit and other engine resumes its exact encrypted refusal
ok 1 - node owner decision releases the proposal in the same commit and other engine resumes its exact encrypted refusal
  ---
  duration_ms: 9693.144585
  type: 'test'
  ...
# Subtest: go owner decision releases the proposal in the same commit and other engine resumes its exact encrypted refusal
ok 2 - go owner decision releases the proposal in the same commit and other engine resumes its exact encrypted refusal
  ---
  duration_ms: 10755.251581
  type: 'test'
  ...
# Subtest: node refusal reject crash before-commit preserves the exact atomic boundary in the other engine
ok 3 - node refusal reject crash before-commit preserves the exact atomic boundary in the other engine
  ---
  duration_ms: 3373.345222
  type: 'test'
  ...
# Subtest: node refusal reject crash after-command preserves the exact atomic boundary in the other engine
ok 4 - node refusal reject crash after-command preserves the exact atomic boundary in the other engine
  ---
  duration_ms: 3366.939101
  type: 'test'
  ...
# Subtest: node refusal sign-rejection crash before-commit preserves the exact atomic boundary in the other engine
ok 5 - node refusal sign-rejection crash before-commit preserves the exact atomic boundary in the other engine
  ---
  duration_ms: 3394.15028
  type: 'test'
  ...
# Subtest: node refusal sign-rejection crash after-command preserves the exact atomic boundary in the other engine
ok 6 - node refusal sign-rejection crash after-command preserves the exact atomic boundary in the other engine
  ---
  duration_ms: 3375.511213
  type: 'test'
  ...
# Subtest: node refusal seal-rejection crash before-commit preserves the exact atomic boundary in the other engine
ok 7 - node refusal seal-rejection crash before-commit preserves the exact atomic boundary in the other engine
  ---
  duration_ms: 3426.835152
  type: 'test'
  ...
# Subtest: node refusal seal-rejection crash after-command preserves the exact atomic boundary in the other engine
ok 8 - node refusal seal-rejection crash after-command preserves the exact atomic boundary in the other engine
  ---
  duration_ms: 3405.29738
  type: 'test'
  ...
# Subtest: node refusal copy-rejection crash before-commit preserves the exact atomic boundary in the other engine
ok 9 - node refusal copy-rejection crash before-commit preserves the exact atomic boundary in the other engine
  ---
  duration_ms: 3432.894913
  type: 'test'
  ...
# Subtest: node refusal copy-rejection crash after-command preserves the exact atomic boundary in the other engine
ok 10 - node refusal copy-rejection crash after-command preserves the exact atomic boundary in the other engine
  ---
  duration_ms: 3413.264719
  type: 'test'
  ...
# Subtest: go refusal reject crash before-commit preserves the exact atomic boundary in the other engine
ok 11 - go refusal reject crash before-commit preserves the exact atomic boundary in the other engine
  ---
  duration_ms: 2211.415156
  type: 'test'
  ...
# Subtest: go refusal reject crash after-command preserves the exact atomic boundary in the other engine
ok 12 - go refusal reject crash after-command preserves the exact atomic boundary in the other engine
  ---
  duration_ms: 2191.244317
  type: 'test'
  ...
# Subtest: go refusal sign-rejection crash before-commit preserves the exact atomic boundary in the other engine
ok 13 - go refusal sign-rejection crash before-commit preserves the exact atomic boundary in the other engine
  ---
  duration_ms: 2236.296256
  type: 'test'
  ...
# Subtest: go refusal sign-rejection crash after-command preserves the exact atomic boundary in the other engine
ok 14 - go refusal sign-rejection crash after-command preserves the exact atomic boundary in the other engine
  ---
  duration_ms: 2213.709037
  type: 'test'
  ...
# Subtest: go refusal seal-rejection crash before-commit preserves the exact atomic boundary in the other engine
ok 15 - go refusal seal-rejection crash before-commit preserves the exact atomic boundary in the other engine
  ---
  duration_ms: 2273.558851
  type: 'test'
  ...
# Subtest: go refusal seal-rejection crash after-command preserves the exact atomic boundary in the other engine
ok 16 - go refusal seal-rejection crash after-command preserves the exact atomic boundary in the other engine
  ---
  duration_ms: 2259.919297
  type: 'test'
  ...
# Subtest: go refusal copy-rejection crash before-commit preserves the exact atomic boundary in the other engine
ok 17 - go refusal copy-rejection crash before-commit preserves the exact atomic boundary in the other engine
  ---
  duration_ms: 2296.74814
  type: 'test'
  ...
# Subtest: go refusal copy-rejection crash after-command preserves the exact atomic boundary in the other engine
ok 18 - go refusal copy-rejection crash after-command preserves the exact atomic boundary in the other engine
  ---
  duration_ms: 2284.799215
  type: 'test'
  ...
# Subtest: refusal stage corruption is refused by both engines and cannot be hidden by expiry
ok 19 - refusal stage corruption is refused by both engines and cannot be hidden by expiry
  ---
  duration_ms: 2163.903966
  type: 'test'
  ...
# Subtest: concurrent Go and Node rejection writers commit one envelope while the losing writer observes the committed bytes
ok 20 - concurrent Go and Node rejection writers commit one envelope while the losing writer observes the committed bytes
  ---
  duration_ms: 2524.771176
  type: 'test'
  ...
# (node:3680255) ExperimentalWarning: SQLite is an experimental feature and might change at any time
# (Use `node --trace-warnings ...` to show where the warning was created)
# Subtest: private inbox preserves verified source and proposal across reopening, separately from sender staging
ok 21 - private inbox preserves verified source and proposal across reopening, separately from sender staging
  ---
  duration_ms: 137.596474
  type: 'test'
  ...
# Subtest: repackaging is idempotent and a conflicting visitor UUID cannot replace the original candidate
ok 22 - repackaging is idempotent and a conflicting visitor UUID cannot replace the original candidate
  ---
  duration_ms: 100.169831
  type: 'test'
  ...
# Subtest: an interrupted admission/source transaction rolls back without losing the earlier proof
ok 23 - an interrupted admission/source transaction rolls back without losing the earlier proof
  ---
  duration_ms: 63.368031
  type: 'test'
  ...
# Subtest: expiry removes private payloads but keeps replay metadata for the bounded retention window
ok 24 - expiry removes private payloads but keeps replay metadata for the bounded retention window
  ---
  duration_ms: 80.443155
  type: 'test'
  ...
# Subtest: unreadable/public proposals, wrong source and revoked policy never become verified candidates
ok 25 - unreadable/public proposals, wrong source and revoked policy never become verified candidates
  ---
  duration_ms: 84.802529
  type: 'test'
  ...
# Subtest: tampered retained evidence is an integrity failure, never repaired into a new proposal
ok 26 - tampered retained evidence is an integrity failure, never repaired into a new proposal
  ---
  duration_ms: 51.577815
  type: 'test'
  ...
# Subtest: journal quotas preserve pending entries and conflict floods have bounded descriptors and writes
ok 27 - journal quotas preserve pending entries and conflict floods have bounded descriptors and writes
  ---
  duration_ms: 135.745633
  type: 'test'
  ...
# Subtest: explicit dismissal is atomic, releases only selected proof quota and survives replay/reopen
ok 28 - explicit dismissal is atomic, releases only selected proof quota and survives replay/reopen
  ---
  duration_ms: 127.630227
  type: 'test'
  ...
# Subtest: dismissing unverified proposal frees admission quota without evicting other pending proposals
ok 29 - dismissing unverified proposal frees admission quota without evicting other pending proposals
  ---
  duration_ms: 80.990291
  type: 'test'
  ...
# Subtest: dismissal cannot hide corruption in private proof
ok 30 - dismissal cannot hide corruption in private proof
  ---
  duration_ms: 35.570833
  type: 'test'
  ...
# Subtest: owner receipt intent survives dismiss and resumes one exact private envelope after reopen
ok 31 - owner receipt intent survives dismiss and resumes one exact private envelope after reopen
  ---
  duration_ms: 143.626169
  type: 'test'
  ...
# Subtest: owner receipt intent survives expire and resumes one exact private envelope after reopen
ok 32 - owner receipt intent survives expire and resumes one exact private envelope after reopen
  ---
  duration_ms: 136.23435
  type: 'test'
  ...
# Subtest: legacy verified inbox migrates only from retained authenticated source
ok 33 - legacy verified inbox migrates only from retained authenticated source
  ---
  duration_ms: 65.260639
  type: 'test'
  ...
# Subtest: legacy discarded inbox migrates only from retained authenticated source
ok 34 - legacy discarded inbox migrates only from retained authenticated source
  ---
  duration_ms: 63.603051
  type: 'test'
  ...
# Subtest: owner refusal (missing source) persists exact private result through reopen and enforces CAS
ok 35 - owner refusal (missing source) persists exact private result through reopen and enforces CAS
  ---
  duration_ms: 181.557427
  type: 'test'
  ...
# Subtest: owner refusal (verified source) persists exact private result through reopen and enforces CAS
ok 36 - owner refusal (verified source) persists exact private result through reopen and enforces CAS
  ---
  duration_ms: 209.249568
  type: 'test'
  ...
# Subtest: explicit refusal journals agree across Node/portable/Go on immutable intent, phases, expiry and source binding
ok 37 - explicit refusal journals agree across Node/portable/Go on immutable intent, phases, expiry and source binding
  ---
  duration_ms: 1382.206088
  type: 'test'
  ...
1..37
# tests 37
# suites 0
# pass 37
# fail 0
# cancelled 0
# skipped 0
# todo 0
# duration_ms 74682.294953
