TAP version 13
# (node:3050320) ExperimentalWarning: SQLite is an experimental feature and might change at any time
# (Use `node --trace-warnings ...` to show where the warning was created)
# Subtest: repeated Go cancellation of an old operation cannot remove the current preparation
not ok 1 - repeated Go cancellation of an old operation cannot remove the current preparation
  ---
  duration_ms: 637.031706
  type: 'test'
  location: '/home/absint0o/projects/relayloom/.cache/site-optional-resources/tests/native/site-contribution-catalog.test.ts:1:17166'
  failureType: 'testCodeFailure'
  error: |-
    === RUN   TestContributionCatalogWorker
        contribution_catalog_test.go:181: sign autenticação ou formato do registo inválido: preparação de proposta em falta
    --- FAIL: TestContributionCatalogWorker (0.08s)
    FAIL
    
    
    1 !== 0
    
  code: 'ERR_ASSERTION'
  name: 'AssertionError'
  expected: 0
  actual: 1
  operator: 'strictEqual'
  stack: |-
    run (/home/absint0o/projects/relayloom/.cache/site-optional-resources/tests/native/site-contribution-catalog.test.ts:143:10)
    TestContext.<anonymous> (/home/absint0o/projects/relayloom/.cache/site-optional-resources/tests/native/site-contribution-catalog.test.ts:755:20)
    Test.runInAsyncScope (node:async_hooks:214:14)
    Test.run (node:internal/test_runner/test:1047:25)
    Test.start (node:internal/test_runner/test:944:17)
    startSubtestAfterBootstrap (node:internal/test_runner/harness:296:17)
  ...
1..1
# tests 1
# suites 0
# pass 0
# fail 1
# cancelled 0
# skipped 0
# todo 0
# duration_ms 875.371057
