TAP version 13
# Subtest: node site author interoperates with the other runtime and an author-offline reader
ok 1 - node site author interoperates with the other runtime and an author-offline reader
  ---
  duration_ms: 2112.252239
  type: 'test'
  ...
# Subtest: native site author interoperates with the other runtime and an author-offline reader
ok 2 - native site author interoperates with the other runtime and an author-offline reader
  ---
  duration_ms: 1475.756325
  type: 'test'
  ...
# Subtest: Node and Go installations of the same identity require explicit cross-runtime conflict resolution
ok 3 - Node and Go installations of the same identity require explicit cross-runtime conflict resolution
  ---
  duration_ms: 1320.760262
  type: 'test'
  ...
# (node:731731) ExperimentalWarning: SQLite is an experimental feature and might change at any time
# (Use `node --trace-warnings ...` to show where the warning was created)
# Subtest: Node and Go resume each other's logical publication on the same encrypted profile database
ok 4 - Node and Go resume each other's logical publication on the same encrypted profile database
  ---
  duration_ms: 4127.8552
  type: 'test'
  ...
# (node:732198) ExperimentalWarning: SQLite is an experimental feature and might change at any time
# (Use `node --trace-warnings ...` to show where the warning was created)
# Subtest: Node and a real Go process exchange signing-protected site records in the same SQLite database
ok 5 - Node and a real Go process exchange signing-protected site records in the same SQLite database
  ---
  duration_ms: 2530.50372
  type: 'test'
  ...
# Subtest: Go rejects a Node encrypted site value transplanted into another authenticated store
ok 6 - Go rejects a Node encrypted site value transplanted into another authenticated store
  ---
  duration_ms: 68.783104
  type: 'test'
  ...
# Subtest: a real Go process matches Node registry transitions, malformed inputs, finite history and operation retirement
ok 7 - a real Go process matches Node registry transitions, malformed inputs, finite history and operation retirement
  ---
  duration_ms: 16958.397866
  type: 'test'
  ...
# Subtest: v1 node site → go restarted seeder → node new reader: encrypted multipage draft, authority, corruption and author-offline transfer
ok 8 - v1 node site → go restarted seeder → node new reader: encrypted multipage draft, authority, corruption and author-offline transfer
  ---
  duration_ms: 3215.587534
  type: 'test'
  ...
# Subtest: v1 go site → node restarted seeder → go new reader: encrypted multipage draft, authority, corruption and author-offline transfer
ok 9 - v1 go site → node restarted seeder → go new reader: encrypted multipage draft, authority, corruption and author-offline transfer
  ---
  duration_ms: 3208.408175
  type: 'test'
  ...
# Subtest: v2 node site → go restarted seeder → node new reader: encrypted multipage draft, authority, corruption and author-offline transfer
ok 10 - v2 node site → go restarted seeder → node new reader: encrypted multipage draft, authority, corruption and author-offline transfer
  ---
  duration_ms: 3251.829291
  type: 'test'
  ...
# Subtest: v2 go site → node restarted seeder → go new reader: encrypted multipage draft, authority, corruption and author-offline transfer
ok 11 - v2 go site → node restarted seeder → go new reader: encrypted multipage draft, authority, corruption and author-offline transfer
  ---
  duration_ms: 3205.993888
  type: 'test'
  ...
1..11
# tests 11
# suites 0
# pass 11
# fail 0
# cancelled 0
# skipped 0
# todo 0
# duration_ms 42064.734744
