
Running 25 tests using 1 worker

(node:305785) Warning: The 'NO_COLOR' env is ignored due to the 'FORCE_COLOR' env being set.
(Use `node --trace-warnings ...` to show where the warning was created)
  ✓   1 [chromium] › tests/browser/site-contribution-receipt-runtime.spec.ts:21:3 › browser receipt admission cached preserves authority and original private queue facts (749ms)
  ✓   2 [chromium] › tests/browser/site-contribution-receipt-runtime.spec.ts:21:3 › browser receipt admission cancelled preserves authority and original private queue facts (635ms)
  ✓   3 [chromium] › tests/browser/site-contribution-receipt-runtime.spec.ts:21:3 › browser receipt admission expired preserves authority and original private queue facts (625ms)
  ✓   4 [chromium] › tests/browser/site-contribution-receipt-runtime.spec.ts:21:3 › browser receipt admission blocked preserves authority and original private queue facts (660ms)
  ✓   5 [chromium] › tests/browser/site-contribution-receipt-runtime.spec.ts:21:3 › browser receipt admission lock-receive preserves authority and original private queue facts (773ms)
  ✓   6 [chromium] › tests/browser/site-contribution-receipt-runtime.spec.ts:21:3 › browser receipt admission wrong-reference preserves authority and original private queue facts (560ms)
  ✓   7 [chromium] › tests/browser/site-contribution-receipt-runtime.spec.ts:21:3 › browser receipt admission not-copied preserves authority and original private queue facts (515ms)
  ✓   8 [chromium] › tests/browser/site-contribution-receipt-runtime.spec.ts:21:3 › browser receipt admission same-error-text preserves authority and original private queue facts (557ms)
  ✓   9 [chromium] › tests/browser/site-contribution-receipt-runtime.spec.ts:281:1 › owner receipt retries rotate a bounded batch without re-signing or dropping a pending ninth proposal (2.9s)
  ✓  10 [chromium] › tests/browser/site-contribution-receipt-runtime.spec.ts:364:3 › owner receipt authority unchanged-retry handles a retained policy reply without reviving revocation (651ms)
  ✓  11 [chromium] › tests/browser/site-contribution-receipt-runtime.spec.ts:364:3 › owner receipt authority block-and-reallow handles a retained policy reply without reviving revocation (642ms)
  ✓  12 [chromium] › tests/browser/site-contribution-receipt-runtime.spec.ts:364:3 › owner receipt authority close handles a retained policy reply without reviving revocation (604ms)
  ✓  13 [chromium] › tests/browser/site-contribution-rejection-runtime.spec.ts:21:3 › browser rejection admission cached preserves authority and original private queue facts (617ms)
  ✓  14 [chromium] › tests/browser/site-contribution-rejection-runtime.spec.ts:21:3 › browser rejection admission cancelled preserves authority and original private queue facts (615ms)
  ✓  15 [chromium] › tests/browser/site-contribution-rejection-runtime.spec.ts:21:3 › browser rejection admission expired preserves authority and original private queue facts (606ms)
  ✓  16 [chromium] › tests/browser/site-contribution-rejection-runtime.spec.ts:21:3 › browser rejection admission blocked preserves authority and original private queue facts (672ms)
  ✓  17 [chromium] › tests/browser/site-contribution-rejection-runtime.spec.ts:21:3 › browser rejection admission lock-receive preserves authority and original private queue facts (752ms)
  ✓  18 [chromium] › tests/browser/site-contribution-rejection-runtime.spec.ts:21:3 › browser rejection admission wrong-reference preserves authority and original private queue facts (547ms)
  ✓  19 [chromium] › tests/browser/site-contribution-rejection-runtime.spec.ts:21:3 › browser rejection admission not-copied preserves authority and original private queue facts (502ms)
  ✓  20 [chromium] › tests/browser/site-contribution-rejection-runtime.spec.ts:21:3 › browser rejection admission same-error-text preserves authority and original private queue facts (567ms)
  ✓  21 [chromium] › tests/browser/site-contribution-rejection-runtime.spec.ts:286:3 › owner outcomes share one rotating budget with copy quota false rotate a bounded batch without re-signing or dropping a pending ninth proposal (2.5s)
  ✓  22 [chromium] › tests/browser/site-contribution-rejection-runtime.spec.ts:286:3 › owner outcomes share one rotating budget with copy quota true rotate a bounded batch without re-signing or dropping a pending ninth proposal (2.3s)
  ✓  23 [chromium] › tests/browser/site-contribution-rejection-runtime.spec.ts:411:3 › owner rejection authority unchanged-retry handles a retained policy reply without reviving revocation (785ms)
  ✓  24 [chromium] › tests/browser/site-contribution-rejection-runtime.spec.ts:411:3 › owner rejection authority block-and-reallow handles a retained policy reply without reviving revocation (785ms)
  ✓  25 [chromium] › tests/browser/site-contribution-rejection-runtime.spec.ts:411:3 › owner rejection authority close handles a retained policy reply without reviving revocation (741ms)

  25 passed (22.7s)
