
Running 97 tests using 1 worker

(node:443958) Warning: The 'NO_COLOR' env is ignored due to the 'FORCE_COLOR' env being set.
(Use `node --trace-warnings ...` to show where the warning was created)
  ✓   1 [firefox] › tests/browser/application.spec.ts:75:1 › autonomous Liquid Glass UI owns identity and offline outbox, connects through real RTC, receives signed confirmations and survives reload (12.1s)
  ✓   2 [firefox] › tests/browser/application.spec.ts:204:1 › autonomous social actions and safe signed site builder persist and remain viewable after author closes (18.8s)
  ✓   3 [firefox] › tests/browser/application.spec.ts:359:1 › production worker keeps private keys out of replies and recovers an applied send after the UI response is lost (24.9s)
  ✓   4 [firefox] › tests/browser/application.spec.ts:466:1 › a second tab cannot take ownership of a live application profile and an unknown or corrupt profile is never silently reset (4.8s)
  ✓   5 [firefox] › tests/browser/application.spec.ts:523:1 › cached application code and encrypted profile reopen when the static host is unavailable, without installing the PWA (4.5s)
  ✓   6 [firefox] › tests/browser/application.spec.ts:589:1 › corrupted cached worker is rejected offline and recovered only from verified available code (1.9s)
  ✓   7 [firefox] › tests/browser/contact-relay.spec.ts:121:1 › imported contact immediately appears once, survives reload and becomes the first real DM without a duplicate (7.8s)
  ✓   8 [firefox] › tests/browser/contact-relay.spec.ts:208:1 › relay consent through the UI gates a real A to B to C path and does not grant B private reading (28.6s)
  ✓   9 [firefox] › tests/browser/core-fixed-envelope.spec.ts:15:1 › actual browser preserves saved envelope times, verifies Node bytes and refuses expired live admission (391ms)
  ✓  10 [firefox] › tests/browser/foundation.spec.ts:24:1 › Browser owns compatible identities/vaults/bundles: real Node and Go positive and negative controls (2.6s)
  ✓  11 [firefox] › tests/browser/foundation.spec.ts:205:1 › encrypted IndexedDB persists, coordinates two pages, rejects corruption and preserves pins on failed admission (2.7s)
  ✓  12 [firefox] › tests/browser/foundation.spec.ts:397:1 › lock during unlock cannot resurrect keys; missing authenticated state is not replaced with empty success (1.1s)
  ✓  13 [firefox] › tests/browser/foundation.spec.ts:449:1 › real WebRTC transfers encrypted chunks and an offline author's reader seeds identical bytes to a new reader (4.9s)
  ✓  14 [firefox] › tests/browser/foundation.spec.ts:623:1 › WebRTC rejects a correctly framed corrupt bundle before storage and rejects admission failure without ACK (2.5s)
  ✓  15 [firefox] › tests/browser/foundation.spec.ts:723:1 › identity recovery is compatible and cannot overwrite an existing profile; quota eviction retains pinned objects (831ms)
  ✓  16 [firefox] › tests/browser/foundation.spec.ts:783:1 › browser application bundle/ledger commit is atomic, pending reservations survive eviction pressure and IDB abort preserves prior state (617ms)
  ✓  17 [firefox] › tests/browser/native-transport.spec.ts:51:3 › browser WebRTC to browser WebSocket to real node daemon, reverse transfer and invitation revocation (5.1s)
  ✓  18 [firefox] › tests/browser/native-transport.spec.ts:51:3 › browser WebRTC to browser WebSocket to real native daemon, reverse transfer and invitation revocation (3.5s)
  ✓  19 [firefox] › tests/browser/native-transport.spec.ts:191:1 › private four-medium route WebRTC-WebSocket-TCP-serial, partition/heal and restarted browser seeder with author offline (12.2s)
  ✓  20 [firefox] › tests/browser/native-transport.spec.ts:419:1 › late native ACK cannot leave an orphan retry assembly or close an otherwise healthy WebSocket (4.9s)
  ✓  21 [firefox] › tests/browser/private-values.spec.ts:4:1 › private values larger than the metadata index survive restart without becoming peer inventory (1.6s)
  ✓  22 [firefox] › tests/browser/private-values.spec.ts:51:1 › legacy embedded values migrate lazily and encrypted value rows remain outside peer access (2.6s)
  ✓  23 [firefox] › tests/browser/private-values.spec.ts:206:1 › bundle and private-value mutations commit together, and corruption cannot silently reset a value (852ms)
  ✓  24 [firefox] › tests/browser/private-values.spec.ts:385:1 › private-value byte and total budgets reject excess without losing committed values (4.8s)
  ✓  25 [firefox] › tests/browser/private-values.spec.ts:443:1 › multiple private values share one commit and a concurrent writer cannot remove a reader's snapshot (626ms)
  ✓  26 [firefox] › tests/browser/relay-policy-race.spec.ts:65:3 › relay policy race during request distinguishes a cancelled local response from an invalid peer frame (1.6s)
  ✓  27 [firefox] › tests/browser/relay-policy-race.spec.ts:65:3 › relay policy race during serve distinguishes a cancelled local response from an invalid peer frame (1.8s)
  ✓  28 [firefox] › tests/browser/relay-policy-race.spec.ts:65:3 › relay policy race during unrelated-error distinguishes a cancelled local response from an invalid peer frame (1.5s)
  ✓  29 [firefox] › tests/browser/routing.spec.ts:13:1 › managed packet-ID cancellation preserves an equal local payload and a foreign packet; absolute deadlines remain on wire (1.8s)
  ✓  30 [firefox] › tests/browser/routing.spec.ts:179:1 › automatic A-B-C mesh: consent controls, own sends while paused, partition/heal and restarted reader takeover with author offline (9.1s)
  ✓  31 [firefox] › tests/browser/routing.spec.ts:307:1 › one network owner per profile and concurrent consent/preferences do not resurrect revoked relay (1.1s)
  ✓  32 [firefox] › tests/browser/routing.spec.ts:365:1 › fragment scheduling preempts bulk with SOS, gives bulk a fair turn, and cancels relayed bytes without closing own traffic (3.7s)
  ✓  33 [firefox] › tests/browser/routing.spec.ts:571:1 › packet bounds reject expiry, hop loops and tampering; retained flood is bounded (323ms)
  ✓  34 [firefox] › tests/browser/routing.spec.ts:635:1 › low-power defers bulk on a live link, keeps SOS moving and never revives an expired queued packet (1.5s)
  ✓  35 [firefox] › tests/browser/routing.spec.ts:693:1 › browser routing packets cross real native TCP routers; native packet bytes verify in the browser and corruption never forwards (2.4s)
  ✓  36 [firefox] › tests/browser/routing.spec.ts:841:1 › opaque packet corruption is rejected by the browser mesh before storage or forwarding, with valid controls on both sides (2.3s)
  ✓  37 [firefox] › tests/browser/routing.spec.ts:926:1 › managed relay revocation cancels an in-flight forwarded packet and keeps an authored SOS on that same open link (4.2s)
  ✓  38 [firefox] › tests/browser/site-contribution-catalog.spec.ts:13:1 › browser contribution intent and signature commit separately, survive reopening and abort signing on lock without publishing (1.7s)
  ✓  39 [firefox] › tests/browser/site-contribution-catalog.spec.ts:214:1 › browser catalogue expiry preserves the old result and missing staging is an integrity error (750ms)
  ✓  40 [firefox] › tests/browser/site-contribution-catalog.spec.ts:320:1 › browser rechecks the fixed deadline after policy before signing, with a one-millisecond positive control (792ms)
  ✓  41 [firefox] › tests/browser/site-contribution-catalog.spec.ts:389:1 › browser retains one private encrypted envelope across reopen and cancels a late seal when the identity locks (2.8s)
  ✓  42 [firefox] › tests/browser/site-contribution-catalog.spec.ts:549:1 › repeating cancellation of an old proposal preserves a different active preparation (828ms)
  ✓  43 [firefox] › tests/browser/site-contribution-catalog.spec.ts:606:1 › browser queued handoff keeps source and envelope private, supports a second intent and preserves packet identity after expiry (1.3s)
  ✓  44 [firefox] › tests/browser/site-contribution-context.spec.ts:13:1 › form inspection uses authenticated browser state and invalidates delayed replies after block, withdrawal, expiry or lock (4.3s)
  ✓  45 [firefox] › tests/browser/site-contribution-copy.spec.ts:12:3 › proposal copy rechecks block and never reports an unavailable envelope as copied (1.8s)
  ✓  46 [firefox] › tests/browser/site-contribution-copy.spec.ts:12:3 › proposal copy rechecks withdraw and never reports an unavailable envelope as copied (1.6s)
  ✓  47 [firefox] › tests/browser/site-contribution-copy.spec.ts:12:3 › proposal copy rechecks lock and never reports an unavailable envelope as copied (2.1s)
  ✓  48 [firefox] › tests/browser/site-contribution-copy.spec.ts:12:3 › proposal copy rechecks lost-copy and never reports an unavailable envelope as copied (1.7s)
  ✓  49 [firefox] › tests/browser/site-contribution-dismiss.spec.ts:21:3 › browser local discard reopen preserves atomic private evidence and replay protection (1.4s)
  ✓  50 [firefox] › tests/browser/site-contribution-dismiss.spec.ts:21:3 › browser local discard rollback preserves atomic private evidence and replay protection (1.8s)
  ✓  51 [firefox] › tests/browser/site-contribution-dismiss.spec.ts:21:3 › browser local discard lost-reply preserves atomic private evidence and replay protection (2.2s)
  ✓  52 [firefox] › tests/browser/site-contribution-dismiss.spec.ts:21:3 › browser local discard lock preserves atomic private evidence and replay protection (1.5s)
  ✓  53 [firefox] › tests/browser/site-contribution-dismiss.spec.ts:21:3 › browser local discard corruption preserves atomic private evidence and replay protection (1.1s)
  ✓  54 [firefox] › tests/browser/site-contribution-dismiss.spec.ts:21:3 › browser local discard concurrent-source preserves atomic private evidence and replay protection (1.5s)
  ✓  55 [firefox] › tests/browser/site-contribution-dismiss.spec.ts:21:3 › browser local discard concurrent-dismiss preserves atomic private evidence and replay protection (1.4s)
  ✓  56 [firefox] › tests/browser/site-contribution-inbox.spec.ts:12:1 › available form permissions are checked before uninvited browser proposals reserve private inbox capacity (3.9s)
  ✓  57 [firefox] › tests/browser/site-contribution-inbox.spec.ts:141:3 › browser durable proposal inbox reopen-conflict preserves original authority and never fabricates approval (1.6s)
  ✓  58 [firefox] › tests/browser/site-contribution-inbox.spec.ts:141:3 › browser durable proposal inbox lock-source preserves original authority and never fabricates approval (1.4s)
  ✓  59 [firefox] › tests/browser/site-contribution-inbox.spec.ts:141:3 › browser durable proposal inbox corruption-expiry preserves original authority and never fabricates approval (1.3s)
  ✓  60 [firefox] › tests/browser/site-contribution-inbox.spec.ts:367:3 › browser receipt journal dismiss keeps exact historical intent and never signs before its commit (1.5s)
  ✓  61 [firefox] › tests/browser/site-contribution-inbox.spec.ts:367:3 › browser receipt journal expire keeps exact historical intent and never signs before its commit (2.2s)
  ✓  62 [firefox] › tests/browser/site-contribution-inbox.spec.ts:367:3 › browser receipt journal lost-reply keeps exact historical intent and never signs before its commit (1.5s)
  ✓  63 [firefox] › tests/browser/site-contribution-inbox.spec.ts:367:3 › browser receipt journal lock-sign keeps exact historical intent and never signs before its commit (1.4s)
  ✓  64 [firefox] › tests/browser/site-contribution-inbox.spec.ts:367:3 › browser receipt journal lock-seal keeps exact historical intent and never signs before its commit (1.4s)
  ✓  65 [firefox] › tests/browser/site-contribution-inbox.spec.ts:367:3 › browser receipt journal corrupt-receipt keeps exact historical intent and never signs before its commit (1.2s)
  ✓  66 [firefox] › tests/browser/site-contribution-inbox.spec.ts:596:1 › expiry of 129 actual signed receipts stays below the private transaction key cap and survives interruption between cleanup batches (19.0s)
  ✓  67 [firefox] › tests/browser/site-contribution-receipt.spec.ts:53:1 › actual browser and Node authenticate owner receipts with exact private readers, original references and corruption controls (454ms)
  ✓  68 [firefox] › tests/browser/site-contribution-send.spec.ts:22:3 › browser source held only in a private proposal queue recover with both relays paused (3.4s)
  ✓  69 [firefox] › tests/browser/site-contribution-send.spec.ts:22:3 › browser source held only in a private proposal queue cancel-retained-reply with both relays paused (4.0s)
  ✓  70 [firefox] › tests/browser/site-contribution-send.spec.ts:22:3 › browser source held only in a private proposal queue cancel-before-admission with both relays paused (3.2s)
  ✓  71 [firefox] › tests/browser/site-contribution-send.spec.ts:22:3 › browser source held only in a private proposal queue cancel-queued with both relays paused (3.4s)
  ✓  72 [firefox] › tests/browser/site-contribution-send.spec.ts:396:5 › private form proposals web-to-native cross RTC and WebSocket with node and an intermediary without a reading key (3.0s)
  ✓  73 [firefox] › tests/browser/site-contribution-send.spec.ts:396:5 › private form proposals native-to-web cross RTC and WebSocket with node and an intermediary without a reading key (3.5s)
  ✓  74 [firefox] › tests/browser/site-contribution-send.spec.ts:396:5 › private form proposals web-to-native cross RTC and WebSocket with native and an intermediary without a reading key (3.6s)
  ✓  75 [firefox] › tests/browser/site-contribution-send.spec.ts:396:5 › private form proposals native-to-web cross RTC and WebSocket with native and an intermediary without a reading key (3.0s)
  ✓  76 [firefox] › tests/browser/site-contribution-send.spec.ts:556:1 › two autonomous browser accounts send a private form proposal through real RTC while the sender relay is paused (3.5s)
  ✓  77 [firefox] › tests/browser/site-contribution-send.spec.ts:725:1 › browser reception journals the original source before review and survives actual cache eviction with the RTC sender closed (3.3s)
  ✓  78 [firefox] › tests/browser/site-contribution-serve-race.spec.ts:13:3 › in-flight proposal authorization cannot survive cancel while its policy read is retained (1.2s)
  ✓  79 [firefox] › tests/browser/site-contribution-serve-race.spec.ts:13:3 › in-flight proposal authorization cannot survive expire while its policy read is retained (1.2s)
  ✓  80 [firefox] › tests/browser/site-contribution-serve-race.spec.ts:13:3 › in-flight proposal authorization cannot survive close while its policy read is retained (1.2s)
  ✓  81 [firefox] › tests/browser/site-contribution-serve-race.spec.ts:148:5 › durable retry without changes preserves an in-flight proposal read (2.3s)
  ✓  82 [firefox] › tests/browser/site-contribution-serve-race.spec.ts:148:5 › durable retry after revocation refuses an in-flight proposal read (1.3s)
  ✓  83 [firefox] › tests/browser/site-contribution-serve-race.spec.ts:148:5 › durable retry without changes preserves an in-flight source read (1.4s)
  ✓  84 [firefox] › tests/browser/site-contribution-serve-race.spec.ts:148:5 › durable retry after revocation refuses an in-flight source read (1.4s)
  ✓  85 [firefox] › tests/browser/site-contribution-worker.spec.ts:53:1 › production worker describes an authenticated form after UI setup and unlock without exposing keys or accepting caller authority (2.0s)
  ✓  86 [firefox] › tests/browser/site-contribution-worker.spec.ts:160:1 › production workers recover queued proposals offline and send through the UI-established RTC link without reviving cancellation (11.5s)
  ✓  87 [firefox] › tests/browser/site-contribution.spec.ts:50:1 › browser visitor certificates interoperate with Node and Go while encrypted proposals and publication consent remain separate (842ms)
  ✓  88 [firefox] › tests/browser/site-network.spec.ts:172:5 › version 1 sites cross RTC, WebSocket and TCP through node, heal a partition and survive with only a restarted reader (9.2s)
  ✓  89 [firefox] › tests/browser/site-network.spec.ts:172:5 › version 1 sites cross RTC, WebSocket and TCP through native, heal a partition and survive with only a restarted reader (8.3s)
  ✓  90 [firefox] › tests/browser/site-network.spec.ts:172:5 › version 2 sites cross RTC, WebSocket and TCP through node, heal a partition and survive with only a restarted reader (8.5s)
  ✓  91 [firefox] › tests/browser/site-network.spec.ts:172:5 › version 2 sites cross RTC, WebSocket and TCP through native, heal a partition and survive with only a restarted reader (8.3s)
  ✓  92 [firefox] › tests/browser/site-resource-catalog.spec.ts:11:1 › browser resource creation keeps its signature private until durable preparation, reopens and recovers one exact result (1.5s)
  ✓  93 [firefox] › tests/browser/site-resource-catalog.spec.ts:116:1 › locking during resource signing aborts the private transaction and invalidates its old catalogue (780ms)
  ✓  94 [firefox] › tests/browser/site-resource-network.spec.ts:97:1 › browser resource admission rejects readable malformed bodies, preserves opaque seeding and keeps summaries distinct from full data (2.1s)
  ✓  95 [firefox] › tests/browser/site-resource-network.spec.ts:221:3 › optional data crosses RTC and WS through node only on request and a restarted browser seeds it after author shutdown (19.2s)
  ✓  96 [firefox] › tests/browser/site-resource-network.spec.ts:221:3 › optional data crosses RTC and WS through native only on request and a restarted browser seeds it after author shutdown (19.6s)
  ✓  97 [firefox] › tests/browser/site-worker.spec.ts:26:1 › production worker publishes and recovers exact site requests, refuses forged snapshots and does not export signing helpers (2.3s)

  97 passed (6.6m)
