TAP version 13
# Subtest: Go A → Node B → Go C: isolated real sockets, encrypted messages/receipts, partition, restart and publisher-offline seeding
ok 1 - Go A → Node B → Go C: isolated real sockets, encrypted messages/receipts, partition, restart and publisher-offline seeding
  ---
  duration_ms: 9838.319925
  type: 'test'
  ...
# Subtest: Go A → Node B → Node C over TCP and serial PTYs preserves bytes, receipts and partition recovery
ok 2 - Go A → Node B → Node C over TCP and serial PTYs preserves bytes, receipts and partition recovery
  ---
  duration_ms: 4627.452918
  type: 'test'
  ...
# Subtest: node refuses public or forged proposals before storage and withholds unauthorized candidates
ok 3 - node refuses public or forged proposals before storage and withholds unauthorized candidates
  ---
  duration_ms: 1355.996786
  type: 'test'
  ...
# Subtest: native refuses public or forged proposals before storage and withholds unauthorized candidates
ok 4 - native refuses public or forged proposals before storage and withholds unauthorized candidates
  ---
  duration_ms: 914.695028
  type: 'test'
  ...
# Subtest: node unauthorized proposals for an available form cannot fill the private inbox ahead of an allowed contributor
ok 5 - node unauthorized proposals for an available form cannot fill the private inbox ahead of an allowed contributor
  ---
  duration_ms: 9505.495254
  type: 'test'
  ...
# Subtest: native unauthorized proposals for an available form cannot fill the private inbox ahead of an allowed contributor
ok 6 - native unauthorized proposals for an available form cannot fill the private inbox ahead of an allowed contributor
  ---
  duration_ms: 8821.290517
  type: 'test'
  ...
# (node:388169) ExperimentalWarning: SQLite is an experimental feature and might change at any time
# (Use `node --trace-warnings ...` to show where the warning was created)
# Subtest: node prepares without signing; the other runtime resumes the same private intent and certificate
ok 7 - node prepares without signing; the other runtime resumes the same private intent and certificate
  ---
  duration_ms: 5297.390169
  type: 'test'
  ...
# Subtest: go prepares without signing; the other runtime resumes the same private intent and certificate
ok 8 - go prepares without signing; the other runtime resumes the same private intent and certificate
  ---
  duration_ms: 4478.828849
  type: 'test'
  ...
# Subtest: real Go process exit before-intent-commit leaves exactly the committed state for Node recovery
ok 9 - real Go process exit before-intent-commit leaves exactly the committed state for Node recovery
  ---
  duration_ms: 1194.009316
  type: 'test'
  ...
# Subtest: real Go process exit after-intent leaves exactly the committed state for Node recovery
ok 10 - real Go process exit after-intent leaves exactly the committed state for Node recovery
  ---
  duration_ms: 1199.378561
  type: 'test'
  ...
# Subtest: real Go process exit before-signature-commit leaves exactly the committed state for Node recovery
ok 11 - real Go process exit before-signature-commit leaves exactly the committed state for Node recovery
  ---
  duration_ms: 1238.075604
  type: 'test'
  ...
# Subtest: real Go process exit after-signature leaves exactly the committed state for Node recovery
ok 12 - real Go process exit after-signature leaves exactly the committed state for Node recovery
  ---
  duration_ms: 1237.255567
  type: 'test'
  ...
# Subtest: Go catalogue honors expiry without renewing, rejects another request and preserves a new monotonic sequence
ok 13 - Go catalogue honors expiry without renewing, rejects another request and preserves a new monotonic sequence
  ---
  duration_ms: 4385.052932
  type: 'test'
  ...
# Subtest: Go refuses authenticated-but-inconsistent stage without replacing the preparation
ok 14 - Go refuses authenticated-but-inconsistent stage without replacing the preparation
  ---
  duration_ms: 1095.233405
  type: 'test'
  ...
# Subtest: Go refuses authenticated-but-inconsistent record without replacing the preparation
ok 15 - Go refuses authenticated-but-inconsistent record without replacing the preparation
  ---
  duration_ms: 1103.889733
  type: 'test'
  ...
# Subtest: Go quota refusal leaves no proposal counter/stage and allows the original smaller request
ok 16 - Go quota refusal leaves no proposal counter/stage and allows the original smaller request
  ---
  duration_ms: 1668.437866
  type: 'test'
  ...
# Subtest: Go policy clock boundary -1ms rechecks the actual proposal handle
ok 17 - Go policy clock boundary -1ms rechecks the actual proposal handle
  ---
  duration_ms: 1162.424645
  type: 'test'
  ...
# Subtest: Go policy clock boundary 0ms rechecks the actual proposal handle
ok 18 - Go policy clock boundary 0ms rechecks the actual proposal handle
  ---
  duration_ms: 1129.506294
  type: 'test'
  ...
# Subtest: node seals a private envelope once and the other engine recovers its exact bytes and fixed deadline
ok 19 - node seals a private envelope once and the other engine recovers its exact bytes and fixed deadline
  ---
  duration_ms: 2366.111432
  type: 'test'
  ...
# Subtest: go seals a private envelope once and the other engine recovers its exact bytes and fixed deadline
ok 20 - go seals a private envelope once and the other engine recovers its exact bytes and fixed deadline
  ---
  duration_ms: 3528.667574
  type: 'test'
  ...
# Subtest: Go abrupt exit before-envelope-commit preserves only a committed encrypted envelope
ok 21 - Go abrupt exit before-envelope-commit preserves only a committed encrypted envelope
  ---
  duration_ms: 1300.586902
  type: 'test'
  ...
# Subtest: Go abrupt exit after-envelope preserves only a committed encrypted envelope
ok 22 - Go abrupt exit after-envelope preserves only a committed encrypted envelope
  ---
  duration_ms: 1313.508816
  type: 'test'
  ...
# Subtest: both catalogues reject a corrupted retained envelope without falling back to a fresh nonce
ok 23 - both catalogues reject a corrupted retained envelope without falling back to a fresh nonce
  ---
  duration_ms: 1190.276778
  type: 'test'
  ...
# Subtest: a Node sealer waits on the real Go writer transaction and recovers the envelope committed by that writer
ok 24 - a Node sealer waits on the real Go writer transaction and recovers the envelope committed by that writer
  ---
  duration_ms: 1438.517373
  type: 'test'
  ...
# Subtest: repeated Go cancellation of an old operation cannot remove the current preparation
ok 25 - repeated Go cancellation of an old operation cannot remove the current preparation
  ---
  duration_ms: 1227.744267
  type: 'test'
  ...
# Subtest: node queues before public copying, recovers bytes and frees only its own preparation slot
ok 26 - node queues before public copying, recovers bytes and frees only its own preparation slot
  ---
  duration_ms: 3573.390183
  type: 'test'
  ...
# Subtest: go queues before public copying, recovers bytes and frees only its own preparation slot
ok 27 - go queues before public copying, recovers bytes and frees only its own preparation slot
  ---
  duration_ms: 4696.958337
  type: 'test'
  ...
# Subtest: Go exit before-queue-commit retains either the signed stage or its durable queued replacement
ok 28 - Go exit before-queue-commit retains either the signed stage or its durable queued replacement
  ---
  duration_ms: 248.554875
  type: 'test'
  ...
# Subtest: Go exit after-queue retains either the signed stage or its durable queued replacement
ok 29 - Go exit after-queue retains either the signed stage or its durable queued replacement
  ---
  duration_ms: 223.935301
  type: 'test'
  ...
# Subtest: node form lookup derives permissions from real snapshots across process transfer, private access and restarted seeder takeover
ok 30 - node form lookup derives permissions from real snapshots across process transfer, private access and restarted seeder takeover
  ---
  duration_ms: 4454.009962
  type: 'test'
  ...
# Subtest: native form lookup derives permissions from real snapshots across process transfer, private access and restarted seeder takeover
ok 31 - native form lookup derives permissions from real snapshots across process transfer, private access and restarted seeder takeover
  ---
  duration_ms: 4439.943533
  type: 'test'
  ...
# Subtest: node owner discards a blocked verified proposal across TCP/restart/replay with a positive channel control
ok 32 - node owner discards a blocked verified proposal across TCP/restart/replay with a positive channel control
  ---
  duration_ms: 1758.324491
  type: 'test'
  ...
# Subtest: node owner discards a blocked missing-source proposal across TCP/restart/replay with a positive channel control
ok 33 - node owner discards a blocked missing-source proposal across TCP/restart/replay with a positive channel control
  ---
  duration_ms: 1904.807747
  type: 'test'
  ...
# Subtest: native owner discards a blocked verified proposal across TCP/restart/replay with a positive channel control
ok 34 - native owner discards a blocked verified proposal across TCP/restart/replay with a positive channel control
  ---
  duration_ms: 1120.158501
  type: 'test'
  ...
# Subtest: native owner discards a blocked missing-source proposal across TCP/restart/replay with a positive channel control
ok 35 - native owner discards a blocked missing-source proposal across TCP/restart/replay with a positive channel control
  ---
  duration_ms: 1164.33701
  type: 'test'
  ...
# Subtest: node journals a received proposal before inbox is opened and retains its source after cache-file loss and sender exit
ok 36 - node journals a received proposal before inbox is opened and retains its source after cache-file loss and sender exit
  ---
  duration_ms: 1615.151142
  type: 'test'
  ...
# Subtest: native journals a received proposal before inbox is opened and retains its source after cache-file loss and sender exit
ok 37 - native journals a received proposal before inbox is opened and retains its source after cache-file loss and sender exit
  ---
  duration_ms: 1281.199086
  type: 'test'
  ...
# Subtest: node keeps an out-of-order proposal unverified until the actual authenticated source reaches the owner
ok 38 - node keeps an out-of-order proposal unverified until the actual authenticated source reaches the owner
  ---
  duration_ms: 2720.620625
  type: 'test'
  ...
# Subtest: native keeps an out-of-order proposal unverified until the actual authenticated source reaches the owner
ok 39 - native keeps an out-of-order proposal unverified until the actual authenticated source reaches the owner
  ---
  duration_ms: 2690.941848
  type: 'test'
  ...
# (node:396066) ExperimentalWarning: SQLite is an experimental feature and might change at any time
# (Use `node --trace-warnings ...` to show where the warning was created)
# Subtest: node inbox persists an original proposal that the other process verifies and reopens with the same encrypted source
ok 40 - node inbox persists an original proposal that the other process verifies and reopens with the same encrypted source
  ---
  duration_ms: 5604.214559
  type: 'test'
  ...
# Subtest: go inbox persists an original proposal that the other process verifies and reopens with the same encrypted source
ok 41 - go inbox persists an original proposal that the other process verifies and reopens with the same encrypted source
  ---
  duration_ms: 5499.530242
  type: 'test'
  ...
# Subtest: Go inbox process exit before-commit during admit preserves the exact committed boundary
ok 42 - Go inbox process exit before-commit during admit preserves the exact committed boundary
  ---
  duration_ms: 2235.783974
  type: 'test'
  ...
# Subtest: Go inbox process exit after-command during admit preserves the exact committed boundary
ok 43 - Go inbox process exit after-command during admit preserves the exact committed boundary
  ---
  duration_ms: 2257.279981
  type: 'test'
  ...
# Subtest: Go inbox process exit before-commit during source preserves the exact committed boundary
ok 44 - Go inbox process exit before-commit during source preserves the exact committed boundary
  ---
  duration_ms: 2335.871944
  type: 'test'
  ...
# Subtest: Go inbox process exit after-command during source preserves the exact committed boundary
ok 45 - Go inbox process exit after-command during source preserves the exact committed boundary
  ---
  duration_ms: 2356.110735
  type: 'test'
  ...
# Subtest: native inbox refuses block/corruption and collects expired proof without erasing replay metadata
ok 46 - native inbox refuses block/corruption and collects expired proof without erasing replay metadata
  ---
  duration_ms: 5396.669974
  type: 'test'
  ...
# Subtest: node discards missing-source proposal durably across encrypted Node/Go reopen
ok 47 - node discards missing-source proposal durably across encrypted Node/Go reopen
  ---
  duration_ms: 8411.341122
  type: 'test'
  ...
# Subtest: node discards verified proposal durably across encrypted Node/Go reopen
ok 48 - node discards verified proposal durably across encrypted Node/Go reopen
  ---
  duration_ms: 8479.173996
  type: 'test'
  ...
# Subtest: go discards missing-source proposal durably across encrypted Node/Go reopen
ok 49 - go discards missing-source proposal durably across encrypted Node/Go reopen
  ---
  duration_ms: 9462.161127
  type: 'test'
  ...
# Subtest: go discards verified proposal durably across encrypted Node/Go reopen
ok 50 - go discards verified proposal durably across encrypted Node/Go reopen
  ---
  duration_ms: 9533.737959
  type: 'test'
  ...
# Subtest: Go discard process exit before-commit cannot separate proof disposal from replay tombstone
ok 51 - Go discard process exit before-commit cannot separate proof disposal from replay tombstone
  ---
  duration_ms: 2285.607726
  type: 'test'
  ...
# Subtest: Go discard process exit after-command cannot separate proof disposal from replay tombstone
ok 52 - Go discard process exit after-command cannot separate proof disposal from replay tombstone
  ---
  duration_ms: 2252.290167
  type: 'test'
  ...
# Subtest: Go dismissal detects corrupt evidence instead of laundering it through cleanup
ok 53 - Go dismissal detects corrupt evidence instead of laundering it through cleanup
  ---
  duration_ms: 1085.085812
  type: 'test'
  ...
# Subtest: Node discard process exit before-commit is recovered by Go without splitting proof and tombstone
ok 54 - Node discard process exit before-commit is recovered by Go without splitting proof and tombstone
  ---
  duration_ms: 2479.557495
  type: 'test'
  ...
# Subtest: Node discard process exit after-command is recovered by Go without splitting proof and tombstone
ok 55 - Node discard process exit after-command is recovered by Go without splitting proof and tombstone
  ---
  duration_ms: 2352.512219
  type: 'test'
  ...
# Subtest: node receipt intent, signature, exact envelope and copy survive cross-runtime reopen after proposal disposal
ok 56 - node receipt intent, signature, exact envelope and copy survive cross-runtime reopen after proposal disposal
  ---
  duration_ms: 9712.046487
  type: 'test'
  ...
# Subtest: go receipt intent, signature, exact envelope and copy survive cross-runtime reopen after proposal disposal
ok 57 - go receipt intent, signature, exact envelope and copy survive cross-runtime reopen after proposal disposal
  ---
  duration_ms: 10775.062995
  type: 'test'
  ...
# Subtest: Go receipt source exit before-commit preserves exactly the committed signing boundary
ok 58 - Go receipt source exit before-commit preserves exactly the committed signing boundary
  ---
  duration_ms: 1250.87008
  type: 'test'
  ...
# Subtest: Go receipt source exit after-command preserves exactly the committed signing boundary
ok 59 - Go receipt source exit after-command preserves exactly the committed signing boundary
  ---
  duration_ms: 1265.9131
  type: 'test'
  ...
# Subtest: Go receipt sign-receipt exit before-commit preserves exactly the committed signing boundary
ok 60 - Go receipt sign-receipt exit before-commit preserves exactly the committed signing boundary
  ---
  duration_ms: 1204.915691
  type: 'test'
  ...
# Subtest: Go receipt sign-receipt exit after-command preserves exactly the committed signing boundary
ok 61 - Go receipt sign-receipt exit after-command preserves exactly the committed signing boundary
  ---
  duration_ms: 1184.9383
  type: 'test'
  ...
# Subtest: Go receipt seal-receipt exit before-commit preserves exactly the committed signing boundary
ok 62 - Go receipt seal-receipt exit before-commit preserves exactly the committed signing boundary
  ---
  duration_ms: 2320.482094
  type: 'test'
  ...
# Subtest: Go receipt seal-receipt exit after-command preserves exactly the committed signing boundary
ok 63 - Go receipt seal-receipt exit after-command preserves exactly the committed signing boundary
  ---
  duration_ms: 2281.892711
  type: 'test'
  ...
# Subtest: Go receipt copy-receipt exit before-commit preserves exactly the committed signing boundary
ok 64 - Go receipt copy-receipt exit before-commit preserves exactly the committed signing boundary
  ---
  duration_ms: 1259.562505
  type: 'test'
  ...
# Subtest: Go receipt copy-receipt exit after-command preserves exactly the committed signing boundary
ok 65 - Go receipt copy-receipt exit after-command preserves exactly the committed signing boundary
  ---
  duration_ms: 1257.110749
  type: 'test'
  ...
# Subtest: Node receipt source exit before-commit is recoverable in the Go catalogue
ok 66 - Node receipt source exit before-commit is recoverable in the Go catalogue
  ---
  duration_ms: 2388.781572
  type: 'test'
  ...
# Subtest: Node receipt source exit after-command is recoverable in the Go catalogue
ok 67 - Node receipt source exit after-command is recoverable in the Go catalogue
  ---
  duration_ms: 2397.666116
  type: 'test'
  ...
# Subtest: Node receipt sign-receipt exit before-commit is recoverable in the Go catalogue
ok 68 - Node receipt sign-receipt exit before-commit is recoverable in the Go catalogue
  ---
  duration_ms: 2364.987405
  type: 'test'
  ...
# Subtest: Node receipt sign-receipt exit after-command is recoverable in the Go catalogue
ok 69 - Node receipt sign-receipt exit after-command is recoverable in the Go catalogue
  ---
  duration_ms: 2369.276716
  type: 'test'
  ...
# Subtest: Node receipt seal-receipt exit before-commit is recoverable in the Go catalogue
ok 70 - Node receipt seal-receipt exit before-commit is recoverable in the Go catalogue
  ---
  duration_ms: 3474.251693
  type: 'test'
  ...
# Subtest: Node receipt seal-receipt exit after-command is recoverable in the Go catalogue
ok 71 - Node receipt seal-receipt exit after-command is recoverable in the Go catalogue
  ---
  duration_ms: 3427.927642
  type: 'test'
  ...
# Subtest: Node receipt copy-receipt exit before-commit is recoverable in the Go catalogue
ok 72 - Node receipt copy-receipt exit before-commit is recoverable in the Go catalogue
  ---
  duration_ms: 2409.504019
  type: 'test'
  ...
# Subtest: Node receipt copy-receipt exit after-command is recoverable in the Go catalogue
ok 73 - Node receipt copy-receipt exit after-command is recoverable in the Go catalogue
  ---
  duration_ms: 2395.439352
  type: 'test'
  ...
# Subtest: tampered owner receipt preparation is rejected across both storage engines
ok 74 - tampered owner receipt preparation is rejected across both storage engines
  ---
  duration_ms: 1118.137301
  type: 'test'
  ...
# Subtest: concurrent Go and Node receipt writers commit one envelope while the losing writer observes the committed bytes
ok 75 - concurrent Go and Node receipt writers commit one envelope while the losing writer observes the committed bytes
  ---
  duration_ms: 2513.680203
  type: 'test'
  ...
# Subtest: node private proposals cross TCP/serial and an opaque seeder takes over after sender exit
ok 76 - node private proposals cross TCP/serial and an opaque seeder takes over after sender exit
  ---
  duration_ms: 5231.526337
  type: 'test'
  ...
# Subtest: native private proposals cross TCP/serial and an opaque seeder takes over after sender exit
ok 77 - native private proposals cross TCP/serial and an opaque seeder takes over after sender exit
  ---
  duration_ms: 4887.916346
  type: 'test'
  ...
# Subtest: node sends a private site proposal over real TCP and the owner resolves its signed form
ok 78 - node sends a private site proposal over real TCP and the owner resolves its signed form
  ---
  duration_ms: 938.820434
  type: 'test'
  ...
# Subtest: native sends a private site proposal over real TCP and the owner resolves its signed form
ok 79 - native sends a private site proposal over real TCP and the owner resolves its signed form
  ---
  duration_ms: 930.8805
  type: 'test'
  ...
# Subtest: node restarts a private proposal queue and heals a partition without renewing its envelope
ok 80 - node restarts a private proposal queue and heals a partition without renewing its envelope
  ---
  duration_ms: 1583.867405
  type: 'test'
  ...
# Subtest: native restarts a private proposal queue and heals a partition without renewing its envelope
ok 81 - native restarts a private proposal queue and heals a partition without renewing its envelope
  ---
  duration_ms: 1446.227407
  type: 'test'
  ...
# Subtest: node proposal source held only in its private queue recovers across real TCP with both relays paused
ok 82 - node proposal source held only in its private queue recovers across real TCP with both relays paused
  ---
  duration_ms: 1631.859815
  type: 'test'
  ...
# Subtest: node proposal source held only in its private queue cancels across real TCP with both relays paused
ok 83 - node proposal source held only in its private queue cancels across real TCP with both relays paused
  ---
  duration_ms: 3313.216618
  type: 'test'
  ...
# Subtest: node proposal source held only in its private queue blocks across real TCP with both relays paused
ok 84 - node proposal source held only in its private queue blocks across real TCP with both relays paused
  ---
  duration_ms: 6725.350462
  type: 'test'
  ...
# Subtest: native proposal source held only in its private queue recovers across real TCP with both relays paused
ok 85 - native proposal source held only in its private queue recovers across real TCP with both relays paused
  ---
  duration_ms: 1416.998424
  type: 'test'
  ...
# Subtest: native proposal source held only in its private queue cancels across real TCP with both relays paused
ok 86 - native proposal source held only in its private queue cancels across real TCP with both relays paused
  ---
  duration_ms: 2978.045618
  type: 'test'
  ...
# Subtest: native proposal source held only in its private queue blocks across real TCP with both relays paused
ok 87 - native proposal source held only in its private queue blocks across real TCP with both relays paused
  ---
  duration_ms: 6615.920819
  type: 'test'
  ...
# (node:413718) ExperimentalWarning: SQLite is an experimental feature and might change at any time
# (Use `node --trace-warnings ...` to show where the warning was created)
# Subtest: an authenticated outer SQLite database cannot transpose unpublished signatures from site into the resource namespace
ok 88 - an authenticated outer SQLite database cannot transpose unpublished signatures from site into the resource namespace
  ---
  duration_ms: 1173.15989
  type: 'test'
  ...
# Subtest: an authenticated outer SQLite database cannot transpose unpublished signatures from resource into the site namespace
ok 89 - an authenticated outer SQLite database cannot transpose unpublished signatures from resource into the site namespace
  ---
  duration_ms: 56.875311
  type: 'test'
  ...
# Subtest: an authenticated outer SQLite database cannot transpose unpublished signatures from site into the contribution namespace
ok 90 - an authenticated outer SQLite database cannot transpose unpublished signatures from site into the contribution namespace
  ---
  duration_ms: 53.596745
  type: 'test'
  ...
# Subtest: an authenticated outer SQLite database cannot transpose unpublished signatures from contribution into the site namespace
ok 91 - an authenticated outer SQLite database cannot transpose unpublished signatures from contribution into the site namespace
  ---
  duration_ms: 53.650987
  type: 'test'
  ...
# Subtest: an authenticated outer SQLite database cannot transpose unpublished signatures from resource into the contribution namespace
ok 92 - an authenticated outer SQLite database cannot transpose unpublished signatures from resource into the contribution namespace
  ---
  duration_ms: 52.572165
  type: 'test'
  ...
# Subtest: an authenticated outer SQLite database cannot transpose unpublished signatures from contribution into the resource namespace
ok 93 - an authenticated outer SQLite database cannot transpose unpublished signatures from contribution into the resource namespace
  ---
  duration_ms: 55.460309
  type: 'test'
  ...
# Subtest: an authenticated outer SQLite database cannot transpose unpublished signatures from site into the contribution-inbox namespace
ok 94 - an authenticated outer SQLite database cannot transpose unpublished signatures from site into the contribution-inbox namespace
  ---
  duration_ms: 52.040548
  type: 'test'
  ...
# Subtest: an authenticated outer SQLite database cannot transpose unpublished signatures from contribution-inbox into the site namespace
ok 95 - an authenticated outer SQLite database cannot transpose unpublished signatures from contribution-inbox into the site namespace
  ---
  duration_ms: 57.681813
  type: 'test'
  ...
# Subtest: an authenticated outer SQLite database cannot transpose unpublished signatures from resource into the contribution-inbox namespace
ok 96 - an authenticated outer SQLite database cannot transpose unpublished signatures from resource into the contribution-inbox namespace
  ---
  duration_ms: 54.266521
  type: 'test'
  ...
# Subtest: an authenticated outer SQLite database cannot transpose unpublished signatures from contribution-inbox into the resource namespace
ok 97 - an authenticated outer SQLite database cannot transpose unpublished signatures from contribution-inbox into the resource namespace
  ---
  duration_ms: 54.195377
  type: 'test'
  ...
# Subtest: an authenticated outer SQLite database cannot transpose unpublished signatures from contribution into the contribution-inbox namespace
ok 98 - an authenticated outer SQLite database cannot transpose unpublished signatures from contribution into the contribution-inbox namespace
  ---
  duration_ms: 52.479521
  type: 'test'
  ...
# Subtest: an authenticated outer SQLite database cannot transpose unpublished signatures from contribution-inbox into the contribution namespace
ok 99 - an authenticated outer SQLite database cannot transpose unpublished signatures from contribution-inbox into the contribution namespace
  ---
  duration_ms: 52.536608
  type: 'test'
  ...
# Subtest: an authenticated outer SQLite database cannot transpose unpublished signatures from contribution-receipt into the site namespace
ok 100 - an authenticated outer SQLite database cannot transpose unpublished signatures from contribution-receipt into the site namespace
  ---
  duration_ms: 55.896857
  type: 'test'
  ...
# Subtest: an authenticated outer SQLite database cannot transpose unpublished signatures from site into the contribution-receipt namespace
ok 101 - an authenticated outer SQLite database cannot transpose unpublished signatures from site into the contribution-receipt namespace
  ---
  duration_ms: 53.560828
  type: 'test'
  ...
# Subtest: an authenticated outer SQLite database cannot transpose unpublished signatures from contribution-receipt into the resource namespace
ok 102 - an authenticated outer SQLite database cannot transpose unpublished signatures from contribution-receipt into the resource namespace
  ---
  duration_ms: 54.472167
  type: 'test'
  ...
# Subtest: an authenticated outer SQLite database cannot transpose unpublished signatures from resource into the contribution-receipt namespace
ok 103 - an authenticated outer SQLite database cannot transpose unpublished signatures from resource into the contribution-receipt namespace
  ---
  duration_ms: 52.674206
  type: 'test'
  ...
# Subtest: an authenticated outer SQLite database cannot transpose unpublished signatures from contribution-receipt into the contribution namespace
ok 104 - an authenticated outer SQLite database cannot transpose unpublished signatures from contribution-receipt into the contribution namespace
  ---
  duration_ms: 53.056633
  type: 'test'
  ...
# Subtest: an authenticated outer SQLite database cannot transpose unpublished signatures from contribution into the contribution-receipt namespace
ok 105 - an authenticated outer SQLite database cannot transpose unpublished signatures from contribution into the contribution-receipt namespace
  ---
  duration_ms: 52.360498
  type: 'test'
  ...
# Subtest: an authenticated outer SQLite database cannot transpose unpublished signatures from contribution-receipt into the contribution-inbox namespace
ok 106 - an authenticated outer SQLite database cannot transpose unpublished signatures from contribution-receipt into the contribution-inbox namespace
  ---
  duration_ms: 53.952292
  type: 'test'
  ...
# Subtest: an authenticated outer SQLite database cannot transpose unpublished signatures from contribution-inbox into the contribution-receipt namespace
ok 107 - an authenticated outer SQLite database cannot transpose unpublished signatures from contribution-inbox into the contribution-receipt namespace
  ---
  duration_ms: 53.553825
  type: 'test'
  ...
# Subtest: Node and a real Go process exchange signing-protected site records in the same SQLite database
ok 108 - Node and a real Go process exchange signing-protected site records in the same SQLite database
  ---
  duration_ms: 2276.684829
  type: 'test'
  ...
# Subtest: Node and a real Go process exchange signing-protected resource records in the same SQLite database
ok 109 - Node and a real Go process exchange signing-protected resource records in the same SQLite database
  ---
  duration_ms: 2283.91351
  type: 'test'
  ...
# Subtest: Node and a real Go process exchange signing-protected contribution records in the same SQLite database
ok 110 - Node and a real Go process exchange signing-protected contribution records in the same SQLite database
  ---
  duration_ms: 2284.215475
  type: 'test'
  ...
# Subtest: Node and a real Go process exchange signing-protected contribution-inbox records in the same SQLite database
ok 111 - Node and a real Go process exchange signing-protected contribution-inbox records in the same SQLite database
  ---
  duration_ms: 2291.166066
  type: 'test'
  ...
# Subtest: Node and a real Go process exchange signing-protected contribution-receipt records in the same SQLite database
ok 112 - Node and a real Go process exchange signing-protected contribution-receipt records in the same SQLite database
  ---
  duration_ms: 2300.329404
  type: 'test'
  ...
# Subtest: Go rejects a Node encrypted site value transplanted into another authenticated store
ok 113 - Go rejects a Node encrypted site value transplanted into another authenticated store
  ---
  duration_ms: 69.403117
  type: 'test'
  ...
# Subtest: Go rejects a Node encrypted resource value transplanted into another authenticated store
ok 114 - Go rejects a Node encrypted resource value transplanted into another authenticated store
  ---
  duration_ms: 67.12703
  type: 'test'
  ...
# Subtest: Go rejects a Node encrypted contribution value transplanted into another authenticated store
ok 115 - Go rejects a Node encrypted contribution value transplanted into another authenticated store
  ---
  duration_ms: 62.472705
  type: 'test'
  ...
# Subtest: Go rejects a Node encrypted contribution-inbox value transplanted into another authenticated store
ok 116 - Go rejects a Node encrypted contribution-inbox value transplanted into another authenticated store
  ---
  duration_ms: 60.03207
  type: 'test'
  ...
# Subtest: Go rejects a Node encrypted contribution-receipt value transplanted into another authenticated store
ok 117 - Go rejects a Node encrypted contribution-receipt value transplanted into another authenticated store
  ---
  duration_ms: 62.201456
  type: 'test'
  ...
1..117
# tests 117
# suites 0
# pass 117
# fail 0
# cancelled 0
# skipped 0
# todo 0
# duration_ms 288607.799314
