
Running 85 tests using 1 worker

(node:3952025) Warning: The 'NO_COLOR' env is ignored due to the 'FORCE_COLOR' env being set.
(Use `node --trace-warnings ...` to show where the warning was created)
  ✓   1 [webkit] › tests/browser/application.spec.ts:75:1 › autonomous Liquid Glass UI owns identity and offline outbox, connects through real RTC, receives signed confirmations and survives reload (13.6s)
  ✓   2 [webkit] › tests/browser/application.spec.ts:204:1 › autonomous social actions and safe signed site builder persist and remain viewable after author closes (20.2s)
  ✓   3 [webkit] › tests/browser/application.spec.ts:359:1 › production worker keeps private keys out of replies and recovers an applied send after the UI response is lost (25.3s)
  ✓   4 [webkit] › tests/browser/application.spec.ts:466:1 › a second tab cannot take ownership of a live application profile and an unknown or corrupt profile is never silently reset (6.0s)
  ✓   5 [webkit] › tests/browser/application.spec.ts:523:1 › cached application code and encrypted profile reopen when the static host is unavailable, without installing the PWA (5.7s)
  ✓   6 [webkit] › tests/browser/application.spec.ts:589:1 › corrupted cached worker is rejected offline and recovered only from verified available code (2.5s)
  ✓   7 [webkit] › tests/browser/contact-relay.spec.ts:121:1 › imported contact immediately appears once, survives reload and becomes the first real DM without a duplicate (8.8s)
  ✓   8 [webkit] › tests/browser/contact-relay.spec.ts:208:1 › relay consent through the UI gates a real A to B to C path and does not grant B private reading (45.1s)
  ✓   9 [webkit] › tests/browser/core-fixed-envelope.spec.ts:15:1 › actual browser preserves saved envelope times, verifies Node bytes and refuses expired live admission (375ms)
  ✓  10 [webkit] › tests/browser/foundation.spec.ts:24:1 › Browser owns compatible identities/vaults/bundles: real Node and Go positive and negative controls (2.3s)
  ✓  11 [webkit] › tests/browser/foundation.spec.ts:205:1 › encrypted IndexedDB persists, coordinates two pages, rejects corruption and preserves pins on failed admission (1.4s)
  ✓  12 [webkit] › tests/browser/foundation.spec.ts:397:1 › lock during unlock cannot resurrect keys; missing authenticated state is not replaced with empty success (861ms)
  ✓  13 [webkit] › tests/browser/foundation.spec.ts:449:1 › real WebRTC transfers encrypted chunks and an offline author's reader seeds identical bytes to a new reader (3.2s)
  ✓  14 [webkit] › tests/browser/foundation.spec.ts:623:1 › WebRTC rejects a correctly framed corrupt bundle before storage and rejects admission failure without ACK (5.1s)
  ✓  15 [webkit] › tests/browser/foundation.spec.ts:723:1 › identity recovery is compatible and cannot overwrite an existing profile; quota eviction retains pinned objects (663ms)
  ✓  16 [webkit] › tests/browser/foundation.spec.ts:783:1 › browser application bundle/ledger commit is atomic, pending reservations survive eviction pressure and IDB abort preserves prior state (515ms)
  ✓  17 [webkit] › tests/browser/native-transport.spec.ts:51:3 › browser WebRTC to browser WebSocket to real node daemon, reverse transfer and invitation revocation (5.6s)
  ✓  18 [webkit] › tests/browser/native-transport.spec.ts:51:3 › browser WebRTC to browser WebSocket to real native daemon, reverse transfer and invitation revocation (5.3s)
  ✓  19 [webkit] › tests/browser/native-transport.spec.ts:191:1 › private four-medium route WebRTC-WebSocket-TCP-serial, partition/heal and restarted browser seeder with author offline (11.7s)
  ✓  20 [webkit] › tests/browser/native-transport.spec.ts:419:1 › late native ACK cannot leave an orphan retry assembly or close an otherwise healthy WebSocket (4.7s)
  ✓  21 [webkit] › tests/browser/private-values.spec.ts:4:1 › private values larger than the metadata index survive restart without becoming peer inventory (912ms)
  ✓  22 [webkit] › tests/browser/private-values.spec.ts:51:1 › legacy embedded values migrate lazily and encrypted value rows remain outside peer access (1.1s)
  ✓  23 [webkit] › tests/browser/private-values.spec.ts:206:1 › bundle and private-value mutations commit together, and corruption cannot silently reset a value (719ms)
  ✓  24 [webkit] › tests/browser/private-values.spec.ts:385:1 › private-value byte and total budgets reject excess without losing committed values (2.5s)
  ✓  25 [webkit] › tests/browser/private-values.spec.ts:443:1 › multiple private values share one commit and a concurrent writer cannot remove a reader's snapshot (538ms)
  ✓  26 [webkit] › tests/browser/relay-policy-race.spec.ts:65:3 › relay policy race during request distinguishes a cancelled local response from an invalid peer frame (2.3s)
  ✓  27 [webkit] › tests/browser/relay-policy-race.spec.ts:65:3 › relay policy race during serve distinguishes a cancelled local response from an invalid peer frame (2.4s)
  ✓  28 [webkit] › tests/browser/relay-policy-race.spec.ts:65:3 › relay policy race during unrelated-error distinguishes a cancelled local response from an invalid peer frame (2.1s)
  ✓  29 [webkit] › tests/browser/routing.spec.ts:13:1 › managed packet-ID cancellation preserves an equal local payload and a foreign packet; absolute deadlines remain on wire (946ms)
  ✓  30 [webkit] › tests/browser/routing.spec.ts:179:1 › automatic A-B-C mesh: consent controls, own sends while paused, partition/heal and restarted reader takeover with author offline (8.0s)
  ✓  31 [webkit] › tests/browser/routing.spec.ts:307:1 › one network owner per profile and concurrent consent/preferences do not resurrect revoked relay (899ms)
  ✓  32 [webkit] › tests/browser/routing.spec.ts:365:1 › fragment scheduling preempts bulk with SOS, gives bulk a fair turn, and cancels relayed bytes without closing own traffic (3.1s)
  ✓  33 [webkit] › tests/browser/routing.spec.ts:571:1 › packet bounds reject expiry, hop loops and tampering; retained flood is bounded (339ms)
  ✓  34 [webkit] › tests/browser/routing.spec.ts:635:1 › low-power defers bulk on a live link, keeps SOS moving and never revives an expired queued packet (3.0s)
  ✓  35 [webkit] › tests/browser/routing.spec.ts:693:1 › browser routing packets cross real native TCP routers; native packet bytes verify in the browser and corruption never forwards (1.1s)
  ✓  36 [webkit] › tests/browser/routing.spec.ts:841:1 › opaque packet corruption is rejected by the browser mesh before storage or forwarding, with valid controls on both sides (2.8s)
  ✓  37 [webkit] › tests/browser/routing.spec.ts:926:1 › managed relay revocation cancels an in-flight forwarded packet and keeps an authored SOS on that same open link (3.4s)
  ✓  38 [webkit] › tests/browser/site-contribution-catalog.spec.ts:13:1 › browser contribution intent and signature commit separately, survive reopening and abort signing on lock without publishing (1.2s)
  ✓  39 [webkit] › tests/browser/site-contribution-catalog.spec.ts:214:1 › browser catalogue expiry preserves the old result and missing staging is an integrity error (578ms)
  ✓  40 [webkit] › tests/browser/site-contribution-catalog.spec.ts:320:1 › browser rechecks the fixed deadline after policy before signing, with a one-millisecond positive control (608ms)
  ✓  41 [webkit] › tests/browser/site-contribution-catalog.spec.ts:389:1 › browser retains one private encrypted envelope across reopen and cancels a late seal when the identity locks (1.2s)
  ✓  42 [webkit] › tests/browser/site-contribution-catalog.spec.ts:549:1 › repeating cancellation of an old proposal preserves a different active preparation (647ms)
  ✓  43 [webkit] › tests/browser/site-contribution-catalog.spec.ts:606:1 › browser queued handoff keeps source and envelope private, supports a second intent and preserves packet identity after expiry (883ms)
  ✓  44 [webkit] › tests/browser/site-contribution-context.spec.ts:13:1 › form inspection uses authenticated browser state and invalidates delayed replies after block, withdrawal, expiry or lock (3.3s)
  ✓  45 [webkit] › tests/browser/site-contribution-copy.spec.ts:12:3 › proposal copy rechecks block and never reports an unavailable envelope as copied (1.2s)
  ✓  46 [webkit] › tests/browser/site-contribution-copy.spec.ts:12:3 › proposal copy rechecks withdraw and never reports an unavailable envelope as copied (1.2s)
  ✓  47 [webkit] › tests/browser/site-contribution-copy.spec.ts:12:3 › proposal copy rechecks lock and never reports an unavailable envelope as copied (1.3s)
  ✓  48 [webkit] › tests/browser/site-contribution-copy.spec.ts:12:3 › proposal copy rechecks lost-copy and never reports an unavailable envelope as copied (1.2s)
  ✓  49 [webkit] › tests/browser/site-contribution-dismiss.spec.ts:21:3 › browser local discard reopen preserves atomic private evidence and replay protection (977ms)
  ✓  50 [webkit] › tests/browser/site-contribution-dismiss.spec.ts:21:3 › browser local discard rollback preserves atomic private evidence and replay protection (1.0s)
  ✓  51 [webkit] › tests/browser/site-contribution-dismiss.spec.ts:21:3 › browser local discard lost-reply preserves atomic private evidence and replay protection (990ms)
  ✓  52 [webkit] › tests/browser/site-contribution-dismiss.spec.ts:21:3 › browser local discard lock preserves atomic private evidence and replay protection (1.0s)
  ✓  53 [webkit] › tests/browser/site-contribution-dismiss.spec.ts:21:3 › browser local discard corruption preserves atomic private evidence and replay protection (833ms)
  ✓  54 [webkit] › tests/browser/site-contribution-dismiss.spec.ts:21:3 › browser local discard concurrent-source preserves atomic private evidence and replay protection (1.0s)
  ✓  55 [webkit] › tests/browser/site-contribution-dismiss.spec.ts:21:3 › browser local discard concurrent-dismiss preserves atomic private evidence and replay protection (978ms)
  ✓  56 [webkit] › tests/browser/site-contribution-inbox.spec.ts:12:1 › available form permissions are checked before uninvited browser proposals reserve private inbox capacity (2.3s)
  ✓  57 [webkit] › tests/browser/site-contribution-inbox.spec.ts:141:3 › browser durable proposal inbox reopen-conflict preserves original authority and never fabricates approval (1.0s)
  ✓  58 [webkit] › tests/browser/site-contribution-inbox.spec.ts:141:3 › browser durable proposal inbox lock-source preserves original authority and never fabricates approval (983ms)
  ✓  59 [webkit] › tests/browser/site-contribution-inbox.spec.ts:141:3 › browser durable proposal inbox corruption-expiry preserves original authority and never fabricates approval (904ms)
  ✘  60 [webkit] › tests/browser/site-contribution-send.spec.ts:22:3 › browser source held only in a private proposal queue recover with both relays paused (18.0s)
(node:3985385) Warning: The 'NO_COLOR' env is ignored due to the 'FORCE_COLOR' env being set.
(Use `node --trace-warnings ...` to show where the warning was created)
  ✓  61 [webkit] › tests/browser/site-contribution-send.spec.ts:22:3 › browser source held only in a private proposal queue cancel-retained-reply with both relays paused (3.7s)
  ✘  62 [webkit] › tests/browser/site-contribution-send.spec.ts:22:3 › browser source held only in a private proposal queue cancel-before-admission with both relays paused (18.2s)
(node:3987336) Warning: The 'NO_COLOR' env is ignored due to the 'FORCE_COLOR' env being set.
(Use `node --trace-warnings ...` to show where the warning was created)
  ✘  63 [webkit] › tests/browser/site-contribution-send.spec.ts:22:3 › browser source held only in a private proposal queue cancel-queued with both relays paused (18.2s)
(node:3988538) Warning: The 'NO_COLOR' env is ignored due to the 'FORCE_COLOR' env being set.
(Use `node --trace-warnings ...` to show where the warning was created)
  ✓  64 [webkit] › tests/browser/site-contribution-send.spec.ts:396:5 › private form proposals web-to-native cross RTC and WebSocket with node and an intermediary without a reading key (3.8s)
  ✓  65 [webkit] › tests/browser/site-contribution-send.spec.ts:396:5 › private form proposals native-to-web cross RTC and WebSocket with node and an intermediary without a reading key (3.6s)
  ✓  66 [webkit] › tests/browser/site-contribution-send.spec.ts:396:5 › private form proposals web-to-native cross RTC and WebSocket with native and an intermediary without a reading key (3.3s)
  ✓  67 [webkit] › tests/browser/site-contribution-send.spec.ts:396:5 › private form proposals native-to-web cross RTC and WebSocket with native and an intermediary without a reading key (3.2s)
  ✓  68 [webkit] › tests/browser/site-contribution-send.spec.ts:556:1 › two autonomous browser accounts send a private form proposal through real RTC while the sender relay is paused (3.5s)
  ✓  69 [webkit] › tests/browser/site-contribution-send.spec.ts:725:1 › browser reception journals the original source before review and survives actual cache eviction with the RTC sender closed (3.3s)
  ✓  70 [webkit] › tests/browser/site-contribution-serve-race.spec.ts:13:3 › in-flight proposal authorization cannot survive cancel while its policy read is retained (862ms)
  ✓  71 [webkit] › tests/browser/site-contribution-serve-race.spec.ts:13:3 › in-flight proposal authorization cannot survive expire while its policy read is retained (894ms)
  ✓  72 [webkit] › tests/browser/site-contribution-serve-race.spec.ts:13:3 › in-flight proposal authorization cannot survive close while its policy read is retained (893ms)
  ✓  73 [webkit] › tests/browser/site-contribution-worker.spec.ts:53:1 › production worker describes an authenticated form after UI setup and unlock without exposing keys or accepting caller authority (2.7s)
  ✓  74 [webkit] › tests/browser/site-contribution-worker.spec.ts:146:1 › production workers recover queued proposals offline and send through the UI-established RTC link without reviving cancellation (11.4s)
  ✓  75 [webkit] › tests/browser/site-contribution.spec.ts:50:1 › browser visitor certificates interoperate with Node and Go while encrypted proposals and publication consent remain separate (936ms)
  ✓  76 [webkit] › tests/browser/site-network.spec.ts:172:5 › version 1 sites cross RTC, WebSocket and TCP through node, heal a partition and survive with only a restarted reader (8.3s)
  ✓  77 [webkit] › tests/browser/site-network.spec.ts:172:5 › version 1 sites cross RTC, WebSocket and TCP through native, heal a partition and survive with only a restarted reader (8.4s)
  ✓  78 [webkit] › tests/browser/site-network.spec.ts:172:5 › version 2 sites cross RTC, WebSocket and TCP through node, heal a partition and survive with only a restarted reader (8.3s)
  ✓  79 [webkit] › tests/browser/site-network.spec.ts:172:5 › version 2 sites cross RTC, WebSocket and TCP through native, heal a partition and survive with only a restarted reader (8.4s)
  ✓  80 [webkit] › tests/browser/site-resource-catalog.spec.ts:11:1 › browser resource creation keeps its signature private until durable preparation, reopens and recovers one exact result (724ms)
  ✓  81 [webkit] › tests/browser/site-resource-catalog.spec.ts:116:1 › locking during resource signing aborts the private transaction and invalidates its old catalogue (637ms)
  ✓  82 [webkit] › tests/browser/site-resource-network.spec.ts:97:1 › browser resource admission rejects readable malformed bodies, preserves opaque seeding and keeps summaries distinct from full data (1.7s)
  ✓  83 [webkit] › tests/browser/site-resource-network.spec.ts:221:3 › optional data crosses RTC and WS through node only on request and a restarted browser seeds it after author shutdown (19.7s)
  ✓  84 [webkit] › tests/browser/site-resource-network.spec.ts:221:3 › optional data crosses RTC and WS through native only on request and a restarted browser seeds it after author shutdown (19.3s)
  ✓  85 [webkit] › tests/browser/site-worker.spec.ts:26:1 › production worker publishes and recovers exact site requests, refuses forged snapshots and does not export signing helpers (2.8s)


  1) [webkit] › tests/browser/site-contribution-send.spec.ts:22:3 › browser source held only in a private proposal queue recover with both relays paused 

    Error: expect(received).toBe(expected) // Object.is equality

    Expected: "verified-candidate"
    Received: "missing-source"

    Call Log:
    - Timeout 15000ms exceeded while waiting on the predicate

      252 |               ).items[0]?.status,
      253 |           )
    > 254 |           .toBe("verified-candidate");
          |            ^
      255 |         expect(
      256 |           await owner.evaluate(
      257 |             async (id) =>
        at /home/absint0o/projects/relayloom/.cache/site-optional-resources/tests/browser/site-contribution-send.spec.ts:254:12

    attachment #1: screenshot (image/png) ──────────────────────────────────────────────────────────
    .cache/contribution-dismiss-final/webkit-artifacts/site-contribution-send-bro-eae20-ver-with-both-relays-paused-webkit/test-failed-1.png
    ────────────────────────────────────────────────────────────────────────────────────────────────

    attachment #2: screenshot (image/png) ──────────────────────────────────────────────────────────
    .cache/contribution-dismiss-final/webkit-artifacts/site-contribution-send-bro-eae20-ver-with-both-relays-paused-webkit/test-failed-2.png
    ────────────────────────────────────────────────────────────────────────────────────────────────

    Error Context: .cache/contribution-dismiss-final/webkit-artifacts/site-contribution-send-bro-eae20-ver-with-both-relays-paused-webkit/error-context.md

    Error Context: .cache/contribution-dismiss-final/webkit-artifacts/site-contribution-send-bro-eae20-ver-with-both-relays-paused-webkit/error-context.md

    attachment #5: trace (application/zip) ─────────────────────────────────────────────────────────
    .cache/contribution-dismiss-final/webkit-artifacts/site-contribution-send-bro-eae20-ver-with-both-relays-paused-webkit/trace.zip
    Usage:

        npx playwright show-trace .cache/contribution-dismiss-final/webkit-artifacts/site-contribution-send-bro-eae20-ver-with-both-relays-paused-webkit/trace.zip

    ────────────────────────────────────────────────────────────────────────────────────────────────

  2) [webkit] › tests/browser/site-contribution-send.spec.ts:22:3 › browser source held only in a private proposal queue cancel-before-admission with both relays paused 

    Error: expect(received).toBe(expected) // Object.is equality

    Expected: true
    Received: undefined

    Call Log:
    - Timeout 15000ms exceeded while waiting on the predicate

      205 |               ),
      206 |             )
    > 207 |             .toBe(true);
          |              ^
      208 |         await sender.evaluate(async () => {
      209 |           const f = (window as any).proposalFixture;
      210 |           await f.app.call("contribution-command", {
        at /home/absint0o/projects/relayloom/.cache/site-optional-resources/tests/browser/site-contribution-send.spec.ts:207:14

    attachment #1: screenshot (image/png) ──────────────────────────────────────────────────────────
    .cache/contribution-dismiss-final/webkit-artifacts/site-contribution-send-bro-2815b-ion-with-both-relays-paused-webkit/test-failed-1.png
    ────────────────────────────────────────────────────────────────────────────────────────────────

    attachment #2: screenshot (image/png) ──────────────────────────────────────────────────────────
    .cache/contribution-dismiss-final/webkit-artifacts/site-contribution-send-bro-2815b-ion-with-both-relays-paused-webkit/test-failed-2.png
    ────────────────────────────────────────────────────────────────────────────────────────────────

    Error Context: .cache/contribution-dismiss-final/webkit-artifacts/site-contribution-send-bro-2815b-ion-with-both-relays-paused-webkit/error-context.md

    Error Context: .cache/contribution-dismiss-final/webkit-artifacts/site-contribution-send-bro-2815b-ion-with-both-relays-paused-webkit/error-context.md

    attachment #5: trace (application/zip) ─────────────────────────────────────────────────────────
    .cache/contribution-dismiss-final/webkit-artifacts/site-contribution-send-bro-2815b-ion-with-both-relays-paused-webkit/trace.zip
    Usage:

        npx playwright show-trace .cache/contribution-dismiss-final/webkit-artifacts/site-contribution-send-bro-2815b-ion-with-both-relays-paused-webkit/trace.zip

    ────────────────────────────────────────────────────────────────────────────────────────────────

  3) [webkit] › tests/browser/site-contribution-send.spec.ts:22:3 › browser source held only in a private proposal queue cancel-queued with both relays paused 

    Error: expect(received).toBe(expected) // Object.is equality

    Expected: true
    Received: false

    Call Log:
    - Timeout 15000ms exceeded while waiting on the predicate

      197 |               ),
      198 |             )
    > 199 |             .toBe(true);
          |              ^
      200 |         else
      201 |           await expect
      202 |             .poll(() =>
        at /home/absint0o/projects/relayloom/.cache/site-optional-resources/tests/browser/site-contribution-send.spec.ts:199:14

    attachment #1: screenshot (image/png) ──────────────────────────────────────────────────────────
    .cache/contribution-dismiss-final/webkit-artifacts/site-contribution-send-bro-3a81d-ued-with-both-relays-paused-webkit/test-failed-1.png
    ────────────────────────────────────────────────────────────────────────────────────────────────

    attachment #2: screenshot (image/png) ──────────────────────────────────────────────────────────
    .cache/contribution-dismiss-final/webkit-artifacts/site-contribution-send-bro-3a81d-ued-with-both-relays-paused-webkit/test-failed-2.png
    ────────────────────────────────────────────────────────────────────────────────────────────────

    Error Context: .cache/contribution-dismiss-final/webkit-artifacts/site-contribution-send-bro-3a81d-ued-with-both-relays-paused-webkit/error-context.md

    Error Context: .cache/contribution-dismiss-final/webkit-artifacts/site-contribution-send-bro-3a81d-ued-with-both-relays-paused-webkit/error-context.md

    attachment #5: trace (application/zip) ─────────────────────────────────────────────────────────
    .cache/contribution-dismiss-final/webkit-artifacts/site-contribution-send-bro-3a81d-ued-with-both-relays-paused-webkit/trace.zip
    Usage:

        npx playwright show-trace .cache/contribution-dismiss-final/webkit-artifacts/site-contribution-send-bro-3a81d-ued-with-both-relays-paused-webkit/trace.zip

    ────────────────────────────────────────────────────────────────────────────────────────────────

  3 failed
    [webkit] › tests/browser/site-contribution-send.spec.ts:22:3 › browser source held only in a private proposal queue recover with both relays paused 
    [webkit] › tests/browser/site-contribution-send.spec.ts:22:3 › browser source held only in a private proposal queue cancel-before-admission with both relays paused 
    [webkit] › tests/browser/site-contribution-send.spec.ts:22:3 › browser source held only in a private proposal queue cancel-queued with both relays paused 
  82 passed (6.8m)
