
Running 85 tests using 1 worker

(node:3885975) Warning: The 'NO_COLOR' env is ignored due to the 'FORCE_COLOR' env being set.
(Use `node --trace-warnings ...` to show where the warning was created)
  ✓   1 [chromium] › tests/browser/application.spec.ts:75:1 › autonomous Liquid Glass UI owns identity and offline outbox, connects through real RTC, receives signed confirmations and survives reload (10.6s)
  ✓   2 [chromium] › tests/browser/application.spec.ts:204:1 › autonomous social actions and safe signed site builder persist and remain viewable after author closes (16.0s)
  ✓   3 [chromium] › tests/browser/application.spec.ts:359:1 › production worker keeps private keys out of replies and recovers an applied send after the UI response is lost (22.9s)
  ✓   4 [chromium] › tests/browser/application.spec.ts:466:1 › a second tab cannot take ownership of a live application profile and an unknown or corrupt profile is never silently reset (4.4s)
  ✓   5 [chromium] › tests/browser/application.spec.ts:523:1 › cached application code and encrypted profile reopen when the static host is unavailable, without installing the PWA (4.3s)
  ✓   6 [chromium] › tests/browser/application.spec.ts:589:1 › corrupted cached worker is rejected offline and recovered only from verified available code (1.5s)
  ✓   7 [chromium] › tests/browser/contact-relay.spec.ts:121:1 › imported contact immediately appears once, survives reload and becomes the first real DM without a duplicate (5.6s)
  ✓   8 [chromium] › tests/browser/contact-relay.spec.ts:208:1 › relay consent through the UI gates a real A to B to C path and does not grant B private reading (32.7s)
  ✓   9 [chromium] › tests/browser/core-fixed-envelope.spec.ts:15:1 › actual browser preserves saved envelope times, verifies Node bytes and refuses expired live admission (176ms)
  ✓  10 [chromium] › tests/browser/foundation.spec.ts:24:1 › Browser owns compatible identities/vaults/bundles: real Node and Go positive and negative controls (2.5s)
  ✓  11 [chromium] › tests/browser/foundation.spec.ts:205:1 › encrypted IndexedDB persists, coordinates two pages, rejects corruption and preserves pins on failed admission (1.1s)
  ✓  12 [chromium] › tests/browser/foundation.spec.ts:397:1 › lock during unlock cannot resurrect keys; missing authenticated state is not replaced with empty success (708ms)
  ✓  13 [chromium] › tests/browser/foundation.spec.ts:449:1 › real WebRTC transfers encrypted chunks and an offline author's reader seeds identical bytes to a new reader (9.5s)
  ✓  14 [chromium] › tests/browser/foundation.spec.ts:623:1 › WebRTC rejects a correctly framed corrupt bundle before storage and rejects admission failure without ACK (1.5s)
  ✓  15 [chromium] › tests/browser/foundation.spec.ts:723:1 › identity recovery is compatible and cannot overwrite an existing profile; quota eviction retains pinned objects (458ms)
  ✓  16 [chromium] › tests/browser/foundation.spec.ts:783:1 › browser application bundle/ledger commit is atomic, pending reservations survive eviction pressure and IDB abort preserves prior state (322ms)
  ✓  17 [chromium] › tests/browser/native-transport.spec.ts:51:3 › browser WebRTC to browser WebSocket to real node daemon, reverse transfer and invitation revocation (3.4s)
  ✓  18 [chromium] › tests/browser/native-transport.spec.ts:51:3 › browser WebRTC to browser WebSocket to real native daemon, reverse transfer and invitation revocation (3.0s)
  ✓  19 [chromium] › tests/browser/native-transport.spec.ts:191:1 › private four-medium route WebRTC-WebSocket-TCP-serial, partition/heal and restarted browser seeder with author offline (11.2s)
  ✓  20 [chromium] › tests/browser/native-transport.spec.ts:419:1 › late native ACK cannot leave an orphan retry assembly or close an otherwise healthy WebSocket (4.7s)
  ✓  21 [chromium] › tests/browser/private-values.spec.ts:4:1 › private values larger than the metadata index survive restart without becoming peer inventory (1.1s)
  ✓  22 [chromium] › tests/browser/private-values.spec.ts:51:1 › legacy embedded values migrate lazily and encrypted value rows remain outside peer access (1.1s)
  ✓  23 [chromium] › tests/browser/private-values.spec.ts:206:1 › bundle and private-value mutations commit together, and corruption cannot silently reset a value (480ms)
  ✓  24 [chromium] › tests/browser/private-values.spec.ts:385:1 › private-value byte and total budgets reject excess without losing committed values (4.2s)
  ✓  25 [chromium] › tests/browser/private-values.spec.ts:443:1 › multiple private values share one commit and a concurrent writer cannot remove a reader's snapshot (346ms)
  ✓  26 [chromium] › tests/browser/relay-policy-race.spec.ts:65:3 › relay policy race during request distinguishes a cancelled local response from an invalid peer frame (832ms)
  ✓  27 [chromium] › tests/browser/relay-policy-race.spec.ts:65:3 › relay policy race during serve distinguishes a cancelled local response from an invalid peer frame (944ms)
  ✓  28 [chromium] › tests/browser/relay-policy-race.spec.ts:65:3 › relay policy race during unrelated-error distinguishes a cancelled local response from an invalid peer frame (905ms)
  ✓  29 [chromium] › tests/browser/routing.spec.ts:13:1 › managed packet-ID cancellation preserves an equal local payload and a foreign packet; absolute deadlines remain on wire (780ms)
  ✓  30 [chromium] › tests/browser/routing.spec.ts:179:1 › automatic A-B-C mesh: consent controls, own sends while paused, partition/heal and restarted reader takeover with author offline (7.3s)
  ✓  31 [chromium] › tests/browser/routing.spec.ts:307:1 › one network owner per profile and concurrent consent/preferences do not resurrect revoked relay (541ms)
  ✓  32 [chromium] › tests/browser/routing.spec.ts:365:1 › fragment scheduling preempts bulk with SOS, gives bulk a fair turn, and cancels relayed bytes without closing own traffic (3.3s)
  ✓  33 [chromium] › tests/browser/routing.spec.ts:571:1 › packet bounds reject expiry, hop loops and tampering; retained flood is bounded (178ms)
  ✓  34 [chromium] › tests/browser/routing.spec.ts:635:1 › low-power defers bulk on a live link, keeps SOS moving and never revives an expired queued packet (1.6s)
  ✓  35 [chromium] › tests/browser/routing.spec.ts:693:1 › browser routing packets cross real native TCP routers; native packet bytes verify in the browser and corruption never forwards (942ms)
  ✓  36 [chromium] › tests/browser/routing.spec.ts:841:1 › opaque packet corruption is rejected by the browser mesh before storage or forwarding, with valid controls on both sides (1.5s)
  ✓  37 [chromium] › tests/browser/routing.spec.ts:926:1 › managed relay revocation cancels an in-flight forwarded packet and keeps an authored SOS on that same open link (2.7s)
  ✓  38 [chromium] › tests/browser/site-contribution-catalog.spec.ts:13:1 › browser contribution intent and signature commit separately, survive reopening and abort signing on lock without publishing (1.0s)
  ✓  39 [chromium] › tests/browser/site-contribution-catalog.spec.ts:214:1 › browser catalogue expiry preserves the old result and missing staging is an integrity error (371ms)
  ✓  40 [chromium] › tests/browser/site-contribution-catalog.spec.ts:320:1 › browser rechecks the fixed deadline after policy before signing, with a one-millisecond positive control (383ms)
  ✓  41 [chromium] › tests/browser/site-contribution-catalog.spec.ts:389:1 › browser retains one private encrypted envelope across reopen and cancels a late seal when the identity locks (971ms)
  ✓  42 [chromium] › tests/browser/site-contribution-catalog.spec.ts:549:1 › repeating cancellation of an old proposal preserves a different active preparation (377ms)
  ✓  43 [chromium] › tests/browser/site-contribution-catalog.spec.ts:606:1 › browser queued handoff keeps source and envelope private, supports a second intent and preserves packet identity after expiry (599ms)
  ✓  44 [chromium] › tests/browser/site-contribution-context.spec.ts:13:1 › form inspection uses authenticated browser state and invalidates delayed replies after block, withdrawal, expiry or lock (3.0s)
  ✓  45 [chromium] › tests/browser/site-contribution-copy.spec.ts:12:3 › proposal copy rechecks block and never reports an unavailable envelope as copied (851ms)
  ✓  46 [chromium] › tests/browser/site-contribution-copy.spec.ts:12:3 › proposal copy rechecks withdraw and never reports an unavailable envelope as copied (848ms)
  ✓  47 [chromium] › tests/browser/site-contribution-copy.spec.ts:12:3 › proposal copy rechecks lock and never reports an unavailable envelope as copied (1.0s)
  ✓  48 [chromium] › tests/browser/site-contribution-copy.spec.ts:12:3 › proposal copy rechecks lost-copy and never reports an unavailable envelope as copied (874ms)
  ✓  49 [chromium] › tests/browser/site-contribution-dismiss.spec.ts:21:3 › browser local discard reopen preserves atomic private evidence and replay protection (774ms)
  ✓  50 [chromium] › tests/browser/site-contribution-dismiss.spec.ts:21:3 › browser local discard rollback preserves atomic private evidence and replay protection (827ms)
  ✓  51 [chromium] › tests/browser/site-contribution-dismiss.spec.ts:21:3 › browser local discard lost-reply preserves atomic private evidence and replay protection (775ms)
  ✓  52 [chromium] › tests/browser/site-contribution-dismiss.spec.ts:21:3 › browser local discard lock preserves atomic private evidence and replay protection (798ms)
  ✓  53 [chromium] › tests/browser/site-contribution-dismiss.spec.ts:21:3 › browser local discard corruption preserves atomic private evidence and replay protection (631ms)
  ✓  54 [chromium] › tests/browser/site-contribution-dismiss.spec.ts:21:3 › browser local discard concurrent-source preserves atomic private evidence and replay protection (808ms)
  ✓  55 [chromium] › tests/browser/site-contribution-dismiss.spec.ts:21:3 › browser local discard concurrent-dismiss preserves atomic private evidence and replay protection (773ms)
  ✓  56 [chromium] › tests/browser/site-contribution-inbox.spec.ts:12:1 › available form permissions are checked before uninvited browser proposals reserve private inbox capacity (1.8s)
  ✓  57 [chromium] › tests/browser/site-contribution-inbox.spec.ts:141:3 › browser durable proposal inbox reopen-conflict preserves original authority and never fabricates approval (840ms)
  ✓  58 [chromium] › tests/browser/site-contribution-inbox.spec.ts:141:3 › browser durable proposal inbox lock-source preserves original authority and never fabricates approval (796ms)
  ✓  59 [chromium] › tests/browser/site-contribution-inbox.spec.ts:141:3 › browser durable proposal inbox corruption-expiry preserves original authority and never fabricates approval (666ms)
  ✓  60 [chromium] › tests/browser/site-contribution-send.spec.ts:22:3 › browser source held only in a private proposal queue recover with both relays paused (1.8s)
  ✓  61 [chromium] › tests/browser/site-contribution-send.spec.ts:22:3 › browser source held only in a private proposal queue cancel-retained-reply with both relays paused (1.9s)
  ✓  62 [chromium] › tests/browser/site-contribution-send.spec.ts:22:3 › browser source held only in a private proposal queue cancel-before-admission with both relays paused (1.7s)
  ✓  63 [chromium] › tests/browser/site-contribution-send.spec.ts:22:3 › browser source held only in a private proposal queue cancel-queued with both relays paused (1.8s)
  ✓  64 [chromium] › tests/browser/site-contribution-send.spec.ts:396:5 › private form proposals web-to-native cross RTC and WebSocket with node and an intermediary without a reading key (2.0s)
  ✓  65 [chromium] › tests/browser/site-contribution-send.spec.ts:396:5 › private form proposals native-to-web cross RTC and WebSocket with node and an intermediary without a reading key (2.1s)
  ✓  66 [chromium] › tests/browser/site-contribution-send.spec.ts:396:5 › private form proposals web-to-native cross RTC and WebSocket with native and an intermediary without a reading key (1.6s)
  ✓  67 [chromium] › tests/browser/site-contribution-send.spec.ts:396:5 › private form proposals native-to-web cross RTC and WebSocket with native and an intermediary without a reading key (1.8s)
  ✓  68 [chromium] › tests/browser/site-contribution-send.spec.ts:556:1 › two autonomous browser accounts send a private form proposal through real RTC while the sender relay is paused (1.9s)
  ✓  69 [chromium] › tests/browser/site-contribution-send.spec.ts:725:1 › browser reception journals the original source before review and survives actual cache eviction with the RTC sender closed (1.7s)
  ✓  70 [chromium] › tests/browser/site-contribution-serve-race.spec.ts:13:3 › in-flight proposal authorization cannot survive cancel while its policy read is retained (630ms)
  ✓  71 [chromium] › tests/browser/site-contribution-serve-race.spec.ts:13:3 › in-flight proposal authorization cannot survive expire while its policy read is retained (596ms)
  ✓  72 [chromium] › tests/browser/site-contribution-serve-race.spec.ts:13:3 › in-flight proposal authorization cannot survive close while its policy read is retained (606ms)
  ✓  73 [chromium] › tests/browser/site-contribution-worker.spec.ts:53:1 › production worker describes an authenticated form after UI setup and unlock without exposing keys or accepting caller authority (1.4s)
  ✓  74 [chromium] › tests/browser/site-contribution-worker.spec.ts:146:1 › production workers recover queued proposals offline and send through the UI-established RTC link without reviving cancellation (8.5s)
  ✓  75 [chromium] › tests/browser/site-contribution.spec.ts:50:1 › browser visitor certificates interoperate with Node and Go while encrypted proposals and publication consent remain separate (814ms)
  ✓  76 [chromium] › tests/browser/site-network.spec.ts:172:5 › version 1 sites cross RTC, WebSocket and TCP through node, heal a partition and survive with only a restarted reader (5.7s)
  ✓  77 [chromium] › tests/browser/site-network.spec.ts:172:5 › version 1 sites cross RTC, WebSocket and TCP through native, heal a partition and survive with only a restarted reader (5.5s)
  ✓  78 [chromium] › tests/browser/site-network.spec.ts:172:5 › version 2 sites cross RTC, WebSocket and TCP through node, heal a partition and survive with only a restarted reader (6.1s)
  ✓  79 [chromium] › tests/browser/site-network.spec.ts:172:5 › version 2 sites cross RTC, WebSocket and TCP through native, heal a partition and survive with only a restarted reader (5.7s)
  ✓  80 [chromium] › tests/browser/site-resource-catalog.spec.ts:11:1 › browser resource creation keeps its signature private until durable preparation, reopens and recovers one exact result (473ms)
  ✓  81 [chromium] › tests/browser/site-resource-catalog.spec.ts:116:1 › locking during resource signing aborts the private transaction and invalidates its old catalogue (438ms)
  ✓  82 [chromium] › tests/browser/site-resource-network.spec.ts:97:1 › browser resource admission rejects readable malformed bodies, preserves opaque seeding and keeps summaries distinct from full data (1.1s)
  ✓  83 [chromium] › tests/browser/site-resource-network.spec.ts:221:3 › optional data crosses RTC and WS through node only on request and a restarted browser seeds it after author shutdown (17.8s)
  ✓  84 [chromium] › tests/browser/site-resource-network.spec.ts:221:3 › optional data crosses RTC and WS through native only on request and a restarted browser seeds it after author shutdown (17.4s)
  ✓  85 [chromium] › tests/browser/site-worker.spec.ts:26:1 › production worker publishes and recovers exact site requests, refuses forged snapshots and does not export signing helpers (1.6s)

  85 passed (4.7m)
