TAP version 13
# (node:2104607) ExperimentalWarning: SQLite is an experimental feature and might change at any time
# (Use `node --trace-warnings ...` to show where the warning was created)
# Subtest: expired preparations remain recoverable as terminal outcomes without treating the profile as corrupt
not ok 1 - expired preparations remain recoverable as terminal outcomes without treating the profile as corrupt
  ---
  duration_ms: 96.552764
  type: 'test'
  location: '/home/absint0o/projects/relayloom/tests/site-catalog.test.ts:1:5268'
  failureType: 'testCodeFailure'
  error: 'Manifesto expirado ou inválido'
  code: 'ERR_TEST_FAILURE'
  stack: |-
    verifyManifest (/home/absint0o/projects/relayloom/packages/core/src/index.ts:358:11)
    verifyBundleAt (/home/absint0o/projects/relayloom/packages/core/src/index.ts:424:3)
    verifyBundle (/home/absint0o/projects/relayloom/packages/core/src/index.ts:437:3)
    NodeSiteCatalog.verified (/home/absint0o/projects/relayloom/packages/sites/src/catalog.ts:183:36)
    NodeSiteCatalog.prepare (/home/absint0o/projects/relayloom/packages/sites/src/catalog.ts:272:39)
    TestContext.<anonymous> (/home/absint0o/projects/relayloom/tests/site-catalog.test.ts:206:30)
    Test.runInAsyncScope (node:async_hooks:214:14)
    Test.run (node:internal/test_runner/test:1047:25)
    Test.start (node:internal/test_runner/test:944:17)
    startSubtestAfterBootstrap (node:internal/test_runner/harness:296:17)
  ...
1..1
# tests 1
# suites 0
# pass 0
# fail 1
# cancelled 0
# skipped 0
# todo 0
# duration_ms 292.992754
