TAP version 13
# (node:2088181) ExperimentalWarning: SQLite is an experimental feature and might change at any time
# (Use `node --trace-warnings ...` to show where the warning was created)
# Subtest: catalog atomically persists preparation, authorization and exact public-copy recovery across database restart
ok 1 - catalog atomically persists preparation, authorization and exact public-copy recovery across database restart
  ---
  duration_ms: 207.515185
  type: 'test'
  ...
# Subtest: another signed head appearing before authorization supersedes a private preparation without publishing it
ok 2 - another signed head appearing before authorization supersedes a private preparation without publishing it
  ---
  duration_ms: 131.473947
  type: 'test'
  ...
# Subtest: staging capacity failure cannot leave a catalog entry, partial bundle or changed prior operation
ok 3 - staging capacity failure cannot leave a catalog entry, partial bundle or changed prior operation
  ---
  duration_ms: 104.312853
  type: 'test'
  ...
# Subtest: expired preparations remain recoverable as terminal outcomes without treating the profile as corrupt
not ok 4 - expired preparations remain recoverable as terminal outcomes without treating the profile as corrupt
  ---
  duration_ms: 40.766572
  type: 'test'
  location: '/home/absint0o/projects/relayloom/tests/site-catalog.test.ts:1:5268'
  failureType: 'testCodeFailure'
  error: 'Preparação de site corrompida'
  code: 'ERR_TEST_FAILURE'
  stack: |-
    NodeSiteCatalog.stage (/home/absint0o/projects/relayloom/packages/sites/src/catalog.ts:227:13)
    NodeSiteCatalog.record (/home/absint0o/projects/relayloom/packages/sites/src/catalog.ts:146:10)
    <anonymous> (/home/absint0o/projects/relayloom/packages/sites/src/catalog.ts:232:27)
    <anonymous> (/home/absint0o/projects/relayloom/packages/sites/src/catalog.ts:116:16)
    Function.run (/home/absint0o/projects/relayloom/packages/sites/src/private-storage.ts:87:22)
    <anonymous> (/home/absint0o/projects/relayloom/packages/sites/src/catalog.ts:78:26)
    ProtectedGroupStore.execute (/home/absint0o/projects/relayloom/packages/groups/src/storage.ts:568:22)
    ProtectedGroupStore.transaction (/home/absint0o/projects/relayloom/packages/groups/src/storage.ts:606:17)
    NodeSiteCatalog.run (/home/absint0o/projects/relayloom/packages/sites/src/catalog.ts:77:26)
    NodeSiteCatalog.state (/home/absint0o/projects/relayloom/packages/sites/src/catalog.ts:231:17)
  ...
1..4
# tests 4
# suites 0
# pass 3
# fail 1
# cancelled 0
# skipped 0
# todo 0
# duration_ms 689.089393
