TAP version 13
# (node:2183782) ExperimentalWarning: SQLite is an experimental feature and might change at any time
# (Use `node --trace-warnings ...` to show where the warning was created)
# Subtest: repeated verified observations do not rewrite the encrypted catalog
not ok 1 - repeated verified observations do not rewrite the encrypted catalog
  ---
  duration_ms: 211.833969
  type: 'test'
  location: '/home/absint0o/projects/relayloom/tests/site-catalog.test.ts:1:7567'
  failureType: 'testCodeFailure'
  error: |-
    Expected values to be strictly equal:
    
    9 !== 1
    
  code: 'ERR_ASSERTION'
  name: 'AssertionError'
  expected: 1
  actual: 9
  operator: 'strictEqual'
  stack: |-
    TestContext.<anonymous> (/home/absint0o/projects/relayloom/tests/site-catalog.test.ts:273:10)
    Test.runInAsyncScope (node:async_hooks:214:14)
    Test.run (node:internal/test_runner/test:1047:25)
    Test.start (node:internal/test_runner/test:944:17)
    startSubtestAfterBootstrap (node:internal/test_runner/harness:296:17)
  ...
1..1
# tests 1
# suites 0
# pass 0
# fail 1
# cancelled 0
# skipped 0
# todo 0
# duration_ms 565.324556
