TAP version 13
# (node:2130957) ExperimentalWarning: SQLite is an experimental feature and might change at any time
# (Use `node --trace-warnings ...` to show where the warning was created)
# Subtest: actual process interruption at site prepare-before preserves the publication boundary
ok 1 - actual process interruption at site prepare-before preserves the publication boundary
  ---
  duration_ms: 301.076296
  type: 'test'
  ...
# Subtest: actual process interruption at site prepare-after preserves the publication boundary
ok 2 - actual process interruption at site prepare-after preserves the publication boundary
  ---
  duration_ms: 285.478502
  type: 'test'
  ...
# Subtest: actual process interruption at site commit-before preserves the publication boundary
ok 3 - actual process interruption at site commit-before preserves the publication boundary
  ---
  duration_ms: 299.331806
  type: 'test'
  ...
# Subtest: actual process interruption at site commit-after preserves the publication boundary
ok 4 - actual process interruption at site commit-after preserves the publication boundary
  ---
  duration_ms: 287.932083
  type: 'test'
  ...
# Subtest: actual process interruption at site copy preserves the publication boundary
ok 5 - actual process interruption at site copy preserves the publication boundary
  ---
  duration_ms: 316.762827
  type: 'test'
  ...
1..5
# tests 5
# suites 0
# pass 5
# fail 0
# cancelled 0
# skipped 0
# todo 0
# duration_ms 1667.165364
