
> relayloom@0.1.0 test:interop
> tsx --test --test-concurrency=1 tests/native/*.test.ts

TAP version 13
# Subtest: real Node and Go processes preserve encrypted reservations after process exit, with an eviction negative control
ok 1 - real Node and Go processes preserve encrypted reservations after process exit, with an eviction negative control
  ---
  duration_ms: 4935.623905
  type: 'test'
  ...
# (node:41989) ExperimentalWarning: SQLite is an experimental feature and might change at any time
# (Use `node --trace-warnings ...` to show where the warning was created)
# Subtest: Node and Go derive identical authorization from signed bundles and the same protected authority files
ok 2 - Node and Go derive identical authorization from signed bundles and the same protected authority files
  ---
  duration_ms: 13748.686688
  type: 'test'
  ...
# Subtest: actual node/native group admission preserves quarantine and history through node restart
ok 3 - actual node/native group admission preserves quarantine and history through node restart
  ---
  duration_ms: 3931.620903
  type: 'test'
  ...
# Subtest: actual native/node group admission preserves quarantine and history through native restart
ok 4 - actual native/node group admission preserves quarantine and history through native restart
  ---
  duration_ms: 3274.047675
  type: 'test'
  ...
# Subtest: actual native/native group admission preserves quarantine and history through native restart
ok 5 - actual native/native group admission preserves quarantine and history through native restart
  ---
  duration_ms: 2833.307365
  type: 'test'
  ...
# (node:44224) ExperimentalWarning: SQLite is an experimental feature and might change at any time
# (Use `node --trace-warnings ...` to show where the warning was created)
# Subtest: real Node/Go authority files preserve heads, cursors, fences, CAS and crash idempotence
ok 6 - real Node/Go authority files preserve heads, cursors, fences, CAS and crash idempotence
  ---
  duration_ms: 21561.44034
  type: 'test'
  ...
# Subtest: Node and Go verify each other's signed group epochs, consent, reader scope and exact Unicode bytes
ok 7 - Node and Go verify each other's signed group epochs, consent, reader scope and exact Unicode bytes
  ---
  duration_ms: 361.128584
  type: 'test'
  ...
# (node:45407) ExperimentalWarning: SQLite is an experimental feature and might change at any time
# (Use `node --trace-warnings ...` to show where the warning was created)
# Subtest: real Node/Go near-limit index preserves stop headroom and the disabled-guard control fails
ok 8 - real Node/Go near-limit index preserves stop headroom and the disabled-guard control fails
  ---
  duration_ms: 9345.433179
  type: 'test'
  ...
# (node:46039) ExperimentalWarning: SQLite is an experimental feature and might change at any time
# (Use `node --trace-warnings ...` to show where the warning was created)
# Subtest: Node and Go share durable admission, quarantine and stops across real commit-boundary process exits
ok 9 - Node and Go share durable admission, quarantine and stops across real commit-boundary process exits
  ---
  duration_ms: 15009.30038
  type: 'test'
  ...
# (node:46620) ExperimentalWarning: SQLite is an experimental feature and might change at any time
# (Use `node --trace-warnings ...` to show where the warning was created)
# {"phase":"node-install-first-128","elapsedMs":9477}
# {"phase":"node-observe-first-128","elapsedMs":429}
# {"phase":"node-stop-first-128","elapsedMs":3902}
# {"phase":"node-observe-stops","elapsedMs":118}
# {"phase":"node-create-next-group","elapsedMs":229}
# {"phase":"node-install-next-128","elapsedMs":10766}
# {"phase":"node-observe-256","elapsedMs":555}
# Subtest: real Node/Go application deaths preserve an outbox stop at the same commit as group closure
ok 10 - real Node/Go application deaths preserve an outbox stop at the same commit as group closure
  ---
  duration_ms: 7277.026248
  type: 'test'
  ...
# {"phase":"go-open-256","elapsedMs":606}
# {"phase":"go-observe-256","elapsedMs":503}
# {"phase":"go-stop-next-128","elapsedMs":3842}
# {"phase":"go-observe-256-stops","elapsedMs":658}
# Subtest: 128 real stopped intents and 128 pending reserved payloads reopen across Node and Go without reopening old retries
ok 11 - 128 real stopped intents and 128 pending reserved payloads reopen across Node and Go without reopening old retries
  ---
  duration_ms: 32808.836792
  type: 'test'
  ...
# Subtest: actual node creator and native member APIs preserve authority across engine takeover
ok 12 - actual node creator and native member APIs preserve authority across engine takeover
  ---
  duration_ms: 1670.774208
  type: 'test'
  ...
# Subtest: actual native creator and node member APIs preserve authority across engine takeover
ok 13 - actual native creator and node member APIs preserve authority across engine takeover
  ---
  duration_ms: 1454.099425
  type: 'test'
  ...
# {"runtime":"node","phase":"preparing","mode":"before"}
# {"runtime":"node","phase":"preparing","mode":"after"}
# {"runtime":"node","phase":"ready","mode":"before"}
# {"runtime":"node","phase":"ready","mode":"after"}
# {"runtime":"native","phase":"preparing","mode":"before"}
# {"runtime":"native","phase":"preparing","mode":"after"}
# {"runtime":"native","phase":"ready","mode":"before"}
# {"runtime":"native","phase":"ready","mode":"after"}
# Subtest: actual group creation/send survives eight Node/Go process deaths at intent and ready commits
ok 14 - actual group creation/send survives eight Node/Go process deaths at intent and ready commits
  ---
  duration_ms: 23248.951898
  type: 'test'
  ...
# Subtest: actual native/node group send, file-only message and reply use authenticated epoch cards
ok 15 - actual native/node group send, file-only message and reply use authenticated epoch cards
  ---
  duration_ms: 3914.466442
  type: 'test'
  ...
# Subtest: actual node/native group send, file-only message and reply use authenticated epoch cards
ok 16 - actual node/native group send, file-only message and reply use authenticated epoch cards
  ---
  duration_ms: 3703.31225
  type: 'test'
  ...
# Subtest: actual native/native group send, file-only message and reply use authenticated epoch cards
ok 17 - actual native/native group send, file-only message and reply use authenticated epoch cards
  ---
  duration_ms: 3161.418969
  type: 'test'
  ...
# (node:51694) ExperimentalWarning: SQLite is an experimental feature and might change at any time
# (Use `node --trace-warnings ...` to show where the warning was created)
# Subtest: Node and Go share encrypted SQLite files, serialize real writers and recover each other's crashed transactions
ok 18 - Node and Go share encrypted SQLite files, serialize real writers and recover each other's crashed transactions
  ---
  duration_ms: 904.338123
  type: 'test'
  ...
# (node:52045) ExperimentalWarning: SQLite is an experimental feature and might change at any time
# (Use `node --trace-warnings ...` to show where the warning was created)
# Subtest: real Node/Go process exits preserve group authority and the private document at one commit boundary
ok 19 - real Node/Go process exits preserve group authority and the private document at one commit boundary
  ---
  duration_ms: 4760.484508
  type: 'test'
  ...
# Subtest: Go A → Node B → Go C: isolated real sockets, encrypted messages/receipts, partition, restart and publisher-offline seeding
ok 20 - Go A → Node B → Go C: isolated real sockets, encrypted messages/receipts, partition, restart and publisher-offline seeding
  ---
  duration_ms: 7126.677897
  type: 'test'
  ...
# Subtest: Go A → Node B → Node C over TCP and serial PTYs preserves bytes, receipts and partition recovery
ok 21 - Go A → Node B → Node C over TCP and serial PTYs preserves bytes, receipts and partition recovery
  ---
  duration_ms: 4510.024264
  type: 'test'
  ...
# Subtest: Node ↔ Go generated vectors preserve canonical bytes, identities, vaults, reader authority, chunks and disk seeds
ok 22 - Node ↔ Go generated vectors preserve canonical bytes, identities, vaults, reader authority, chunks and disk seeds
  ---
  duration_ms: 809.432745
  type: 'test'
  ...
# Subtest: node outbox → go relay → go recipient: durable restart, real ACK control, signed group confirmations and expiry
ok 23 - node outbox → go relay → go recipient: durable restart, real ACK control, signed group confirmations and expiry
  ---
  duration_ms: 38186.464218
  type: 'test'
  ...
# Subtest: go outbox → node relay → node recipient: durable restart, real ACK control, signed group confirmations and expiry
ok 24 - go outbox → node relay → node recipient: durable restart, real ACK control, signed group confirmations and expiry
  ---
  duration_ms: 47986.927861
  type: 'test'
  ...
# (node:59495) ExperimentalWarning: SQLite is an experimental feature and might change at any time
# (Use `node --trace-warnings ...` to show where the warning was created)
# Subtest: node API migrates legacy private data and the other engine recovers after process death without fallback
ok 25 - node API migrates legacy private data and the other engine recovers after process death without fallback
  ---
  duration_ms: 1205.383533
  type: 'test'
  ...
# Subtest: go API migrates legacy private data and the other engine recovers after process death without fallback
ok 26 - go API migrates legacy private data and the other engine recovers after process death without fallback
  ---
  duration_ms: 980.244433
  type: 'test'
  ...
# Subtest: node application owns its profile until close; another engine recovers its pending outbox
ok 27 - node application owns its profile until close; another engine recovers its pending outbox
  ---
  duration_ms: 707.218834
  type: 'test'
  ...
# Subtest: go application owns its profile until close; another engine recovers its pending outbox
ok 28 - go application owns its profile until close; another engine recovers its pending outbox
  ---
  duration_ms: 794.396114
  type: 'test'
  ...
# (node:59814) ExperimentalWarning: SQLite is an experimental feature and might change at any time
# (Use `node --trace-warnings ...` to show where the warning was created)
# Subtest: Node and Go share initialized private state and recover staged and committed process deaths
ok 29 - Node and Go share initialized private state and recover staged and committed process deaths
  ---
  duration_ms: 4415.5697
  type: 'test'
  ...
# (node:60285) ExperimentalWarning: SQLite is an experimental feature and might change at any time
# (Use `node --trace-warnings ...` to show where the warning was created)
# Subtest: real Node and Go processes exclude the same profile and recover after owner death
ok 30 - real Node and Go processes exclude the same profile and recover after owner death
  ---
  duration_ms: 3863.365486
  type: 'test'
  ...
1..30
# tests 30
# suites 0
# pass 30
# fail 0
# cancelled 0
# skipped 0
# todo 0
# duration_ms 270806.264697
