
> relayloom@0.1.0 test
> tsx --test --test-concurrency=1 tests/*.test.ts

TAP version 13
# Subtest: automatic reservations survive restart and count pressure without becoming manual pins
ok 1 - automatic reservations survive restart and count pressure without becoming manual pins
  ---
  duration_ms: 87.38559
  type: 'test'
  ...
# Subtest: byte quota refusal is atomic with a reserved payload and preserves unrelated stored bytes
ok 2 - byte quota refusal is atomic with a reserved payload and preserves unrelated stored bytes
  ---
  duration_ms: 91.301843
  type: 'test'
  ...
# Subtest: reservation does not extend signed expiry
ok 3 - reservation does not extend signed expiry
  ---
  duration_ms: 37.432679
  type: 'test'
  ...
# Subtest: unknown or corrupt reservation input cannot partially release a valid reservation
ok 4 - unknown or corrupt reservation input cannot partially release a valid reservation
  ---
  duration_ms: 46.15438
  type: 'test'
  ...
# Subtest: failed reservation index write protects the union until explicit reconciliation
ok 5 - failed reservation index write protects the union until explicit reconciliation
  ---
  duration_ms: 68.95091
  type: 'test'
  ...
# Subtest: duplicate reserved insertion at the count limit preserves a manual pin and verifies stored bytes
ok 6 - duplicate reserved insertion at the count limit preserves a manual pin and verifies stored bytes
  ---
  duration_ms: 33.792895
  type: 'test'
  ...
# (node:4186917) ExperimentalWarning: The MockTimers API is an experimental feature and might change at any time
# (Use `node --trace-warnings ...` to show where the warning was created)
# Subtest: identity proof binds signing address, name and decryption key
ok 7 - identity proof binds signing address, name and decryption key
  ---
  duration_ms: 2.631563
  type: 'test'
  ...
# Subtest: vault encrypts private keys; recovery and wrong-password controls
ok 8 - vault encrypts private keys; recovery and wrong-password controls
  ---
  duration_ms: 233.486591
  type: 'test'
  ...
# Subtest: reader decrypts and seeds but cannot become author; unauthorized reader fails
ok 9 - reader decrypts and seeds but cannot become author; unauthorized reader fails
  ---
  duration_ms: 4.823583
  type: 'test'
  ...
# Subtest: ciphertext, manifest, expiry, depth and address negative controls
ok 10 - ciphertext, manifest, expiry, depth and address negative controls
  ---
  duration_ms: 14.979444
  type: 'test'
  ...
# Subtest: encrypted persistent seed takeover, deduplication, pin/quota, disk corruption
ok 11 - encrypted persistent seed takeover, deduplication, pin/quota, disk corruption
  ---
  duration_ms: 42.241715
  type: 'test'
  ...
# Subtest: object-count cap bounds small-object floods, survives restart and preserves pinned content
ok 12 - object-count cap bounds small-object floods, survives restart and preserves pinned content
  ---
  duration_ms: 271.70351
  type: 'test'
  ...
# Subtest: metadata listing does not replace real viewing order in LRU eviction
ok 13 - metadata listing does not replace real viewing order in LRU eviction
  ---
  duration_ms: 58.067355
  type: 'test'
  ...
# Subtest: cached manifest metadata is isolated, invalidated by disk changes, and never bypasses get verification
ok 14 - cached manifest metadata is isolated, invalidated by disk changes, and never bypasses get verification
  ---
  duration_ms: 27.040906
  type: 'test'
  ...
# Subtest: rejected quota decrease preserves existing files and policy; feasible decrease evicts only unpinned content
ok 15 - rejected quota decrease preserves existing files and policy; feasible decrease evicts only unpinned content
  ---
  duration_ms: 166.101457
  type: 'test'
  ...
# Subtest: invalid persisted index fails safely without deleting verified objects
ok 16 - invalid persisted index fails safely without deleting verified objects
  ---
  duration_ms: 29.579445
  type: 'test'
  ...
# Subtest: strict wire fields and every recipient envelope are validated before accepting signatures
ok 17 - strict wire fields and every recipient envelope are validated before accepting signatures
  ---
  duration_ms: 4.25137
  type: 'test'
  ...
# Subtest: desktop accepts only the owned daemon loopback bootstrap capability
ok 18 - desktop accepts only the owned daemon loopback bootstrap capability
  ---
  duration_ms: 1.137322
  type: 'test'
  ...
# Subtest: desktop request policy blocks other hosts, ports, schemes, subframes and WebSockets
ok 19 - desktop request policy blocks other hosts, ports, schemes, subframes and WebSockets
  ---
  duration_ms: 0.256711
  type: 'test'
  ...
# Subtest: desktop navigation stays on its exact local app and rejects insecure runtime overrides
ok 20 - desktop navigation stays on its exact local app and rejects insecure runtime overrides
  ---
  duration_ms: 0.932559
  type: 'test'
  ...
# Subtest: desktop microphone eligibility excludes cameras, remote documents and subframes
ok 21 - desktop microphone eligibility excludes cameras, remote documents and subframes
  ---
  duration_ms: 0.239739
  type: 'test'
  ...
# Subtest: desktop download defaults cannot contain paths, device names or control bytes
ok 22 - desktop download defaults cannot contain paths, device names or control bytes
  ---
  duration_ms: 0.491772
  type: 'test'
  ...
# Subtest: fixture stop is idempotent after process termination by signal
ok 23 - fixture stop is idempotent after process termination by signal
  ---
  duration_ms: 203.186374
  type: 'test'
  ...
# (node:4186967) ExperimentalWarning: SQLite is an experimental feature and might change at any time
# (Use `node --trace-warnings ...` to show where the warning was created)
# Subtest: current and additions-only delayed messages preserve exact old readers without granting newcomer history
ok 24 - current and additions-only delayed messages preserve exact old readers without granting newcomer history
  ---
  duration_ms: 1137.105877
  type: 'test'
  ...
# Subtest: removal and rejoin quarantine unseen old content while retaining only exact accepted history
ok 25 - removal and rejoin quarantine unseen old content while retaining only exact accepted history
  ---
  duration_ms: 1026.289047
  type: 'test'
  ...
# Subtest: historical receipts from a removed original reader are minimal and cannot admit an unknown target
ok 26 - historical receipts from a removed original reader are minimal and cannot admit an unknown target
  ---
  duration_ms: 646.261531
  type: 'test'
  ...
# Subtest: group tags cannot hide as falsy legacy fields and cached policy cannot escape its transaction
ok 27 - group tags cannot hide as falsy legacy fields and cached policy cannot escape its transaction
  ---
  duration_ms: 61.974019
  type: 'test'
  ...
# Subtest: a closure within the same transaction invalidates earlier cached permission
ok 28 - a closure within the same transaction invalidates earlier cached permission
  ---
  duration_ms: 119.119425
  type: 'test'
  ...
# Subtest: a new edit to old content uses only the original/current reader intersection
ok 29 - a new edit to old content uses only the original/current reader intersection
  ---
  duration_ms: 1292.351641
  type: 'test'
  ...
# (node:4187171) ExperimentalWarning: SQLite is an experimental feature and might change at any time
# (Use `node --trace-warnings ...` to show where the warning was created)
# Subtest: an API observation cannot display an admission whose outer transaction rolled back
ok 30 - an API observation cannot display an admission whose outer transaction rolled back
  ---
  duration_ms: 462.285052
  type: 'test'
  ...
# Subtest: a historical delete and its accepted context recover together after lost commit response and real cache removal
ok 31 - a historical delete and its accepted context recover together after lost commit response and real cache removal
  ---
  duration_ms: 658.978182
  type: 'test'
  ...
# Subtest: failure to reserve quarantine bytes aborts the hold and locks until authenticated reconciliation succeeds
ok 32 - failure to reserve quarantine bytes aborts the hold and locks until authenticated reconciliation succeeds
  ---
  duration_ms: 537.736268
  type: 'test'
  ...
# Subtest: an unavailable quarantined blob cannot block admission of another valid group object
ok 33 - an unavailable quarantined blob cannot block admission of another valid group object
  ---
  duration_ms: 430.461179
  type: 'test'
  ...
# Subtest: authenticated history with an expiry inconsistent with its signed bundle is rejected
ok 34 - authenticated history with an expiry inconsistent with its signed bundle is rejected
  ---
  duration_ms: 345.404895
  type: 'test'
  ...
# (node:4187265) ExperimentalWarning: SQLite is an experimental feature and might change at any time
# (Use `node --trace-warnings ...` to show where the warning was created)
# Subtest: an unchanged group snapshot walks its authority chain once, and a later closure still invalidates new admission
ok 35 - an unchanged group snapshot walks its authority chain once, and a later closure still invalidates new admission
  ---
  duration_ms: 7598.83141
  type: 'test'
  ...
# {"retainedObjects":32,"epochs":32,"visitedHeaders":32,"elapsedMs":130.31230999999934}
# Subtest: real Node receivers hold epoch content until its snapshot arrives and keep only accepted history after closure
ok 36 - real Node receivers hold epoch content until its snapshot arrives and keep only accepted history after closure
  ---
  duration_ms: 4913.63304
  type: 'test'
  ...
# Subtest: newcomer validates exact join consent from signed parent header without old snapshot keys
ok 37 - newcomer validates exact join consent from signed parent header without old snapshot keys
  ---
  duration_ms: 53.239974
  type: 'test'
  ...
# Subtest: permanent group anchor has real creator signature, exact schema and separate carrier identity
ok 38 - permanent group anchor has real creator signature, exact schema and separate carrier identity
  ---
  duration_ms: 7.384575
  type: 'test'
  ...
# Subtest: invitation and signed consent do not alter roster until the creator commits the exact parent
ok 39 - invitation and signed consent do not alter roster until the creator commits the exact parent
  ---
  duration_ms: 25.945663
  type: 'test'
  ...
# Subtest: newcomer reads real new ciphertext without obtaining historical keys; removed reader cannot read new content
ok 40 - newcomer reads real new ciphertext without obtaining historical keys; removed reader cannot read new content
  ---
  duration_ms: 47.365551
  type: 'test'
  ...
# Subtest: stale, substituted, missing or extra member consents cannot commit a roster
ok 41 - stale, substituted, missing or extra member consents cannot commit a roster
  ---
  duration_ms: 50.006422
  type: 'test'
  ...
# Subtest: removal and rejoin remain restrictive across the complete path even with identical final cards
ok 42 - removal and rejoin remain restrictive across the complete path even with identical final cards
  ---
  duration_ms: 47.728401
  type: 'test'
  ...
# Subtest: creator reading-card replacement preserves signing authority but requires fresh signed consent
ok 43 - creator reading-card replacement preserves signing authority but requires fresh signed consent
  ---
  duration_ms: 34.637278
  type: 'test'
  ...
# Subtest: signed schema tampering, roster duplication, invalid order and snapshot substitution fail
ok 44 - signed schema tampering, roster duplication, invalid order and snapshot substitution fail
  ---
  duration_ms: 24.492739
  type: 'test'
  ...
# Subtest: closure preserves the committed historical state and reserves the final epoch
ok 45 - closure preserves the committed historical state and reserves the final epoch
  ---
  duration_ms: 37.041776
  type: 'test'
  ...
# Subtest: a valid creator fork cannot masquerade as a contiguous successor or grant reader authority
ok 46 - a valid creator fork cannot masquerade as a contiguous successor or grant reader authority
  ---
  duration_ms: 34.551607
  type: 'test'
  ...
# Subtest: full 64-member roster is bounded; capacity and title failures do not mutate its parent
ok 47 - full 64-member roster is bounded; capacity and title failures do not mutate its parent
  ---
  duration_ms: 458.730979
  type: 'test'
  ...
# Subtest: member leave is a signed request with no direct roster effect and cannot replace creator closure
ok 48 - member leave is a signed request with no direct roster effect and cannot replace creator closure
  ---
  duration_ms: 31.337411
  type: 'test'
  ...
# (node:4187617) ExperimentalWarning: SQLite is an experimental feature and might change at any time
# (Use `node --trace-warnings ...` to show where the warning was created)
# Subtest: an index consuming stop headroom is refused without changing existing data
ok 49 - an index consuming stop headroom is refused without changing existing data
  ---
  duration_ms: 774.68536
  type: 'test'
  ...
# Subtest: ordinary index growth stops before the protected checkpoint allocation is consumed
ok 50 - ordinary index growth stops before the protected checkpoint allocation is consumed
  ---
  duration_ms: 2686.168429
  type: 'test'
  ...
# (node:4187652) ExperimentalWarning: SQLite is an experimental feature and might change at any time
# (Use `node --trace-warnings ...` to show where the warning was created)
# Subtest: stop reads share one validated snapshot but invalidate on mutation and scope exit
ok 51 - stop reads share one validated snapshot but invalidate on mutation and scope exit
  ---
  duration_ms: 182.06716
  type: 'test'
  ...
# Subtest: all256 immutable stops fit; retirement preserves retained facts and counts only removed records
ok 52 - all256 immutable stops fit; retirement preserves retained facts and counts only removed records
  ---
  duration_ms: 7370.916095
  type: 'test'
  ...
# Subtest: expired holds have counted removal and malformed counters cannot be used as valid state
ok 53 - expired holds have counted removal and malformed counters cannot be used as valid state
  ---
  duration_ms: 60.32082
  type: 'test'
  ...
# (node:4187815) ExperimentalWarning: SQLite is an experimental feature and might change at any time
# (Use `node --trace-warnings ...` to show where the warning was created)
# Subtest: accepted history is authenticated and unknown old content stays separately held after removal
ok 54 - accepted history is authenticated and unknown old content stays separately held after removal
  ---
  duration_ms: 705.926091
  type: 'test'
  ...
# Subtest: group closure and immutable outbox stop commit together and callback failure rolls both back
ok 55 - group closure and immutable outbox stop commit together and callback failure rolls both back
  ---
  duration_ms: 176.480155
  type: 'test'
  ...
# Subtest: historical receipt uses only a locally persisted accepted target, never an ID supplied by its sender
ok 56 - historical receipt uses only a locally persisted accepted target, never an ID supplied by its sender
  ---
  duration_ms: 597.889324
  type: 'test'
  ...
# Subtest: missing observation clock or malformed authenticated context cannot grant historical access
ok 57 - missing observation clock or malformed authenticated context cannot grant historical access
  ---
  duration_ms: 98.352551
  type: 'test'
  ...
# Subtest: quarantine byte quota uses actual signed ciphertext sizes and refuses overflow
ok 58 - quarantine byte quota uses actual signed ciphertext sizes and refuses overflow
  ---
  duration_ms: 995.435021
  type: 'test'
  ...
# Subtest: minimal outbox stop survives exhausted ordinary space without rewriting private content
ok 59 - minimal outbox stop survives exhausted ordinary space without rewriting private content
  ---
  duration_ms: 119.843552
  type: 'test'
  ...
# Subtest: ledger readers cannot escape the borrowed scope, even when every collection is empty
ok 60 - ledger readers cannot escape the borrowed scope, even when every collection is empty
  ---
  duration_ms: 17.450807
  type: 'test'
  ...
# Subtest: the authority reserve also accommodates every retained outbox stop
ok 61 - the authority reserve also accommodates every retained outbox stop
  ---
  duration_ms: 173.559699
  type: 'test'
  ...
# Subtest: quarantine count remains bounded and replay does not consume another slot
ok 62 - quarantine count remains bounded and replay does not consume another slot
  ---
  duration_ms: 2459.368223
  type: 'test'
  ...
# Subtest: full4096 history respects protected records and retains the exact accepted count on retirement
ok 63 - full4096 history respects protected records and retains the exact accepted count on retirement
  ---
  duration_ms: 33737.778561
  type: 'test'
  ...
# (node:4188717) ExperimentalWarning: SQLite is an experimental feature and might change at any time
# (Use `node --trace-warnings ...` to show where the warning was created)
# Subtest: missing private proof pauses a valid reserved send without losing availability, then releases its obsolete hold
ok 64 - missing private proof pauses a valid reserved send without losing availability, then releases its obsolete hold
  ---
  duration_ms: 1819.191341
  type: 'test'
  ...
# Subtest: runtime closure persists the minimal stop without rewriting the private document and releases only automatic protection
ok 65 - runtime closure persists the minimal stop without rewriting the private document and releases only automatic protection
  ---
  duration_ms: 1338.90547
  type: 'test'
  ...
# Subtest: runtime group stop and closure recover together after rollback
ok 66 - runtime group stop and closure recover together after rollback
  ---
  duration_ms: 1062.553295
  type: 'test'
  ...
# Subtest: runtime group stop and closure recover together after lost commit response
ok 67 - runtime group stop and closure recover together after lost commit response
  ---
  duration_ms: 812.632935
  type: 'test'
  ...
# Subtest: full normal database quota still commits a group stop while the ordinary growth control fails
ok 68 - full normal database quota still commits a group stop while the ordinary growth control fails
  ---
  duration_ms: 1373.645511
  type: 'test'
  ...
# Subtest: forged stop mirror, mismatched binding and orphan stop all fail authenticated reopening
    # Subtest: mirror
    ok 1 - mirror
      ---
      duration_ms: 745.384426
      type: 'test'
      ...
    # Subtest: binding
    ok 2 - binding
      ---
      duration_ms: 883.986859
      type: 'test'
      ...
    # Subtest: orphan
    ok 3 - orphan
      ---
      duration_ms: 854.726391
      type: 'test'
      ...
    1..3
ok 69 - forged stop mirror, mismatched binding and orphan stop all fail authenticated reopening
  ---
  duration_ms: 2485.222847
  type: 'test'
  ...
# Subtest: bounded stopped entries coexist with 128 new pending operations; half bindings and extra fields fail
ok 70 - bounded stopped entries coexist with 128 new pending operations; half bindings and extra fields fail
  ---
  duration_ms: 766.7268
  type: 'test'
  ...
# Subtest: a restrictive prefix with an invalid tail stops the runtime intent in its accepted transaction
ok 71 - a restrictive prefix with an invalid tail stops the runtime intent in its accepted transaction
  ---
  duration_ms: 938.372411
  type: 'test'
  ...
# Subtest: stop retirement and removal of the corresponding intent share a private commit
ok 72 - stop retirement and removal of the corresponding intent share a private commit
  ---
  duration_ms: 964.879617
  type: 'test'
  ...
# Subtest: runtime stop cancels its existing transport queue
ok 73 - runtime stop cancels its existing transport queue
  ---
  duration_ms: 1250.34158
  type: 'test'
  ...
# Subtest: runtime negative control delivers its existing transport queue
ok 74 - runtime negative control delivers its existing transport queue
  ---
  duration_ms: 1207.781508
  type: 'test'
  ...
# Subtest: real TCP cache request checks active author authority even after delivery completed
ok 75 - real TCP cache request checks active author authority even after delivery completed
  ---
  duration_ms: 1746.368611
  type: 'test'
  ...
# Subtest: real TCP cache request checks closed author authority even after delivery completed
ok 76 - real TCP cache request checks closed author authority even after delivery completed
  ---
  duration_ms: 1788.550876
  type: 'test'
  ...
# Subtest: real TCP cache request checks locked author authority even after delivery completed
ok 77 - real TCP cache request checks locked author authority even after delivery completed
  ---
  duration_ms: 1465.113694
  type: 'test'
  ...
# (node:4189103) ExperimentalWarning: SQLite is an experimental feature and might change at any time
# (Use `node --trace-warnings ...` to show where the warning was created)
# Subtest: creator state is encrypted, permanent and idempotent while its operation is retained
ok 78 - creator state is encrypted, permanent and idempotent while its operation is retained
  ---
  duration_ms: 89.457384
  type: 'test'
  ...
# Subtest: explicit invitation needs complete ancestry and fresh consent before local membership
ok 79 - explicit invitation needs complete ancestry and fresh consent before local membership
  ---
  duration_ms: 402.132538
  type: 'test'
  ...
# Subtest: unknown groups, invalid signer and signed orphan hints cannot allocate, advance or freeze authority
ok 80 - unknown groups, invalid signer and signed orphan hints cannot allocate, advance or freeze authority
  ---
  duration_ms: 109.317929
  type: 'test'
  ...
# Subtest: an incumbent cannot skip an invalid intermediate membership snapshot
ok 81 - an incumbent cannot skip an invalid intermediate membership snapshot
  ---
  duration_ms: 229.350295
  type: 'test'
  ...
# Subtest: creator equivocation freezes durably; stale hints do not choose or erase a branch
ok 82 - creator equivocation freezes durably; stale hints do not choose or erase a branch
  ---
  duration_ms: 168.350954
  type: 'test'
  ...
# Subtest: local leave survives restart and old consent replay; reentry requires a new committed nonce
ok 83 - local leave survives restart and old consent replay; reentry requires a new committed nonce
  ---
  duration_ms: 787.492952
  type: 'test'
  ...
# Subtest: a late join response cannot restore membership across a subsequent removal
ok 84 - a late join response cannot restore membership across a subsequent removal
  ---
  duration_ms: 331.684792
  type: 'test'
  ...
# Subtest: storage pressure persists a stop checkpoint instead of using an obsolete roster
ok 85 - storage pressure persists a stop checkpoint instead of using an obsolete roster
  ---
  duration_ms: 111.218262
  type: 'test'
  ...
# Subtest: closure and a stale expected parent cannot create a successor or bypass idempotency
ok 86 - closure and a stale expected parent cannot create a successor or bypass idempotency
  ---
  duration_ms: 170.019743
  type: 'test'
  ...
# Subtest: 64 remembered groups are retained; capacity is not reset by closing them
ok 87 - 64 remembered groups are retained; capacity is not reset by closing them
  ---
  duration_ms: 2175.573485
  type: 'test'
  ...
# Subtest: two real creator processes use compare-and-set and cannot commit siblings in one registry
ok 88 - two real creator processes use compare-and-set and cannot commit siblings in one registry
  ---
  duration_ms: 269.148159
  type: 'test'
  ...
# Subtest: real process crashes preserve atomic authority and the original operation after a lost response
ok 89 - real process crashes preserve atomic authority and the original operation after a lost response
  ---
  duration_ms: 395.442596
  type: 'test'
  ...
# Subtest: later snapshots wait for a missing intermediate state and activate after its verified arrival
ok 90 - later snapshots wait for a missing intermediate state and activate after its verified arrival
  ---
  duration_ms: 777.019897
  type: 'test'
  ...
# Subtest: capacity recovery adopts the exact stopped header and still needs its private state
ok 91 - capacity recovery adopts the exact stopped header and still needs its private state
  ---
  duration_ms: 259.477228
  type: 'test'
  ...
# Subtest: snapshot capacity stops survive restart; freeing space alone cannot reactivate membership
ok 92 - snapshot capacity stops survive restart; freeing space alone cannot reactivate membership
  ---
  duration_ms: 262.253953
  type: 'test'
  ...
# Subtest: a real sibling proof during capacity suspension freezes permanently and is retrievable
ok 93 - a real sibling proof during capacity suspension freezes permanently and is retrievable
  ---
  duration_ms: 217.395652
  type: 'test'
  ...
# Subtest: finite operation retention follows authenticated revisions and leaves group proofs intact
ok 94 - finite operation retention follows authenticated revisions and leaves group proofs intact
  ---
  duration_ms: 7350.059939
  type: 'test'
  ...
# Subtest: authenticated but malformed authority records fail closed instead of trusting falsy fields or cursors
ok 95 - authenticated but malformed authority records fail closed instead of trusting falsy fields or cursors
  ---
  duration_ms: 173.033683
  type: 'test'
  ...
# Subtest: corrupt retained operation cannot fabricate a successful response
ok 96 - corrupt retained operation cannot fabricate a successful response
  ---
  duration_ms: 38.947449
  type: 'test'
  ...
# Subtest: local leave and creator closure remain durable under full ordinary metadata capacity
ok 97 - local leave and creator closure remain durable under full ordinary metadata capacity
  ---
  duration_ms: 392.838404
  type: 'test'
  ...
# Subtest: a malformed trailing proof cannot roll back an already verified removal in the same page
ok 98 - a malformed trailing proof cannot roll back an already verified removal in the same page
  ---
  duration_ms: 373.983725
  type: 'test'
  ...
# Subtest: the declared maximum checkpoints and stop receipts fit the reserved SQLite budget
ok 99 - the declared maximum checkpoints and stop receipts fit the reserved SQLite budget
  ---
  duration_ms: 166.538076
  type: 'test'
  ...
# Subtest: retirement rechecks every operation signature after caching a group in the same transaction
ok 100 - retirement rechecks every operation signature after caching a group in the same transaction
  ---
  duration_ms: 5557.672257
  type: 'test'
  ...
# (node:4190785) ExperimentalWarning: SQLite is an experimental feature and might change at any time
# (Use `node --trace-warnings ...` to show where the warning was created)
# Subtest: authenticated Node group management persists membership and restrictive proofs
ok 101 - authenticated Node group management persists membership and restrictive proofs
  ---
  duration_ms: 2250.487755
  type: 'test'
  ...
# Subtest: group API recovers a committed command whose response was lost without creating a second group
ok 102 - group API recovers a committed command whose response was lost without creating a second group
  ---
  duration_ms: 243.521103
  type: 'test'
  ...
# (node:4190853) ExperimentalWarning: SQLite is an experimental feature and might change at any time
# (Use `node --trace-warnings ...` to show where the warning was created)
# Subtest: group send intent rollback has no transport side effect
ok 103 - group send intent rollback has no transport side effect
  ---
  duration_ms: 1598.24483
  type: 'test'
  ...
# Subtest: group send intent lost response has no transport side effect
ok 104 - group send intent lost response has no transport side effect
  ---
  duration_ms: 2099.878573
  type: 'test'
  ...
# Subtest: group send recovers original stored bytes after ready rollback
ok 105 - group send recovers original stored bytes after ready rollback
  ---
  duration_ms: 2581.535814
  type: 'test'
  ...
# Subtest: group send recovers original stored bytes after lost ready response
ok 106 - group send recovers original stored bytes after lost ready response
  ---
  duration_ms: 2519.162868
  type: 'test'
  ...
# Subtest: a reported content-store failure cannot leak the new group packet or silently create another ID
ok 107 - a reported content-store failure cannot leak the new group packet or silently create another ID
  ---
  duration_ms: 2186.942941
  type: 'test'
  ...
# Subtest: actual group send APIs create durable encrypted text, attachment and reply over TCP without global contacts
ok 108 - actual group send APIs create durable encrypted text, attachment and reply over TCP without global contacts
  ---
  duration_ms: 4026.00776
  type: 'test'
  ...
# Subtest: new group sends require current head and exact snapshot audience; retained operation remains immutable
ok 109 - new group sends require current head and exact snapshot audience; retained operation remains immutable
  ---
  duration_ms: 3494.650021
  type: 'test'
  ...
# (node:4191792) ExperimentalWarning: SQLite is an experimental feature and might change at any time
# (Use `node --trace-warnings ...` to show where the warning was created)
# Subtest: encrypted metadata survives close/reopen; uncommitted work and transaction handles cannot escape
ok 110 - encrypted metadata survives close/reopen; uncommitted work and transaction handles cannot escape
  ---
  duration_ms: 57.055688
  type: 'test'
  ...
# Subtest: absence, truncation, wrong identity, wrong signing authority and extra SQL schema fail closed
ok 111 - absence, truncation, wrong identity, wrong signing authority and extra SQL schema fail closed
  ---
  duration_ms: 38.437954
  type: 'test'
  ...
# Subtest: unknown schema cannot hide behind a similar SQLite prefix
ok 112 - unknown schema cannot hide behind a similar SQLite prefix
  ---
  duration_ms: 35.17175
  type: 'test'
  ...
# Subtest: valid encryption with only the reading key cannot forge a locally signed fence
ok 113 - valid encryption with only the reading key cannot forge a locally signed fence
  ---
  duration_ms: 68.745735
  type: 'test'
  ...
# Subtest: checkpoint corruption, deletion, wrong SQL type and oversize are rejected before trusting state
ok 114 - checkpoint corruption, deletion, wrong SQL type and oversize are rejected before trusting state
  ---
  duration_ms: 231.740507
  type: 'test'
  ...
# Subtest: complete valid backup rollback is an explicit limitation; a pinned different registry is rejected
ok 115 - complete valid backup rollback is an explicit limitation; a pinned different registry is rejected
  ---
  duration_ms: 72.359369
  type: 'test'
  ...
# Subtest: ciphertext substitution, swallowed integrity errors and stale index replay cannot change a committed record
ok 116 - ciphertext substitution, swallowed integrity errors and stale index replay cannot change a committed record
  ---
  duration_ms: 90.488718
  type: 'test'
  ...
# Subtest: a replacement callback error cannot erase an observed integrity failure
ok 117 - a replacement callback error cannot erase an observed integrity failure
  ---
  duration_ms: 50.476814
  type: 'test'
  ...
# Subtest: record AAD binds logical key and revision even beneath a freshly signed index
ok 118 - record AAD binds logical key and revision even beneath a freshly signed index
  ---
  duration_ms: 73.221396
  type: 'test'
  ...
# Subtest: ordinary metadata cannot consume the checkpoint reserve; capacity failure is atomic
ok 119 - ordinary metadata cannot consume the checkpoint reserve; capacity failure is atomic
  ---
  duration_ms: 58.734466
  type: 'test'
  ...
# Subtest: abrupt writer process death rolls back staged SQL and preserves the last authenticated checkpoint
ok 120 - abrupt writer process death rolls back staged SQL and preserves the last authenticated checkpoint
  ---
  duration_ms: 129.11778
  type: 'test'
  ...
# Subtest: two actual writer processes serialize read-modify-write without losing updates
ok 121 - two actual writer processes serialize read-modify-write without losing updates
  ---
  duration_ms: 575.903314
  type: 'test'
  ...
# (node:4191840) ExperimentalWarning: SQLite is an experimental feature and might change at any time
# (Use `node --trace-warnings ...` to show where the warning was created)
# Subtest: group and private document share one commit; callback rollback and expired scopes cannot leak writes
ok 122 - group and private document share one commit; callback rollback and expired scopes cannot leak writes
  ---
  duration_ms: 146.00496
  type: 'test'
  ...
# Subtest: swallowing a scoped operation failure cannot commit earlier group or private writes
ok 123 - swallowing a scoped operation failure cannot commit earlier group or private writes
  ---
  duration_ms: 86.433065
  type: 'test'
  ...
# Subtest: a verified closure and private decision commit despite a rejected proof tail
ok 124 - a verified closure and private decision commit despite a rejected proof tail
  ---
  duration_ms: 141.28411
  type: 'test'
  ...
# Subtest: even swallowing the entire authority scope error cannot commit the outer transaction
ok 125 - even swallowing the entire authority scope error cannot commit the outer transaction
  ---
  duration_ms: 75.317315
  type: 'test'
  ...
# Subtest: minimal authority fence commits at full ordinary quota without growing the private document
ok 126 - minimal authority fence commits at full ordinary quota without growing the private document
  ---
  duration_ms: 147.320487
  type: 'test'
  ...
# Subtest: three processes TCP → serial PTY, partition/heal, relay control and publisher-offline seeder takeover
ok 127 - three processes TCP → serial PTY, partition/heal, relay control and publisher-offline seeder takeover
  ---
  duration_ms: 9345.879887
  type: 'test'
  ...
# Subtest: real processes: private conversation, receipt, unauthorized edit, social and restart recovery
ok 128 - real processes: private conversation, receipt, unauthorized edit, social and restart recovery
  ---
  duration_ms: 1501.532233
  type: 'test'
  ...
# (node:4192124) ExperimentalWarning: SQLite is an experimental feature and might change at any time
# (Use `node --trace-warnings ...` to show where the warning was created)
# (node:4192124) ExperimentalWarning: The MockTimers API is an experimental feature and might change at any time
# Subtest: offline send is encrypted, pinned, idempotent and recovers the same operation after restart
ok 129 - offline send is encrypted, pinned, idempotent and recovers the same operation after restart
  ---
  duration_ms: 359.54252
  type: 'test'
  ...
# Subtest: preparing journal reconciles surviving exact bytes and never regenerates missing content
ok 130 - preparing journal reconciles surviving exact bytes and never regenerates missing content
  ---
  duration_ms: 269.541787
  type: 'test'
  ...
# Subtest: transport rejection after local acceptance stays pending and cannot crash periodic sync
ok 131 - transport rejection after local acceptance stays pending and cannot crash periodic sync
  ---
  duration_ms: 266.313475
  type: 'test'
  ...
# Subtest: per-reader signed delivery/read confirmations survive paging, replay, eviction and restart
ok 132 - per-reader signed delivery/read confirmations survive paging, replay, eviction and restart
  ---
  duration_ms: 2894.170951
  type: 'test'
  ...
# Subtest: public, foreign-author and wrong-reader confirmations cannot advance a durable send
ok 133 - public, foreign-author and wrong-reader confirmations cannot advance a durable send
  ---
  duration_ms: 323.615916
  type: 'test'
  ...
# Subtest: expiry remains visible after payload removal and explicit user pin is preserved
ok 134 - expiry remains visible after payload removal and explicit user pin is preserved
  ---
  duration_ms: 368.310488
  type: 'test'
  ...
# Subtest: corrupted reserved bytes become unavailable without a new signed publication
ok 135 - corrupted reserved bytes become unavailable without a new signed publication
  ---
  duration_ms: 232.402639
  type: 'test'
  ...
# Subtest: blocked incomplete sends retain bounded reservation; blocked group readers do not break viewing
ok 136 - blocked incomplete sends retain bounded reservation; blocked group readers do not break viewing
  ---
  duration_ms: 502.324378
  type: 'test'
  ...
# Subtest: pending count/byte reservations and restored metadata ownership are bounded
ok 137 - pending count/byte reservations and restored metadata ownership are bounded
  ---
  duration_ms: 234.262735
  type: 'test'
  ...
# Subtest: a content-file directory flush error preserves the recorded operation instead of signing a replacement
ok 138 - a content-file directory flush error preserves the recorded operation instead of signing a replacement
  ---
  duration_ms: 204.646031
  type: 'test'
  ...
# Subtest: incoming read confirmation is journalled before its admission evicts the original
ok 139 - incoming read confirmation is journalled before its admission evicts the original
  ---
  duration_ms: 289.904964
  type: 'test'
  ...
# Subtest: read confirmation uses the signed roster when contact learning fails and can be reissued after eviction
ok 140 - read confirmation uses the signed roster when contact learning fails and can be reissued after eviction
  ---
  duration_ms: 232.270471
  type: 'test'
  ...
# Subtest: saved peer connection remains idempotent at capacity without opening another connection
ok 141 - saved peer connection remains idempotent at capacity without opening another connection
  ---
  duration_ms: 175.361828
  type: 'test'
  ...
# Subtest: snapshot crossing expiry during journal persistence keeps state and reservation consistent
ok 142 - snapshot crossing expiry during journal persistence keeps state and reservation consistent
  ---
  duration_ms: 1719.77327
  type: 'test'
  ...
# Subtest: snapshot crossing expiry during journal persistence keeps send and reservation consistent
ok 143 - snapshot crossing expiry during journal persistence keeps send and reservation consistent
  ---
  duration_ms: 1722.365741
  type: 'test'
  ...
# Subtest: snapshot crossing expiry during journal persistence keeps retry and reservation consistent
ok 144 - snapshot crossing expiry during journal persistence keeps retry and reservation consistent
  ---
  duration_ms: 1724.743839
  type: 'test'
  ...
# Subtest: an uncertain SQL completion at write 1 recovers the same outbox operation
ok 145 - an uncertain SQL completion at write 1 recovers the same outbox operation
  ---
  duration_ms: 202.997761
  type: 'test'
  ...
# Subtest: an uncertain SQL completion at write 2 recovers the same outbox operation
ok 146 - an uncertain SQL completion at write 2 recovers the same outbox operation
  ---
  duration_ms: 224.559985
  type: 'test'
  ...
# Subtest: outbox preview preserves full astral characters within its UTF-16 budget
ok 147 - outbox preview preserves full astral characters within its UTF-16 budget
  ---
  duration_ms: 0.311424
  type: 'test'
  ...
# (node:4192461) ExperimentalWarning: SQLite is an experimental feature and might change at any time
# (Use `node --trace-warnings ...` to show where the warning was created)
# Subtest: legacy semantic failures are rejected before creating a signed migration intent
ok 148 - legacy semantic failures are rejected before creating a signed migration intent
  ---
  duration_ms: 52.595506
  type: 'test'
  ...
# (node:4192468) ExperimentalWarning: SQLite is an experimental feature and might change at any time
# (Use `node --trace-warnings ...` to show where the warning was created)
# Subtest: signed initialization binds owner, random store ID and legacy ciphertext across phases
ok 149 - signed initialization binds owner, random store ID and legacy ciphertext across phases
  ---
  duration_ms: 8.445503
  type: 'test'
  ...
# Subtest: a signed intent can pin the exact new store before creation without allowing resets
ok 150 - a signed intent can pin the exact new store before creation without allowing resets
  ---
  duration_ms: 21.755197
  type: 'test'
  ...
# (node:4192478) ExperimentalWarning: SQLite is an experimental feature and might change at any time
# (Use `node --trace-warnings ...` to show where the warning was created)
# Subtest: staged import binds the actual legacy ciphertext and committed reopen never falls back
ok 151 - staged import binds the actual legacy ciphertext and committed reopen never falls back
  ---
  duration_ms: 94.821942
  type: 'test'
  ...
# Subtest: existing unbound, missing initialized and wrong-store databases fail without reset
ok 152 - existing unbound, missing initialized and wrong-store databases fail without reset
  ---
  duration_ms: 196.464371
  type: 'test'
  ...
# Subtest: changed legacy source cannot complete a signed preparation
ok 153 - changed legacy source cannot complete a signed preparation
  ---
  duration_ms: 39.523218
  type: 'test'
  ...
# Subtest: transaction wrapper cannot erase initialization or the current private document
ok 154 - transaction wrapper cannot erase initialization or the current private document
  ---
  duration_ms: 71.948409
  type: 'test'
  ...
# Subtest: real process death after prepared initialization boundary preserves resumable private bytes
ok 155 - real process death after prepared initialization boundary preserves resumable private bytes
  ---
  duration_ms: 201.220148
  type: 'test'
  ...
# Subtest: real process death after imported initialization boundary preserves resumable private bytes
ok 156 - real process death after imported initialization boundary preserves resumable private bytes
  ---
  duration_ms: 221.149682
  type: 'test'
  ...
# Subtest: real process death after committed initialization boundary preserves resumable private bytes
ok 157 - real process death after committed initialization boundary preserves resumable private bytes
  ---
  duration_ms: 216.52427
  type: 'test'
  ...
# Subtest: replay of the complete earlier initialization state is an explicit rollback limitation
ok 158 - replay of the complete earlier initialization state is an explicit rollback limitation
  ---
  duration_ms: 126.809492
  type: 'test'
  ...
# (node:4192639) ExperimentalWarning: SQLite is an experimental feature and might change at any time
# (Use `node --trace-warnings ...` to show where the warning was created)
# Subtest: one running owner per profile, another profile remains independent, close permits restart
ok 159 - one running owner per profile, another profile remains independent, close permits restart
  ---
  duration_ms: 27.612748
  type: 'test'
  ...
# Subtest: empty initialization can recover but foreign or malformed metadata is refused
ok 160 - empty initialization can recover but foreign or malformed metadata is refused
  ---
  duration_ms: 37.895637
  type: 'test'
  ...
# (node:4192646) ExperimentalWarning: SQLite is an experimental feature and might change at any time
# (Use `node --trace-warnings ...` to show where the warning was created)
# Subtest: runtime owns the profile through transport shutdown and rejects stale writes after recovery
ok 161 - runtime owns the profile through transport shutdown and rejects stale writes after recovery
  ---
  duration_ms: 323.626836
  type: 'test'
  ...
# Subtest: constructor failure releases ownership without resetting the existing profile
ok 162 - constructor failure releases ownership without resetting the existing profile
  ---
  duration_ms: 21.464992
  type: 'test'
  ...
# (node:4192653) ExperimentalWarning: SQLite is an experimental feature and might change at any time
# (Use `node --trace-warnings ...` to show where the warning was created)
# Subtest: chunked private state is encrypted, persists exactly and shrinks atomically
ok 163 - chunked private state is encrypted, persists exactly and shrinks atomically
  ---
  duration_ms: 99.358057
  type: 'test'
  ...
# Subtest: private state and an authority fence commit together or both roll back, with digest CAS
ok 164 - private state and an authority fence commit together or both roll back, with digest CAS
  ---
  duration_ms: 45.137835
  type: 'test'
  ...
# Subtest: missing, orphan and hash-mismatched chunks fail closed rather than yielding partial state
ok 165 - missing, orphan and hash-mismatched chunks fail closed rather than yielding partial state
  ---
  duration_ms: 130.420102
  type: 'test'
  ...
# Subtest: the full declared private-state byte bound fits while oversize input makes no writes
ok 166 - the full declared private-state byte bound fits while oversize input makes no writes
  ---
  duration_ms: 265.784332
  type: 'test'
  ...
# (node:4192666) ExperimentalWarning: SQLite is an experimental feature and might change at any time
# (Use `node --trace-warnings ...` to show where the warning was created)
# Subtest: inbound semantic ACL: forged public receipt/message and private wrong-reader mutation are hidden
ok 167 - inbound semantic ACL: forged public receipt/message and private wrong-reader mutation are hidden
  ---
  duration_ms: 327.055884
  type: 'test'
  ...
# Subtest: malformed unauthenticated HTTP paths return 400; service survives and auth boundary holds
ok 168 - malformed unauthenticated HTTP paths return 400; service survives and auth boundary holds
  ---
  duration_ms: 57.631387
  type: 'test'
  ...
# Subtest: private site draft and local deletion survive cache removal/restart without plaintext on disk
ok 169 - private site draft and local deletion survive cache removal/restart without plaintext on disk
  ---
  duration_ms: 414.106006
  type: 'test'
  ...
# Subtest: relay consent: no application-level cached serving while paused, positive control after enabling
ok 170 - relay consent: no application-level cached serving while paused, positive control after enabling
  ---
  duration_ms: 1031.73648
  type: 'test'
  ...
# Subtest: deletion journal survives when publication itself evicts its unpinned original
ok 171 - deletion journal survives when publication itself evicts its unpinned original
  ---
  duration_ms: 225.446066
  type: 'test'
  ...
# Subtest: seeded virtual time is reproducible with independently generated secure fixtures
ok 172 - seeded virtual time is reproducible with independently generated secure fixtures
  ---
  duration_ms: 39.023842
  type: 'test'
  ...
# Subtest: loss, MTU fragmentation, partition/heal, low-power transition and SOS-before-bulk
ok 173 - loss, MTU fragmentation, partition/heal, low-power transition and SOS-before-bulk
  ---
  duration_ms: 8.804186
  type: 'test'
  ...
# Subtest: directed bandwidth, latency and MTU produce measurable asymmetric arrival times
ok 174 - directed bandwidth, latency and MTU produce measurable asymmetric arrival times
  ---
  duration_ms: 4.511889
  type: 'test'
  ...
# Subtest: congested bounded queues preserve SOS while bulk is deferred
ok 175 - congested bounded queues preserve SOS while bulk is deferred
  ---
  duration_ms: 6.062075
  type: 'test'
  ...
# Subtest: bounded cache distinguishes pinned exhaustion from unpinned eviction
ok 176 - bounded cache distinguishes pinned exhaustion from unpinned eviction
  ---
  duration_ms: 7.492287
  type: 'test'
  ...
# Subtest: TTL rejects in-flight expiration and retained replay respects the hop limit
ok 177 - TTL rejects in-flight expiration and retained replay respects the hop limit
  ---
  duration_ms: 4.119794
  type: 'test'
  ...
# Subtest: every-fourth-fragment fairness lets bulk advance during SOS pressure
ok 178 - every-fourth-fragment fairness lets bulk advance during SOS pressure
  ---
  duration_ms: 10.903662
  type: 'test'
  ...
# Subtest: real signature/chunk checks pass honest control and detect deliberately broken controls
ok 179 - real signature/chunk checks pass honest control and detect deliberately broken controls
  ---
  duration_ms: 16.57235
  type: 'test'
  ...
# Subtest: simulation rejects invalid transport bounds and complete report gates pass
ok 180 - simulation rejects invalid transport bounds and complete report gates pass
  ---
  duration_ms: 41.158464
  type: 'test'
  ...
# (node:4192806) ExperimentalWarning: SQLite is an experimental feature and might change at any time
# (Use `node --trace-warnings ...` to show where the warning was created)
# Subtest: large valid cache produces bounded pages and exact authorized attachments on demand
ok 181 - large valid cache produces bounded pages and exact authorized attachments on demand
  ---
  duration_ms: 5657.516252
  type: 'test'
  ...
# Subtest: received author deletion persists before evicting its original, and denied attachments stay unavailable
ok 182 - received author deletion persists before evicting its original, and denied attachments stay unavailable
  ---
  duration_ms: 372.979282
  type: 'test'
  ...
# Subtest: request tracking is bounded even when transport rejects every broadcast
ok 183 - request tracking is bounded even when transport rejects every broadcast
  ---
  duration_ms: 277.232315
  type: 'test'
  ...
# Subtest: unknown post extension data does not crash or inflate summaries
ok 184 - unknown post extension data does not crash or inflate summaries
  ---
  duration_ms: 428.463223
  type: 'test'
  ...
# Subtest: summary reuse remains bound to verified disk bytes and unlocked identity
ok 185 - summary reuse remains bound to verified disk bytes and unlocked identity
  ---
  duration_ms: 240.432362
  type: 'test'
  ...
# Subtest: collections and following integrate with encrypted persistence and hashed peer retrieval respects read ACL
ok 186 - collections and following integrate with encrypted persistence and hashed peer retrieval respects read ACL
  ---
  duration_ms: 2109.276352
  type: 'test'
  ...
# Subtest: collection create, rename, add, remove and delete are immutable local transitions
ok 187 - collection create, rename, add, remove and delete are immutable local transitions
  ---
  duration_ms: 1.996934
  type: 'test'
  ...
# Subtest: collection identity, title and timestamp rules reject ambiguous metadata
ok 188 - collection identity, title and timestamp rules reject ambiguous metadata
  ---
  duration_ms: 1.428197
  type: 'test'
  ...
# Subtest: prototype, accessor, unknown field and sparse-array inputs fail without executing metadata
ok 189 - prototype, accessor, unknown field and sparse-array inputs fail without executing metadata
  ---
  duration_ms: 0.573976
  type: 'test'
  ...
# Subtest: collection ownership cannot be transferred by a command or mixed across identity vaults
ok 190 - collection ownership cannot be transferred by a command or mixed across identity vaults
  ---
  duration_ms: 0.375364
  type: 'test'
  ...
# Subtest: collection and membership quotas reject atomically while allowing idempotent operations
ok 191 - collection and membership quotas reject atomically while allowing idempotent operations
  ---
  duration_ms: 7.444437
  type: 'test'
  ...
# Subtest: recovered collections reject duplicate identifiers, titles, members and excessive total memberships
ok 192 - recovered collections reject duplicate identifiers, titles, members and excessive total memberships
  ---
  duration_ms: 3.256776
  type: 'test'
  ...
# Subtest: content references remain canonical hashes and convey neither reader access nor authorship
ok 193 - content references remain canonical hashes and convey neither reader access nor authorship
  ---
  duration_ms: 9.0834
  type: 'test'
  ...
# Subtest: followed feed selects posts and alerts from followed authors without changing caller order or access
ok 194 - followed feed selects posts and alerts from followed authors without changing caller order or access
  ---
  duration_ms: 0.398607
  type: 'test'
  ...
# Subtest: local cancellation removes an actual queued TCP transfer and its reconnect copy
ok 195 - local cancellation removes an actual queued TCP transfer and its reconnect copy
  ---
  duration_ms: 675.429293
  type: 'test'
  ...
# Subtest: local cancellation negative control delivers an actual queued TCP transfer and its reconnect copy
ok 196 - local cancellation negative control delivers an actual queued TCP transfer and its reconnect copy
  ---
  duration_ms: 666.55098
  type: 'test'
  ...
# Subtest: local cancellation leaves another origin's retained relay packet intact
ok 197 - local cancellation leaves another origin's retained relay packet intact
  ---
  duration_ms: 483.778729
  type: 'test'
  ...
# Subtest: TCP parser handles split/coalesced frames, rejects tamper and replays only once
ok 198 - TCP parser handles split/coalesced frames, rejects tamper and replays only once
  ---
  duration_ms: 95.239976
  type: 'test'
  ...
# Subtest: non-reading TCP duplicate flood coalesces and bounds control output
ok 199 - non-reading TCP duplicate flood coalesces and bounds control output
  ---
  duration_ms: 58.303277
  type: 'test'
  ...
# Subtest: TCP malformed frame and unfinished-line floods disconnect and release state
ok 200 - TCP malformed frame and unfinished-line floods disconnect and release state
  ---
  duration_ms: 24.267497
  type: 'test'
  ...
# Subtest: distinct TCP packets cannot grow the ACK queue or exceed its output rate
ok 201 - distinct TCP packets cannot grow the ACK queue or exceed its output rate
  ---
  duration_ms: 158.983542
  type: 'test'
  ...
# Subtest: TCP incomplete assemblies have count and aggregate memory bounds
ok 202 - TCP incomplete assemblies have count and aggregate memory bounds
  ---
  duration_ms: 2271.649769
  type: 'test'
  ...
# Subtest: expired packets, invalid TTLs and exhausted hop limits never relay
ok 203 - expired packets, invalid TTLs and exhausted hop limits never relay
  ---
  duration_ms: 135.992138
  type: 'test'
  ...
# Subtest: queued expiry and stopped sockets release bounded output under backpressure
ok 204 - queued expiry and stopped sockets release bounded output under backpressure
  ---
  duration_ms: 405.076818
  type: 'test'
  ...
# Subtest: partial TCP loss retries exact bytes and missing ACK retries without duplicate delivery
ok 205 - partial TCP loss retries exact bytes and missing ACK retries without duplicate delivery
  ---
  duration_ms: 4407.530368
  type: 'test'
  ...
# Subtest: TCP reconnect delivers a partial transfer and packets created during the partition
ok 206 - TCP reconnect delivers a partial transfer and packets created during the partition
  ---
  duration_ms: 1088.698252
  type: 'test'
  ...
# Subtest: turning relay off cancels queued forwarded fragments and keeps local SOS available
ok 207 - turning relay off cancels queued forwarded fragments and keeps local SOS available
  ---
  duration_ms: 106.36378
  type: 'test'
  ...
# Subtest: relay pause cancels queued local seeding and prevents retained offline replay
ok 208 - relay pause cancels queued local seeding and prevents retained offline replay
  ---
  duration_ms: 132.239623
  type: 'test'
  ...
# Subtest: real TCP fragments preempt bulk for SOS while preserving bulk fairness
ok 209 - real TCP fragments preempt bulk for SOS while preserving bulk fairness
  ---
  duration_ms: 83.663392
  type: 'test'
  ...
# Subtest: many in-progress SOS transfers leave admission capacity for bulk fairness
ok 210 - many in-progress SOS transfers leave admission capacity for bulk fairness
  ---
  duration_ms: 52.37871
  type: 'test'
  ...
# Subtest: real serialport PTY fragments preempt bulk for SOS with the same fairness
ok 211 - real serialport PTY fragments preempt bulk for SOS with the same fairness
  ---
  duration_ms: 153.242589
  type: 'test'
  ...
# Subtest: POSIX poller regression: read rearm must preserve an outstanding write watch
ok 212 - POSIX poller regression: read rearm must preserve an outstanding write watch
  ---
  duration_ms: 1.091065
  type: 'test'
  ...
# Subtest: serial write deadline covers one frame at configured baud while bounding a stalled writer
ok 213 - serial write deadline covers one frame at configured baud while bounding a stalled writer
  ---
  duration_ms: 0.236293
  type: 'test'
  ...
# Subtest: real serial PTY recovers an injected stuck write through bounded reconnect and exact replay
ok 214 - real serial PTY recovers an injected stuck write through bounded reconnect and exact replay
  ---
  duration_ms: 6165.294495
  type: 'test'
  ...
# Subtest: real TCP transfer, two-hop forwarding and relay-off negative control
ok 215 - real TCP transfer, two-hop forwarding and relay-off negative control
  ---
  duration_ms: 911.846199
  type: 'test'
  ...
# Subtest: validation rejection prevents display and relay; positive valid control
ok 216 - validation rejection prevents display and relay; positive valid control
  ---
  duration_ms: 532.364767
  type: 'test'
  ...
1..216
# tests 219
# suites 0
# pass 219
# fail 0
# cancelled 0
# skipped 0
# todo 0
# duration_ms 194005.921654
