TAP version 13
# (node:4177160) ExperimentalWarning: SQLite is an experimental feature and might change at any time
# (Use `node --trace-warnings ...` to show where the warning was created)
# Subtest: private notices bind invitation, consent and leave without conferring signing ownership or local admission
ok 1 - private notices bind invitation, consent and leave without conferring signing ownership or local admission
  ---
  duration_ms: 403.271699
  type: 'test'
  ...
# Subtest: invitation result and exact delivery card commit together and survive reopening encrypted SQLite
ok 2 - invitation result and exact delivery card commit together and survive reopening encrypted SQLite
  ---
  duration_ms: 110.807572
  type: 'test'
  ...
# Subtest: issuer quota, duplicate reads and dismissal replay memory stay bounded without changing group state
ok 3 - issuer quota, duplicate reads and dismissal replay memory stay bounded without changing group state
  ---
  duration_ms: 425.891108
  type: 'test'
  ...
# Subtest: finite notice history retires oldest entries without making a replay local consent
ok 4 - finite notice history retires oldest entries without making a replay local consent
  ---
  duration_ms: 5457.470955
  type: 'test'
  ...
# Subtest: authenticated malformed notice metadata aborts the outer transaction even if its error is caught
ok 5 - authenticated malformed notice metadata aborts the outer transaction even if its error is caught
  ---
  duration_ms: 55.769201
  type: 'test'
  ...
# Subtest: failed dismissal cannot lose an invitation when the caller swallows the write error
ok 6 - failed dismissal cannot lose an invitation when the caller swallows the write error
  ---
  duration_ms: 54.263779
  type: 'test'
  ...
1..6
# tests 6
# suites 0
# pass 6
# fail 0
# cancelled 0
# skipped 0
# todo 0
# duration_ms 6692.111937
