
Running 20 tests using 1 worker

(node:788472) Warning: The 'NO_COLOR' env is ignored due to the 'FORCE_COLOR' env being set.
(Use `node --trace-warnings ...` to show where the warning was created)
  ✓   1 [webkit] › tests/browser/site-contribution-receipt-runtime.spec.ts:20:3 › browser receipt admission cached preserves authority and original private queue facts (993ms)
  ✓   2 [webkit] › tests/browser/site-contribution-receipt-runtime.spec.ts:20:3 › browser receipt admission cancelled preserves authority and original private queue facts (835ms)
  ✓   3 [webkit] › tests/browser/site-contribution-receipt-runtime.spec.ts:20:3 › browser receipt admission expired preserves authority and original private queue facts (826ms)
  ✓   4 [webkit] › tests/browser/site-contribution-receipt-runtime.spec.ts:20:3 › browser receipt admission blocked preserves authority and original private queue facts (906ms)
  ✓   5 [webkit] › tests/browser/site-contribution-receipt-runtime.spec.ts:20:3 › browser receipt admission lock-receive preserves authority and original private queue facts (972ms)
  ✓   6 [webkit] › tests/browser/site-contribution-receipt-runtime.spec.ts:20:3 › browser receipt admission wrong-reference preserves authority and original private queue facts (761ms)
  ✓   7 [webkit] › tests/browser/site-contribution-receipt-runtime.spec.ts:20:3 › browser receipt admission not-copied preserves authority and original private queue facts (689ms)
  ✓   8 [webkit] › tests/browser/site-contribution-receipt-runtime.spec.ts:264:1 › owner receipt retries rotate a bounded batch without re-signing or dropping a pending ninth proposal (3.3s)
  ✓   9 [webkit] › tests/browser/site-contribution-send.spec.ts:22:3 › browser source held only in a private proposal queue recover with both relays paused (3.1s)
  ✓  10 [webkit] › tests/browser/site-contribution-send.spec.ts:22:3 › browser source held only in a private proposal queue cancel-retained-reply with both relays paused (3.2s)
  ✓  11 [webkit] › tests/browser/site-contribution-send.spec.ts:22:3 › browser source held only in a private proposal queue cancel-before-admission with both relays paused (3.2s)
  ✓  12 [webkit] › tests/browser/site-contribution-send.spec.ts:22:3 › browser source held only in a private proposal queue cancel-queued with both relays paused (3.2s)
  ✓  13 [webkit] › tests/browser/site-contribution-send.spec.ts:396:5 › private form proposals web-to-native cross RTC and WebSocket with node and an intermediary without a reading key (9.5s)
  ✓  14 [webkit] › tests/browser/site-contribution-send.spec.ts:396:5 › private form proposals native-to-web cross RTC and WebSocket with node and an intermediary without a reading key (3.5s)
  ✓  15 [webkit] › tests/browser/site-contribution-send.spec.ts:396:5 › private form proposals web-to-native cross RTC and WebSocket with native and an intermediary without a reading key (9.2s)
  ✓  16 [webkit] › tests/browser/site-contribution-send.spec.ts:396:5 › private form proposals native-to-web cross RTC and WebSocket with native and an intermediary without a reading key (3.2s)
  ✓  17 [webkit] › tests/browser/site-contribution-send.spec.ts:623:1 › two autonomous browser accounts send a private form proposal through real RTC while the sender relay is paused (3.2s)
  ✓  18 [webkit] › tests/browser/site-contribution-send.spec.ts:792:1 › browser reception journals the original source before review and survives actual cache eviction with the RTC sender closed (2.9s)
  ✓  19 [webkit] › tests/browser/site-contribution-worker.spec.ts:53:1 › production worker describes an authenticated form after UI setup and unlock without exposing keys or accepting caller authority (2.3s)
  ✓  20 [webkit] › tests/browser/site-contribution-worker.spec.ts:160:1 › production workers recover queued proposals offline and send through the UI-established RTC link without reviving cancellation (12.3s)

  20 passed (1.2m)
