TAP version 13
# Subtest: real RNS delivery rejects forged authorship and corrupted ciphertext, accepts the control and deduplicates replay
ok 1 - real RNS delivery rejects forged authorship and corrupted ciphertext, accepts the control and deduplicates replay
  ---
  duration_ms: 6673.00544
  type: 'test'
  ...
# Subtest: node origin: reference Reticulum routes RelayLoom through TCP and serial PTY with partition/heal and offline seeding
ok 2 - node origin: reference Reticulum routes RelayLoom through TCP and serial PTY with partition/heal and offline seeding
  ---
  duration_ms: 44080.245804
  type: 'test'
  ...
# Subtest: native origin: reference Reticulum routes RelayLoom through TCP and serial PTY with partition/heal and offline seeding
ok 3 - native origin: reference Reticulum routes RelayLoom through TCP and serial PTY with partition/heal and offline seeding
  ---
  duration_ms: 42922.413052
  type: 'test'
  ...
# Subtest: TCP to UDPInterface: consent gates private delivery, queued partition recovery and author-offline seeding
ok 4 - TCP to UDPInterface: consent gates private delivery, queued partition recovery and author-offline seeding
  ---
  duration_ms: 21919.563042
  type: 'test'
  ...
# Subtest: TCP to BackboneInterface: consent gates private delivery, queued partition recovery and author-offline seeding
ok 5 - TCP to BackboneInterface: consent gates private delivery, queued partition recovery and author-offline seeding
  ---
  duration_ms: 26156.557102
  type: 'test'
  ...
# Subtest: TCP to KISSInterface: consent gates private delivery, queued partition recovery and author-offline seeding
ok 6 - TCP to KISSInterface: consent gates private delivery, queued partition recovery and author-offline seeding
  ---
  duration_ms: 23084.777503
  type: 'test'
  ...
# Subtest: TCP to AX25KISSInterface: consent gates private delivery, queued partition recovery and author-offline seeding
ok 7 - TCP to AX25KISSInterface: consent gates private delivery, queued partition recovery and author-offline seeding
  ---
  duration_ms: 22970.098769
  type: 'test'
  ...
# Subtest: TCP to BluetoothNusSimulatedGatt: consent gates private delivery, queued partition recovery and author-offline seeding
ok 8 - TCP to BluetoothNusSimulatedGatt: consent gates private delivery, queued partition recovery and author-offline seeding
  ---
  duration_ms: 28872.80233
  type: 'test'
  ...
1..8
# tests 8
# suites 0
# pass 8
# fail 0
# cancelled 0
# skipped 0
# todo 0
# duration_ms 217241.37167
