Monitoring boot status for RelayLoom-CI-e5617066-99b4-4ed1-9274-5e04c7f2ef53 (84985B74-F374-49B8-AD3F-6A3F385350B7).
[2026-09-22 22:25:03 +0000] Status=2, isTerminal=NO, Elapsed=00:18.
	Waiting on Data Migration
		Reason:Running plugin com.apple.-0LaunchServicesMigrator (00LaunchServicesMigrator.migrator, user-agnostic)
		Migration Elapsed:00:13 seconds

[2026-09-22 22:25:03 +0000] Status=2, isTerminal=NO, Elapsed=00:19.
	Waiting on Data Migration
		Reason:Running plugin com.apple.-0LaunchServicesMigrator (00LaunchServicesMigrator.migrator, user-agnostic)
		Migration Elapsed:00:14 seconds

[2026-09-22 22:25:04 +0000] Status=2, isTerminal=NO, Elapsed=00:20.
	Waiting on Data Migration
		Reason:Running plugin com.apple.-0LaunchServicesMigrator (00LaunchServicesMigrator.migrator, user-agnostic)
		Migration Elapsed:00:15 seconds

[2026-09-22 22:25:05 +0000] Status=2, isTerminal=NO, Elapsed=00:21.
	Waiting on Data Migration
		Reason:Running plugin com.apple.-0LaunchServicesMigrator (00LaunchServicesMigrator.migrator, user-agnostic)
		Migration Elapsed:00:16 seconds

[2026-09-22 22:25:06 +0000] Status=2, isTerminal=NO, Elapsed=00:22.
	Waiting on Data Migration
		Reason:Running plugin com.apple.-0LaunchServicesMigrator (00LaunchServicesMigrator.migrator, user-agnostic)
		Migration Elapsed:00:17 seconds

[2026-09-22 22:25:07 +0000] Status=2, isTerminal=NO, Elapsed=00:23.
	Waiting on Data Migration
		Reason:Running plugin com.apple.-0LaunchServicesMigrator (00LaunchServicesMigrator.migrator, user-agnostic)
		Migration Elapsed:00:18 seconds

[2026-09-22 22:25:08 +0000] Status=2, isTerminal=NO, Elapsed=00:24.
	Waiting on Data Migration
		Reason:Running plugin com.apple.-0LaunchServicesMigrator (00LaunchServicesMigrator.migrator, user-agnostic)
		Migration Elapsed:00:19 seconds

[2026-09-22 22:25:09 +0000] Status=2, isTerminal=NO, Elapsed=00:25.
	Waiting on Data Migration
		Reason:Running plugin com.apple.-0LaunchServicesMigrator (00LaunchServicesMigrator.migrator, user-agnostic)
		Migration Elapsed:00:20 seconds

[2026-09-22 22:25:10 +0000] Status=2, isTerminal=NO, Elapsed=00:26.
	Waiting on Data Migration
		Reason:Running plugin com.apple.-0LaunchServicesMigrator (00LaunchServicesMigrator.migrator, user-agnostic)
		Migration Elapsed:00:21 seconds

[2026-09-22 22:25:11 +0000] Status=2, isTerminal=NO, Elapsed=00:27.
	Waiting on Data Migration
		Reason:Running plugin com.apple.-0LaunchServicesMigrator (00LaunchServicesMigrator.migrator, user-agnostic)
		Migration Elapsed:00:22 seconds

[2026-09-22 22:25:12 +0000] Status=2, isTerminal=NO, Elapsed=00:28.
	Waiting on Data Migration
		Reason:Running plugin com.apple.-0LaunchServicesMigrator (00LaunchServicesMigrator.migrator, user-agnostic)
		Migration Elapsed:00:23 seconds

[2026-09-22 22:25:13 +0000] Status=2, isTerminal=NO, Elapsed=00:29.
	Waiting on Data Migration
		Reason:Running plugin com.apple.-0LaunchServicesMigrator (00LaunchServicesMigrator.migrator, user-agnostic)
		Migration Elapsed:00:24 seconds

[2026-09-22 22:25:14 +0000] Status=2, isTerminal=NO, Elapsed=00:30.
	Waiting on Data Migration
		Reason:Running plugin com.apple.-0LaunchServicesMigrator (00LaunchServicesMigrator.migrator, user-agnostic)
		Migration Elapsed:00:25 seconds

[2026-09-22 22:25:15 +0000] Status=2, isTerminal=NO, Elapsed=00:31.
	Waiting on Data Migration
		Reason:Running plugin com.apple.-0LaunchServicesMigrator (00LaunchServicesMigrator.migrator, user-agnostic)
		Migration Elapsed:00:26 seconds

[2026-09-22 22:25:16 +0000] Status=2, isTerminal=NO, Elapsed=00:32.
	Waiting on Data Migration
		Reason:Running plugin com.apple.-0LaunchServicesMigrator (00LaunchServicesMigrator.migrator, user-agnostic)
		Migration Elapsed:00:27 seconds

[2026-09-22 22:25:17 +0000] Status=2, isTerminal=NO, Elapsed=00:33.
	Waiting on Data Migration
		Reason:Running plugin com.apple.-0LaunchServicesMigrator (00LaunchServicesMigrator.migrator, user-agnostic)
		Migration Elapsed:00:28 seconds

[2026-09-22 22:25:18 +0000] Status=2, isTerminal=NO, Elapsed=00:34.
	Waiting on Data Migration
		Reason:Running plugin com.apple.-0LaunchServicesMigrator (00LaunchServicesMigrator.migrator, user-agnostic)
		Migration Elapsed:00:29 seconds

[2026-09-22 22:25:19 +0000] Status=2, isTerminal=NO, Elapsed=00:35.
	Waiting on Data Migration
		Reason:Running plugin com.apple.-0LaunchServicesMigrator (00LaunchServicesMigrator.migrator, user-agnostic)
		Migration Elapsed:00:30 seconds

[2026-09-22 22:25:20 +0000] Status=2, isTerminal=NO, Elapsed=00:36.
	Waiting on Data Migration
		Reason:Running plugin com.apple.-0LaunchServicesMigrator (00LaunchServicesMigrator.migrator, user-agnostic)
		Migration Elapsed:00:31 seconds

[2026-09-22 22:25:21 +0000] Status=2, isTerminal=NO, Elapsed=00:37.
	Waiting on Data Migration
		Reason:Running plugin com.apple.-0LaunchServicesMigrator (00LaunchServicesMigrator.migrator, user-agnostic)
		Migration Elapsed:00:32 seconds

[2026-09-22 22:25:22 +0000] Status=2, isTerminal=NO, Elapsed=00:38.
	Waiting on Data Migration
		Reason:Running plugin com.apple.-0LaunchServicesMigrator (00LaunchServicesMigrator.migrator, user-agnostic)
		Migration Elapsed:00:33 seconds

[2026-09-22 22:25:23 +0000] Status=2, isTerminal=NO, Elapsed=00:39.
	Waiting on Data Migration
		Reason:Running plugin com.apple.-0LaunchServicesMigrator (00LaunchServicesMigrator.migrator, user-agnostic)
		Migration Elapsed:00:34 seconds

[2026-09-22 22:25:24 +0000] Status=2, isTerminal=NO, Elapsed=00:40.
	Waiting on Data Migration
		Reason:Running plugin com.apple.-0LaunchServicesMigrator (00LaunchServicesMigrator.migrator, user-agnostic)
		Migration Elapsed:00:35 seconds

[2026-09-22 22:25:25 +0000] Status=2, isTerminal=NO, Elapsed=00:41.
	Waiting on Data Migration
		Reason:Running plugin com.apple.-0LaunchServicesMigrator (00LaunchServicesMigrator.migrator, user-agnostic)
		Migration Elapsed:00:36 seconds

[2026-09-22 22:25:29 +0000] Status=2, isTerminal=NO, Elapsed=00:44.
	Waiting on Data Migration
		Reason:Running plugin com.apple.securityd.KeychainMigrator (KeychainMigrator.migrator, user-agnostic)
		Migration Elapsed:00:37 seconds

[2026-09-22 22:25:30 +0000] Status=2, isTerminal=NO, Elapsed=00:45.
	Waiting on Data Migration
		Reason:Running plugin com.apple.managedconfiguration.migrator (MCProfile.migrator, user-agnostic)
		Migration Elapsed:00:39 seconds

[2026-09-22 22:25:34 +0000] Status=2, isTerminal=NO, Elapsed=00:49.
	Waiting on Data Migration
		Reason:Running plugin com.apple.managedconfiguration.migrator (MCProfile.migrator, user-agnostic)
		Migration Elapsed:00:41 seconds

[2026-09-22 22:25:35 +0000] Status=2, isTerminal=NO, Elapsed=00:50.
	Waiting on Data Migration
		Reason:Running plugin com.apple.managedconfiguration.migrator (MCProfile.migrator, user-agnostic)
		Migration Elapsed:00:44 seconds

[2026-09-22 22:25:35 +0000] Status=2, isTerminal=NO, Elapsed=00:50.
	Waiting on Data Migration
		Reason:Running plugin com.apple.managedconfiguration.migrator (MCProfile.migrator, user-agnostic)
		Migration Elapsed:00:45 seconds

[2026-09-22 22:25:36 +0000] Status=2, isTerminal=NO, Elapsed=00:51.
	Waiting on Data Migration
		Reason:Running plugin com.apple.managedconfiguration.migrator (MCProfile.migrator, user-agnostic)
		Migration Elapsed:00:46 seconds

[2026-09-22 22:25:36 +0000] Status=2, isTerminal=NO, Elapsed=00:52.
	Waiting on Data Migration
		Reason:Running plugin com.apple.managedconfiguration.migrator (MCProfile.migrator, user-agnostic)
		Migration Elapsed:00:47 seconds

[2026-09-22 22:25:37 +0000] Status=2, isTerminal=NO, Elapsed=00:53.
	Waiting on Data Migration
		Reason:Running plugin com.apple.MobileGestalt.MobileGestaltMigrator (MobileGestaltMigrator.migrator, user-agnostic)
		Migration Elapsed:00:48 seconds

[2026-09-22 22:25:38 +0000] Status=2, isTerminal=NO, Elapsed=00:54.
	Waiting on Data Migration
		Reason:Running plugin com.apple.accounts.migrator (Accounts.migrator)
		Migration Elapsed:00:49 seconds

[2026-09-22 22:25:39 +0000] Status=2, isTerminal=NO, Elapsed=00:55.
	Waiting on Data Migration
		Reason:Running plugin com.apple.locationd.migrator (CoreLocationMigrator.migrator)
		Migration Elapsed:00:50 seconds

[2026-09-22 22:25:40 +0000] Status=2, isTerminal=NO, Elapsed=00:56.
	Waiting on Data Migration
		Reason:Running plugin com.apple.locationd.migrator (CoreLocationMigrator.migrator)
		Migration Elapsed:00:51 seconds

[2026-09-22 22:25:42 +0000] Status=2, isTerminal=NO, Elapsed=00:57.
	Waiting on Data Migration
		Reason:Running plugin com.apple.locationd.migrator (CoreLocationMigrator.migrator)
		Migration Elapsed:00:52 seconds

[2026-09-22 22:25:42 +0000] Status=2, isTerminal=NO, Elapsed=00:58.
	Waiting on Data Migration
		Reason:Running plugin com.apple.locationd.migrator (CoreLocationMigrator.migrator)
		Migration Elapsed:00:53 seconds

[2026-09-22 22:25:43 +0000] Status=2, isTerminal=NO, Elapsed=00:59.
	Waiting on Data Migration
		Reason:Running plugin com.apple.locationd.migrator (CoreLocationMigrator.migrator)
		Migration Elapsed:00:54 seconds

[2026-09-22 22:25:44 +0000] Status=2, isTerminal=NO, Elapsed=01:00.
	Waiting on Data Migration
		Reason:Running plugin com.apple.locationd.migrator (CoreLocationMigrator.migrator)
		Migration Elapsed:00:55 seconds

[2026-09-22 22:25:45 +0000] Status=2, isTerminal=NO, Elapsed=01:01.
	Waiting on Data Migration
		Reason:Running plugin com.apple.locationd.migrator (CoreLocationMigrator.migrator)
		Migration Elapsed:00:56 seconds

[2026-09-22 22:25:46 +0000] Status=2, isTerminal=NO, Elapsed=01:02.
	Waiting on Data Migration
		Reason:Running plugin com.apple.locationd.migrator (CoreLocationMigrator.migrator)
		Migration Elapsed:00:57 seconds

[2026-09-22 22:25:47 +0000] Status=2, isTerminal=NO, Elapsed=01:03.
	Waiting on Data Migration
		Reason:Running plugin com.apple.locationd.migrator (CoreLocationMigrator.migrator)
		Migration Elapsed:00:58 seconds

[2026-09-22 22:25:48 +0000] Status=2, isTerminal=NO, Elapsed=01:04.
	Waiting on Data Migration
		Reason:Running plugin com.apple.locationd.migrator (CoreLocationMigrator.migrator)
		Migration Elapsed:00:59 seconds

[2026-09-22 22:25:49 +0000] Status=2, isTerminal=NO, Elapsed=01:05.
	Waiting on Data Migration
		Reason:Running plugin com.apple.locationd.migrator (CoreLocationMigrator.migrator)
		Migration Elapsed:01:00 seconds

[2026-09-22 22:25:50 +0000] Status=2, isTerminal=NO, Elapsed=01:06.
	Waiting on Data Migration
		Reason:Running plugin com.apple.locationd.migrator (CoreLocationMigrator.migrator)
		Migration Elapsed:01:01 seconds

[2026-09-22 22:25:51 +0000] Status=2, isTerminal=NO, Elapsed=01:07.
	Waiting on Data Migration
		Reason:Running plugin com.apple.locationd.migrator (CoreLocationMigrator.migrator)
		Migration Elapsed:01:02 seconds

[2026-09-22 22:25:52 +0000] Status=2, isTerminal=NO, Elapsed=01:08.
	Waiting on Data Migration
		Reason:Running plugin com.apple.locationd.migrator (CoreLocationMigrator.migrator)
		Migration Elapsed:01:03 seconds

[2026-09-22 22:25:53 +0000] Status=2, isTerminal=NO, Elapsed=01:09.
	Waiting on Data Migration
		Reason:Running plugin com.apple.locationd.migrator (CoreLocationMigrator.migrator)
		Migration Elapsed:01:04 seconds

[2026-09-22 22:25:54 +0000] Status=2, isTerminal=NO, Elapsed=01:10.
	Waiting on Data Migration
		Reason:Running plugin com.apple.locationd.migrator (CoreLocationMigrator.migrator)
		Migration Elapsed:01:05 seconds

[2026-09-22 22:25:55 +0000] Status=2, isTerminal=NO, Elapsed=01:11.
	Waiting on Data Migration
		Reason:Running plugin com.apple.locationd.migrator (CoreLocationMigrator.migrator)
		Migration Elapsed:01:06 seconds

[2026-09-22 22:25:56 +0000] Status=2, isTerminal=NO, Elapsed=01:12.
	Waiting on Data Migration
		Reason:Running plugin com.apple.locationd.migrator (CoreLocationMigrator.migrator)
		Migration Elapsed:01:07 seconds

[2026-09-22 22:25:57 +0000] Status=2, isTerminal=NO, Elapsed=01:13.
	Waiting on Data Migration
		Reason:Running plugin com.apple.locationd.migrator (CoreLocationMigrator.migrator)
		Migration Elapsed:01:08 seconds

[2026-09-22 22:25:58 +0000] Status=2, isTerminal=NO, Elapsed=01:14.
	Waiting on Data Migration
		Reason:Running plugin com.apple.locationd.migrator (CoreLocationMigrator.migrator)
		Migration Elapsed:01:09 seconds

[2026-09-22 22:25:59 +0000] Status=2, isTerminal=NO, Elapsed=01:15.
	Waiting on Data Migration
		Reason:Running plugin com.apple.locationd.migrator (CoreLocationMigrator.migrator)
		Migration Elapsed:01:10 seconds

[2026-09-22 22:26:00 +0000] Status=2, isTerminal=NO, Elapsed=01:16.
	Waiting on Data Migration
		Reason:Running plugin com.apple.locationd.migrator (CoreLocationMigrator.migrator)
		Migration Elapsed:01:11 seconds

[2026-09-22 22:26:01 +0000] Status=2, isTerminal=NO, Elapsed=01:17.
	Waiting on Data Migration
		Reason:Running plugin com.apple.locationd.migrator (CoreLocationMigrator.migrator)
		Migration Elapsed:01:12 seconds

[2026-09-22 22:26:02 +0000] Status=2, isTerminal=NO, Elapsed=01:18.
	Waiting on Data Migration
		Reason:Running plugin com.apple.locationd.migrator (CoreLocationMigrator.migrator)
		Migration Elapsed:01:13 seconds

[2026-09-22 22:26:03 +0000] Status=2, isTerminal=NO, Elapsed=01:19.
	Waiting on Data Migration
		Reason:Running plugin com.apple.locationd.migrator (CoreLocationMigrator.migrator)
		Migration Elapsed:01:14 seconds

[2026-09-22 22:26:04 +0000] Status=2, isTerminal=NO, Elapsed=01:20.
	Waiting on Data Migration
		Reason:Running plugin com.apple.locationd.migrator (CoreLocationMigrator.migrator)
		Migration Elapsed:01:15 seconds

[2026-09-22 22:26:05 +0000] Status=2, isTerminal=NO, Elapsed=01:21.
	Waiting on Data Migration
		Reason:Running plugin com.apple.locationd.migrator (CoreLocationMigrator.migrator)
		Migration Elapsed:01:16 seconds

[2026-09-22 22:26:06 +0000] Status=2, isTerminal=NO, Elapsed=01:22.
	Waiting on Data Migration
		Reason:Running plugin com.apple.locationd.migrator (CoreLocationMigrator.migrator)
		Migration Elapsed:01:17 seconds

[2026-09-22 22:26:07 +0000] Status=2, isTerminal=NO, Elapsed=01:23.
	Waiting on Data Migration
		Reason:Running plugin com.apple.locationd.migrator (CoreLocationMigrator.migrator)
		Migration Elapsed:01:18 seconds

[2026-09-22 22:26:08 +0000] Status=2, isTerminal=NO, Elapsed=01:24.
	Waiting on Data Migration
		Reason:Running plugin com.apple.locationd.migrator (CoreLocationMigrator.migrator)
		Migration Elapsed:01:19 seconds

[2026-09-22 22:26:09 +0000] Status=2, isTerminal=NO, Elapsed=01:25.
	Waiting on Data Migration
		Reason:Running plugin com.apple.locationd.migrator (CoreLocationMigrator.migrator)
		Migration Elapsed:01:20 seconds

[2026-09-22 22:26:10 +0000] Status=2, isTerminal=NO, Elapsed=01:26.
	Waiting on Data Migration
		Reason:Running plugin com.apple.locationd.migrator (CoreLocationMigrator.migrator)
		Migration Elapsed:01:21 seconds

[2026-09-22 22:26:11 +0000] Status=2, isTerminal=NO, Elapsed=01:27.
	Waiting on Data Migration
		Reason:Running plugin com.apple.locationd.migrator (CoreLocationMigrator.migrator)
		Migration Elapsed:01:22 seconds

[2026-09-22 22:26:12 +0000] Status=2, isTerminal=NO, Elapsed=01:28.
	Waiting on Data Migration
		Reason:Running plugin com.apple.locationd.migrator (CoreLocationMigrator.migrator)
		Migration Elapsed:01:23 seconds

[2026-09-22 22:26:13 +0000] Status=2, isTerminal=NO, Elapsed=01:29.
	Waiting on Data Migration
		Reason:Running plugin com.apple.locationd.migrator (CoreLocationMigrator.migrator)
		Migration Elapsed:01:24 seconds

[2026-09-22 22:26:14 +0000] Status=2, isTerminal=NO, Elapsed=01:30.
	Waiting on Data Migration
		Reason:Running plugin com.apple.locationd.migrator (CoreLocationMigrator.migrator)
		Migration Elapsed:01:25 seconds

[2026-09-22 22:26:15 +0000] Status=2, isTerminal=NO, Elapsed=01:31.
	Waiting on Data Migration
		Reason:Running plugin com.apple.locationd.migrator (CoreLocationMigrator.migrator)
		Migration Elapsed:01:26 seconds

[2026-09-22 22:26:16 +0000] Status=2, isTerminal=NO, Elapsed=01:32.
	Waiting on Data Migration
		Reason:Running plugin com.apple.managedconfiguration.mdm.migrator (MCMDM.migrator)
		Migration Elapsed:01:27 seconds

[2026-09-22 22:26:17 +0000] Status=2, isTerminal=NO, Elapsed=01:33.
	Waiting on Data Migration
		Reason:Running plugin com.apple.keyboards.uimigrator (KeyboardUIMigrator.migrator)
		Migration Elapsed:01:28 seconds

[2026-09-22 22:26:18 +0000] Status=4, isTerminal=NO, Elapsed=01:34.
	Waiting on System App

[2026-09-22 22:26:19 +0000] Status=4, isTerminal=NO, Elapsed=01:35.
	Waiting on System App

[2026-09-22 22:26:20 +0000] Status=4, isTerminal=NO, Elapsed=01:36.
	Waiting on System App

[2026-09-22 22:26:22 +0000] Status=4, isTerminal=NO, Elapsed=01:37.
	Waiting on System App

[2026-09-22 22:26:27 +0000] Status=4294967295, isTerminal=YES, Elapsed=01:43.
	Finished

