
Running 17 tests using 1 worker

(node:3039261) Warning: The 'NO_COLOR' env is ignored due to the 'FORCE_COLOR' env being set.
(Use `node --trace-warnings ...` to show where the warning was created)
  ✓   1 tests/browser/foundation.spec.ts:24:1 › Chromium owns compatible identities/vaults/bundles: real Node and Go positive and negative controls (2.1s)
  ✓   2 tests/browser/foundation.spec.ts:205:1 › encrypted IndexedDB persists, coordinates two pages, rejects corruption and preserves pins on failed admission (795ms)
  ✓   3 tests/browser/foundation.spec.ts:397:1 › lock during unlock cannot resurrect keys; missing authenticated state is not replaced with empty success (540ms)
  ✓   4 tests/browser/foundation.spec.ts:449:1 › real WebRTC transfers encrypted chunks and an offline author's reader seeds identical bytes to a new reader (9.0s)
  ✓   5 tests/browser/foundation.spec.ts:623:1 › WebRTC rejects a correctly framed corrupt bundle before storage and rejects admission failure without ACK (992ms)
  ✓   6 tests/browser/foundation.spec.ts:723:1 › identity recovery is compatible and cannot overwrite an existing profile; quota eviction retains pinned objects (337ms)
  ✘   7 tests/browser/native-transport.spec.ts:51:3 › browser WebRTC to browser WebSocket to real node daemon, reverse transfer and invitation revocation (2.2s)
(node:3040140) Warning: The 'NO_COLOR' env is ignored due to the 'FORCE_COLOR' env being set.
(Use `node --trace-warnings ...` to show where the warning was created)
  ✘   8 tests/browser/native-transport.spec.ts:51:3 › browser WebRTC to browser WebSocket to real native daemon, reverse transfer and invitation revocation (2.0s)
(node:3040397) Warning: The 'NO_COLOR' env is ignored due to the 'FORCE_COLOR' env being set.
(Use `node --trace-warnings ...` to show where the warning was created)
  ✓   9 tests/browser/native-transport.spec.ts:187:1 › private four-medium route WebRTC-WebSocket-TCP-serial, partition/heal and restarted browser seeder with author offline (10.1s)
  ✓  10 tests/browser/routing.spec.ts:83:1 › automatic A-B-C mesh: consent controls, own sends while paused, partition/heal and restarted reader takeover with author offline (6.6s)
  ✓  11 tests/browser/routing.spec.ts:211:1 › one network owner per profile and concurrent consent/preferences do not resurrect revoked relay (372ms)
  ✓  12 tests/browser/routing.spec.ts:269:1 › fragment scheduling preempts bulk with SOS, gives bulk a fair turn, and cancels relayed bytes without closing own traffic (2.9s)
  ✓  13 tests/browser/routing.spec.ts:475:1 › packet bounds reject expiry, hop loops and tampering; retained flood is bounded (100ms)
  ✓  14 tests/browser/routing.spec.ts:539:1 › low-power defers bulk on a live link, keeps SOS moving and never revives an expired queued packet (1.1s)
  ✓  15 tests/browser/routing.spec.ts:597:1 › browser routing packets cross real native TCP routers; native packet bytes verify in the browser and corruption never forwards (818ms)
  ✓  16 tests/browser/routing.spec.ts:745:1 › opaque packet corruption is rejected by the browser mesh before storage or forwarding, with valid controls on both sides (1.2s)
  ✓  17 tests/browser/routing.spec.ts:828:1 › managed relay revocation cancels an in-flight forwarded packet and keeps an authored SOS on that same open link (2.1s)


  1) tests/browser/native-transport.spec.ts:51:3 › browser WebRTC to browser WebSocket to real node daemon, reverse transfer and invitation revocation 

    Error: Please use browser.newContext()
     Please check out https://github.com/dequelabs/axe-core-npm/blob/develop/packages/playwright/error-handling.md

      112 |       await ui.getByRole("button", { name: "A rede", exact: true }).click();
      113 |       await expect(ui.getByText("WebSocket", { exact: true })).toBeVisible();
    > 114 |       const accessibility = await new AxeBuilder({ page: ui })
          |                             ^
      115 |         .withTags(["wcag2a", "wcag2aa", "wcag21aa"])
      116 |         .analyze();
      117 |       expect(accessibility.violations).toEqual([]);
        at AxeBuilder.analyze (/home/absint0o/projects/relayloom/node_modules/@axe-core/playwright/dist/index.mjs:218:13)
        at /home/absint0o/projects/relayloom/tests/browser/native-transport.spec.ts:114:29

    attachment #1: screenshot (image/png) ──────────────────────────────────────────────────────────
    test-results/native-transport-browser-W-e0c45-r-and-invitation-revocation/test-failed-1.png
    ────────────────────────────────────────────────────────────────────────────────────────────────

    attachment #2: screenshot (image/png) ──────────────────────────────────────────────────────────
    test-results/native-transport-browser-W-e0c45-r-and-invitation-revocation/test-failed-2.png
    ────────────────────────────────────────────────────────────────────────────────────────────────

    attachment #3: screenshot (image/png) ──────────────────────────────────────────────────────────
    test-results/native-transport-browser-W-e0c45-r-and-invitation-revocation/test-failed-3.png
    ────────────────────────────────────────────────────────────────────────────────────────────────

    Error Context: test-results/native-transport-browser-W-e0c45-r-and-invitation-revocation/error-context.md

    Error Context: test-results/native-transport-browser-W-e0c45-r-and-invitation-revocation/error-context.md

    attachment #6: trace (application/zip) ─────────────────────────────────────────────────────────
    test-results/native-transport-browser-W-e0c45-r-and-invitation-revocation/trace.zip
    Usage:

        npx playwright show-trace test-results/native-transport-browser-W-e0c45-r-and-invitation-revocation/trace.zip

    ────────────────────────────────────────────────────────────────────────────────────────────────

  2) tests/browser/native-transport.spec.ts:51:3 › browser WebRTC to browser WebSocket to real native daemon, reverse transfer and invitation revocation 

    Error: Please use browser.newContext()
     Please check out https://github.com/dequelabs/axe-core-npm/blob/develop/packages/playwright/error-handling.md

      112 |       await ui.getByRole("button", { name: "A rede", exact: true }).click();
      113 |       await expect(ui.getByText("WebSocket", { exact: true })).toBeVisible();
    > 114 |       const accessibility = await new AxeBuilder({ page: ui })
          |                             ^
      115 |         .withTags(["wcag2a", "wcag2aa", "wcag21aa"])
      116 |         .analyze();
      117 |       expect(accessibility.violations).toEqual([]);
        at AxeBuilder.analyze (/home/absint0o/projects/relayloom/node_modules/@axe-core/playwright/dist/index.mjs:218:13)
        at /home/absint0o/projects/relayloom/tests/browser/native-transport.spec.ts:114:29

    attachment #1: screenshot (image/png) ──────────────────────────────────────────────────────────
    test-results/native-transport-browser-W-4d658-r-and-invitation-revocation/test-failed-1.png
    ────────────────────────────────────────────────────────────────────────────────────────────────

    attachment #2: screenshot (image/png) ──────────────────────────────────────────────────────────
    test-results/native-transport-browser-W-4d658-r-and-invitation-revocation/test-failed-2.png
    ────────────────────────────────────────────────────────────────────────────────────────────────

    attachment #3: screenshot (image/png) ──────────────────────────────────────────────────────────
    test-results/native-transport-browser-W-4d658-r-and-invitation-revocation/test-failed-3.png
    ────────────────────────────────────────────────────────────────────────────────────────────────

    Error Context: test-results/native-transport-browser-W-4d658-r-and-invitation-revocation/error-context.md

    Error Context: test-results/native-transport-browser-W-4d658-r-and-invitation-revocation/error-context.md

    attachment #6: trace (application/zip) ─────────────────────────────────────────────────────────
    test-results/native-transport-browser-W-4d658-r-and-invitation-revocation/trace.zip
    Usage:

        npx playwright show-trace test-results/native-transport-browser-W-4d658-r-and-invitation-revocation/trace.zip

    ────────────────────────────────────────────────────────────────────────────────────────────────

  2 failed
    tests/browser/native-transport.spec.ts:51:3 › browser WebRTC to browser WebSocket to real node daemon, reverse transfer and invitation revocation 
    tests/browser/native-transport.spec.ts:51:3 › browser WebRTC to browser WebSocket to real native daemon, reverse transfer and invitation revocation 
  15 passed (45.9s)
