
Running 36 tests using 1 worker

(node:1095188) Warning: The 'NO_COLOR' env is ignored due to the 'FORCE_COLOR' env being set.
(Use `node --trace-warnings ...` to show where the warning was created)
  ✓   1 [webkit] › tests/browser/large-site-draft.spec.ts:14:1 › an allowed large site image saves through the UI and survives encrypted browser restart (20.8s)
  ✓   2 [webkit] › tests/browser/site-api.spec.ts:119:1 › browser site API retains stable address, exact replay and history across reopen; a missing head never falls back (1.2s)
  ✓   3 [webkit] › tests/browser/site-api.spec.ts:218:3 › v1 readable sites reject forged author, signature and payload; opaque private seeding confers no editing authority (1.2s)
  ✓   4 [webkit] › tests/browser/site-api.spec.ts:218:3 › v2 readable sites reject forged author, signature and payload; opaque private seeding confers no editing authority (1.0s)
  ✓   5 [webkit] › tests/browser/site-api.spec.ts:341:1 › storage exhaustion keeps exact authorized publication private and the offline application resumes after reopening (946ms)
  ✓   6 [webkit] › tests/browser/site-api.spec.ts:387:1 › concurrent recovered identities require explicit heads and retain both histories after conflict resolution (1.3s)
  ✓   7 [webkit] › tests/browser/site-catalog.spec.ts:22:1 › private profile transactions commit deletion and values together and close their handles (467ms)
  ✓   8 [webkit] › tests/browser/site-catalog.spec.ts:73:1 › caught failures, abandoned async calls and profile lock cannot partially commit a transaction (574ms)
  ✓   9 [webkit] › tests/browser/site-catalog.spec.ts:151:1 › browser catalog keeps preparation private and resumes the exact signed snapshot after reopening (778ms)
  ✓  10 [webkit] › tests/browser/site-catalog.spec.ts:221:1 › two browser profiles sharing a base can reserve only one publication (669ms)
  ✓  11 [webkit] › tests/browser/site-catalog.spec.ts:277:1 › expired browser preparations remain terminal, preserve counters and reject a stale session (951ms)
  ✓  12 [webkit] › tests/browser/site-catalog.spec.ts:370:1 › IndexedDB abort and corrupted private staging cannot leave partial site state or silently replace signed bytes (709ms)
  ✓  13 [webkit] › tests/browser/site-catalog.spec.ts:524:1 › private transactions enforce final quota while an atomic replacement fits at the storage boundary (1.9s)
  ✓  14 [webkit] › tests/browser/site-data-component.spec.ts:25:1 › standalone table component filters literal data, sorts, paginates and rejects active content without mutating the source (2.3s)
  ✓  15 [webkit] › tests/browser/site-data-editor.spec.ts:12:1 › table file import validates before replacement, preserves typed nulls, undoes changes and exports literal CSV safely (11.9s)
  ✓  16 [webkit] › tests/browser/site-data-editor.spec.ts:337:3 › table controls and import failures use en-GB while authored data retains its language (3.2s)
  ✓  17 [webkit] › tests/browser/site-data-editor.spec.ts:337:3 › table controls and import failures use es-ES while authored data retains its language (3.2s)
  ✓  18 [webkit] › tests/browser/site-data-editor.spec.ts:396:1 › real table editor types decimal cells, preserves drafts, publishes signed data and permits read-only queries after the author closes (14.6s)
  ✓  19 [webkit] › tests/browser/site-language.spec.ts:115:1 › three multilingual identities edit signed pages, preserve original text and seed to a new reader after author closes (30.6s)
  ✓  20 [webkit] › tests/browser/site-network.spec.ts:172:5 › version 1 sites cross RTC, WebSocket and TCP through node, heal a partition and survive with only a restarted reader (8.7s)
  ✓  21 [webkit] › tests/browser/site-network.spec.ts:172:5 › version 1 sites cross RTC, WebSocket and TCP through native, heal a partition and survive with only a restarted reader (8.1s)
  ✓  22 [webkit] › tests/browser/site-network.spec.ts:172:5 › version 2 sites cross RTC, WebSocket and TCP through node, heal a partition and survive with only a restarted reader (8.0s)
  ✓  23 [webkit] › tests/browser/site-network.spec.ts:172:5 › version 2 sites cross RTC, WebSocket and TCP through native, heal a partition and survive with only a restarted reader (8.0s)
  ✓  24 [webkit] › tests/browser/site-pages.spec.ts:65:1 › web users copy pages, reorder with keyboard, reopen encrypted drafts and read the signed result after the author closes (18.5s)
  ✓  25 [webkit] › tests/browser/site-publication.spec.ts:137:1 › real UI publishes public and private revisions, reads fixed history and restores original privacy without granting readers authorship (28.0s)
  ✓  26 [webkit] › tests/browser/site-publication.spec.ts:347:1 › two user-restored identities preserve a visible fork until the UI explicitly reviews and confirms all versions (14.5s)
  ✓  27 [webkit] › tests/browser/site-publication.spec.ts:452:1 › studio reports local validation, preserves the saved draft and keeps keyboard focus after saving (5.7s)
  ✓  28 [webkit] › tests/browser/site-publication.spec.ts:504:1 › lost worker publication response keeps the editor frozen and resumes the same version through the UI (24.8s)
  ✓  29 [webkit] › tests/browser/site-publication.spec.ts:600:1 › application waits for an owned closing lease and never takes a live profile from another tab (4.7s)
  ✓  30 [webkit] › tests/browser/site-publication.spec.ts:739:3 › publication and history controls work in en-GB and keep authored text across a language change (7.3s)
  ✓  31 [webkit] › tests/browser/site-publication.spec.ts:739:3 › publication and history controls work in es-ES and keep authored text across a language change (7.3s)
  ✓  32 [webkit] › tests/browser/site-revisions.spec.ts:70:1 › real browser, Node and Go agree on signed site snapshots while reading keys cannot edit them (2.8s)
  ✓  33 [webkit] › tests/browser/site-studio.spec.ts:77:1 › multipage studio saves encrypted draft, rejects executable imports and a consenting reader seeds it to a new browser after author closes (32.7s)
  ✓  34 [webkit] › tests/browser/site-studio.spec.ts:351:1 › studio keyboard navigation, nested drag, duplicate, reparent and page references stay editable on a narrow screen (5.1s)
  ✓  35 [webkit] › tests/browser/site-studio.spec.ts:425:1 › dense three-level compositions keep all controls inside their blocks and preserve contrast across palettes and app themes (12.0s)
  ✓  36 [webkit] › tests/browser/site-worker.spec.ts:26:1 › production worker publishes and recovers exact site requests, refuses forged snapshots and does not export signing helpers (2.6s)

  36 passed (5.0m)
