
Running 97 tests using 1 worker

(node:2993055) Warning: The 'NO_COLOR' env is ignored due to the 'FORCE_COLOR' env being set.
(Use `node --trace-warnings ...` to show where the warning was created)
  ✓   1 [webkit] › tests/browser/application-api.spec.ts:11:1 › application API preserves send identity, rejects corrupt retained acceptance, and validates event author/read scope (882ms)
  ✓   2 [webkit] › tests/browser/application.spec.ts:75:1 › autonomous Liquid Glass UI owns identity and offline outbox, connects through real RTC, receives signed confirmations and survives reload (16.9s)
  ✓   3 [webkit] › tests/browser/application.spec.ts:204:1 › autonomous social actions and safe signed site builder persist and remain viewable after author closes (19.2s)
  ✓   4 [webkit] › tests/browser/application.spec.ts:359:1 › production worker keeps private keys out of replies and recovers an applied send after the UI response is lost (24.6s)
  ✓   5 [webkit] › tests/browser/application.spec.ts:466:1 › a second tab cannot take ownership of a live application profile and an unknown or corrupt profile is never silently reset (5.7s)
  ✓   6 [webkit] › tests/browser/application.spec.ts:523:1 › cached application code and encrypted profile reopen when the static host is unavailable, without installing the PWA (5.2s)
  ✓   7 [webkit] › tests/browser/application.spec.ts:589:1 › corrupted cached worker is rejected offline and recovered only from verified available code (2.1s)
  ✓   8 [webkit] › tests/browser/connectivity.spec.ts:98:1 › both pending outboxes deliver after completing signalling; modes stay separate and diagnostics contain no secrets (15.7s)
  ✓   9 [webkit] › tests/browser/connectivity.spec.ts:242:1 › closing while a code is being generated releases the late pending peer (4.9s)
  ✓  10 [webkit] › tests/browser/contact-relay.spec.ts:121:1 › imported contact immediately appears once, survives reload and becomes the first real DM without a duplicate (7.7s)
  ✓  11 [webkit] › tests/browser/contact-relay.spec.ts:208:1 › relay consent through the UI gates a real A to B to C path and does not grant B private reading (45.0s)
  ✓  12 [webkit] › tests/browser/foundation.spec.ts:24:1 › Browser owns compatible identities/vaults/bundles: real Node and Go positive and negative controls (2.4s)
  ✓  13 [webkit] › tests/browser/foundation.spec.ts:205:1 › encrypted IndexedDB persists, coordinates two pages, rejects corruption and preserves pins on failed admission (1.3s)
  ✓  14 [webkit] › tests/browser/foundation.spec.ts:397:1 › lock during unlock cannot resurrect keys; missing authenticated state is not replaced with empty success (774ms)
  ✓  15 [webkit] › tests/browser/foundation.spec.ts:449:1 › real WebRTC transfers encrypted chunks and an offline author's reader seeds identical bytes to a new reader (3.0s)
  ✓  16 [webkit] › tests/browser/foundation.spec.ts:623:1 › WebRTC rejects a correctly framed corrupt bundle before storage and rejects admission failure without ACK (4.5s)
  ✓  17 [webkit] › tests/browser/foundation.spec.ts:723:1 › identity recovery is compatible and cannot overwrite an existing profile; quota eviction retains pinned objects (590ms)
  ✓  18 [webkit] › tests/browser/foundation.spec.ts:783:1 › browser application bundle/ledger commit is atomic, pending reservations survive eviction pressure and IDB abort preserves prior state (482ms)
  ✓  19 [webkit] › tests/browser/group-certificates.spec.ts:78:1 › browser identity and group authority refuse all small-order reference keys and noncanonical aliases (341ms)
  ✓  20 [webkit] › tests/browser/group-certificates.spec.ts:143:1 › browser, Node and Go verify shared group certificates, fresh consents, removal and strict signing ownership (1.1s)
  ✓  21 [webkit] › tests/browser/large-site-draft.spec.ts:14:1 › an allowed large site image saves through the UI and survives encrypted browser restart (19.2s)
  ✓  22 [webkit] › tests/browser/mobile-navigation.spec.ts:13:1 › a single touch activates compact sidebar destinations after an open conversation hides the dock (2.5s)
  ✓  23 [webkit] › tests/browser/native-transport.spec.ts:51:3 › browser WebRTC to browser WebSocket to real node daemon, reverse transfer and invitation revocation (5.4s)
  ✓  24 [webkit] › tests/browser/native-transport.spec.ts:51:3 › browser WebRTC to browser WebSocket to real native daemon, reverse transfer and invitation revocation (5.2s)
  ✓  25 [webkit] › tests/browser/native-transport.spec.ts:191:1 › private four-medium route WebRTC-WebSocket-TCP-serial, partition/heal and restarted browser seeder with author offline (11.4s)
  ✓  26 [webkit] › tests/browser/native-transport.spec.ts:419:1 › late native ACK cannot leave an orphan retry assembly or close an otherwise healthy WebSocket (4.6s)
  ✓  27 [webkit] › tests/browser/onboarding-language.spec.ts:13:1 › initial language, product guide and appearance work without altering identity form values (3.7s)
  ✓  28 [webkit] › tests/browser/onboarding-language.spec.ts:133:1 › English and Spanish identities exchange encrypted messages and files without translating authored text (14.6s)
  ✓  29 [webkit] › tests/browser/onboarding-language.spec.ts:365:1 › a blocked tab can change UI language while the owning identity remains intact (5.6s)
  ✓  30 [webkit] › tests/browser/onboarding-language.spec.ts:455:1 › unavailable preference storage and localized form validation never reset a profile (3.7s)
  ✓  31 [webkit] › tests/browser/onboarding-language.spec.ts:534:1 › saving one preference does not hide a different unsaved preference (1.7s)
  ✓  32 [webkit] › tests/browser/private-values.spec.ts:4:1 › private values larger than the metadata index survive restart without becoming peer inventory (815ms)
  ✓  33 [webkit] › tests/browser/private-values.spec.ts:51:1 › legacy embedded values migrate lazily and encrypted value rows remain outside peer access (952ms)
  ✓  34 [webkit] › tests/browser/private-values.spec.ts:206:1 › bundle and private-value mutations commit together, and corruption cannot silently reset a value (582ms)
  ✓  35 [webkit] › tests/browser/private-values.spec.ts:385:1 › private-value byte and total budgets reject excess without losing committed values (2.1s)
  ✓  36 [webkit] › tests/browser/private-values.spec.ts:443:1 › multiple private values share one commit and a concurrent writer cannot remove a reader's snapshot (463ms)
  ✓  37 [webkit] › tests/browser/routing.spec.ts:83:1 › automatic A-B-C mesh: consent controls, own sends while paused, partition/heal and restarted reader takeover with author offline (7.4s)
  ✓  38 [webkit] › tests/browser/routing.spec.ts:211:1 › one network owner per profile and concurrent consent/preferences do not resurrect revoked relay (791ms)
  ✓  39 [webkit] › tests/browser/routing.spec.ts:269:1 › fragment scheduling preempts bulk with SOS, gives bulk a fair turn, and cancels relayed bytes without closing own traffic (2.8s)
  ✓  40 [webkit] › tests/browser/routing.spec.ts:475:1 › packet bounds reject expiry, hop loops and tampering; retained flood is bounded (288ms)
  ✓  41 [webkit] › tests/browser/routing.spec.ts:539:1 › low-power defers bulk on a live link, keeps SOS moving and never revives an expired queued packet (2.9s)
  ✓  42 [webkit] › tests/browser/routing.spec.ts:597:1 › browser routing packets cross real native TCP routers; native packet bytes verify in the browser and corruption never forwards (981ms)
  ✓  43 [webkit] › tests/browser/routing.spec.ts:745:1 › opaque packet corruption is rejected by the browser mesh before storage or forwarding, with valid controls on both sides (2.6s)
  ✓  44 [webkit] › tests/browser/routing.spec.ts:830:1 › managed relay revocation cancels an in-flight forwarded packet and keeps an authored SOS on that same open link (3.2s)
  ✓  45 [webkit] › tests/browser/site-api.spec.ts:119:1 › browser site API retains stable address, exact replay and history across reopen; a missing head never falls back (1.1s)
  ✓  46 [webkit] › tests/browser/site-api.spec.ts:218:3 › v1 readable sites reject forged author, signature and payload; opaque private seeding confers no editing authority (1.0s)
  ✓  47 [webkit] › tests/browser/site-api.spec.ts:218:3 › v2 readable sites reject forged author, signature and payload; opaque private seeding confers no editing authority (1.0s)
  ✓  48 [webkit] › tests/browser/site-api.spec.ts:341:1 › storage exhaustion keeps exact authorized publication private and the offline application resumes after reopening (922ms)
  ✓  49 [webkit] › tests/browser/site-api.spec.ts:387:1 › concurrent recovered identities require explicit heads and retain both histories after conflict resolution (1.3s)
  ✓  50 [webkit] › tests/browser/site-catalog.spec.ts:22:1 › private profile transactions commit deletion and values together and close their handles (449ms)
  ✓  51 [webkit] › tests/browser/site-catalog.spec.ts:73:1 › caught failures, abandoned async calls and profile lock cannot partially commit a transaction (580ms)
  ✓  52 [webkit] › tests/browser/site-catalog.spec.ts:151:1 › browser catalog keeps preparation private and resumes the exact signed snapshot after reopening (738ms)
  ✓  53 [webkit] › tests/browser/site-catalog.spec.ts:221:1 › two browser profiles sharing a base can reserve only one publication (653ms)
  ✓  54 [webkit] › tests/browser/site-catalog.spec.ts:277:1 › expired browser preparations remain terminal, preserve counters and reject a stale session (947ms)
  ✓  55 [webkit] › tests/browser/site-catalog.spec.ts:370:1 › IndexedDB abort and corrupted private staging cannot leave partial site state or silently replace signed bytes (727ms)
  ✓  56 [webkit] › tests/browser/site-catalog.spec.ts:524:1 › private transactions enforce final quota while an atomic replacement fits at the storage boundary (1.8s)
  ✓  57 [webkit] › tests/browser/site-data-component.spec.ts:25:1 › standalone table component filters literal data, sorts, paginates and rejects active content without mutating the source (2.3s)
  ✓  58 [webkit] › tests/browser/site-data-editor.spec.ts:12:1 › table file import validates before replacement, preserves typed nulls, undoes changes and exports literal CSV safely (10.9s)
  ✓  59 [webkit] › tests/browser/site-data-editor.spec.ts:337:3 › table controls and import failures use en-GB while authored data retains its language (2.9s)
  ✓  60 [webkit] › tests/browser/site-data-editor.spec.ts:337:3 › table controls and import failures use es-ES while authored data retains its language (2.9s)
  ✓  61 [webkit] › tests/browser/site-data-editor.spec.ts:396:1 › real table editor types decimal cells, preserves drafts, publishes signed data and permits read-only queries after the author closes (14.4s)
  ✓  62 [webkit] › tests/browser/site-language.spec.ts:115:1 › three multilingual identities edit signed pages, preserve original text and seed to a new reader after author closes (25.7s)
  ✓  63 [webkit] › tests/browser/site-network.spec.ts:172:5 › version 1 sites cross RTC, WebSocket and TCP through node, heal a partition and survive with only a restarted reader (7.8s)
  ✓  64 [webkit] › tests/browser/site-network.spec.ts:172:5 › version 1 sites cross RTC, WebSocket and TCP through native, heal a partition and survive with only a restarted reader (7.6s)
  ✓  65 [webkit] › tests/browser/site-network.spec.ts:172:5 › version 2 sites cross RTC, WebSocket and TCP through node, heal a partition and survive with only a restarted reader (8.2s)
  ✓  66 [webkit] › tests/browser/site-network.spec.ts:172:5 › version 2 sites cross RTC, WebSocket and TCP through native, heal a partition and survive with only a restarted reader (8.0s)
  ✓  67 [webkit] › tests/browser/site-pages.spec.ts:65:1 › web users copy pages, reorder with keyboard, reopen encrypted drafts and read the signed result after the author closes (16.0s)
  ✓  68 [webkit] › tests/browser/site-publication.spec.ts:137:1 › real UI publishes public and private revisions, reads fixed history and restores original privacy without granting readers authorship (27.2s)
  ✓  69 [webkit] › tests/browser/site-publication.spec.ts:347:1 › two user-restored identities preserve a visible fork until the UI explicitly reviews and confirms all versions (13.3s)
  ✓  70 [webkit] › tests/browser/site-publication.spec.ts:452:1 › studio reports local validation, preserves the saved draft and keeps keyboard focus after saving (5.4s)
  ✓  71 [webkit] › tests/browser/site-publication.spec.ts:504:1 › lost worker publication response keeps the editor frozen and resumes the same version through the UI (24.5s)
  ✓  72 [webkit] › tests/browser/site-publication.spec.ts:600:1 › application waits for an owned closing lease and never takes a live profile from another tab (4.5s)
  ✓  73 [webkit] › tests/browser/site-publication.spec.ts:739:3 › publication and history controls work in en-GB and keep authored text across a language change (7.1s)
  ✓  74 [webkit] › tests/browser/site-publication.spec.ts:739:3 › publication and history controls work in es-ES and keep authored text across a language change (7.1s)
  ✓  75 [webkit] › tests/browser/site-resource-api.spec.ts:12:1 › browser application creates resources once, keeps copy failures recoverable and checks blocking in the actual copy transaction (7.2s)
  ✓  76 [webkit] › tests/browser/site-resource-api.spec.ts:204:1 › browser application leaves a failed read-back pending and recovers its exact signature after reopening (618ms)
  ✓  77 [webkit] › tests/browser/site-resource-api.spec.ts:281:1 › expired browser resource intent keeps its result and requires a new explicit creation (5.0s)
  ✓  78 [webkit] › tests/browser/site-resource-catalog.spec.ts:11:1 › browser resource creation keeps its signature private until durable preparation, reopens and recovers one exact result (605ms)
  ✓  79 [webkit] › tests/browser/site-resource-catalog.spec.ts:116:1 › locking during resource signing aborts the private transaction and invalidates its old catalogue (589ms)
  ✓  80 [webkit] › tests/browser/site-resource-languages.spec.ts:68:3 › resource library works in en-GB on a compact dark reduced-motion interface without translating authored filenames (5.5s)
  ✓  81 [webkit] › tests/browser/site-resource-languages.spec.ts:68:3 › resource library works in es-ES on a compact dark reduced-motion interface without translating authored filenames (5.6s)
  ✓  82 [webkit] › tests/browser/site-resource-network.spec.ts:97:1 › browser resource admission rejects readable malformed bodies, preserves opaque seeding and keeps summaries distinct from full data (1.5s)
  ✓  83 [webkit] › tests/browser/site-resource-network.spec.ts:221:3 › optional data crosses RTC and WS through node only on request and a restarted browser seeds it after author shutdown (19.3s)
  ✓  84 [webkit] › tests/browser/site-resource-network.spec.ts:221:3 › optional data crosses RTC and WS through native only on request and a restarted browser seeds it after author shutdown (19.0s)
  ✓  85 [webkit] › tests/browser/site-resource-recovery-ui.spec.ts:15:3 › resource UI recovers a lost reply with one operation identity and no silent duplicate (24.9s)
  ✓  86 [webkit] › tests/browser/site-resource-recovery-ui.spec.ts:15:3 › resource UI recovers a lost request with one operation identity and no silent duplicate (24.8s)
  ✓  87 [webkit] › tests/browser/site-resource-reference.spec.ts:12:1 › browser signed-page resource API separates inspection from obtaining bytes and preserves third-party authorship (1.7s)
  ✓  88 [webkit] › tests/browser/site-resource-reference.spec.ts:341:1 › browser resource inspection rejects corrupted IndexedDB bytes and never returns an expired file (8.6s)
  ✓  89 [webkit] › tests/browser/site-resources-ui.spec.ts:11:1 › resource library builds a private table through the UI and prevents accidental public publication (8.2s)
  ✓  90 [webkit] › tests/browser/site-resources-ui.spec.ts:267:1 › three accounts create, publish and retrieve optional files entirely through the UI; a restarted reader seeds after the author closes (25.8s)
  ✓  91 [webkit] › tests/browser/site-revisions.spec.ts:70:1 › real browser, Node and Go agree on signed site snapshots while reading keys cannot edit them (2.1s)
  ✓  92 [webkit] › tests/browser/site-studio.spec.ts:77:1 › multipage studio saves encrypted draft, rejects executable imports and a consenting reader seeds it to a new browser after author closes (33.3s)
  ✓  93 [webkit] › tests/browser/site-studio.spec.ts:351:1 › studio keyboard navigation, nested drag, duplicate, reparent and page references stay editable on a narrow screen (5.4s)
  ✓  94 [webkit] › tests/browser/site-studio.spec.ts:425:1 › dense three-level compositions keep all controls inside their blocks and preserve contrast across palettes and app themes (12.1s)
  ✓  95 [webkit] › tests/browser/site-worker.spec.ts:26:1 › production worker publishes and recovers exact site requests, refuses forged snapshots and does not export signing helpers (2.6s)
  ✓  96 [webkit] › tests/browser/x25519.spec.ts:5:1 › portable curves match RFC 7748, reject invalid reading keys and work when native curve operations fail (746ms)
  ✓  97 [webkit] › tests/browser/x25519.spec.ts:137:1 › identity lifecycle remains valid across 512 generated and reimported signing/reading key pairs (1.8s)

  97 passed (11.6m)
