
Running 97 tests using 1 worker

(node:2831272) Warning: The 'NO_COLOR' env is ignored due to the 'FORCE_COLOR' env being set.
(Use `node --trace-warnings ...` to show where the warning was created)
  ✓   1 [chromium] › tests/browser/application-api.spec.ts:11:1 › application API preserves send identity, rejects corrupt retained acceptance, and validates event author/read scope (628ms)
  ✓   2 [chromium] › tests/browser/application.spec.ts:75:1 › autonomous Liquid Glass UI owns identity and offline outbox, connects through real RTC, receives signed confirmations and survives reload (10.6s)
  ✓   3 [chromium] › tests/browser/application.spec.ts:204:1 › autonomous social actions and safe signed site builder persist and remain viewable after author closes (15.9s)
  ✓   4 [chromium] › tests/browser/application.spec.ts:359:1 › production worker keeps private keys out of replies and recovers an applied send after the UI response is lost (22.8s)
  ✓   5 [chromium] › tests/browser/application.spec.ts:466:1 › a second tab cannot take ownership of a live application profile and an unknown or corrupt profile is never silently reset (4.3s)
  ✓   6 [chromium] › tests/browser/application.spec.ts:523:1 › cached application code and encrypted profile reopen when the static host is unavailable, without installing the PWA (4.1s)
  ✓   7 [chromium] › tests/browser/application.spec.ts:589:1 › corrupted cached worker is rejected offline and recovered only from verified available code (1.4s)
  ✓   8 [chromium] › tests/browser/connectivity.spec.ts:98:1 › both pending outboxes deliver after completing signalling; modes stay separate and diagnostics contain no secrets (13.4s)
  ✓   9 [chromium] › tests/browser/connectivity.spec.ts:242:1 › closing while a code is being generated releases the late pending peer (5.3s)
  ✓  10 [chromium] › tests/browser/contact-relay.spec.ts:121:1 › imported contact immediately appears once, survives reload and becomes the first real DM without a duplicate (5.3s)
  ✓  11 [chromium] › tests/browser/contact-relay.spec.ts:208:1 › relay consent through the UI gates a real A to B to C path and does not grant B private reading (32.8s)
  ✓  12 [chromium] › tests/browser/foundation.spec.ts:24:1 › Browser owns compatible identities/vaults/bundles: real Node and Go positive and negative controls (3.0s)
  ✓  13 [chromium] › tests/browser/foundation.spec.ts:205:1 › encrypted IndexedDB persists, coordinates two pages, rejects corruption and preserves pins on failed admission (962ms)
  ✓  14 [chromium] › tests/browser/foundation.spec.ts:397:1 › lock during unlock cannot resurrect keys; missing authenticated state is not replaced with empty success (623ms)
  ✓  15 [chromium] › tests/browser/foundation.spec.ts:449:1 › real WebRTC transfers encrypted chunks and an offline author's reader seeds identical bytes to a new reader (9.3s)
  ✓  16 [chromium] › tests/browser/foundation.spec.ts:623:1 › WebRTC rejects a correctly framed corrupt bundle before storage and rejects admission failure without ACK (1.3s)
  ✓  17 [chromium] › tests/browser/foundation.spec.ts:723:1 › identity recovery is compatible and cannot overwrite an existing profile; quota eviction retains pinned objects (403ms)
  ✓  18 [chromium] › tests/browser/foundation.spec.ts:783:1 › browser application bundle/ledger commit is atomic, pending reservations survive eviction pressure and IDB abort preserves prior state (276ms)
  ✓  19 [chromium] › tests/browser/group-certificates.spec.ts:78:1 › browser identity and group authority refuse all small-order reference keys and noncanonical aliases (233ms)
  ✓  20 [chromium] › tests/browser/group-certificates.spec.ts:143:1 › browser, Node and Go verify shared group certificates, fresh consents, removal and strict signing ownership (2.3s)
  ✓  21 [chromium] › tests/browser/large-site-draft.spec.ts:14:1 › an allowed large site image saves through the UI and survives encrypted browser restart (7.0s)
  ✓  22 [chromium] › tests/browser/mobile-navigation.spec.ts:13:1 › a single touch activates compact sidebar destinations after an open conversation hides the dock (1.9s)
  ✓  23 [chromium] › tests/browser/native-transport.spec.ts:51:3 › browser WebRTC to browser WebSocket to real node daemon, reverse transfer and invitation revocation (3.6s)
  ✓  24 [chromium] › tests/browser/native-transport.spec.ts:51:3 › browser WebRTC to browser WebSocket to real native daemon, reverse transfer and invitation revocation (3.6s)
  ✓  25 [chromium] › tests/browser/native-transport.spec.ts:191:1 › private four-medium route WebRTC-WebSocket-TCP-serial, partition/heal and restarted browser seeder with author offline (11.5s)
  ✓  26 [chromium] › tests/browser/native-transport.spec.ts:419:1 › late native ACK cannot leave an orphan retry assembly or close an otherwise healthy WebSocket (4.6s)
  ✓  27 [chromium] › tests/browser/onboarding-language.spec.ts:13:1 › initial language, product guide and appearance work without altering identity form values (2.2s)
  ✓  28 [chromium] › tests/browser/onboarding-language.spec.ts:133:1 › English and Spanish identities exchange encrypted messages and files without translating authored text (10.1s)
  ✓  29 [chromium] › tests/browser/onboarding-language.spec.ts:365:1 › a blocked tab can change UI language while the owning identity remains intact (4.0s)
  ✓  30 [chromium] › tests/browser/onboarding-language.spec.ts:455:1 › unavailable preference storage and localized form validation never reset a profile (1.6s)
  ✓  31 [chromium] › tests/browser/onboarding-language.spec.ts:534:1 › saving one preference does not hide a different unsaved preference (927ms)
  ✓  32 [chromium] › tests/browser/private-values.spec.ts:4:1 › private values larger than the metadata index survive restart without becoming peer inventory (1.1s)
  ✓  33 [chromium] › tests/browser/private-values.spec.ts:51:1 › legacy embedded values migrate lazily and encrypted value rows remain outside peer access (1.0s)
  ✓  34 [chromium] › tests/browser/private-values.spec.ts:206:1 › bundle and private-value mutations commit together, and corruption cannot silently reset a value (423ms)
  ✓  35 [chromium] › tests/browser/private-values.spec.ts:385:1 › private-value byte and total budgets reject excess without losing committed values (4.0s)
  ✓  36 [chromium] › tests/browser/private-values.spec.ts:443:1 › multiple private values share one commit and a concurrent writer cannot remove a reader's snapshot (343ms)
  ✓  37 [chromium] › tests/browser/routing.spec.ts:83:1 › automatic A-B-C mesh: consent controls, own sends while paused, partition/heal and restarted reader takeover with author offline (7.2s)
  ✓  38 [chromium] › tests/browser/routing.spec.ts:211:1 › one network owner per profile and concurrent consent/preferences do not resurrect revoked relay (539ms)
  ✓  39 [chromium] › tests/browser/routing.spec.ts:269:1 › fragment scheduling preempts bulk with SOS, gives bulk a fair turn, and cancels relayed bytes without closing own traffic (3.2s)
  ✓  40 [chromium] › tests/browser/routing.spec.ts:475:1 › packet bounds reject expiry, hop loops and tampering; retained flood is bounded (154ms)
  ✓  41 [chromium] › tests/browser/routing.spec.ts:539:1 › low-power defers bulk on a live link, keeps SOS moving and never revives an expired queued packet (1.6s)
  ✓  42 [chromium] › tests/browser/routing.spec.ts:597:1 › browser routing packets cross real native TCP routers; native packet bytes verify in the browser and corruption never forwards (812ms)
  ✓  43 [chromium] › tests/browser/routing.spec.ts:745:1 › opaque packet corruption is rejected by the browser mesh before storage or forwarding, with valid controls on both sides (1.4s)
  ✓  44 [chromium] › tests/browser/routing.spec.ts:830:1 › managed relay revocation cancels an in-flight forwarded packet and keeps an authored SOS on that same open link (2.3s)
  ✓  45 [chromium] › tests/browser/site-api.spec.ts:119:1 › browser site API retains stable address, exact replay and history across reopen; a missing head never falls back (869ms)
  ✓  46 [chromium] › tests/browser/site-api.spec.ts:218:3 › v1 readable sites reject forged author, signature and payload; opaque private seeding confers no editing authority (814ms)
  ✓  47 [chromium] › tests/browser/site-api.spec.ts:218:3 › v2 readable sites reject forged author, signature and payload; opaque private seeding confers no editing authority (893ms)
  ✓  48 [chromium] › tests/browser/site-api.spec.ts:341:1 › storage exhaustion keeps exact authorized publication private and the offline application resumes after reopening (718ms)
  ✓  49 [chromium] › tests/browser/site-api.spec.ts:387:1 › concurrent recovered identities require explicit heads and retain both histories after conflict resolution (1.0s)
  ✓  50 [chromium] › tests/browser/site-catalog.spec.ts:22:1 › private profile transactions commit deletion and values together and close their handles (294ms)
  ✓  51 [chromium] › tests/browser/site-catalog.spec.ts:73:1 › caught failures, abandoned async calls and profile lock cannot partially commit a transaction (407ms)
  ✓  52 [chromium] › tests/browser/site-catalog.spec.ts:151:1 › browser catalog keeps preparation private and resumes the exact signed snapshot after reopening (542ms)
  ✓  53 [chromium] › tests/browser/site-catalog.spec.ts:221:1 › two browser profiles sharing a base can reserve only one publication (448ms)
  ✓  54 [chromium] › tests/browser/site-catalog.spec.ts:277:1 › expired browser preparations remain terminal, preserve counters and reject a stale session (732ms)
  ✓  55 [chromium] › tests/browser/site-catalog.spec.ts:370:1 › IndexedDB abort and corrupted private staging cannot leave partial site state or silently replace signed bytes (509ms)
  ✓  56 [chromium] › tests/browser/site-catalog.spec.ts:524:1 › private transactions enforce final quota while an atomic replacement fits at the storage boundary (3.0s)
  ✓  57 [chromium] › tests/browser/site-data-component.spec.ts:25:1 › standalone table component filters literal data, sorts, paginates and rejects active content without mutating the source (1.6s)
  ✓  58 [chromium] › tests/browser/site-data-editor.spec.ts:12:1 › table file import validates before replacement, preserves typed nulls, undoes changes and exports literal CSV safely (7.3s)
  ✓  59 [chromium] › tests/browser/site-data-editor.spec.ts:337:3 › table controls and import failures use en-GB while authored data retains its language (1.8s)
  ✓  60 [chromium] › tests/browser/site-data-editor.spec.ts:337:3 › table controls and import failures use es-ES while authored data retains its language (1.8s)
  ✓  61 [chromium] › tests/browser/site-data-editor.spec.ts:396:1 › real table editor types decimal cells, preserves drafts, publishes signed data and permits read-only queries after the author closes (8.4s)
  ✓  62 [chromium] › tests/browser/site-language.spec.ts:115:1 › three multilingual identities edit signed pages, preserve original text and seed to a new reader after author closes (19.2s)
  ✓  63 [chromium] › tests/browser/site-network.spec.ts:172:5 › version 1 sites cross RTC, WebSocket and TCP through node, heal a partition and survive with only a restarted reader (5.6s)
  ✓  64 [chromium] › tests/browser/site-network.spec.ts:172:5 › version 1 sites cross RTC, WebSocket and TCP through native, heal a partition and survive with only a restarted reader (5.4s)
  ✓  65 [chromium] › tests/browser/site-network.spec.ts:172:5 › version 2 sites cross RTC, WebSocket and TCP through node, heal a partition and survive with only a restarted reader (5.8s)
  ✓  66 [chromium] › tests/browser/site-network.spec.ts:172:5 › version 2 sites cross RTC, WebSocket and TCP through native, heal a partition and survive with only a restarted reader (5.6s)
  ✓  67 [chromium] › tests/browser/site-pages.spec.ts:65:1 › web users copy pages, reorder with keyboard, reopen encrypted drafts and read the signed result after the author closes (13.0s)
  ✓  68 [chromium] › tests/browser/site-publication.spec.ts:137:1 › real UI publishes public and private revisions, reads fixed history and restores original privacy without granting readers authorship (21.3s)
  ✓  69 [chromium] › tests/browser/site-publication.spec.ts:347:1 › two user-restored identities preserve a visible fork until the UI explicitly reviews and confirms all versions (8.4s)
  ✓  70 [chromium] › tests/browser/site-publication.spec.ts:452:1 › studio reports local validation, preserves the saved draft and keeps keyboard focus after saving (4.0s)
  ✓  71 [chromium] › tests/browser/site-publication.spec.ts:504:1 › lost worker publication response keeps the editor frozen and resumes the same version through the UI (23.2s)
  ✓  72 [chromium] › tests/browser/site-publication.spec.ts:600:1 › application waits for an owned closing lease and never takes a live profile from another tab (3.4s)
  ✓  73 [chromium] › tests/browser/site-publication.spec.ts:739:3 › publication and history controls work in en-GB and keep authored text across a language change (3.9s)
  ✓  74 [chromium] › tests/browser/site-publication.spec.ts:739:3 › publication and history controls work in es-ES and keep authored text across a language change (3.9s)
  ✓  75 [chromium] › tests/browser/site-resource-api.spec.ts:12:1 › browser application creates resources once, keeps copy failures recoverable and checks blocking in the actual copy transaction (14.9s)
  ✓  76 [chromium] › tests/browser/site-resource-api.spec.ts:204:1 › browser application leaves a failed read-back pending and recovers its exact signature after reopening (423ms)
  ✓  77 [chromium] › tests/browser/site-resource-api.spec.ts:281:1 › expired browser resource intent keeps its result and requires a new explicit creation (5.3s)
  ✓  78 [chromium] › tests/browser/site-resource-catalog.spec.ts:11:1 › browser resource creation keeps its signature private until durable preparation, reopens and recovers one exact result (430ms)
  ✓  79 [chromium] › tests/browser/site-resource-catalog.spec.ts:116:1 › locking during resource signing aborts the private transaction and invalidates its old catalogue (378ms)
  ✓  80 [chromium] › tests/browser/site-resource-languages.spec.ts:68:3 › resource library works in en-GB on a compact dark reduced-motion interface without translating authored filenames (3.0s)
  ✓  81 [chromium] › tests/browser/site-resource-languages.spec.ts:68:3 › resource library works in es-ES on a compact dark reduced-motion interface without translating authored filenames (3.1s)
  ✓  82 [chromium] › tests/browser/site-resource-network.spec.ts:97:1 › browser resource admission rejects readable malformed bodies, preserves opaque seeding and keeps summaries distinct from full data (927ms)
  ✓  83 [chromium] › tests/browser/site-resource-network.spec.ts:221:3 › optional data crosses RTC and WS through node only on request and a restarted browser seeds it after author shutdown (17.4s)
  ✓  84 [chromium] › tests/browser/site-resource-network.spec.ts:221:3 › optional data crosses RTC and WS through native only on request and a restarted browser seeds it after author shutdown (17.3s)
  ✓  85 [chromium] › tests/browser/site-resource-recovery-ui.spec.ts:15:3 › resource UI recovers a lost reply with one operation identity and no silent duplicate (23.7s)
  ✓  86 [chromium] › tests/browser/site-resource-recovery-ui.spec.ts:15:3 › resource UI recovers a lost request with one operation identity and no silent duplicate (23.7s)
  ✓  87 [chromium] › tests/browser/site-resource-reference.spec.ts:12:1 › browser signed-page resource API separates inspection from obtaining bytes and preserves third-party authorship (1.3s)
  ✓  88 [chromium] › tests/browser/site-resource-reference.spec.ts:341:1 › browser resource inspection rejects corrupted IndexedDB bytes and never returns an expired file (8.3s)
  ✓  89 [chromium] › tests/browser/site-resources-ui.spec.ts:11:1 › resource library builds a private table through the UI and prevents accidental public publication (6.2s)
  ✓  90 [chromium] › tests/browser/site-resources-ui.spec.ts:267:1 › three accounts create, publish and retrieve optional files entirely through the UI; a restarted reader seeds after the author closes (21.5s)
  ✓  91 [chromium] › tests/browser/site-revisions.spec.ts:70:1 › real browser, Node and Go agree on signed site snapshots while reading keys cannot edit them (1.1s)
  ✓  92 [chromium] › tests/browser/site-studio.spec.ts:77:1 › multipage studio saves encrypted draft, rejects executable imports and a consenting reader seeds it to a new browser after author closes (25.0s)
  ✓  93 [chromium] › tests/browser/site-studio.spec.ts:351:1 › studio keyboard navigation, nested drag, duplicate, reparent and page references stay editable on a narrow screen (3.2s)
  ✓  94 [chromium] › tests/browser/site-studio.spec.ts:425:1 › dense three-level compositions keep all controls inside their blocks and preserve contrast across palettes and app themes (9.2s)
  ✓  95 [chromium] › tests/browser/site-worker.spec.ts:26:1 › production worker publishes and recovers exact site requests, refuses forged snapshots and does not export signing helpers (1.4s)
  ✓  96 [chromium] › tests/browser/x25519.spec.ts:5:1 › portable curves match RFC 7748, reject invalid reading keys and work when native curve operations fail (393ms)
  ✓  97 [chromium] › tests/browser/x25519.spec.ts:137:1 › identity lifecycle remains valid across 512 generated and reimported signing/reading key pairs (1.3s)

  97 passed (9.3m)
