vite v7.3.6 building client environment for production...
transforming...
✓ 1842 modules transformed.
rendering chunks...
computing gzip size...
../../dist/web/assets/manifest-BWKlX33v.webmanifest         0.32 kB
../../dist/web/index.html                                   0.81 kB │ gzip:   0.40 kB
../../dist/web/browser/index.html                           1.17 kB │ gzip:   0.57 kB
../../dist/web/browser/worker-DGzCVFVM.js                 165.92 kB
../../dist/web/assets/editor-TdZUp6iQ.css                   2.66 kB │ gzip:   0.85 kB
../../dist/web/assets/main-DEi_Xkk3.css                    13.87 kB │ gzip:   3.10 kB
../../dist/web/assets/history-B3rv72uM.css                 24.83 kB │ gzip:   5.31 kB
../../dist/web/assets/peers-CBwbv1q3.css                   61.71 kB │ gzip:  12.98 kB
../../dist/web/assets/modulepreload-polyfill-B5Qt9EMX.js    0.71 kB │ gzip:   0.40 kB
../../dist/web/assets/visit-Dz0KwbwP.js                     3.55 kB │ gzip:   1.61 kB
../../dist/web/assets/editor-DiEbHUir.js                   62.35 kB │ gzip:  19.10 kB
../../dist/web/assets/browser-Bhx94Yq3.js                  68.34 kB │ gzip:  23.21 kB
../../dist/web/assets/history-CYVKkcHZ.js                 141.82 kB │ gzip:  44.86 kB
../../dist/web/assets/main-Cgd8TdgG.js                    148.70 kB │ gzip:  45.59 kB
../../dist/web/assets/peers-DpIdsB1o.js                   410.48 kB │ gzip: 132.21 kB
✓ built in 2.88s
