
Running 89 tests using 1 worker

(node:4140468) Warning: The 'NO_COLOR' env is ignored due to the 'FORCE_COLOR' env being set.
(Use `node --trace-warnings ...` to show where the warning was created)
  ✓   1 [webkit] › tests/browser/application.spec.ts:75:1 › autonomous Liquid Glass UI owns identity and offline outbox, connects through real RTC, receives signed confirmations and survives reload (11.2s)
  ✓   2 [webkit] › tests/browser/application.spec.ts:204:1 › autonomous social actions and safe signed site builder persist and remain viewable after author closes (17.2s)
  ✓   3 [webkit] › tests/browser/application.spec.ts:359:1 › production worker keeps private keys out of replies and recovers an applied send after the UI response is lost (24.5s)
  ✓   4 [webkit] › tests/browser/application.spec.ts:466:1 › a second tab cannot take ownership of a live application profile and an unknown or corrupt profile is never silently reset (5.6s)
  ✓   5 [webkit] › tests/browser/application.spec.ts:523:1 › cached application code and encrypted profile reopen when the static host is unavailable, without installing the PWA (5.1s)
  ✓   6 [webkit] › tests/browser/application.spec.ts:589:1 › corrupted cached worker is rejected offline and recovered only from verified available code (2.1s)
  ✓   7 [webkit] › tests/browser/contact-relay.spec.ts:121:1 › imported contact immediately appears once, survives reload and becomes the first real DM without a duplicate (7.6s)
  ✓   8 [webkit] › tests/browser/contact-relay.spec.ts:208:1 › relay consent through the UI gates a real A to B to C path and does not grant B private reading (44.7s)
  ✓   9 [webkit] › tests/browser/core-fixed-envelope.spec.ts:15:1 › actual browser preserves saved envelope times, verifies Node bytes and refuses expired live admission (326ms)
  ✓  10 [webkit] › tests/browser/foundation.spec.ts:24:1 › Browser owns compatible identities/vaults/bundles: real Node and Go positive and negative controls (2.2s)
  ✓  11 [webkit] › tests/browser/foundation.spec.ts:205:1 › encrypted IndexedDB persists, coordinates two pages, rejects corruption and preserves pins on failed admission (1.2s)
  ✓  12 [webkit] › tests/browser/foundation.spec.ts:397:1 › lock during unlock cannot resurrect keys; missing authenticated state is not replaced with empty success (741ms)
  ✓  13 [webkit] › tests/browser/foundation.spec.ts:449:1 › real WebRTC transfers encrypted chunks and an offline author's reader seeds identical bytes to a new reader (2.9s)
  ✓  14 [webkit] › tests/browser/foundation.spec.ts:623:1 › WebRTC rejects a correctly framed corrupt bundle before storage and rejects admission failure without ACK (4.5s)
  ✓  15 [webkit] › tests/browser/foundation.spec.ts:723:1 › identity recovery is compatible and cannot overwrite an existing profile; quota eviction retains pinned objects (574ms)
  ✓  16 [webkit] › tests/browser/foundation.spec.ts:783:1 › browser application bundle/ledger commit is atomic, pending reservations survive eviction pressure and IDB abort preserves prior state (446ms)
  ✓  17 [webkit] › tests/browser/native-transport.spec.ts:51:3 › browser WebRTC to browser WebSocket to real node daemon, reverse transfer and invitation revocation (5.2s)
  ✓  18 [webkit] › tests/browser/native-transport.spec.ts:51:3 › browser WebRTC to browser WebSocket to real native daemon, reverse transfer and invitation revocation (4.9s)
  ✓  19 [webkit] › tests/browser/native-transport.spec.ts:191:1 › private four-medium route WebRTC-WebSocket-TCP-serial, partition/heal and restarted browser seeder with author offline (11.4s)
  ✓  20 [webkit] › tests/browser/native-transport.spec.ts:419:1 › late native ACK cannot leave an orphan retry assembly or close an otherwise healthy WebSocket (4.6s)
  ✓  21 [webkit] › tests/browser/private-values.spec.ts:4:1 › private values larger than the metadata index survive restart without becoming peer inventory (825ms)
  ✓  22 [webkit] › tests/browser/private-values.spec.ts:51:1 › legacy embedded values migrate lazily and encrypted value rows remain outside peer access (961ms)
  ✓  23 [webkit] › tests/browser/private-values.spec.ts:206:1 › bundle and private-value mutations commit together, and corruption cannot silently reset a value (596ms)
  ✓  24 [webkit] › tests/browser/private-values.spec.ts:385:1 › private-value byte and total budgets reject excess without losing committed values (2.2s)
  ✓  25 [webkit] › tests/browser/private-values.spec.ts:443:1 › multiple private values share one commit and a concurrent writer cannot remove a reader's snapshot (479ms)
  ✓  26 [webkit] › tests/browser/relay-policy-race.spec.ts:65:3 › relay policy race during request distinguishes a cancelled local response from an invalid peer frame (2.2s)
  ✓  27 [webkit] › tests/browser/relay-policy-race.spec.ts:65:3 › relay policy race during serve distinguishes a cancelled local response from an invalid peer frame (2.3s)
  ✓  28 [webkit] › tests/browser/relay-policy-race.spec.ts:65:3 › relay policy race during unrelated-error distinguishes a cancelled local response from an invalid peer frame (2.0s)
  ✓  29 [webkit] › tests/browser/routing.spec.ts:13:1 › managed packet-ID cancellation preserves an equal local payload and a foreign packet; absolute deadlines remain on wire (906ms)
  ✓  30 [webkit] › tests/browser/routing.spec.ts:179:1 › automatic A-B-C mesh: consent controls, own sends while paused, partition/heal and restarted reader takeover with author offline (7.8s)
  ✓  31 [webkit] › tests/browser/routing.spec.ts:307:1 › one network owner per profile and concurrent consent/preferences do not resurrect revoked relay (1.1s)
  ✓  32 [webkit] › tests/browser/routing.spec.ts:365:1 › fragment scheduling preempts bulk with SOS, gives bulk a fair turn, and cancels relayed bytes without closing own traffic (2.9s)
  ✓  33 [webkit] › tests/browser/routing.spec.ts:571:1 › packet bounds reject expiry, hop loops and tampering; retained flood is bounded (320ms)
  ✓  34 [webkit] › tests/browser/routing.spec.ts:635:1 › low-power defers bulk on a live link, keeps SOS moving and never revives an expired queued packet (2.5s)
  ✓  35 [webkit] › tests/browser/routing.spec.ts:693:1 › browser routing packets cross real native TCP routers; native packet bytes verify in the browser and corruption never forwards (1.1s)
  ✓  36 [webkit] › tests/browser/routing.spec.ts:841:1 › opaque packet corruption is rejected by the browser mesh before storage or forwarding, with valid controls on both sides (2.9s)
  ✓  37 [webkit] › tests/browser/routing.spec.ts:926:1 › managed relay revocation cancels an in-flight forwarded packet and keeps an authored SOS on that same open link (3.4s)
  ✓  38 [webkit] › tests/browser/site-contribution-catalog.spec.ts:13:1 › browser contribution intent and signature commit separately, survive reopening and abort signing on lock without publishing (1.2s)
  ✓  39 [webkit] › tests/browser/site-contribution-catalog.spec.ts:214:1 › browser catalogue expiry preserves the old result and missing staging is an integrity error (547ms)
  ✓  40 [webkit] › tests/browser/site-contribution-catalog.spec.ts:320:1 › browser rechecks the fixed deadline after policy before signing, with a one-millisecond positive control (560ms)
  ✓  41 [webkit] › tests/browser/site-contribution-catalog.spec.ts:389:1 › browser retains one private encrypted envelope across reopen and cancels a late seal when the identity locks (1.1s)
  ✓  42 [webkit] › tests/browser/site-contribution-catalog.spec.ts:549:1 › repeating cancellation of an old proposal preserves a different active preparation (566ms)
  ✓  43 [webkit] › tests/browser/site-contribution-catalog.spec.ts:606:1 › browser queued handoff keeps source and envelope private, supports a second intent and preserves packet identity after expiry (777ms)
  ✓  44 [webkit] › tests/browser/site-contribution-context.spec.ts:13:1 › form inspection uses authenticated browser state and invalidates delayed replies after block, withdrawal, expiry or lock (3.0s)
  ✓  45 [webkit] › tests/browser/site-contribution-copy.spec.ts:12:3 › proposal copy rechecks block and never reports an unavailable envelope as copied (1.0s)
  ✓  46 [webkit] › tests/browser/site-contribution-copy.spec.ts:12:3 › proposal copy rechecks withdraw and never reports an unavailable envelope as copied (1.0s)
  ✓  47 [webkit] › tests/browser/site-contribution-copy.spec.ts:12:3 › proposal copy rechecks lock and never reports an unavailable envelope as copied (1.2s)
  ✓  48 [webkit] › tests/browser/site-contribution-copy.spec.ts:12:3 › proposal copy rechecks lost-copy and never reports an unavailable envelope as copied (1.1s)
  ✓  49 [webkit] › tests/browser/site-contribution-dismiss.spec.ts:21:3 › browser local discard reopen preserves atomic private evidence and replay protection (909ms)
  ✓  50 [webkit] › tests/browser/site-contribution-dismiss.spec.ts:21:3 › browser local discard rollback preserves atomic private evidence and replay protection (940ms)
  ✓  51 [webkit] › tests/browser/site-contribution-dismiss.spec.ts:21:3 › browser local discard lost-reply preserves atomic private evidence and replay protection (901ms)
  ✓  52 [webkit] › tests/browser/site-contribution-dismiss.spec.ts:21:3 › browser local discard lock preserves atomic private evidence and replay protection (899ms)
  ✓  53 [webkit] › tests/browser/site-contribution-dismiss.spec.ts:21:3 › browser local discard corruption preserves atomic private evidence and replay protection (744ms)
  ✓  54 [webkit] › tests/browser/site-contribution-dismiss.spec.ts:21:3 › browser local discard concurrent-source preserves atomic private evidence and replay protection (946ms)
  ✓  55 [webkit] › tests/browser/site-contribution-dismiss.spec.ts:21:3 › browser local discard concurrent-dismiss preserves atomic private evidence and replay protection (889ms)
  ✓  56 [webkit] › tests/browser/site-contribution-inbox.spec.ts:12:1 › available form permissions are checked before uninvited browser proposals reserve private inbox capacity (1.9s)
  ✓  57 [webkit] › tests/browser/site-contribution-inbox.spec.ts:141:3 › browser durable proposal inbox reopen-conflict preserves original authority and never fabricates approval (942ms)
  ✓  58 [webkit] › tests/browser/site-contribution-inbox.spec.ts:141:3 › browser durable proposal inbox lock-source preserves original authority and never fabricates approval (849ms)
  ✓  59 [webkit] › tests/browser/site-contribution-inbox.spec.ts:141:3 › browser durable proposal inbox corruption-expiry preserves original authority and never fabricates approval (774ms)
  ✓  60 [webkit] › tests/browser/site-contribution-send.spec.ts:22:3 › browser source held only in a private proposal queue recover with both relays paused (3.1s)
  ✓  61 [webkit] › tests/browser/site-contribution-send.spec.ts:22:3 › browser source held only in a private proposal queue cancel-retained-reply with both relays paused (3.2s)
  ✓  62 [webkit] › tests/browser/site-contribution-send.spec.ts:22:3 › browser source held only in a private proposal queue cancel-before-admission with both relays paused (3.2s)
  ✓  63 [webkit] › tests/browser/site-contribution-send.spec.ts:22:3 › browser source held only in a private proposal queue cancel-queued with both relays paused (3.2s)
  ✓  64 [webkit] › tests/browser/site-contribution-send.spec.ts:396:5 › private form proposals web-to-native cross RTC and WebSocket with node and an intermediary without a reading key (3.6s)
  ✓  65 [webkit] › tests/browser/site-contribution-send.spec.ts:396:5 › private form proposals native-to-web cross RTC and WebSocket with node and an intermediary without a reading key (3.4s)
  ✓  66 [webkit] › tests/browser/site-contribution-send.spec.ts:396:5 › private form proposals web-to-native cross RTC and WebSocket with native and an intermediary without a reading key (3.2s)
  ✓  67 [webkit] › tests/browser/site-contribution-send.spec.ts:396:5 › private form proposals native-to-web cross RTC and WebSocket with native and an intermediary without a reading key (3.1s)
  ✓  68 [webkit] › tests/browser/site-contribution-send.spec.ts:556:1 › two autonomous browser accounts send a private form proposal through real RTC while the sender relay is paused (3.1s)
  ✓  69 [webkit] › tests/browser/site-contribution-send.spec.ts:725:1 › browser reception journals the original source before review and survives actual cache eviction with the RTC sender closed (3.0s)
  ✓  70 [webkit] › tests/browser/site-contribution-serve-race.spec.ts:13:3 › in-flight proposal authorization cannot survive cancel while its policy read is retained (749ms)
  ✓  71 [webkit] › tests/browser/site-contribution-serve-race.spec.ts:13:3 › in-flight proposal authorization cannot survive expire while its policy read is retained (742ms)
  ✓  72 [webkit] › tests/browser/site-contribution-serve-race.spec.ts:13:3 › in-flight proposal authorization cannot survive close while its policy read is retained (724ms)
  ✓  73 [webkit] › tests/browser/site-contribution-serve-race.spec.ts:148:5 › durable retry without changes preserves an in-flight proposal read (803ms)
  ✓  74 [webkit] › tests/browser/site-contribution-serve-race.spec.ts:148:5 › durable retry after revocation refuses an in-flight proposal read (803ms)
  ✓  75 [webkit] › tests/browser/site-contribution-serve-race.spec.ts:148:5 › durable retry without changes preserves an in-flight source read (854ms)
  ✓  76 [webkit] › tests/browser/site-contribution-serve-race.spec.ts:148:5 › durable retry after revocation refuses an in-flight source read (879ms)
  ✓  77 [webkit] › tests/browser/site-contribution-worker.spec.ts:53:1 › production worker describes an authenticated form after UI setup and unlock without exposing keys or accepting caller authority (2.3s)
  ✓  78 [webkit] › tests/browser/site-contribution-worker.spec.ts:146:1 › production workers recover queued proposals offline and send through the UI-established RTC link without reviving cancellation (10.7s)
  ✓  79 [webkit] › tests/browser/site-contribution.spec.ts:50:1 › browser visitor certificates interoperate with Node and Go while encrypted proposals and publication consent remain separate (1.3s)
  ✓  80 [webkit] › tests/browser/site-network.spec.ts:172:5 › version 1 sites cross RTC, WebSocket and TCP through node, heal a partition and survive with only a restarted reader (8.0s)
  ✓  81 [webkit] › tests/browser/site-network.spec.ts:172:5 › version 1 sites cross RTC, WebSocket and TCP through native, heal a partition and survive with only a restarted reader (8.1s)
  ✓  82 [webkit] › tests/browser/site-network.spec.ts:172:5 › version 2 sites cross RTC, WebSocket and TCP through node, heal a partition and survive with only a restarted reader (7.8s)
  ✓  83 [webkit] › tests/browser/site-network.spec.ts:172:5 › version 2 sites cross RTC, WebSocket and TCP through native, heal a partition and survive with only a restarted reader (7.8s)
  ✓  84 [webkit] › tests/browser/site-resource-catalog.spec.ts:11:1 › browser resource creation keeps its signature private until durable preparation, reopens and recovers one exact result (593ms)
  ✓  85 [webkit] › tests/browser/site-resource-catalog.spec.ts:116:1 › locking during resource signing aborts the private transaction and invalidates its old catalogue (542ms)
  ✓  86 [webkit] › tests/browser/site-resource-network.spec.ts:97:1 › browser resource admission rejects readable malformed bodies, preserves opaque seeding and keeps summaries distinct from full data (1.5s)
  ✓  87 [webkit] › tests/browser/site-resource-network.spec.ts:221:3 › optional data crosses RTC and WS through node only on request and a restarted browser seeds it after author shutdown (19.3s)
  ✓  88 [webkit] › tests/browser/site-resource-network.spec.ts:221:3 › optional data crosses RTC and WS through native only on request and a restarted browser seeds it after author shutdown (19.0s)
  ✓  89 [webkit] › tests/browser/site-worker.spec.ts:26:1 › production worker publishes and recovers exact site requests, refuses forged snapshots and does not export signing helpers (2.4s)

  89 passed (5.7m)
