TAP version 13
# Subtest: automatic resource checks bound concurrency and retain each authenticated target
ok 1 - automatic resource checks bound concurrency and retain each authenticated target
  ---
  duration_ms: 5.985191
  type: 'test'
  ...
# Subtest: aborting an active view cannot release its real request slot early
ok 2 - aborting an active view cannot release its real request slot early
  ---
  duration_ms: 3.516152
  type: 'test'
  ...
# Subtest: queued cancellation never reaches the runtime and a failed request advances the queue
ok 3 - queued cancellation never reaches the runtime and a failed request advances the queue
  ---
  duration_ms: 1.359669
  type: 'test'
  ...
# Subtest: queue exhaustion preserves admitted checks and already-aborted work never starts
ok 4 - queue exhaustion preserves admitted checks and already-aborted work never starts
  ---
  duration_ms: 1.634985
  type: 'test'
  ...
1..4
# tests 4
# suites 0
# pass 4
# fail 0
# cancelled 0
# skipped 0
# todo 0
# duration_ms 202.182039
