
Running 26 tests using 1 worker

(node:3755014) Warning: The 'NO_COLOR' env is ignored due to the 'FORCE_COLOR' env being set.
(Use `node --trace-warnings ...` to show where the warning was created)
  ✓   1 tests/browser/application-api.spec.ts:11:1 › application API preserves send identity, rejects corrupt retained acceptance, and validates event author/read scope (386ms)
  ✓   2 tests/browser/application.spec.ts:74:1 › autonomous Liquid Glass UI owns identity and offline outbox, connects through real RTC, receives signed confirmations and survives reload (8.1s)
  ✓   3 tests/browser/application.spec.ts:200:1 › autonomous social actions and safe signed site builder persist and remain viewable after author closes (13.5s)
  ✓   4 tests/browser/application.spec.ts:355:1 › production worker keeps private keys out of replies and recovers an applied send after the UI response is lost (22.2s)
  ✓   5 tests/browser/application.spec.ts:459:1 › a second tab cannot take ownership of a live application profile and an unknown or corrupt profile is never silently reset (1.7s)
  ✓   6 tests/browser/application.spec.ts:516:1 › cached application code and encrypted profile reopen when the static host is unavailable, without installing the PWA (2.0s)
  ✓   7 tests/browser/application.spec.ts:579:1 › corrupted cached worker is rejected offline and recovered only from verified available code (1.2s)
  ✓   8 tests/browser/foundation.spec.ts:24:1 › Chromium owns compatible identities/vaults/bundles: real Node and Go positive and negative controls (2.0s)
  ✓   9 tests/browser/foundation.spec.ts:205:1 › encrypted IndexedDB persists, coordinates two pages, rejects corruption and preserves pins on failed admission (789ms)
  ✓  10 tests/browser/foundation.spec.ts:397:1 › lock during unlock cannot resurrect keys; missing authenticated state is not replaced with empty success (573ms)
  ✓  11 tests/browser/foundation.spec.ts:449:1 › real WebRTC transfers encrypted chunks and an offline author's reader seeds identical bytes to a new reader (9.1s)
  ✓  12 tests/browser/foundation.spec.ts:623:1 › WebRTC rejects a correctly framed corrupt bundle before storage and rejects admission failure without ACK (1.0s)
  ✓  13 tests/browser/foundation.spec.ts:723:1 › identity recovery is compatible and cannot overwrite an existing profile; quota eviction retains pinned objects (345ms)
  ✓  14 tests/browser/foundation.spec.ts:783:1 › browser application bundle/ledger commit is atomic, pending reservations survive eviction pressure and IDB abort preserves prior state (220ms)
  ✓  15 tests/browser/native-transport.spec.ts:51:3 › browser WebRTC to browser WebSocket to real node daemon, reverse transfer and invitation revocation (2.8s)
  ✓  16 tests/browser/native-transport.spec.ts:51:3 › browser WebRTC to browser WebSocket to real native daemon, reverse transfer and invitation revocation (2.5s)
  ✓  17 tests/browser/native-transport.spec.ts:191:1 › private four-medium route WebRTC-WebSocket-TCP-serial, partition/heal and restarted browser seeder with author offline (10.0s)
  ✓  18 tests/browser/native-transport.spec.ts:419:1 › late native ACK cannot leave an orphan retry assembly or close an otherwise healthy WebSocket (3.8s)
  ✓  19 tests/browser/routing.spec.ts:83:1 › automatic A-B-C mesh: consent controls, own sends while paused, partition/heal and restarted reader takeover with author offline (6.8s)
  ✓  20 tests/browser/routing.spec.ts:211:1 › one network owner per profile and concurrent consent/preferences do not resurrect revoked relay (391ms)
  ✓  21 tests/browser/routing.spec.ts:269:1 › fragment scheduling preempts bulk with SOS, gives bulk a fair turn, and cancels relayed bytes without closing own traffic (3.0s)
  ✓  22 tests/browser/routing.spec.ts:475:1 › packet bounds reject expiry, hop loops and tampering; retained flood is bounded (106ms)
  ✓  23 tests/browser/routing.spec.ts:539:1 › low-power defers bulk on a live link, keeps SOS moving and never revives an expired queued packet (1.1s)
  ✓  24 tests/browser/routing.spec.ts:597:1 › browser routing packets cross real native TCP routers; native packet bytes verify in the browser and corruption never forwards (832ms)
  ✓  25 tests/browser/routing.spec.ts:745:1 › opaque packet corruption is rejected by the browser mesh before storage or forwarding, with valid controls on both sides (1.3s)
  ✓  26 tests/browser/routing.spec.ts:828:1 › managed relay revocation cancels an in-flight forwarded packet and keeps an authored SOS on that same open link (2.2s)

  26 passed (1.6m)
