TAP version 13
# Subtest: real application APIs preserve revision identity, resolve updates and serve a new reader after the author exits
not ok 1 - real application APIs preserve revision identity, resolve updates and serve a new reader after the author exits
  ---
  duration_ms: 1165.487408
  type: 'test'
  location: '/home/absint0o/projects/relayloom/tests/site-application.test.ts:1:1734'
  failureType: 'testCodeFailure'
  error: 'predicate is not a function'
  code: 'ERR_TEST_FAILURE'
  name: 'TypeError'
  stack: |-
    until (/home/absint0o/projects/relayloom/tests/helpers.ts:211:9)
    process.processTicksAndRejections (node:internal/process/task_queues:103:5)
    async TestContext.<anonymous> (/home/absint0o/projects/relayloom/tests/site-application.test.ts:95:5)
    async Test.run (node:internal/test_runner/test:1054:7)
    async startSubtestAfterBootstrap (node:internal/test_runner/harness:296:3)
  ...
# Subtest: private site APIs preserve reading scope and generic publication cannot bypass version authority
not ok 2 - private site APIs preserve reading scope and generic publication cannot bypass version authority
  ---
  duration_ms: 1544.314767
  type: 'test'
  location: '/home/absint0o/projects/relayloom/tests/site-application.test.ts:1:4118'
  failureType: 'testCodeFailure'
  error: 'predicate is not a function'
  code: 'ERR_TEST_FAILURE'
  name: 'TypeError'
  stack: |-
    until (/home/absint0o/projects/relayloom/tests/helpers.ts:211:9)
    process.processTicksAndRejections (node:internal/process/task_queues:103:5)
    async TestContext.<anonymous> (/home/absint0o/projects/relayloom/tests/site-application.test.ts:167:5)
    async Test.run (node:internal/test_runner/test:1054:7)
    async Test.processPendingSubtests (node:internal/test_runner/test:744:7)
  ...
# Subtest: a valid outer signature cannot smuggle another owner snapshot into application storage through TCP
not ok 3 - a valid outer signature cannot smuggle another owner snapshot into application storage through TCP
  ---
  duration_ms: 501.239264
  type: 'test'
  location: '/home/absint0o/projects/relayloom/tests/site-application.test.ts:1:5549'
  failureType: 'testCodeFailure'
  error: 'wire.close is not a function'
  code: 'ERR_TEST_FAILURE'
  name: 'TypeError'
  stack: |-
    TestContext.<anonymous> (/home/absint0o/projects/relayloom/tests/site-application.test.ts:241:16)
    process.processTicksAndRejections (node:internal/process/task_queues:103:5)
    async Test.run (node:internal/test_runner/test:1054:7)
    async Test.processPendingSubtests (node:internal/test_runner/test:744:7)
  ...
1..3
# tests 3
# suites 0
# pass 0
# fail 3
# cancelled 0
# skipped 0
# todo 0
# duration_ms 171060.82856
