TAP version 13
# Subtest: real RNS delivery rejects forged authorship and corrupted ciphertext, accepts the control and deduplicates replay
ok 1 - real RNS delivery rejects forged authorship and corrupted ciphertext, accepts the control and deduplicates replay
  ---
  duration_ms: 6820.13691
  type: 'test'
  ...
# Subtest: node origin: reference Reticulum routes RelayLoom through TCP and serial PTY with partition/heal and offline seeding
ok 2 - node origin: reference Reticulum routes RelayLoom through TCP and serial PTY with partition/heal and offline seeding
  ---
  duration_ms: 47599.433086
  type: 'test'
  ...
# Subtest: native origin: reference Reticulum routes RelayLoom through TCP and serial PTY with partition/heal and offline seeding
ok 3 - native origin: reference Reticulum routes RelayLoom through TCP and serial PTY with partition/heal and offline seeding
  ---
  duration_ms: 41535.594062
  type: 'test'
  ...
1..3
# tests 3
# suites 0
# pass 3
# fail 0
# cancelled 0
# skipped 0
# todo 0
# duration_ms 96366.870043
