TAP version 13
# Subtest: automatic reservations survive restart and count pressure without becoming manual pins
ok 1 - automatic reservations survive restart and count pressure without becoming manual pins
  ---
  duration_ms: 58.342767
  type: 'test'
  ...
# Subtest: byte quota refusal is atomic with a reserved payload and preserves unrelated stored bytes
ok 2 - byte quota refusal is atomic with a reserved payload and preserves unrelated stored bytes
  ---
  duration_ms: 62.041552
  type: 'test'
  ...
# Subtest: reservation does not extend signed expiry
ok 3 - reservation does not extend signed expiry
  ---
  duration_ms: 19.8289
  type: 'test'
  ...
# Subtest: unknown or corrupt reservation input cannot partially release a valid reservation
ok 4 - unknown or corrupt reservation input cannot partially release a valid reservation
  ---
  duration_ms: 22.576061
  type: 'test'
  ...
# Subtest: failed reservation index write protects the union until explicit reconciliation
ok 5 - failed reservation index write protects the union until explicit reconciliation
  ---
  duration_ms: 34.343787
  type: 'test'
  ...
# Subtest: duplicate reserved insertion at the count limit preserves a manual pin and verifies stored bytes
ok 6 - duplicate reserved insertion at the count limit preserves a manual pin and verifies stored bytes
  ---
  duration_ms: 18.758183
  type: 'test'
  ...
# (node:2661964) ExperimentalWarning: The MockTimers API is an experimental feature and might change at any time
# (Use `node --trace-warnings ...` to show where the warning was created)
# Subtest: identity proof binds signing address, name and decryption key
ok 7 - identity proof binds signing address, name and decryption key
  ---
  duration_ms: 2.532258
  type: 'test'
  ...
# Subtest: vault encrypts private keys; recovery and wrong-password controls
ok 8 - vault encrypts private keys; recovery and wrong-password controls
  ---
  duration_ms: 243.74665
  type: 'test'
  ...
# Subtest: reader decrypts and seeds but cannot become author; unauthorized reader fails
ok 9 - reader decrypts and seeds but cannot become author; unauthorized reader fails
  ---
  duration_ms: 5.240416
  type: 'test'
  ...
# Subtest: ciphertext, manifest, expiry, depth and address negative controls
ok 10 - ciphertext, manifest, expiry, depth and address negative controls
  ---
  duration_ms: 16.262964
  type: 'test'
  ...
# Subtest: encrypted persistent seed takeover, deduplication, pin/quota, disk corruption
ok 11 - encrypted persistent seed takeover, deduplication, pin/quota, disk corruption
  ---
  duration_ms: 32.361199
  type: 'test'
  ...
# Subtest: object-count cap bounds small-object floods, survives restart and preserves pinned content
ok 12 - object-count cap bounds small-object floods, survives restart and preserves pinned content
  ---
  duration_ms: 141.793542
  type: 'test'
  ...
# Subtest: metadata listing does not replace real viewing order in LRU eviction
ok 13 - metadata listing does not replace real viewing order in LRU eviction
  ---
  duration_ms: 29.639345
  type: 'test'
  ...
# Subtest: cached manifest metadata is isolated, invalidated by disk changes, and never bypasses get verification
ok 14 - cached manifest metadata is isolated, invalidated by disk changes, and never bypasses get verification
  ---
  duration_ms: 14.54359
  type: 'test'
  ...
# Subtest: rejected quota decrease preserves existing files and policy; feasible decrease evicts only unpinned content
ok 15 - rejected quota decrease preserves existing files and policy; feasible decrease evicts only unpinned content
  ---
  duration_ms: 138.825807
  type: 'test'
  ...
# Subtest: invalid persisted index fails safely without deleting verified objects
ok 16 - invalid persisted index fails safely without deleting verified objects
  ---
  duration_ms: 12.649238
  type: 'test'
  ...
# Subtest: strict wire fields and every recipient envelope are validated before accepting signatures
ok 17 - strict wire fields and every recipient envelope are validated before accepting signatures
  ---
  duration_ms: 3.35472
  type: 'test'
  ...
# Subtest: desktop accepts only the owned daemon loopback bootstrap capability
ok 18 - desktop accepts only the owned daemon loopback bootstrap capability
  ---
  duration_ms: 1.144827
  type: 'test'
  ...
# Subtest: desktop request policy blocks other hosts, ports, schemes, subframes and WebSockets
ok 19 - desktop request policy blocks other hosts, ports, schemes, subframes and WebSockets
  ---
  duration_ms: 0.256
  type: 'test'
  ...
# Subtest: desktop navigation stays on its exact local app and rejects insecure runtime overrides
ok 20 - desktop navigation stays on its exact local app and rejects insecure runtime overrides
  ---
  duration_ms: 0.955281
  type: 'test'
  ...
# Subtest: desktop microphone eligibility excludes cameras, remote documents and subframes
ok 21 - desktop microphone eligibility excludes cameras, remote documents and subframes
  ---
  duration_ms: 0.166533
  type: 'test'
  ...
# Subtest: desktop download defaults cannot contain paths, device names or control bytes
ok 22 - desktop download defaults cannot contain paths, device names or control bytes
  ---
  duration_ms: 0.392787
  type: 'test'
  ...
# Subtest: fixture stop is idempotent after process termination by signal
ok 23 - fixture stop is idempotent after process termination by signal
  ---
  duration_ms: 223.966031
  type: 'test'
  ...
# (node:2662068) ExperimentalWarning: SQLite is an experimental feature and might change at any time
# (Use `node --trace-warnings ...` to show where the warning was created)
# Subtest: current and additions-only delayed messages preserve exact old readers without granting newcomer history
ok 24 - current and additions-only delayed messages preserve exact old readers without granting newcomer history
  ---
  duration_ms: 946.915708
  type: 'test'
  ...
# Subtest: removal and rejoin quarantine unseen old content while retaining only exact accepted history
ok 25 - removal and rejoin quarantine unseen old content while retaining only exact accepted history
  ---
  duration_ms: 776.355105
  type: 'test'
  ...
# Subtest: historical receipts from a removed original reader are minimal and cannot admit an unknown target
ok 26 - historical receipts from a removed original reader are minimal and cannot admit an unknown target
  ---
  duration_ms: 467.214327
  type: 'test'
  ...
# Subtest: group tags cannot hide as falsy legacy fields and cached policy cannot escape its transaction
ok 27 - group tags cannot hide as falsy legacy fields and cached policy cannot escape its transaction
  ---
  duration_ms: 36.567616
  type: 'test'
  ...
# Subtest: a closure within the same transaction invalidates earlier cached permission
ok 28 - a closure within the same transaction invalidates earlier cached permission
  ---
  duration_ms: 60.150316
  type: 'test'
  ...
# Subtest: a new edit to old content uses only the original/current reader intersection
ok 29 - a new edit to old content uses only the original/current reader intersection
  ---
  duration_ms: 965.566429
  type: 'test'
  ...
# (node:2662245) ExperimentalWarning: SQLite is an experimental feature and might change at any time
# (Use `node --trace-warnings ...` to show where the warning was created)
# Subtest: an API observation cannot display an admission whose outer transaction rolled back
ok 30 - an API observation cannot display an admission whose outer transaction rolled back
  ---
  duration_ms: 358.667294
  type: 'test'
  ...
# Subtest: a historical delete and its accepted context recover together after lost commit response and real cache removal
ok 31 - a historical delete and its accepted context recover together after lost commit response and real cache removal
  ---
  duration_ms: 440.206586
  type: 'test'
  ...
# Subtest: failure to reserve quarantine bytes aborts the hold and locks until authenticated reconciliation succeeds
ok 32 - failure to reserve quarantine bytes aborts the hold and locks until authenticated reconciliation succeeds
  ---
  duration_ms: 387.40016
  type: 'test'
  ...
# Subtest: an unavailable quarantined blob cannot block admission of another valid group object
ok 33 - an unavailable quarantined blob cannot block admission of another valid group object
  ---
  duration_ms: 271.606109
  type: 'test'
  ...
# Subtest: authenticated history with an expiry inconsistent with its signed bundle is rejected
ok 34 - authenticated history with an expiry inconsistent with its signed bundle is rejected
  ---
  duration_ms: 256.39124
  type: 'test'
  ...
# (node:2662349) ExperimentalWarning: SQLite is an experimental feature and might change at any time
# (Use `node --trace-warnings ...` to show where the warning was created)
# Subtest: an unchanged group snapshot walks its authority chain once, and a later closure still invalidates new admission
ok 35 - an unchanged group snapshot walks its authority chain once, and a later closure still invalidates new admission
  ---
  duration_ms: 8855.743703
  type: 'test'
  ...
# {"retainedObjects":32,"epochs":32,"visitedHeaders":32,"elapsedMs":92.49995300000046}
# Subtest: real Node receivers hold epoch content until its snapshot arrives and keep only accepted history after closure
ok 36 - real Node receivers hold epoch content until its snapshot arrives and keep only accepted history after closure
  ---
  duration_ms: 4317.682079
  type: 'test'
  ...
# (node:2663064) ExperimentalWarning: SQLite is an experimental feature and might change at any time
# (Use `node --trace-warnings ...` to show where the warning was created)
# Subtest: control expiry rejects replay while the signed authority checkpoint survives
ok 37 - control expiry rejects replay while the signed authority checkpoint survives
  ---
  duration_ms: 65.351929
  type: 'test'
  ...
# Subtest: a reader may seal a creator snapshot for its exact original roster without gaining authority
ok 38 - a reader may seal a creator snapshot for its exact original roster without gaining authority
  ---
  duration_ms: 394.037976
  type: 'test'
  ...
# Subtest: removed readers receive their removal boundary but cannot enumerate future membership or request future snapshots
ok 39 - removed readers receive their removal boundary but cannot enumerate future membership or request future snapshots
  ---
  duration_ms: 699.729277
  type: 'test'
  ...
# Subtest: invitation authorizes bounded public ancestry, never a private snapshot before membership
ok 40 - invitation authorizes bounded public ancestry, never a private snapshot before membership
  ---
  duration_ms: 65.863087
  type: 'test'
  ...
# Subtest: carrier schema keeps malformed proof tails for the transactional verifier while bounding inputs
ok 41 - carrier schema keeps malformed proof tails for the transactional verifier while bounding inputs
  ---
  duration_ms: 346.648628
  type: 'test'
  ...
# Subtest: fork proofs are served together and private snapshots at the fork are not re-encrypted
ok 42 - fork proofs are served together and private snapshots at the fork are not re-encrypted
  ---
  duration_ms: 417.471976
  type: 'test'
  ...
# Subtest: newcomer validates exact join consent from signed parent header without old snapshot keys
ok 43 - newcomer validates exact join consent from signed parent header without old snapshot keys
  ---
  duration_ms: 52.961246
  type: 'test'
  ...
# Subtest: permanent group anchor has real creator signature, exact schema and separate carrier identity
ok 44 - permanent group anchor has real creator signature, exact schema and separate carrier identity
  ---
  duration_ms: 6.987863
  type: 'test'
  ...
# Subtest: invitation and signed consent do not alter roster until the creator commits the exact parent
ok 45 - invitation and signed consent do not alter roster until the creator commits the exact parent
  ---
  duration_ms: 26.690457
  type: 'test'
  ...
# Subtest: newcomer reads real new ciphertext without obtaining historical keys; removed reader cannot read new content
ok 46 - newcomer reads real new ciphertext without obtaining historical keys; removed reader cannot read new content
  ---
  duration_ms: 50.284236
  type: 'test'
  ...
# Subtest: stale, substituted, missing or extra member consents cannot commit a roster
ok 47 - stale, substituted, missing or extra member consents cannot commit a roster
  ---
  duration_ms: 52.337566
  type: 'test'
  ...
# Subtest: removal and rejoin remain restrictive across the complete path even with identical final cards
ok 48 - removal and rejoin remain restrictive across the complete path even with identical final cards
  ---
  duration_ms: 51.589955
  type: 'test'
  ...
# Subtest: creator reading-card replacement preserves signing authority but requires fresh signed consent
ok 49 - creator reading-card replacement preserves signing authority but requires fresh signed consent
  ---
  duration_ms: 41.547654
  type: 'test'
  ...
# Subtest: signed schema tampering, roster duplication, invalid order and snapshot substitution fail
ok 50 - signed schema tampering, roster duplication, invalid order and snapshot substitution fail
  ---
  duration_ms: 25.911335
  type: 'test'
  ...
# Subtest: closure preserves the committed historical state and reserves the final epoch
ok 51 - closure preserves the committed historical state and reserves the final epoch
  ---
  duration_ms: 40.025731
  type: 'test'
  ...
# Subtest: a valid creator fork cannot masquerade as a contiguous successor or grant reader authority
ok 52 - a valid creator fork cannot masquerade as a contiguous successor or grant reader authority
  ---
  duration_ms: 35.482051
  type: 'test'
  ...
# Subtest: full 64-member roster is bounded; capacity and title failures do not mutate its parent
ok 53 - full 64-member roster is bounded; capacity and title failures do not mutate its parent
  ---
  duration_ms: 489.224066
  type: 'test'
  ...
# Subtest: member leave is a signed request with no direct roster effect and cannot replace creator closure
ok 54 - member leave is a signed request with no direct roster effect and cannot replace creator closure
  ---
  duration_ms: 33.024183
  type: 'test'
  ...
# (node:2663215) ExperimentalWarning: SQLite is an experimental feature and might change at any time
# (Use `node --trace-warnings ...` to show where the warning was created)
# Subtest: group confirmation rollback cannot transmit before successful admission
ok 55 - group confirmation rollback cannot transmit before successful admission
  ---
  duration_ms: 4320.52548
  type: 'test'
  ...
# Subtest: group confirmation lost commit response cannot transmit before successful admission
ok 56 - group confirmation lost commit response cannot transmit before successful admission
  ---
  duration_ms: 4241.10386
  type: 'test'
  ...
# Subtest: blocked readers and missing original bytes cannot mint a group read fact
ok 57 - blocked readers and missing original bytes cannot mint a group read fact
  ---
  duration_ms: 3980.827757
  type: 'test'
  ...
# Subtest: missing historical group proof pauses confirmation until verified proof is restored
ok 58 - missing historical group proof pauses confirmation until verified proof is restored
  ---
  duration_ms: 4504.116014
  type: 'test'
  ...
# Subtest: real Node group automatic delivery and historical read after closure retain original audience
ok 59 - real Node group automatic delivery and historical read after closure retain original audience
  ---
  duration_ms: 6304.839806
  type: 'test'
  ...
# Subtest: opaque Node relay rejects public, oversized and excessive-lifetime controls before storage and forwarding
ok 60 - opaque Node relay rejects public, oversized and excessive-lifetime controls before storage and forwarding
  ---
  duration_ms: 1490.921994
  type: 'test'
  ...
# (node:2664772) ExperimentalWarning: SQLite is an experimental feature and might change at any time
# (Use `node --trace-warnings ...` to show where the warning was created)
# Subtest: proof no-op optimisation still checks recipient scope, snapshot bytes and local participation
ok 61 - proof no-op optimisation still checks recipient scope, snapshot bytes and local participation
  ---
  duration_ms: 504.489731
  type: 'test'
  ...
# Subtest: verified cached proof replay avoids authority reapplication but still adopts a new safety header before a bad snapshot
ok 62 - verified cached proof replay avoids authority reapplication but still adopts a new safety header before a bad snapshot
  ---
  duration_ms: 2072.513545
  type: 'test'
  ...
# {"replayed":11,"applications":0,"unlockMs":475.84065199999986}
# (node:2664930) ExperimentalWarning: SQLite is an experimental feature and might change at any time
# (Use `node --trace-warnings ...` to show where the warning was created)
# Subtest: group event admission rollback cannot release bytes early
ok 63 - group event admission rollback cannot release bytes early
  ---
  duration_ms: 4404.301145
  type: 'test'
  ...
# Subtest: group event admission lost response cannot release bytes early
ok 64 - group event admission lost response cannot release bytes early
  ---
  duration_ms: 4330.495625
  type: 'test'
  ...
# Subtest: group event content-store failure before payload write preserves honest availability
ok 65 - group event content-store failure before payload write preserves honest availability
  ---
  duration_ms: 4096.846397
  type: 'test'
  ...
# Subtest: group event content-store failure after payload write preserves honest availability
ok 66 - group event content-store failure after payload write preserves honest availability
  ---
  duration_ms: 4148.279798
  type: 'test'
  ...
# Subtest: group event close retires retained packets and refuses later serving with a reachable control
ok 67 - group event close retires retained packets and refuses later serving with a reachable control
  ---
  duration_ms: 4336.808952
  type: 'test'
  ...
# Subtest: group event block retires retained packets and refuses later serving with a reachable control
ok 68 - group event block retires retained packets and refuses later serving with a reachable control
  ---
  duration_ms: 4133.557504
  type: 'test'
  ...
# Subtest: group event lock retires retained packets and refuses later serving with a reachable control
ok 69 - group event lock retires retained packets and refuses later serving with a reachable control
  ---
  duration_ms: 4006.313603
  type: 'test'
  ...
# Subtest: group event evicted retires retained packets and refuses later serving with a reachable control
ok 70 - group event evicted retires retained packets and refuses later serving with a reachable control
  ---
  duration_ms: 4236.360986
  type: 'test'
  ...
# Subtest: missing historical target proof pauses new event publication and seeding until exact proof returns
ok 71 - missing historical target proof pauses new event publication and seeding until exact proof returns
  ---
  duration_ms: 4480.433688
  type: 'test'
  ...
# Subtest: corrupt stored event cannot authorise a valid retained packet; exact bytes restore serving
ok 72 - corrupt stored event cannot authorise a valid retained packet; exact bytes restore serving
  ---
  duration_ms: 4815.603974
  type: 'test'
  ...
# Subtest: real Node group newcomer cannot read earlier audiences; peer serves author's edit while author is offline
ok 73 - real Node group newcomer cannot read earlier audiences; peer serves author's edit while author is offline
  ---
  duration_ms: 17398.932375
  type: 'test'
  ...
# Subtest: real Node group reactions/comments/author edits and historical deletion preserve signing ownership
ok 74 - real Node group reactions/comments/author edits and historical deletion preserve signing ownership
  ---
  duration_ms: 6439.745382
  type: 'test'
  ...
# (node:2670673) ExperimentalWarning: SQLite is an experimental feature and might change at any time
# (Use `node --trace-warnings ...` to show where the warning was created)
# Subtest: an index consuming stop headroom is refused without changing existing data
ok 75 - an index consuming stop headroom is refused without changing existing data
  ---
  duration_ms: 852.769066
  type: 'test'
  ...
# Subtest: ordinary index growth stops before the protected checkpoint allocation is consumed
ok 76 - ordinary index growth stops before the protected checkpoint allocation is consumed
  ---
  duration_ms: 3057.559188
  type: 'test'
  ...
# (node:2670909) ExperimentalWarning: SQLite is an experimental feature and might change at any time
# (Use `node --trace-warnings ...` to show where the warning was created)
# Subtest: stop reads share one validated snapshot but invalidate on mutation and scope exit
ok 77 - stop reads share one validated snapshot but invalidate on mutation and scope exit
  ---
  duration_ms: 117.200388
  type: 'test'
  ...
# Subtest: all256 immutable stops fit; retirement preserves retained facts and counts only removed records
ok 78 - all256 immutable stops fit; retirement preserves retained facts and counts only removed records
  ---
  duration_ms: 3008.617269
  type: 'test'
  ...
# Subtest: expired holds have counted removal and malformed counters cannot be used as valid state
ok 79 - expired holds have counted removal and malformed counters cannot be used as valid state
  ---
  duration_ms: 39.250077
  type: 'test'
  ...
# (node:2671042) ExperimentalWarning: SQLite is an experimental feature and might change at any time
# (Use `node --trace-warnings ...` to show where the warning was created)
# Subtest: accepted history is authenticated and unknown old content stays separately held after removal
ok 80 - accepted history is authenticated and unknown old content stays separately held after removal
  ---
  duration_ms: 639.570415
  type: 'test'
  ...
# Subtest: group closure and immutable outbox stop commit together and callback failure rolls both back
ok 81 - group closure and immutable outbox stop commit together and callback failure rolls both back
  ---
  duration_ms: 117.663297
  type: 'test'
  ...
# Subtest: historical receipt uses only a locally persisted accepted target, never an ID supplied by its sender
ok 82 - historical receipt uses only a locally persisted accepted target, never an ID supplied by its sender
  ---
  duration_ms: 465.341705
  type: 'test'
  ...
# Subtest: missing observation clock or malformed authenticated context cannot grant historical access
ok 83 - missing observation clock or malformed authenticated context cannot grant historical access
  ---
  duration_ms: 64.135668
  type: 'test'
  ...
# Subtest: quarantine byte quota uses actual signed ciphertext sizes and refuses overflow
ok 84 - quarantine byte quota uses actual signed ciphertext sizes and refuses overflow
  ---
  duration_ms: 1004.935608
  type: 'test'
  ...
# Subtest: minimal outbox stop survives exhausted ordinary space without rewriting private content
ok 85 - minimal outbox stop survives exhausted ordinary space without rewriting private content
  ---
  duration_ms: 88.431285
  type: 'test'
  ...
# Subtest: ledger readers cannot escape the borrowed scope, even when every collection is empty
ok 86 - ledger readers cannot escape the borrowed scope, even when every collection is empty
  ---
  duration_ms: 11.782724
  type: 'test'
  ...
# Subtest: the authority reserve also accommodates every retained outbox stop
ok 87 - the authority reserve also accommodates every retained outbox stop
  ---
  duration_ms: 178.629292
  type: 'test'
  ...
# Subtest: quarantine count remains bounded and replay does not consume another slot
ok 88 - quarantine count remains bounded and replay does not consume another slot
  ---
  duration_ms: 1811.252644
  type: 'test'
  ...
# Subtest: full4096 history respects protected records and retains the exact accepted count on retirement
ok 89 - full4096 history respects protected records and retains the exact accepted count on retirement
  ---
  duration_ms: 38451.768553
  type: 'test'
  ...
# Subtest: Node invitation API retains exact delivery material, bounds pending notices and preserves closure
ok 90 - Node invitation API retains exact delivery material, bounds pending notices and preserves closure
  ---
  duration_ms: 15384.991547
  type: 'test'
  ...
# Subtest: real Node notices deliver invitation, explicit consent and leave without automatic group admission
ok 91 - real Node notices deliver invitation, explicit consent and leave without automatic group admission
  ---
  duration_ms: 2428.649412
  type: 'test'
  ...
# (node:2675058) ExperimentalWarning: SQLite is an experimental feature and might change at any time
# (Use `node --trace-warnings ...` to show where the warning was created)
# Subtest: Node replays notice safety headers before sending, blocked source=false
ok 92 - Node replays notice safety headers before sending, blocked source=false
  ---
  duration_ms: 4752.056037
  type: 'test'
  ...
# Subtest: Node replays notice safety headers before sending, blocked source=true
ok 93 - Node replays notice safety headers before sending, blocked source=true
  ---
  duration_ms: 4425.920373
  type: 'test'
  ...
# (node:2675653) ExperimentalWarning: SQLite is an experimental feature and might change at any time
# (Use `node --trace-warnings ...` to show where the warning was created)
# Subtest: opaque Node seeder delivers invitation and consent after each original author stops
ok 94 - opaque Node seeder delivers invitation and consent after each original author stops
  ---
  duration_ms: 3654.748626
  type: 'test'
  ...
# (node:2676044) ExperimentalWarning: SQLite is an experimental feature and might change at any time
# (Use `node --trace-warnings ...` to show where the warning was created)
# Subtest: private notices bind invitation, consent and leave without conferring signing ownership or local admission
ok 95 - private notices bind invitation, consent and leave without conferring signing ownership or local admission
  ---
  duration_ms: 424.133988
  type: 'test'
  ...
# Subtest: invitation result and exact delivery card commit together and survive reopening encrypted SQLite
ok 96 - invitation result and exact delivery card commit together and survive reopening encrypted SQLite
  ---
  duration_ms: 90.248381
  type: 'test'
  ...
# Subtest: issuer quota, duplicate reads and dismissal replay memory stay bounded without changing group state
ok 97 - issuer quota, duplicate reads and dismissal replay memory stay bounded without changing group state
  ---
  duration_ms: 437.631366
  type: 'test'
  ...
# Subtest: finite notice history retires oldest entries without making a replay local consent
ok 98 - finite notice history retires oldest entries without making a replay local consent
  ---
  duration_ms: 5549.271207
  type: 'test'
  ...
# Subtest: authenticated malformed notice metadata aborts the outer transaction even if its error is caught
ok 99 - authenticated malformed notice metadata aborts the outer transaction even if its error is caught
  ---
  duration_ms: 61.040665
  type: 'test'
  ...
# Subtest: failed dismissal cannot lose an invitation when the caller swallows the write error
ok 100 - failed dismissal cannot lose an invitation when the caller swallows the write error
  ---
  duration_ms: 52.439718
  type: 'test'
  ...
# (node:2677812) ExperimentalWarning: SQLite is an experimental feature and might change at any time
# (Use `node --trace-warnings ...` to show where the warning was created)
# Subtest: missing private proof pauses a valid reserved send without losing availability, then releases its obsolete hold
ok 101 - missing private proof pauses a valid reserved send without losing availability, then releases its obsolete hold
  ---
  duration_ms: 1278.390393
  type: 'test'
  ...
# Subtest: runtime closure persists the minimal stop without rewriting the private document and releases only automatic protection
ok 102 - runtime closure persists the minimal stop without rewriting the private document and releases only automatic protection
  ---
  duration_ms: 1262.963127
  type: 'test'
  ...
# Subtest: runtime group stop and closure recover together after rollback
ok 103 - runtime group stop and closure recover together after rollback
  ---
  duration_ms: 797.2422
  type: 'test'
  ...
# Subtest: runtime group stop and closure recover together after lost commit response
ok 104 - runtime group stop and closure recover together after lost commit response
  ---
  duration_ms: 649.716379
  type: 'test'
  ...
# Subtest: full normal database quota still commits a group stop while the ordinary growth control fails
ok 105 - full normal database quota still commits a group stop while the ordinary growth control fails
  ---
  duration_ms: 1704.19854
  type: 'test'
  ...
# Subtest: forged stop mirror, mismatched binding and orphan stop all fail authenticated reopening
    # Subtest: mirror
    ok 1 - mirror
      ---
      duration_ms: 651.616032
      type: 'test'
      ...
    # Subtest: binding
    ok 2 - binding
      ---
      duration_ms: 779.93103
      type: 'test'
      ...
    # Subtest: orphan
    ok 3 - orphan
      ---
      duration_ms: 763.680259
      type: 'test'
      ...
    1..3
ok 106 - forged stop mirror, mismatched binding and orphan stop all fail authenticated reopening
  ---
  duration_ms: 2196.268393
  type: 'test'
  ...
# Subtest: bounded stopped entries coexist with 128 new pending operations; half bindings and extra fields fail
ok 107 - bounded stopped entries coexist with 128 new pending operations; half bindings and extra fields fail
  ---
  duration_ms: 643.745755
  type: 'test'
  ...
# Subtest: a restrictive prefix with an invalid tail stops the runtime intent in its accepted transaction
ok 108 - a restrictive prefix with an invalid tail stops the runtime intent in its accepted transaction
  ---
  duration_ms: 683.922298
  type: 'test'
  ...
# Subtest: stop retirement and removal of the corresponding intent share a private commit
ok 109 - stop retirement and removal of the corresponding intent share a private commit
  ---
  duration_ms: 1034.903269
  type: 'test'
  ...
# Subtest: runtime stop cancels its existing transport queue
ok 110 - runtime stop cancels its existing transport queue
  ---
  duration_ms: 1128.834757
  type: 'test'
  ...
# Subtest: runtime negative control delivers its existing transport queue
ok 111 - runtime negative control delivers its existing transport queue
  ---
  duration_ms: 1060.522587
  type: 'test'
  ...
# Subtest: real TCP cache request checks active author authority even after delivery completed
ok 112 - real TCP cache request checks active author authority even after delivery completed
  ---
  duration_ms: 1548.242644
  type: 'test'
  ...
# Subtest: real TCP cache request checks closed author authority even after delivery completed
ok 113 - real TCP cache request checks closed author authority even after delivery completed
  ---
  duration_ms: 1566.061345
  type: 'test'
  ...
# Subtest: real TCP cache request checks locked author authority even after delivery completed
ok 114 - real TCP cache request checks locked author authority even after delivery completed
  ---
  duration_ms: 1273.804514
  type: 'test'
  ...
# (node:2678616) ExperimentalWarning: SQLite is an experimental feature and might change at any time
# (Use `node --trace-warnings ...` to show where the warning was created)
# Subtest: repeated authority reads share verified checkpoint work only inside an unchanged transaction
ok 115 - repeated authority reads share verified checkpoint work only inside an unchanged transaction
  ---
  duration_ms: 67.616155
  type: 'test'
  ...
# Subtest: a write after a cached read revalidates corruption and aborts the outer transaction
ok 116 - a write after a cached read revalidates corruption and aborts the outer transaction
  ---
  duration_ms: 41.47057
  type: 'test'
  ...
# Subtest: a closure in the same authority scope invalidates an earlier active view
ok 117 - a closure in the same authority scope invalidates an earlier active view
  ---
  duration_ms: 77.696255
  type: 'test'
  ...
# Subtest: a cached checkpoint cannot hide deletion of its referenced epoch: proof
ok 118 - a cached checkpoint cannot hide deletion of its referenced epoch: proof
  ---
  duration_ms: 38.960543
  type: 'test'
  ...
# Subtest: a cached checkpoint cannot hide deletion of its referenced snapshot: proof
ok 119 - a cached checkpoint cannot hide deletion of its referenced snapshot: proof
  ---
  duration_ms: 42.54286
  type: 'test'
  ...
# Subtest: the scoped checkpoint work cache evicts old groups instead of retaining every read
ok 120 - the scoped checkpoint work cache evicts old groups instead of retaining every read
  ---
  duration_ms: 167.397091
  type: 'test'
  ...
# (node:2678648) ExperimentalWarning: SQLite is an experimental feature and might change at any time
# (Use `node --trace-warnings ...` to show where the warning was created)
# Subtest: creator state is encrypted, permanent and idempotent while its operation is retained
ok 121 - creator state is encrypted, permanent and idempotent while its operation is retained
  ---
  duration_ms: 76.832255
  type: 'test'
  ...
# Subtest: explicit invitation needs complete ancestry and fresh consent before local membership
ok 122 - explicit invitation needs complete ancestry and fresh consent before local membership
  ---
  duration_ms: 319.667878
  type: 'test'
  ...
# Subtest: unknown groups, invalid signer and signed orphan hints cannot allocate, advance or freeze authority
ok 123 - unknown groups, invalid signer and signed orphan hints cannot allocate, advance or freeze authority
  ---
  duration_ms: 90.780279
  type: 'test'
  ...
# Subtest: an incumbent cannot skip an invalid intermediate membership snapshot
ok 124 - an incumbent cannot skip an invalid intermediate membership snapshot
  ---
  duration_ms: 169.032697
  type: 'test'
  ...
# Subtest: creator equivocation freezes durably; stale hints do not choose or erase a branch
ok 125 - creator equivocation freezes durably; stale hints do not choose or erase a branch
  ---
  duration_ms: 140.103333
  type: 'test'
  ...
# Subtest: local leave survives restart and old consent replay; reentry requires a new committed nonce
ok 126 - local leave survives restart and old consent replay; reentry requires a new committed nonce
  ---
  duration_ms: 656.341342
  type: 'test'
  ...
# Subtest: a late join response cannot restore membership across a subsequent removal
ok 127 - a late join response cannot restore membership across a subsequent removal
  ---
  duration_ms: 259.421051
  type: 'test'
  ...
# Subtest: storage pressure persists a stop checkpoint instead of using an obsolete roster
ok 128 - storage pressure persists a stop checkpoint instead of using an obsolete roster
  ---
  duration_ms: 80.854056
  type: 'test'
  ...
# Subtest: closure and a stale expected parent cannot create a successor or bypass idempotency
ok 129 - closure and a stale expected parent cannot create a successor or bypass idempotency
  ---
  duration_ms: 138.076802
  type: 'test'
  ...
# Subtest: 64 remembered groups are retained; capacity is not reset by closing them
ok 130 - 64 remembered groups are retained; capacity is not reset by closing them
  ---
  duration_ms: 1716.638256
  type: 'test'
  ...
# Subtest: two real creator processes use compare-and-set and cannot commit siblings in one registry
ok 131 - two real creator processes use compare-and-set and cannot commit siblings in one registry
  ---
  duration_ms: 303.530709
  type: 'test'
  ...
# Subtest: real process crashes preserve atomic authority and the original operation after a lost response
ok 132 - real process crashes preserve atomic authority and the original operation after a lost response
  ---
  duration_ms: 391.937057
  type: 'test'
  ...
# Subtest: later snapshots wait for a missing intermediate state and activate after its verified arrival
ok 133 - later snapshots wait for a missing intermediate state and activate after its verified arrival
  ---
  duration_ms: 539.916467
  type: 'test'
  ...
# Subtest: capacity recovery adopts the exact stopped header and still needs its private state
ok 134 - capacity recovery adopts the exact stopped header and still needs its private state
  ---
  duration_ms: 156.693491
  type: 'test'
  ...
# Subtest: snapshot capacity stops survive restart; freeing space alone cannot reactivate membership
ok 135 - snapshot capacity stops survive restart; freeing space alone cannot reactivate membership
  ---
  duration_ms: 154.178264
  type: 'test'
  ...
# Subtest: a real sibling proof during capacity suspension freezes permanently and is retrievable
ok 136 - a real sibling proof during capacity suspension freezes permanently and is retrievable
  ---
  duration_ms: 112.837217
  type: 'test'
  ...
# Subtest: finite operation retention follows authenticated revisions and leaves group proofs intact
ok 137 - finite operation retention follows authenticated revisions and leaves group proofs intact
  ---
  duration_ms: 4267.034241
  type: 'test'
  ...
# Subtest: authenticated but malformed authority records fail closed instead of trusting falsy fields or cursors
ok 138 - authenticated but malformed authority records fail closed instead of trusting falsy fields or cursors
  ---
  duration_ms: 117.745631
  type: 'test'
  ...
# Subtest: corrupt retained operation cannot fabricate a successful response
ok 139 - corrupt retained operation cannot fabricate a successful response
  ---
  duration_ms: 24.979138
  type: 'test'
  ...
# Subtest: local leave and creator closure remain durable under full ordinary metadata capacity
ok 140 - local leave and creator closure remain durable under full ordinary metadata capacity
  ---
  duration_ms: 354.161706
  type: 'test'
  ...
# Subtest: a malformed trailing proof cannot roll back an already verified removal in the same page
ok 141 - a malformed trailing proof cannot roll back an already verified removal in the same page
  ---
  duration_ms: 320.609283
  type: 'test'
  ...
# Subtest: the declared maximum checkpoints and stop receipts fit the reserved SQLite budget
ok 142 - the declared maximum checkpoints and stop receipts fit the reserved SQLite budget
  ---
  duration_ms: 167.758357
  type: 'test'
  ...
# Subtest: retirement rechecks every operation signature after caching a group in the same transaction
ok 143 - retirement rechecks every operation signature after caching a group in the same transaction
  ---
  duration_ms: 4195.076235
  type: 'test'
  ...
# (node:2679616) ExperimentalWarning: SQLite is an experimental feature and might change at any time
# (Use `node --trace-warnings ...` to show where the warning was created)
# Subtest: authenticated Node group management persists membership and restrictive proofs
ok 144 - authenticated Node group management persists membership and restrictive proofs
  ---
  duration_ms: 2728.940547
  type: 'test'
  ...
# Subtest: group API recovers a committed command whose response was lost without creating a second group
ok 145 - group API recovers a committed command whose response was lost without creating a second group
  ---
  duration_ms: 243.664236
  type: 'test'
  ...
# (node:2679923) ExperimentalWarning: SQLite is an experimental feature and might change at any time
# (Use `node --trace-warnings ...` to show where the warning was created)
# Subtest: group send intent rollback has no transport side effect
ok 146 - group send intent rollback has no transport side effect
  ---
  duration_ms: 1415.43973
  type: 'test'
  ...
# Subtest: group send intent lost response has no transport side effect
ok 147 - group send intent lost response has no transport side effect
  ---
  duration_ms: 1646.261936
  type: 'test'
  ...
# Subtest: group send recovers original stored bytes after ready rollback
ok 148 - group send recovers original stored bytes after ready rollback
  ---
  duration_ms: 1956.826594
  type: 'test'
  ...
# Subtest: group send recovers original stored bytes after lost ready response
ok 149 - group send recovers original stored bytes after lost ready response
  ---
  duration_ms: 1981.560563
  type: 'test'
  ...
# Subtest: a reported content-store failure cannot leak the new group packet or silently create another ID
ok 150 - a reported content-store failure cannot leak the new group packet or silently create another ID
  ---
  duration_ms: 1711.291941
  type: 'test'
  ...
# Subtest: actual group send APIs create durable encrypted text, attachment and reply over TCP without global contacts
ok 151 - actual group send APIs create durable encrypted text, attachment and reply over TCP without global contacts
  ---
  duration_ms: 3890.386222
  type: 'test'
  ...
# Subtest: new group sends require current head and exact snapshot audience; retained operation remains immutable
ok 152 - new group sends require current head and exact snapshot audience; retained operation remains immutable
  ---
  duration_ms: 2673.323391
  type: 'test'
  ...
# (node:2680995) ExperimentalWarning: SQLite is an experimental feature and might change at any time
# (Use `node --trace-warnings ...` to show where the warning was created)
# Subtest: encrypted metadata survives close/reopen; uncommitted work and transaction handles cannot escape
ok 153 - encrypted metadata survives close/reopen; uncommitted work and transaction handles cannot escape
  ---
  duration_ms: 32.900991
  type: 'test'
  ...
# Subtest: absence, truncation, wrong identity, wrong signing authority and extra SQL schema fail closed
ok 154 - absence, truncation, wrong identity, wrong signing authority and extra SQL schema fail closed
  ---
  duration_ms: 20.273745
  type: 'test'
  ...
# Subtest: unknown schema cannot hide behind a similar SQLite prefix
ok 155 - unknown schema cannot hide behind a similar SQLite prefix
  ---
  duration_ms: 18.778461
  type: 'test'
  ...
# Subtest: valid encryption with only the reading key cannot forge a locally signed fence
ok 156 - valid encryption with only the reading key cannot forge a locally signed fence
  ---
  duration_ms: 29.446273
  type: 'test'
  ...
# Subtest: checkpoint corruption, deletion, wrong SQL type and oversize are rejected before trusting state
ok 157 - checkpoint corruption, deletion, wrong SQL type and oversize are rejected before trusting state
  ---
  duration_ms: 49.951031
  type: 'test'
  ...
# Subtest: complete valid backup rollback is an explicit limitation; a pinned different registry is rejected
ok 158 - complete valid backup rollback is an explicit limitation; a pinned different registry is rejected
  ---
  duration_ms: 28.615195
  type: 'test'
  ...
# Subtest: ciphertext substitution, swallowed integrity errors and stale index replay cannot change a committed record
ok 159 - ciphertext substitution, swallowed integrity errors and stale index replay cannot change a committed record
  ---
  duration_ms: 34.159752
  type: 'test'
  ...
# Subtest: a replacement callback error cannot erase an observed integrity failure
ok 160 - a replacement callback error cannot erase an observed integrity failure
  ---
  duration_ms: 19.745454
  type: 'test'
  ...
# Subtest: record AAD binds logical key and revision even beneath a freshly signed index
ok 161 - record AAD binds logical key and revision even beneath a freshly signed index
  ---
  duration_ms: 28.711787
  type: 'test'
  ...
# Subtest: ordinary metadata cannot consume the checkpoint reserve; capacity failure is atomic
ok 162 - ordinary metadata cannot consume the checkpoint reserve; capacity failure is atomic
  ---
  duration_ms: 24.48982
  type: 'test'
  ...
# Subtest: abrupt writer process death rolls back staged SQL and preserves the last authenticated checkpoint
ok 163 - abrupt writer process death rolls back staged SQL and preserves the last authenticated checkpoint
  ---
  duration_ms: 153.420413
  type: 'test'
  ...
# Subtest: two actual writer processes serialize read-modify-write without losing updates
ok 164 - two actual writer processes serialize read-modify-write without losing updates
  ---
  duration_ms: 377.021349
  type: 'test'
  ...
# (node:2681111) ExperimentalWarning: SQLite is an experimental feature and might change at any time
# (Use `node --trace-warnings ...` to show where the warning was created)
# Subtest: control store failures still consume the bounded publication budget
ok 165 - control store failures still consume the bounded publication budget
  ---
  duration_ms: 800.566052
  type: 'test'
  ...
# Subtest: control transport failures still consume the bounded publication budget
ok 166 - control transport failures still consume the bounded publication budget
  ---
  duration_ms: 767.485073
  type: 'test'
  ...
# Subtest: network responses obey the producer cache quota without evicting pinned controls
ok 167 - network responses obey the producer cache quota without evicting pinned controls
  ---
  duration_ms: 1407.973871
  type: 'test'
  ...
# Subtest: real wire delivers newest snapshot before missing predecessors and projects the verified newest title
ok 168 - real wire delivers newest snapshot before missing predecessors and projects the verified newest title
  ---
  duration_ms: 2640.823091
  type: 'test'
  ...
# Subtest: available encrypted controls replay before a locked member can retry or sign after removal
ok 169 - available encrypted controls replay before a locked member can retry or sign after removal
  ---
  duration_ms: 3283.142892
  type: 'test'
  ...
# Subtest: Node control requests recover lost responses and revalidate authority on identical retries
ok 170 - Node control requests recover lost responses and revalidate authority on identical retries
  ---
  duration_ms: 13256.785025
  type: 'test'
  ...
# Subtest: real Node control proofs heal a partition from another member after creator stops
ok 171 - real Node control proofs heal a partition from another member after creator stops
  ---
  duration_ms: 7666.586006
  type: 'test'
  ...
# Subtest: Node control proofs traverse TCP and serial PTYs, with partition, relay-off and offline opaque seeder controls
ok 172 - Node control proofs traverse TCP and serial PTYs, with partition, relay-off and offline opaque seeder controls
  ---
  duration_ms: 9938.156236
  type: 'test'
  ...
# Subtest: real Node peers synchronise epoch snapshots and closure without HTTP proof transfer after setup
ok 173 - real Node peers synchronise epoch snapshots and closure without HTTP proof transfer after setup
  ---
  duration_ms: 2146.575766
  type: 'test'
  ...
# Subtest: remembered invitation fetches paginated public ancestry automatically but no pre-join private snapshot
ok 174 - remembered invitation fetches paginated public ancestry automatically but no pre-join private snapshot
  ---
  duration_ms: 7963.480202
  type: 'test'
  ...
# (node:2685611) ExperimentalWarning: SQLite is an experimental feature and might change at any time
# (Use `node --trace-warnings ...` to show where the warning was created)
# Subtest: group and private document share one commit; callback rollback and expired scopes cannot leak writes
ok 175 - group and private document share one commit; callback rollback and expired scopes cannot leak writes
  ---
  duration_ms: 104.658562
  type: 'test'
  ...
# Subtest: swallowing a scoped operation failure cannot commit earlier group or private writes
ok 176 - swallowing a scoped operation failure cannot commit earlier group or private writes
  ---
  duration_ms: 45.058978
  type: 'test'
  ...
# Subtest: a verified closure and private decision commit despite a rejected proof tail
ok 177 - a verified closure and private decision commit despite a rejected proof tail
  ---
  duration_ms: 90.315317
  type: 'test'
  ...
# Subtest: even swallowing the entire authority scope error cannot commit the outer transaction
ok 178 - even swallowing the entire authority scope error cannot commit the outer transaction
  ---
  duration_ms: 40.354658
  type: 'test'
  ...
# Subtest: minimal authority fence commits at full ordinary quota without growing the private document
ok 179 - minimal authority fence commits at full ordinary quota without growing the private document
  ---
  duration_ms: 95.914456
  type: 'test'
  ...
# Subtest: three processes TCP → serial PTY, partition/heal, relay control and publisher-offline seeder takeover
ok 180 - three processes TCP → serial PTY, partition/heal, relay control and publisher-offline seeder takeover
  ---
  duration_ms: 9374.664162
  type: 'test'
  ...
# Subtest: a delayed fixture client submits a non-idempotent operation once after the server closes idle HTTP sockets
ok 181 - a delayed fixture client submits a non-idempotent operation once after the server closes idle HTTP sockets
  ---
  duration_ms: 6875.507434
  type: 'test'
  ...
# Subtest: real processes: private conversation, receipt, unauthorized edit, social and restart recovery
ok 182 - real processes: private conversation, receipt, unauthorized edit, social and restart recovery
  ---
  duration_ms: 1517.908586
  type: 'test'
  ...
# Subtest: offline control rejects a live origin and proves socket refusal after normal and signal termination
ok 183 - offline control rejects a live origin and proves socket refusal after normal and signal termination
  ---
  duration_ms: 479.124439
  type: 'test'
  ...
# (node:2689393) ExperimentalWarning: SQLite is an experimental feature and might change at any time
# (Use `node --trace-warnings ...` to show where the warning was created)
# (node:2689393) ExperimentalWarning: The MockTimers API is an experimental feature and might change at any time
# Subtest: offline send is encrypted, pinned, idempotent and recovers the same operation after restart
ok 184 - offline send is encrypted, pinned, idempotent and recovers the same operation after restart
  ---
  duration_ms: 293.705787
  type: 'test'
  ...
# Subtest: preparing journal reconciles surviving exact bytes and never regenerates missing content
ok 185 - preparing journal reconciles surviving exact bytes and never regenerates missing content
  ---
  duration_ms: 181.21543
  type: 'test'
  ...
# Subtest: transport rejection after local acceptance stays pending and cannot crash periodic sync
ok 186 - transport rejection after local acceptance stays pending and cannot crash periodic sync
  ---
  duration_ms: 176.15961
  type: 'test'
  ...
# Subtest: per-reader signed delivery/read confirmations survive paging, replay, eviction and restart
ok 187 - per-reader signed delivery/read confirmations survive paging, replay, eviction and restart
  ---
  duration_ms: 1467.97731
  type: 'test'
  ...
# Subtest: public, foreign-author and wrong-reader confirmations cannot advance a durable send
ok 188 - public, foreign-author and wrong-reader confirmations cannot advance a durable send
  ---
  duration_ms: 228.334332
  type: 'test'
  ...
# Subtest: expiry remains visible after payload removal and explicit user pin is preserved
ok 189 - expiry remains visible after payload removal and explicit user pin is preserved
  ---
  duration_ms: 301.454737
  type: 'test'
  ...
# Subtest: corrupted reserved bytes become unavailable without a new signed publication
ok 190 - corrupted reserved bytes become unavailable without a new signed publication
  ---
  duration_ms: 165.676163
  type: 'test'
  ...
# Subtest: blocked incomplete sends retain bounded reservation; blocked group readers do not break viewing
ok 191 - blocked incomplete sends retain bounded reservation; blocked group readers do not break viewing
  ---
  duration_ms: 375.113672
  type: 'test'
  ...
# Subtest: pending count/byte reservations and restored metadata ownership are bounded
ok 192 - pending count/byte reservations and restored metadata ownership are bounded
  ---
  duration_ms: 186.364886
  type: 'test'
  ...
# Subtest: a content-file directory flush error preserves the recorded operation instead of signing a replacement
ok 193 - a content-file directory flush error preserves the recorded operation instead of signing a replacement
  ---
  duration_ms: 153.096565
  type: 'test'
  ...
# Subtest: incoming read confirmation is journalled before its admission evicts the original
ok 194 - incoming read confirmation is journalled before its admission evicts the original
  ---
  duration_ms: 199.804236
  type: 'test'
  ...
# Subtest: read confirmation uses the signed roster when contact learning fails and can be reissued after eviction
ok 195 - read confirmation uses the signed roster when contact learning fails and can be reissued after eviction
  ---
  duration_ms: 187.180315
  type: 'test'
  ...
# Subtest: saved peer connection remains idempotent at capacity without opening another connection
ok 196 - saved peer connection remains idempotent at capacity without opening another connection
  ---
  duration_ms: 138.188422
  type: 'test'
  ...
# Subtest: snapshot crossing expiry during journal persistence keeps state and reservation consistent
ok 197 - snapshot crossing expiry during journal persistence keeps state and reservation consistent
  ---
  duration_ms: 1679.016002
  type: 'test'
  ...
# Subtest: snapshot crossing expiry during journal persistence keeps send and reservation consistent
ok 198 - snapshot crossing expiry during journal persistence keeps send and reservation consistent
  ---
  duration_ms: 1673.705304
  type: 'test'
  ...
# Subtest: snapshot crossing expiry during journal persistence keeps retry and reservation consistent
ok 199 - snapshot crossing expiry during journal persistence keeps retry and reservation consistent
  ---
  duration_ms: 1679.188636
  type: 'test'
  ...
# Subtest: an uncertain SQL completion at write 1 recovers the same outbox operation
ok 200 - an uncertain SQL completion at write 1 recovers the same outbox operation
  ---
  duration_ms: 159.261926
  type: 'test'
  ...
# Subtest: an uncertain SQL completion at write 2 recovers the same outbox operation
ok 201 - an uncertain SQL completion at write 2 recovers the same outbox operation
  ---
  duration_ms: 160.947336
  type: 'test'
  ...
# Subtest: outbox preview preserves full astral characters within its UTF-16 budget
ok 202 - outbox preview preserves full astral characters within its UTF-16 budget
  ---
  duration_ms: 0.461205
  type: 'test'
  ...
# (node:2690046) ExperimentalWarning: SQLite is an experimental feature and might change at any time
# (Use `node --trace-warnings ...` to show where the warning was created)
# Subtest: legacy semantic failures are rejected before creating a signed migration intent
ok 203 - legacy semantic failures are rejected before creating a signed migration intent
  ---
  duration_ms: 37.765302
  type: 'test'
  ...
# (node:2690083) ExperimentalWarning: SQLite is an experimental feature and might change at any time
# (Use `node --trace-warnings ...` to show where the warning was created)
# Subtest: signed initialization binds owner, random store ID and legacy ciphertext across phases
ok 204 - signed initialization binds owner, random store ID and legacy ciphertext across phases
  ---
  duration_ms: 9.94603
  type: 'test'
  ...
# Subtest: a signed intent can pin the exact new store before creation without allowing resets
ok 205 - a signed intent can pin the exact new store before creation without allowing resets
  ---
  duration_ms: 17.682085
  type: 'test'
  ...
# (node:2690102) ExperimentalWarning: SQLite is an experimental feature and might change at any time
# (Use `node --trace-warnings ...` to show where the warning was created)
# Subtest: staged import binds the actual legacy ciphertext and committed reopen never falls back
ok 206 - staged import binds the actual legacy ciphertext and committed reopen never falls back
  ---
  duration_ms: 69.261609
  type: 'test'
  ...
# Subtest: existing unbound, missing initialized and wrong-store databases fail without reset
ok 207 - existing unbound, missing initialized and wrong-store databases fail without reset
  ---
  duration_ms: 100.542704
  type: 'test'
  ...
# Subtest: changed legacy source cannot complete a signed preparation
ok 208 - changed legacy source cannot complete a signed preparation
  ---
  duration_ms: 20.732886
  type: 'test'
  ...
# Subtest: transaction wrapper cannot erase initialization or the current private document
ok 209 - transaction wrapper cannot erase initialization or the current private document
  ---
  duration_ms: 37.79069
  type: 'test'
  ...
# Subtest: real process death after prepared initialization boundary preserves resumable private bytes
ok 210 - real process death after prepared initialization boundary preserves resumable private bytes
  ---
  duration_ms: 188.564781
  type: 'test'
  ...
# Subtest: real process death after imported initialization boundary preserves resumable private bytes
ok 211 - real process death after imported initialization boundary preserves resumable private bytes
  ---
  duration_ms: 204.259109
  type: 'test'
  ...
# Subtest: real process death after committed initialization boundary preserves resumable private bytes
ok 212 - real process death after committed initialization boundary preserves resumable private bytes
  ---
  duration_ms: 215.192079
  type: 'test'
  ...
# Subtest: replay of the complete earlier initialization state is an explicit rollback limitation
ok 213 - replay of the complete earlier initialization state is an explicit rollback limitation
  ---
  duration_ms: 70.501134
  type: 'test'
  ...
# (node:2690214) ExperimentalWarning: SQLite is an experimental feature and might change at any time
# (Use `node --trace-warnings ...` to show where the warning was created)
# Subtest: one running owner per profile, another profile remains independent, close permits restart
ok 214 - one running owner per profile, another profile remains independent, close permits restart
  ---
  duration_ms: 21.058826
  type: 'test'
  ...
# Subtest: empty initialization can recover but foreign or malformed metadata is refused
ok 215 - empty initialization can recover but foreign or malformed metadata is refused
  ---
  duration_ms: 23.403093
  type: 'test'
  ...
# (node:2690237) ExperimentalWarning: SQLite is an experimental feature and might change at any time
# (Use `node --trace-warnings ...` to show where the warning was created)
# Subtest: runtime owns the profile through transport shutdown and rejects stale writes after recovery
ok 216 - runtime owns the profile through transport shutdown and rejects stale writes after recovery
  ---
  duration_ms: 289.708111
  type: 'test'
  ...
# Subtest: constructor failure releases ownership without resetting the existing profile
ok 217 - constructor failure releases ownership without resetting the existing profile
  ---
  duration_ms: 15.922666
  type: 'test'
  ...
# (node:2690310) ExperimentalWarning: SQLite is an experimental feature and might change at any time
# (Use `node --trace-warnings ...` to show where the warning was created)
# Subtest: chunked private state is encrypted, persists exactly and shrinks atomically
ok 218 - chunked private state is encrypted, persists exactly and shrinks atomically
  ---
  duration_ms: 89.994074
  type: 'test'
  ...
# Subtest: private state and an authority fence commit together or both roll back, with digest CAS
ok 219 - private state and an authority fence commit together or both roll back, with digest CAS
  ---
  duration_ms: 28.445176
  type: 'test'
  ...
# Subtest: missing, orphan and hash-mismatched chunks fail closed rather than yielding partial state
ok 220 - missing, orphan and hash-mismatched chunks fail closed rather than yielding partial state
  ---
  duration_ms: 62.025482
  type: 'test'
  ...
# Subtest: the full declared private-state byte bound fits while oversize input makes no writes
ok 221 - the full declared private-state byte bound fits while oversize input makes no writes
  ---
  duration_ms: 283.807337
  type: 'test'
  ...
# Subtest: scenario timeout trace preserves the active operation without recording request secrets
ok 222 - scenario timeout trace preserves the active operation without recording request secrets
  ---
  duration_ms: 3.138545
  type: 'test'
  ...
# (node:2690392) ExperimentalWarning: SQLite is an experimental feature and might change at any time
# (Use `node --trace-warnings ...` to show where the warning was created)
# Subtest: inbound semantic ACL: forged public receipt/message and private wrong-reader mutation are hidden
ok 223 - inbound semantic ACL: forged public receipt/message and private wrong-reader mutation are hidden
  ---
  duration_ms: 241.003296
  type: 'test'
  ...
# Subtest: malformed unauthenticated HTTP paths return 400; service survives and auth boundary holds
ok 224 - malformed unauthenticated HTTP paths return 400; service survives and auth boundary holds
  ---
  duration_ms: 46.980702
  type: 'test'
  ...
# Subtest: private site draft and local deletion survive cache removal/restart without plaintext on disk
ok 225 - private site draft and local deletion survive cache removal/restart without plaintext on disk
  ---
  duration_ms: 359.253312
  type: 'test'
  ...
# Subtest: relay consent: no application-level cached serving while paused, positive control after enabling
ok 226 - relay consent: no application-level cached serving while paused, positive control after enabling
  ---
  duration_ms: 995.56613
  type: 'test'
  ...
# Subtest: deletion journal survives when publication itself evicts its unpinned original
ok 227 - deletion journal survives when publication itself evicts its unpinned original
  ---
  duration_ms: 165.401939
  type: 'test'
  ...
# Subtest: seeded virtual time is reproducible with independently generated secure fixtures
ok 228 - seeded virtual time is reproducible with independently generated secure fixtures
  ---
  duration_ms: 43.922468
  type: 'test'
  ...
# Subtest: loss, MTU fragmentation, partition/heal, low-power transition and SOS-before-bulk
ok 229 - loss, MTU fragmentation, partition/heal, low-power transition and SOS-before-bulk
  ---
  duration_ms: 10.801854
  type: 'test'
  ...
# Subtest: directed bandwidth, latency and MTU produce measurable asymmetric arrival times
ok 230 - directed bandwidth, latency and MTU produce measurable asymmetric arrival times
  ---
  duration_ms: 5.896025
  type: 'test'
  ...
# Subtest: congested bounded queues preserve SOS while bulk is deferred
ok 231 - congested bounded queues preserve SOS while bulk is deferred
  ---
  duration_ms: 5.926332
  type: 'test'
  ...
# Subtest: bounded cache distinguishes pinned exhaustion from unpinned eviction
ok 232 - bounded cache distinguishes pinned exhaustion from unpinned eviction
  ---
  duration_ms: 9.431144
  type: 'test'
  ...
# Subtest: TTL rejects in-flight expiration and retained replay respects the hop limit
ok 233 - TTL rejects in-flight expiration and retained replay respects the hop limit
  ---
  duration_ms: 5.484263
  type: 'test'
  ...
# Subtest: every-fourth-fragment fairness lets bulk advance during SOS pressure
ok 234 - every-fourth-fragment fairness lets bulk advance during SOS pressure
  ---
  duration_ms: 11.145669
  type: 'test'
  ...
# Subtest: real signature/chunk checks pass honest control and detect deliberately broken controls
ok 235 - real signature/chunk checks pass honest control and detect deliberately broken controls
  ---
  duration_ms: 15.948875
  type: 'test'
  ...
# Subtest: simulation rejects invalid transport bounds and complete report gates pass
ok 236 - simulation rejects invalid transport bounds and complete report gates pass
  ---
  duration_ms: 40.139684
  type: 'test'
  ...
# (node:2690518) ExperimentalWarning: SQLite is an experimental feature and might change at any time
# (Use `node --trace-warnings ...` to show where the warning was created)
# Subtest: large valid cache produces bounded pages and exact authorized attachments on demand
ok 237 - large valid cache produces bounded pages and exact authorized attachments on demand
  ---
  duration_ms: 4288.881877
  type: 'test'
  ...
# Subtest: received author deletion persists before evicting its original, and denied attachments stay unavailable
ok 238 - received author deletion persists before evicting its original, and denied attachments stay unavailable
  ---
  duration_ms: 163.474676
  type: 'test'
  ...
# Subtest: request tracking is bounded even when transport rejects every broadcast
ok 239 - request tracking is bounded even when transport rejects every broadcast
  ---
  duration_ms: 156.543368
  type: 'test'
  ...
# Subtest: unknown post extension data does not crash or inflate summaries
ok 240 - unknown post extension data does not crash or inflate summaries
  ---
  duration_ms: 294.055613
  type: 'test'
  ...
# Subtest: summary reuse remains bound to verified disk bytes and unlocked identity
ok 241 - summary reuse remains bound to verified disk bytes and unlocked identity
  ---
  duration_ms: 143.466889
  type: 'test'
  ...
# Subtest: collections and following integrate with encrypted persistence and hashed peer retrieval respects read ACL
ok 242 - collections and following integrate with encrypted persistence and hashed peer retrieval respects read ACL
  ---
  duration_ms: 1754.242947
  type: 'test'
  ...
# Subtest: collection create, rename, add, remove and delete are immutable local transitions
ok 243 - collection create, rename, add, remove and delete are immutable local transitions
  ---
  duration_ms: 2.094537
  type: 'test'
  ...
# Subtest: collection identity, title and timestamp rules reject ambiguous metadata
ok 244 - collection identity, title and timestamp rules reject ambiguous metadata
  ---
  duration_ms: 1.16257
  type: 'test'
  ...
# Subtest: prototype, accessor, unknown field and sparse-array inputs fail without executing metadata
ok 245 - prototype, accessor, unknown field and sparse-array inputs fail without executing metadata
  ---
  duration_ms: 0.519855
  type: 'test'
  ...
# Subtest: collection ownership cannot be transferred by a command or mixed across identity vaults
ok 246 - collection ownership cannot be transferred by a command or mixed across identity vaults
  ---
  duration_ms: 0.346019
  type: 'test'
  ...
# Subtest: collection and membership quotas reject atomically while allowing idempotent operations
ok 247 - collection and membership quotas reject atomically while allowing idempotent operations
  ---
  duration_ms: 8.99712
  type: 'test'
  ...
# Subtest: recovered collections reject duplicate identifiers, titles, members and excessive total memberships
ok 248 - recovered collections reject duplicate identifiers, titles, members and excessive total memberships
  ---
  duration_ms: 2.893465
  type: 'test'
  ...
# Subtest: content references remain canonical hashes and convey neither reader access nor authorship
ok 249 - content references remain canonical hashes and convey neither reader access nor authorship
  ---
  duration_ms: 9.987217
  type: 'test'
  ...
# Subtest: followed feed selects posts and alerts from followed authors without changing caller order or access
ok 250 - followed feed selects posts and alerts from followed authors without changing caller order or access
  ---
  duration_ms: 0.581952
  type: 'test'
  ...
# Subtest: new small-message arrivals cannot repeatedly take the bulk fairness turn
ok 251 - new small-message arrivals cannot repeatedly take the bulk fairness turn
  ---
  duration_ms: 39.60436
  type: 'test'
  ...
# Subtest: local cancellation removes an actual queued TCP transfer and its reconnect copy
ok 252 - local cancellation removes an actual queued TCP transfer and its reconnect copy
  ---
  duration_ms: 679.362938
  type: 'test'
  ...
# Subtest: local cancellation negative control delivers an actual queued TCP transfer and its reconnect copy
ok 253 - local cancellation negative control delivers an actual queued TCP transfer and its reconnect copy
  ---
  duration_ms: 665.226973
  type: 'test'
  ...
# Subtest: local cancellation leaves another origin's retained relay packet intact
ok 254 - local cancellation leaves another origin's retained relay packet intact
  ---
  duration_ms: 484.963728
  type: 'test'
  ...
# Subtest: TCP parser handles split/coalesced frames, rejects tamper and replays only once
ok 255 - TCP parser handles split/coalesced frames, rejects tamper and replays only once
  ---
  duration_ms: 85.267301
  type: 'test'
  ...
# Subtest: non-reading TCP duplicate flood coalesces and bounds control output
ok 256 - non-reading TCP duplicate flood coalesces and bounds control output
  ---
  duration_ms: 69.558186
  type: 'test'
  ...
# Subtest: TCP malformed frame and unfinished-line floods disconnect and release state
ok 257 - TCP malformed frame and unfinished-line floods disconnect and release state
  ---
  duration_ms: 22.679656
  type: 'test'
  ...
# Subtest: distinct TCP packets cannot grow the ACK queue or exceed its output rate
ok 258 - distinct TCP packets cannot grow the ACK queue or exceed its output rate
  ---
  duration_ms: 158.599213
  type: 'test'
  ...
# Subtest: TCP incomplete assemblies have count and aggregate memory bounds
ok 259 - TCP incomplete assemblies have count and aggregate memory bounds
  ---
  duration_ms: 2286.709226
  type: 'test'
  ...
# Subtest: expired packets, invalid TTLs and exhausted hop limits never relay
ok 260 - expired packets, invalid TTLs and exhausted hop limits never relay
  ---
  duration_ms: 134.246581
  type: 'test'
  ...
# Subtest: queued expiry and stopped sockets release bounded output under backpressure
ok 261 - queued expiry and stopped sockets release bounded output under backpressure
  ---
  duration_ms: 418.245697
  type: 'test'
  ...
# Subtest: partial TCP loss retries exact bytes and missing ACK retries without duplicate delivery
ok 262 - partial TCP loss retries exact bytes and missing ACK retries without duplicate delivery
  ---
  duration_ms: 4411.52481
  type: 'test'
  ...
# Subtest: TCP reconnect delivers a partial transfer and packets created during the partition
ok 263 - TCP reconnect delivers a partial transfer and packets created during the partition
  ---
  duration_ms: 1085.826394
  type: 'test'
  ...
# Subtest: turning relay off cancels queued forwarded fragments and keeps local SOS available
ok 264 - turning relay off cancels queued forwarded fragments and keeps local SOS available
  ---
  duration_ms: 108.791651
  type: 'test'
  ...
# Subtest: relay pause cancels queued local seeding and prevents retained offline replay
ok 265 - relay pause cancels queued local seeding and prevents retained offline replay
  ---
  duration_ms: 133.506352
  type: 'test'
  ...
# Subtest: real TCP fragments preempt bulk for SOS while preserving bulk fairness
ok 266 - real TCP fragments preempt bulk for SOS while preserving bulk fairness
  ---
  duration_ms: 91.826701
  type: 'test'
  ...
# Subtest: many in-progress SOS transfers leave admission capacity for bulk fairness
ok 267 - many in-progress SOS transfers leave admission capacity for bulk fairness
  ---
  duration_ms: 69.598602
  type: 'test'
  ...
# Subtest: real serialport PTY fragments preempt bulk for SOS with the same fairness
ok 268 - real serialport PTY fragments preempt bulk for SOS with the same fairness
  ---
  duration_ms: 152.624611
  type: 'test'
  ...
# Subtest: POSIX poller regression: read rearm must preserve an outstanding write watch
ok 269 - POSIX poller regression: read rearm must preserve an outstanding write watch
  ---
  duration_ms: 0.825147
  type: 'test'
  ...
# Subtest: serial write deadline covers one frame at configured baud while bounding a stalled writer
ok 270 - serial write deadline covers one frame at configured baud while bounding a stalled writer
  ---
  duration_ms: 0.255308
  type: 'test'
  ...
# Subtest: real serial PTY recovers an injected stuck write through bounded reconnect and exact replay
ok 271 - real serial PTY recovers an injected stuck write through bounded reconnect and exact replay
  ---
  duration_ms: 6163.448458
  type: 'test'
  ...
# Subtest: real TCP transfer, two-hop forwarding and relay-off negative control
ok 272 - real TCP transfer, two-hop forwarding and relay-off negative control
  ---
  duration_ms: 914.831647
  type: 'test'
  ...
# Subtest: validation rejection prevents display and relay; positive valid control
ok 273 - validation rejection prevents display and relay; positive valid control
  ---
  duration_ms: 534.857552
  type: 'test'
  ...
# Subtest: Node web-peer API separates keys, relay consent and control authority, and enforces explicit revocation
ok 274 - Node web-peer API separates keys, relay consent and control authority, and enforces explicit revocation
  ---
  duration_ms: 539.553898
  type: 'test'
  ...
# Subtest: websocket invitations require exact origin/capability, preserve eight slots, and carry no control API
ok 275 - websocket invitations require exact origin/capability, preserve eight slots, and carry no control API
  ---
  duration_ms: 65.460082
  type: 'test'
  ...
# Subtest: websocket expiry closes active connections and non-loopback cleartext listeners are refused
ok 276 - websocket expiry closes active connections and non-loopback cleartext listeners are refused
  ---
  duration_ms: 1002.949195
  type: 'test'
  ...
1..276
# tests 279
# suites 0
# pass 279
# fail 0
# cancelled 0
# skipped 0
# todo 0
# duration_ms 376313.261261
