TAP version 13
# Subtest: websocket invitations require exact origin/capability, preserve eight slots, and carry no control API
ok 1 - websocket invitations require exact origin/capability, preserve eight slots, and carry no control API
  ---
  duration_ms: 54.062451
  type: 'test'
  ...
# Subtest: websocket expiry closes active connections and non-loopback cleartext listeners are refused
ok 2 - websocket expiry closes active connections and non-loopback cleartext listeners are refused
  ---
  duration_ms: 1002.652002
  type: 'test'
  ...
1..2
# tests 2
# suites 0
# pass 2
# fail 0
# cancelled 0
# skipped 0
# todo 0
# duration_ms 1312.966648
