TAP version 13
# Subtest: Go A → Node B → Go C: isolated real sockets, encrypted messages/receipts, partition, restart and publisher-offline seeding
ok 1 - Go A → Node B → Go C: isolated real sockets, encrypted messages/receipts, partition, restart and publisher-offline seeding
  ---
  duration_ms: 9488.787158
  type: 'test'
  ...
# Subtest: Go A → Node B → Node C over TCP and serial PTYs preserves bytes, receipts and partition recovery
ok 2 - Go A → Node B → Node C over TCP and serial PTYs preserves bytes, receipts and partition recovery
  ---
  duration_ms: 4613.074473
  type: 'test'
  ...
# Subtest: node refuses public or forged proposals before storage and withholds unauthorized candidates
ok 3 - node refuses public or forged proposals before storage and withholds unauthorized candidates
  ---
  duration_ms: 1262.868949
  type: 'test'
  ...
# Subtest: native refuses public or forged proposals before storage and withholds unauthorized candidates
ok 4 - native refuses public or forged proposals before storage and withholds unauthorized candidates
  ---
  duration_ms: 840.559265
  type: 'test'
  ...
# Subtest: node unauthorized proposals for an available form cannot fill the private inbox ahead of an allowed contributor
ok 5 - node unauthorized proposals for an available form cannot fill the private inbox ahead of an allowed contributor
  ---
  duration_ms: 9441.94771
  type: 'test'
  ...
# Subtest: native unauthorized proposals for an available form cannot fill the private inbox ahead of an allowed contributor
ok 6 - native unauthorized proposals for an available form cannot fill the private inbox ahead of an allowed contributor
  ---
  duration_ms: 8724.993768
  type: 'test'
  ...
# (node:452300) ExperimentalWarning: SQLite is an experimental feature and might change at any time
# (Use `node --trace-warnings ...` to show where the warning was created)
# Subtest: node prepares without signing; the other runtime resumes the same private intent and certificate
ok 7 - node prepares without signing; the other runtime resumes the same private intent and certificate
  ---
  duration_ms: 4682.181991
  type: 'test'
  ...
# Subtest: go prepares without signing; the other runtime resumes the same private intent and certificate
ok 8 - go prepares without signing; the other runtime resumes the same private intent and certificate
  ---
  duration_ms: 4448.732484
  type: 'test'
  ...
# Subtest: real Go process exit before-intent-commit leaves exactly the committed state for Node recovery
ok 9 - real Go process exit before-intent-commit leaves exactly the committed state for Node recovery
  ---
  duration_ms: 1173.434832
  type: 'test'
  ...
# Subtest: real Go process exit after-intent leaves exactly the committed state for Node recovery
ok 10 - real Go process exit after-intent leaves exactly the committed state for Node recovery
  ---
  duration_ms: 1187.632622
  type: 'test'
  ...
# Subtest: real Go process exit before-signature-commit leaves exactly the committed state for Node recovery
ok 11 - real Go process exit before-signature-commit leaves exactly the committed state for Node recovery
  ---
  duration_ms: 1217.979017
  type: 'test'
  ...
# Subtest: real Go process exit after-signature leaves exactly the committed state for Node recovery
ok 12 - real Go process exit after-signature leaves exactly the committed state for Node recovery
  ---
  duration_ms: 1221.593754
  type: 'test'
  ...
# Subtest: Go catalogue honors expiry without renewing, rejects another request and preserves a new monotonic sequence
ok 13 - Go catalogue honors expiry without renewing, rejects another request and preserves a new monotonic sequence
  ---
  duration_ms: 4339.423905
  type: 'test'
  ...
# Subtest: Go refuses authenticated-but-inconsistent stage without replacing the preparation
ok 14 - Go refuses authenticated-but-inconsistent stage without replacing the preparation
  ---
  duration_ms: 1077.635382
  type: 'test'
  ...
# Subtest: Go refuses authenticated-but-inconsistent record without replacing the preparation
ok 15 - Go refuses authenticated-but-inconsistent record without replacing the preparation
  ---
  duration_ms: 1077.107721
  type: 'test'
  ...
# Subtest: Go quota refusal leaves no proposal counter/stage and allows the original smaller request
ok 16 - Go quota refusal leaves no proposal counter/stage and allows the original smaller request
  ---
  duration_ms: 1645.161707
  type: 'test'
  ...
# Subtest: Go policy clock boundary -1ms rechecks the actual proposal handle
ok 17 - Go policy clock boundary -1ms rechecks the actual proposal handle
  ---
  duration_ms: 1132.63084
  type: 'test'
  ...
# Subtest: Go policy clock boundary 0ms rechecks the actual proposal handle
ok 18 - Go policy clock boundary 0ms rechecks the actual proposal handle
  ---
  duration_ms: 1099.821727
  type: 'test'
  ...
# Subtest: node seals a private envelope once and the other engine recovers its exact bytes and fixed deadline
ok 19 - node seals a private envelope once and the other engine recovers its exact bytes and fixed deadline
  ---
  duration_ms: 2335.844134
  type: 'test'
  ...
# Subtest: go seals a private envelope once and the other engine recovers its exact bytes and fixed deadline
ok 20 - go seals a private envelope once and the other engine recovers its exact bytes and fixed deadline
  ---
  duration_ms: 3477.805306
  type: 'test'
  ...
# Subtest: Go abrupt exit before-envelope-commit preserves only a committed encrypted envelope
ok 21 - Go abrupt exit before-envelope-commit preserves only a committed encrypted envelope
  ---
  duration_ms: 1266.571812
  type: 'test'
  ...
# Subtest: Go abrupt exit after-envelope preserves only a committed encrypted envelope
ok 22 - Go abrupt exit after-envelope preserves only a committed encrypted envelope
  ---
  duration_ms: 1268.167784
  type: 'test'
  ...
# Subtest: both catalogues reject a corrupted retained envelope without falling back to a fresh nonce
ok 23 - both catalogues reject a corrupted retained envelope without falling back to a fresh nonce
  ---
  duration_ms: 1144.196113
  type: 'test'
  ...
# Subtest: a Node sealer waits on the real Go writer transaction and recovers the envelope committed by that writer
ok 24 - a Node sealer waits on the real Go writer transaction and recovers the envelope committed by that writer
  ---
  duration_ms: 1405.266816
  type: 'test'
  ...
# Subtest: repeated Go cancellation of an old operation cannot remove the current preparation
ok 25 - repeated Go cancellation of an old operation cannot remove the current preparation
  ---
  duration_ms: 1180.7785
  type: 'test'
  ...
# Subtest: node queues before public copying, recovers bytes and frees only its own preparation slot
ok 26 - node queues before public copying, recovers bytes and frees only its own preparation slot
  ---
  duration_ms: 3492.607739
  type: 'test'
  ...
# Subtest: go queues before public copying, recovers bytes and frees only its own preparation slot
ok 27 - go queues before public copying, recovers bytes and frees only its own preparation slot
  ---
  duration_ms: 4573.908192
  type: 'test'
  ...
# Subtest: Go exit before-queue-commit retains either the signed stage or its durable queued replacement
ok 28 - Go exit before-queue-commit retains either the signed stage or its durable queued replacement
  ---
  duration_ms: 208.7562
  type: 'test'
  ...
# Subtest: Go exit after-queue retains either the signed stage or its durable queued replacement
ok 29 - Go exit after-queue retains either the signed stage or its durable queued replacement
  ---
  duration_ms: 198.245123
  type: 'test'
  ...
# Subtest: node admits historical owner receipt from queued, removes only the original payload and preserves a new preparation
ok 30 - node admits historical owner receipt from queued, removes only the original payload and preserves a new preparation
  ---
  duration_ms: 1218.408121
  type: 'test'
  ...
# Subtest: node admits historical owner receipt from cancelled, removes only the original payload and preserves a new preparation
ok 31 - node admits historical owner receipt from cancelled, removes only the original payload and preserves a new preparation
  ---
  duration_ms: 1228.59485
  type: 'test'
  ...
# Subtest: node admits historical owner receipt from expired, removes only the original payload and preserves a new preparation
ok 32 - node admits historical owner receipt from expired, removes only the original payload and preserves a new preparation
  ---
  duration_ms: 1220.505023
  type: 'test'
  ...
# Subtest: go admits historical owner receipt from queued, removes only the original payload and preserves a new preparation
ok 33 - go admits historical owner receipt from queued, removes only the original payload and preserves a new preparation
  ---
  duration_ms: 2303.865387
  type: 'test'
  ...
# Subtest: go admits historical owner receipt from cancelled, removes only the original payload and preserves a new preparation
ok 34 - go admits historical owner receipt from cancelled, removes only the original payload and preserves a new preparation
  ---
  duration_ms: 2303.2268
  type: 'test'
  ...
# Subtest: go admits historical owner receipt from expired, removes only the original payload and preserves a new preparation
ok 35 - go admits historical owner receipt from expired, removes only the original payload and preserves a new preparation
  ---
  duration_ms: 2283.750655
  type: 'test'
  ...
# Subtest: Go before-receipt-commit leaves receipt and payload on the same side of the transaction boundary
ok 36 - Go before-receipt-commit leaves receipt and payload on the same side of the transaction boundary
  ---
  duration_ms: 201.76193
  type: 'test'
  ...
# Subtest: Go after-receipt leaves receipt and payload on the same side of the transaction boundary
ok 37 - Go after-receipt leaves receipt and payload on the same side of the transaction boundary
  ---
  duration_ms: 200.772496
  type: 'test'
  ...
# Subtest: uncopied or cross-reference receipts cannot release an authorised private proposal
ok 38 - uncopied or cross-reference receipts cannot release an authorised private proposal
  ---
  duration_ms: 2210.162809
  type: 'test'
  ...
# Subtest: Node before-receipt-commit preserves the receipt/payload boundary when reopened by Go
ok 39 - Node before-receipt-commit preserves the receipt/payload boundary when reopened by Go
  ---
  duration_ms: 2421.944214
  type: 'test'
  ...
# Subtest: Node after-receipt preserves the receipt/payload boundary when reopened by Go
ok 40 - Node after-receipt preserves the receipt/payload boundary when reopened by Go
  ---
  duration_ms: 2390.037572
  type: 'test'
  ...
# Subtest: concurrent Go and Node receipt receivers consume one private payload and agree on the retained first fact
ok 41 - concurrent Go and Node receipt receivers consume one private payload and agree on the retained first fact
  ---
  duration_ms: 1532.697886
  type: 'test'
  ...
# Subtest: node form lookup derives permissions from real snapshots across process transfer, private access and restarted seeder takeover
ok 42 - node form lookup derives permissions from real snapshots across process transfer, private access and restarted seeder takeover
  ---
  duration_ms: 4090.428352
  type: 'test'
  ...
# Subtest: native form lookup derives permissions from real snapshots across process transfer, private access and restarted seeder takeover
ok 43 - native form lookup derives permissions from real snapshots across process transfer, private access and restarted seeder takeover
  ---
  duration_ms: 3989.281347
  type: 'test'
  ...
# Subtest: node owner discards a blocked verified proposal across TCP/restart/replay with a positive channel control
ok 44 - node owner discards a blocked verified proposal across TCP/restart/replay with a positive channel control
  ---
  duration_ms: 1660.220073
  type: 'test'
  ...
# Subtest: node owner discards a blocked missing-source proposal across TCP/restart/replay with a positive channel control
ok 45 - node owner discards a blocked missing-source proposal across TCP/restart/replay with a positive channel control
  ---
  duration_ms: 1860.37017
  type: 'test'
  ...
# Subtest: native owner discards a blocked verified proposal across TCP/restart/replay with a positive channel control
ok 46 - native owner discards a blocked verified proposal across TCP/restart/replay with a positive channel control
  ---
  duration_ms: 994.666143
  type: 'test'
  ...
# Subtest: native owner discards a blocked missing-source proposal across TCP/restart/replay with a positive channel control
ok 47 - native owner discards a blocked missing-source proposal across TCP/restart/replay with a positive channel control
  ---
  duration_ms: 1012.104599
  type: 'test'
  ...
# Subtest: node journals a received proposal before inbox is opened and retains its source after cache-file loss and sender exit
ok 48 - node journals a received proposal before inbox is opened and retains its source after cache-file loss and sender exit
  ---
  duration_ms: 1252.464848
  type: 'test'
  ...
# Subtest: native journals a received proposal before inbox is opened and retains its source after cache-file loss and sender exit
ok 49 - native journals a received proposal before inbox is opened and retains its source after cache-file loss and sender exit
  ---
  duration_ms: 925.905451
  type: 'test'
  ...
# Subtest: node keeps an out-of-order proposal unverified until the actual authenticated source reaches the owner
ok 50 - node keeps an out-of-order proposal unverified until the actual authenticated source reaches the owner
  ---
  duration_ms: 2629.237546
  type: 'test'
  ...
# Subtest: native keeps an out-of-order proposal unverified until the actual authenticated source reaches the owner
ok 51 - native keeps an out-of-order proposal unverified until the actual authenticated source reaches the owner
  ---
  duration_ms: 2658.018759
  type: 'test'
  ...
# (node:461065) ExperimentalWarning: SQLite is an experimental feature and might change at any time
# (Use `node --trace-warnings ...` to show where the warning was created)
# Subtest: node inbox persists an original proposal that the other process verifies and reopens with the same encrypted source
ok 52 - node inbox persists an original proposal that the other process verifies and reopens with the same encrypted source
  ---
  duration_ms: 5571.913167
  type: 'test'
  ...
# Subtest: go inbox persists an original proposal that the other process verifies and reopens with the same encrypted source
ok 53 - go inbox persists an original proposal that the other process verifies and reopens with the same encrypted source
  ---
  duration_ms: 5497.85317
  type: 'test'
  ...
# Subtest: Go inbox process exit before-commit during admit preserves the exact committed boundary
ok 54 - Go inbox process exit before-commit during admit preserves the exact committed boundary
  ---
  duration_ms: 2263.822767
  type: 'test'
  ...
# Subtest: Go inbox process exit after-command during admit preserves the exact committed boundary
ok 55 - Go inbox process exit after-command during admit preserves the exact committed boundary
  ---
  duration_ms: 2276.030376
  type: 'test'
  ...
# Subtest: Go inbox process exit before-commit during source preserves the exact committed boundary
ok 56 - Go inbox process exit before-commit during source preserves the exact committed boundary
  ---
  duration_ms: 2322.075147
  type: 'test'
  ...
# Subtest: Go inbox process exit after-command during source preserves the exact committed boundary
ok 57 - Go inbox process exit after-command during source preserves the exact committed boundary
  ---
  duration_ms: 2361.309669
  type: 'test'
  ...
# Subtest: native inbox refuses block/corruption and collects expired proof without erasing replay metadata
ok 58 - native inbox refuses block/corruption and collects expired proof without erasing replay metadata
  ---
  duration_ms: 5447.62188
  type: 'test'
  ...
# Subtest: node discards missing-source proposal durably across encrypted Node/Go reopen
ok 59 - node discards missing-source proposal durably across encrypted Node/Go reopen
  ---
  duration_ms: 8399.305621
  type: 'test'
  ...
# Subtest: node discards verified proposal durably across encrypted Node/Go reopen
ok 60 - node discards verified proposal durably across encrypted Node/Go reopen
  ---
  duration_ms: 8469.28184
  type: 'test'
  ...
# Subtest: go discards missing-source proposal durably across encrypted Node/Go reopen
ok 61 - go discards missing-source proposal durably across encrypted Node/Go reopen
  ---
  duration_ms: 9490.723556
  type: 'test'
  ...
# Subtest: go discards verified proposal durably across encrypted Node/Go reopen
ok 62 - go discards verified proposal durably across encrypted Node/Go reopen
  ---
  duration_ms: 9588.249401
  type: 'test'
  ...
# Subtest: Go discard process exit before-commit cannot separate proof disposal from replay tombstone
ok 63 - Go discard process exit before-commit cannot separate proof disposal from replay tombstone
  ---
  duration_ms: 2274.868407
  type: 'test'
  ...
# Subtest: Go discard process exit after-command cannot separate proof disposal from replay tombstone
ok 64 - Go discard process exit after-command cannot separate proof disposal from replay tombstone
  ---
  duration_ms: 2264.555712
  type: 'test'
  ...
# Subtest: Go dismissal detects corrupt evidence instead of laundering it through cleanup
ok 65 - Go dismissal detects corrupt evidence instead of laundering it through cleanup
  ---
  duration_ms: 1096.85452
  type: 'test'
  ...
# Subtest: Node discard process exit before-commit is recovered by Go without splitting proof and tombstone
ok 66 - Node discard process exit before-commit is recovered by Go without splitting proof and tombstone
  ---
  duration_ms: 2397.0127
  type: 'test'
  ...
# Subtest: Node discard process exit after-command is recovered by Go without splitting proof and tombstone
ok 67 - Node discard process exit after-command is recovered by Go without splitting proof and tombstone
  ---
  duration_ms: 2326.380509
  type: 'test'
  ...
# Subtest: node receipt intent, signature, exact envelope and copy survive cross-runtime reopen after proposal disposal
ok 68 - node receipt intent, signature, exact envelope and copy survive cross-runtime reopen after proposal disposal
  ---
  duration_ms: 9741.732452
  type: 'test'
  ...
# Subtest: go receipt intent, signature, exact envelope and copy survive cross-runtime reopen after proposal disposal
ok 69 - go receipt intent, signature, exact envelope and copy survive cross-runtime reopen after proposal disposal
  ---
  duration_ms: 10841.058084
  type: 'test'
  ...
# Subtest: Go receipt source exit before-commit preserves exactly the committed signing boundary
ok 70 - Go receipt source exit before-commit preserves exactly the committed signing boundary
  ---
  duration_ms: 1249.288523
  type: 'test'
  ...
# Subtest: Go receipt source exit after-command preserves exactly the committed signing boundary
ok 71 - Go receipt source exit after-command preserves exactly the committed signing boundary
  ---
  duration_ms: 1280.693285
  type: 'test'
  ...
# Subtest: Go receipt sign-receipt exit before-commit preserves exactly the committed signing boundary
ok 72 - Go receipt sign-receipt exit before-commit preserves exactly the committed signing boundary
  ---
  duration_ms: 1224.847377
  type: 'test'
  ...
# Subtest: Go receipt sign-receipt exit after-command preserves exactly the committed signing boundary
ok 73 - Go receipt sign-receipt exit after-command preserves exactly the committed signing boundary
  ---
  duration_ms: 1205.651446
  type: 'test'
  ...
# Subtest: Go receipt seal-receipt exit before-commit preserves exactly the committed signing boundary
ok 74 - Go receipt seal-receipt exit before-commit preserves exactly the committed signing boundary
  ---
  duration_ms: 2333.82122
  type: 'test'
  ...
# Subtest: Go receipt seal-receipt exit after-command preserves exactly the committed signing boundary
ok 75 - Go receipt seal-receipt exit after-command preserves exactly the committed signing boundary
  ---
  duration_ms: 2319.520066
  type: 'test'
  ...
# Subtest: Go receipt copy-receipt exit before-commit preserves exactly the committed signing boundary
ok 76 - Go receipt copy-receipt exit before-commit preserves exactly the committed signing boundary
  ---
  duration_ms: 1274.697513
  type: 'test'
  ...
# Subtest: Go receipt copy-receipt exit after-command preserves exactly the committed signing boundary
ok 77 - Go receipt copy-receipt exit after-command preserves exactly the committed signing boundary
  ---
  duration_ms: 1287.325149
  type: 'test'
  ...
# Subtest: Node receipt source exit before-commit is recoverable in the Go catalogue
ok 78 - Node receipt source exit before-commit is recoverable in the Go catalogue
  ---
  duration_ms: 2343.987581
  type: 'test'
  ...
# Subtest: Node receipt source exit after-command is recoverable in the Go catalogue
ok 79 - Node receipt source exit after-command is recoverable in the Go catalogue
  ---
  duration_ms: 2354.334491
  type: 'test'
  ...
# Subtest: Node receipt sign-receipt exit before-commit is recoverable in the Go catalogue
ok 80 - Node receipt sign-receipt exit before-commit is recoverable in the Go catalogue
  ---
  duration_ms: 2323.626716
  type: 'test'
  ...
# Subtest: Node receipt sign-receipt exit after-command is recoverable in the Go catalogue
ok 81 - Node receipt sign-receipt exit after-command is recoverable in the Go catalogue
  ---
  duration_ms: 2309.37777
  type: 'test'
  ...
# Subtest: Node receipt seal-receipt exit before-commit is recoverable in the Go catalogue
ok 82 - Node receipt seal-receipt exit before-commit is recoverable in the Go catalogue
  ---
  duration_ms: 3433.538376
  type: 'test'
  ...
# Subtest: Node receipt seal-receipt exit after-command is recoverable in the Go catalogue
ok 83 - Node receipt seal-receipt exit after-command is recoverable in the Go catalogue
  ---
  duration_ms: 3426.904679
  type: 'test'
  ...
# Subtest: Node receipt copy-receipt exit before-commit is recoverable in the Go catalogue
ok 84 - Node receipt copy-receipt exit before-commit is recoverable in the Go catalogue
  ---
  duration_ms: 2388.711025
  type: 'test'
  ...
# Subtest: Node receipt copy-receipt exit after-command is recoverable in the Go catalogue
ok 85 - Node receipt copy-receipt exit after-command is recoverable in the Go catalogue
  ---
  duration_ms: 2398.555342
  type: 'test'
  ...
# Subtest: tampered owner receipt preparation is rejected across both storage engines
ok 86 - tampered owner receipt preparation is rejected across both storage engines
  ---
  duration_ms: 1161.429273
  type: 'test'
  ...
# Subtest: concurrent Go and Node receipt writers commit one envelope while the losing writer observes the committed bytes
ok 87 - concurrent Go and Node receipt writers commit one envelope while the losing writer observes the committed bytes
  ---
  duration_ms: 2532.191521
  type: 'test'
  ...
# Subtest: node refuses forged, public and cross-reference receipt traffic with positive packets on the same live channel
ok 88 - node refuses forged, public and cross-reference receipt traffic with positive packets on the same live channel
  ---
  duration_ms: 2975.752508
  type: 'test'
  ...
# Subtest: native refuses forged, public and cross-reference receipt traffic with positive packets on the same live channel
ok 89 - native refuses forged, public and cross-reference receipt traffic with positive packets on the same live channel
  ---
  duration_ms: 2940.859076
  type: 'test'
  ...
# Subtest: node visitor receives an owner-signed private receipt from the other engine and never resumes the confirmed proposal after restart
ok 90 - node visitor receives an owner-signed private receipt from the other engine and never resumes the confirmed proposal after restart
  ---
  duration_ms: 2939.521708
  type: 'test'
  ...
# Subtest: native visitor receives an owner-signed private receipt from the other engine and never resumes the confirmed proposal after restart
ok 91 - native visitor receives an owner-signed private receipt from the other engine and never resumes the confirmed proposal after restart
  ---
  duration_ms: 3245.119564
  type: 'test'
  ...
# Subtest: late receipt survives an opaque seeder takeover and records reception without reviving a cancelled visitor proposal
ok 92 - late receipt survives an opaque seeder takeover and records reception without reviving a cancelled visitor proposal
  ---
  duration_ms: 11856.167678
  type: 'test'
  ...
# Subtest: late receipt survives an opaque seeder takeover and records reception without reviving a expired visitor proposal
ok 93 - late receipt survives an opaque seeder takeover and records reception without reviving a expired visitor proposal
  ---
  duration_ms: 23969.913367
  type: 'test'
  ...
# (node:519682) ExperimentalWarning: SQLite is an experimental feature and might change at any time
# (Use `node --trace-warnings ...` to show where the warning was created)
# Subtest: node admits historical owner rejection from queued, removes only the original payload and preserves a new preparation
ok 94 - node admits historical owner rejection from queued, removes only the original payload and preserves a new preparation
  ---
  duration_ms: 1533.465666
  type: 'test'
  ...
# Subtest: node admits historical owner rejection from cancelled, removes only the original payload and preserves a new preparation
ok 95 - node admits historical owner rejection from cancelled, removes only the original payload and preserves a new preparation
  ---
  duration_ms: 1295.008204
  type: 'test'
  ...
# Subtest: node admits historical owner rejection from expired, removes only the original payload and preserves a new preparation
ok 96 - node admits historical owner rejection from expired, removes only the original payload and preserves a new preparation
  ---
  duration_ms: 1276.469305
  type: 'test'
  ...
# Subtest: go admits historical owner rejection from queued, removes only the original payload and preserves a new preparation
ok 97 - go admits historical owner rejection from queued, removes only the original payload and preserves a new preparation
  ---
  duration_ms: 2371.302876
  type: 'test'
  ...
# Subtest: go admits historical owner rejection from cancelled, removes only the original payload and preserves a new preparation
ok 98 - go admits historical owner rejection from cancelled, removes only the original payload and preserves a new preparation
  ---
  duration_ms: 2365.457936
  type: 'test'
  ...
# Subtest: go admits historical owner rejection from expired, removes only the original payload and preserves a new preparation
ok 99 - go admits historical owner rejection from expired, removes only the original payload and preserves a new preparation
  ---
  duration_ms: 2365.729957
  type: 'test'
  ...
# Subtest: Go before-rejection-commit leaves rejection and payload on the same side of the transaction boundary
ok 100 - Go before-rejection-commit leaves rejection and payload on the same side of the transaction boundary
  ---
  duration_ms: 253.05952
  type: 'test'
  ...
# Subtest: Go after-rejection leaves rejection and payload on the same side of the transaction boundary
ok 101 - Go after-rejection leaves rejection and payload on the same side of the transaction boundary
  ---
  duration_ms: 244.742196
  type: 'test'
  ...
# Subtest: uncopied or cross-reference rejections cannot release an authorised private proposal
ok 102 - uncopied or cross-reference rejections cannot release an authorised private proposal
  ---
  duration_ms: 2255.591725
  type: 'test'
  ...
# Subtest: Node before-rejection-commit preserves the rejection/payload boundary when reopened by Go
ok 103 - Node before-rejection-commit preserves the rejection/payload boundary when reopened by Go
  ---
  duration_ms: 2414.990267
  type: 'test'
  ...
# Subtest: Node after-rejection preserves the rejection/payload boundary when reopened by Go
ok 104 - Node after-rejection preserves the rejection/payload boundary when reopened by Go
  ---
  duration_ms: 2395.02885
  type: 'test'
  ...
# Subtest: concurrent Go and Node rejection receivers consume one private payload and agree on the retained first fact
ok 105 - concurrent Go and Node rejection receivers consume one private payload and agree on the retained first fact
  ---
  duration_ms: 1526.690794
  type: 'test'
  ...
# Subtest: node refuses forged, public and cross-reference rejection traffic with positive packets on the same live channel
ok 106 - node refuses forged, public and cross-reference rejection traffic with positive packets on the same live channel
  ---
  duration_ms: 2983.2953
  type: 'test'
  ...
# Subtest: native refuses forged, public and cross-reference rejection traffic with positive packets on the same live channel
ok 107 - native refuses forged, public and cross-reference rejection traffic with positive packets on the same live channel
  ---
  duration_ms: 2811.98225
  type: 'test'
  ...
# Subtest: node visitor receives an owner-signed private refusal from the other engine and never resumes the declined proposal after restart
ok 108 - node visitor receives an owner-signed private refusal from the other engine and never resumes the declined proposal after restart
  ---
  duration_ms: 9630.652584
  type: 'test'
  ...
# Subtest: native visitor receives an owner-signed private refusal from the other engine and never resumes the declined proposal after restart
ok 109 - native visitor receives an owner-signed private refusal from the other engine and never resumes the declined proposal after restart
  ---
  duration_ms: 9873.055664
  type: 'test'
  ...
# Subtest: late rejection survives an opaque seeder takeover and records reception without reviving a cancelled visitor proposal
ok 110 - late rejection survives an opaque seeder takeover and records reception without reviving a cancelled visitor proposal
  ---
  duration_ms: 11982.717039
  type: 'test'
  ...
# Subtest: late rejection survives an opaque seeder takeover and records reception without reviving a expired visitor proposal
ok 111 - late rejection survives an opaque seeder takeover and records reception without reviving a expired visitor proposal
  ---
  duration_ms: 23942.617869
  type: 'test'
  ...
# (node:527240) ExperimentalWarning: SQLite is an experimental feature and might change at any time
# (Use `node --trace-warnings ...` to show where the warning was created)
# Subtest: node owner decision releases the proposal in the same commit and other engine resumes its exact encrypted refusal
ok 112 - node owner decision releases the proposal in the same commit and other engine resumes its exact encrypted refusal
  ---
  duration_ms: 9730.89427
  type: 'test'
  ...
# Subtest: go owner decision releases the proposal in the same commit and other engine resumes its exact encrypted refusal
ok 113 - go owner decision releases the proposal in the same commit and other engine resumes its exact encrypted refusal
  ---
  duration_ms: 10791.237203
  type: 'test'
  ...
# Subtest: node refusal reject crash before-commit preserves the exact atomic boundary in the other engine
ok 114 - node refusal reject crash before-commit preserves the exact atomic boundary in the other engine
  ---
  duration_ms: 3354.648173
  type: 'test'
  ...
# Subtest: node refusal reject crash after-command preserves the exact atomic boundary in the other engine
ok 115 - node refusal reject crash after-command preserves the exact atomic boundary in the other engine
  ---
  duration_ms: 3350.719496
  type: 'test'
  ...
# Subtest: node refusal sign-rejection crash before-commit preserves the exact atomic boundary in the other engine
ok 116 - node refusal sign-rejection crash before-commit preserves the exact atomic boundary in the other engine
  ---
  duration_ms: 3391.298099
  type: 'test'
  ...
# Subtest: node refusal sign-rejection crash after-command preserves the exact atomic boundary in the other engine
ok 117 - node refusal sign-rejection crash after-command preserves the exact atomic boundary in the other engine
  ---
  duration_ms: 3369.778501
  type: 'test'
  ...
# Subtest: node refusal seal-rejection crash before-commit preserves the exact atomic boundary in the other engine
ok 118 - node refusal seal-rejection crash before-commit preserves the exact atomic boundary in the other engine
  ---
  duration_ms: 3413.471813
  type: 'test'
  ...
# Subtest: node refusal seal-rejection crash after-command preserves the exact atomic boundary in the other engine
ok 119 - node refusal seal-rejection crash after-command preserves the exact atomic boundary in the other engine
  ---
  duration_ms: 3388.823359
  type: 'test'
  ...
# Subtest: node refusal copy-rejection crash before-commit preserves the exact atomic boundary in the other engine
ok 120 - node refusal copy-rejection crash before-commit preserves the exact atomic boundary in the other engine
  ---
  duration_ms: 3454.460975
  type: 'test'
  ...
# Subtest: node refusal copy-rejection crash after-command preserves the exact atomic boundary in the other engine
ok 121 - node refusal copy-rejection crash after-command preserves the exact atomic boundary in the other engine
  ---
  duration_ms: 3457.543214
  type: 'test'
  ...
# Subtest: go refusal reject crash before-commit preserves the exact atomic boundary in the other engine
ok 122 - go refusal reject crash before-commit preserves the exact atomic boundary in the other engine
  ---
  duration_ms: 2255.469456
  type: 'test'
  ...
# Subtest: go refusal reject crash after-command preserves the exact atomic boundary in the other engine
ok 123 - go refusal reject crash after-command preserves the exact atomic boundary in the other engine
  ---
  duration_ms: 2229.279501
  type: 'test'
  ...
# Subtest: go refusal sign-rejection crash before-commit preserves the exact atomic boundary in the other engine
ok 124 - go refusal sign-rejection crash before-commit preserves the exact atomic boundary in the other engine
  ---
  duration_ms: 2274.908442
  type: 'test'
  ...
# Subtest: go refusal sign-rejection crash after-command preserves the exact atomic boundary in the other engine
ok 125 - go refusal sign-rejection crash after-command preserves the exact atomic boundary in the other engine
  ---
  duration_ms: 2259.308864
  type: 'test'
  ...
# Subtest: go refusal seal-rejection crash before-commit preserves the exact atomic boundary in the other engine
ok 126 - go refusal seal-rejection crash before-commit preserves the exact atomic boundary in the other engine
  ---
  duration_ms: 2320.173682
  type: 'test'
  ...
# Subtest: go refusal seal-rejection crash after-command preserves the exact atomic boundary in the other engine
ok 127 - go refusal seal-rejection crash after-command preserves the exact atomic boundary in the other engine
  ---
  duration_ms: 2283.605509
  type: 'test'
  ...
# Subtest: go refusal copy-rejection crash before-commit preserves the exact atomic boundary in the other engine
ok 128 - go refusal copy-rejection crash before-commit preserves the exact atomic boundary in the other engine
  ---
  duration_ms: 2346.255073
  type: 'test'
  ...
# Subtest: go refusal copy-rejection crash after-command preserves the exact atomic boundary in the other engine
ok 129 - go refusal copy-rejection crash after-command preserves the exact atomic boundary in the other engine
  ---
  duration_ms: 2344.123206
  type: 'test'
  ...
# Subtest: refusal stage corruption is refused by both engines and cannot be hidden by expiry
ok 130 - refusal stage corruption is refused by both engines and cannot be hidden by expiry
  ---
  duration_ms: 2201.927097
  type: 'test'
  ...
# Subtest: concurrent Go and Node rejection writers commit one envelope while the losing writer observes the committed bytes
ok 131 - concurrent Go and Node rejection writers commit one envelope while the losing writer observes the committed bytes
  ---
  duration_ms: 2528.178677
  type: 'test'
  ...
# Subtest: node private proposals cross TCP/serial and an opaque seeder takes over after sender exit
ok 132 - node private proposals cross TCP/serial and an opaque seeder takes over after sender exit
  ---
  duration_ms: 7420.213257
  type: 'test'
  ...
# Subtest: native private proposals cross TCP/serial and an opaque seeder takes over after sender exit
ok 133 - native private proposals cross TCP/serial and an opaque seeder takes over after sender exit
  ---
  duration_ms: 7078.716063
  type: 'test'
  ...
# Subtest: node sends a private site proposal over real TCP and the owner resolves its signed form
ok 134 - node sends a private site proposal over real TCP and the owner resolves its signed form
  ---
  duration_ms: 1075.629764
  type: 'test'
  ...
# Subtest: native sends a private site proposal over real TCP and the owner resolves its signed form
ok 135 - native sends a private site proposal over real TCP and the owner resolves its signed form
  ---
  duration_ms: 1090.666057
  type: 'test'
  ...
# Subtest: node restarts a private proposal queue and heals a partition without renewing its envelope
ok 136 - node restarts a private proposal queue and heals a partition without renewing its envelope
  ---
  duration_ms: 1838.519292
  type: 'test'
  ...
# Subtest: native restarts a private proposal queue and heals a partition without renewing its envelope
ok 137 - native restarts a private proposal queue and heals a partition without renewing its envelope
  ---
  duration_ms: 1717.528332
  type: 'test'
  ...
# Subtest: node proposal source held only in its private queue recovers across real TCP with both relays paused
ok 138 - node proposal source held only in its private queue recovers across real TCP with both relays paused
  ---
  duration_ms: 1870.111474
  type: 'test'
  ...
# Subtest: node proposal source held only in its private queue cancels across real TCP with both relays paused
ok 139 - node proposal source held only in its private queue cancels across real TCP with both relays paused
  ---
  duration_ms: 3424.801436
  type: 'test'
  ...
# Subtest: node proposal source held only in its private queue blocks across real TCP with both relays paused
ok 140 - node proposal source held only in its private queue blocks across real TCP with both relays paused
  ---
  duration_ms: 6887.285483
  type: 'test'
  ...
# Subtest: native proposal source held only in its private queue recovers across real TCP with both relays paused
ok 141 - native proposal source held only in its private queue recovers across real TCP with both relays paused
  ---
  duration_ms: 1653.373205
  type: 'test'
  ...
# Subtest: native proposal source held only in its private queue cancels across real TCP with both relays paused
ok 142 - native proposal source held only in its private queue cancels across real TCP with both relays paused
  ---
  duration_ms: 3198.795319
  type: 'test'
  ...
# Subtest: native proposal source held only in its private queue blocks across real TCP with both relays paused
ok 143 - native proposal source held only in its private queue blocks across real TCP with both relays paused
  ---
  duration_ms: 6894.641485
  type: 'test'
  ...
# (node:536146) ExperimentalWarning: SQLite is an experimental feature and might change at any time
# (Use `node --trace-warnings ...` to show where the warning was created)
# Subtest: an authenticated outer SQLite database cannot transpose unpublished signatures from site into the resource namespace
ok 144 - an authenticated outer SQLite database cannot transpose unpublished signatures from site into the resource namespace
  ---
  duration_ms: 831.125405
  type: 'test'
  ...
# Subtest: an authenticated outer SQLite database cannot transpose unpublished signatures from resource into the site namespace
ok 145 - an authenticated outer SQLite database cannot transpose unpublished signatures from resource into the site namespace
  ---
  duration_ms: 90.335403
  type: 'test'
  ...
# Subtest: an authenticated outer SQLite database cannot transpose unpublished signatures from site into the contribution namespace
ok 146 - an authenticated outer SQLite database cannot transpose unpublished signatures from site into the contribution namespace
  ---
  duration_ms: 78.473533
  type: 'test'
  ...
# Subtest: an authenticated outer SQLite database cannot transpose unpublished signatures from contribution into the site namespace
ok 147 - an authenticated outer SQLite database cannot transpose unpublished signatures from contribution into the site namespace
  ---
  duration_ms: 71.071644
  type: 'test'
  ...
# Subtest: an authenticated outer SQLite database cannot transpose unpublished signatures from resource into the contribution namespace
ok 148 - an authenticated outer SQLite database cannot transpose unpublished signatures from resource into the contribution namespace
  ---
  duration_ms: 78.363627
  type: 'test'
  ...
# Subtest: an authenticated outer SQLite database cannot transpose unpublished signatures from contribution into the resource namespace
ok 149 - an authenticated outer SQLite database cannot transpose unpublished signatures from contribution into the resource namespace
  ---
  duration_ms: 72.210049
  type: 'test'
  ...
# Subtest: an authenticated outer SQLite database cannot transpose unpublished signatures from site into the contribution-inbox namespace
ok 150 - an authenticated outer SQLite database cannot transpose unpublished signatures from site into the contribution-inbox namespace
  ---
  duration_ms: 71.984216
  type: 'test'
  ...
# Subtest: an authenticated outer SQLite database cannot transpose unpublished signatures from contribution-inbox into the site namespace
ok 151 - an authenticated outer SQLite database cannot transpose unpublished signatures from contribution-inbox into the site namespace
  ---
  duration_ms: 70.968741
  type: 'test'
  ...
# Subtest: an authenticated outer SQLite database cannot transpose unpublished signatures from resource into the contribution-inbox namespace
ok 152 - an authenticated outer SQLite database cannot transpose unpublished signatures from resource into the contribution-inbox namespace
  ---
  duration_ms: 72.129488
  type: 'test'
  ...
# Subtest: an authenticated outer SQLite database cannot transpose unpublished signatures from contribution-inbox into the resource namespace
ok 153 - an authenticated outer SQLite database cannot transpose unpublished signatures from contribution-inbox into the resource namespace
  ---
  duration_ms: 71.723267
  type: 'test'
  ...
# Subtest: an authenticated outer SQLite database cannot transpose unpublished signatures from contribution into the contribution-inbox namespace
ok 154 - an authenticated outer SQLite database cannot transpose unpublished signatures from contribution into the contribution-inbox namespace
  ---
  duration_ms: 71.38405
  type: 'test'
  ...
# Subtest: an authenticated outer SQLite database cannot transpose unpublished signatures from contribution-inbox into the contribution namespace
ok 155 - an authenticated outer SQLite database cannot transpose unpublished signatures from contribution-inbox into the contribution namespace
  ---
  duration_ms: 70.503981
  type: 'test'
  ...
# Subtest: an authenticated outer SQLite database cannot transpose unpublished signatures from contribution-receipt into the site namespace
ok 156 - an authenticated outer SQLite database cannot transpose unpublished signatures from contribution-receipt into the site namespace
  ---
  duration_ms: 69.567023
  type: 'test'
  ...
# Subtest: an authenticated outer SQLite database cannot transpose unpublished signatures from site into the contribution-receipt namespace
ok 157 - an authenticated outer SQLite database cannot transpose unpublished signatures from site into the contribution-receipt namespace
  ---
  duration_ms: 69.665738
  type: 'test'
  ...
# Subtest: an authenticated outer SQLite database cannot transpose unpublished signatures from contribution-receipt into the resource namespace
ok 158 - an authenticated outer SQLite database cannot transpose unpublished signatures from contribution-receipt into the resource namespace
  ---
  duration_ms: 67.57013
  type: 'test'
  ...
# Subtest: an authenticated outer SQLite database cannot transpose unpublished signatures from resource into the contribution-receipt namespace
ok 159 - an authenticated outer SQLite database cannot transpose unpublished signatures from resource into the contribution-receipt namespace
  ---
  duration_ms: 74.250174
  type: 'test'
  ...
# Subtest: an authenticated outer SQLite database cannot transpose unpublished signatures from contribution-receipt into the contribution namespace
ok 160 - an authenticated outer SQLite database cannot transpose unpublished signatures from contribution-receipt into the contribution namespace
  ---
  duration_ms: 80.145627
  type: 'test'
  ...
# Subtest: an authenticated outer SQLite database cannot transpose unpublished signatures from contribution into the contribution-receipt namespace
ok 161 - an authenticated outer SQLite database cannot transpose unpublished signatures from contribution into the contribution-receipt namespace
  ---
  duration_ms: 70.462292
  type: 'test'
  ...
# Subtest: an authenticated outer SQLite database cannot transpose unpublished signatures from contribution-receipt into the contribution-inbox namespace
ok 162 - an authenticated outer SQLite database cannot transpose unpublished signatures from contribution-receipt into the contribution-inbox namespace
  ---
  duration_ms: 72.553794
  type: 'test'
  ...
# Subtest: an authenticated outer SQLite database cannot transpose unpublished signatures from contribution-inbox into the contribution-receipt namespace
ok 163 - an authenticated outer SQLite database cannot transpose unpublished signatures from contribution-inbox into the contribution-receipt namespace
  ---
  duration_ms: 69.340178
  type: 'test'
  ...
# Subtest: an authenticated outer SQLite database cannot transpose unpublished signatures from contribution-rejection into the site namespace
ok 164 - an authenticated outer SQLite database cannot transpose unpublished signatures from contribution-rejection into the site namespace
  ---
  duration_ms: 74.188769
  type: 'test'
  ...
# Subtest: an authenticated outer SQLite database cannot transpose unpublished signatures from site into the contribution-rejection namespace
ok 165 - an authenticated outer SQLite database cannot transpose unpublished signatures from site into the contribution-rejection namespace
  ---
  duration_ms: 69.003377
  type: 'test'
  ...
# Subtest: an authenticated outer SQLite database cannot transpose unpublished signatures from contribution-rejection into the resource namespace
ok 166 - an authenticated outer SQLite database cannot transpose unpublished signatures from contribution-rejection into the resource namespace
  ---
  duration_ms: 69.925946
  type: 'test'
  ...
# Subtest: an authenticated outer SQLite database cannot transpose unpublished signatures from resource into the contribution-rejection namespace
ok 167 - an authenticated outer SQLite database cannot transpose unpublished signatures from resource into the contribution-rejection namespace
  ---
  duration_ms: 71.482404
  type: 'test'
  ...
# Subtest: an authenticated outer SQLite database cannot transpose unpublished signatures from contribution-rejection into the contribution namespace
ok 168 - an authenticated outer SQLite database cannot transpose unpublished signatures from contribution-rejection into the contribution namespace
  ---
  duration_ms: 68.963191
  type: 'test'
  ...
# Subtest: an authenticated outer SQLite database cannot transpose unpublished signatures from contribution into the contribution-rejection namespace
ok 169 - an authenticated outer SQLite database cannot transpose unpublished signatures from contribution into the contribution-rejection namespace
  ---
  duration_ms: 69.331371
  type: 'test'
  ...
# Subtest: an authenticated outer SQLite database cannot transpose unpublished signatures from contribution-rejection into the contribution-inbox namespace
ok 170 - an authenticated outer SQLite database cannot transpose unpublished signatures from contribution-rejection into the contribution-inbox namespace
  ---
  duration_ms: 68.38121
  type: 'test'
  ...
# Subtest: an authenticated outer SQLite database cannot transpose unpublished signatures from contribution-inbox into the contribution-rejection namespace
ok 171 - an authenticated outer SQLite database cannot transpose unpublished signatures from contribution-inbox into the contribution-rejection namespace
  ---
  duration_ms: 68.021305
  type: 'test'
  ...
# Subtest: an authenticated outer SQLite database cannot transpose unpublished signatures from contribution-rejection into the contribution-receipt namespace
ok 172 - an authenticated outer SQLite database cannot transpose unpublished signatures from contribution-rejection into the contribution-receipt namespace
  ---
  duration_ms: 75.288461
  type: 'test'
  ...
# Subtest: an authenticated outer SQLite database cannot transpose unpublished signatures from contribution-receipt into the contribution-rejection namespace
ok 173 - an authenticated outer SQLite database cannot transpose unpublished signatures from contribution-receipt into the contribution-rejection namespace
  ---
  duration_ms: 74.379277
  type: 'test'
  ...
# Subtest: Node and a real Go process exchange signing-protected site records in the same SQLite database
ok 174 - Node and a real Go process exchange signing-protected site records in the same SQLite database
  ---
  duration_ms: 2301.36121
  type: 'test'
  ...
# Subtest: Node and a real Go process exchange signing-protected resource records in the same SQLite database
ok 175 - Node and a real Go process exchange signing-protected resource records in the same SQLite database
  ---
  duration_ms: 2294.351186
  type: 'test'
  ...
# Subtest: Node and a real Go process exchange signing-protected contribution records in the same SQLite database
ok 176 - Node and a real Go process exchange signing-protected contribution records in the same SQLite database
  ---
  duration_ms: 2293.341322
  type: 'test'
  ...
# Subtest: Node and a real Go process exchange signing-protected contribution-inbox records in the same SQLite database
ok 177 - Node and a real Go process exchange signing-protected contribution-inbox records in the same SQLite database
  ---
  duration_ms: 2326.027978
  type: 'test'
  ...
# Subtest: Node and a real Go process exchange signing-protected contribution-receipt records in the same SQLite database
ok 178 - Node and a real Go process exchange signing-protected contribution-receipt records in the same SQLite database
  ---
  duration_ms: 2316.408793
  type: 'test'
  ...
# Subtest: Node and a real Go process exchange signing-protected contribution-rejection records in the same SQLite database
ok 179 - Node and a real Go process exchange signing-protected contribution-rejection records in the same SQLite database
  ---
  duration_ms: 2339.738935
  type: 'test'
  ...
# Subtest: Go rejects a Node encrypted site value transplanted into another authenticated store
ok 180 - Go rejects a Node encrypted site value transplanted into another authenticated store
  ---
  duration_ms: 93.232956
  type: 'test'
  ...
# Subtest: Go rejects a Node encrypted resource value transplanted into another authenticated store
ok 181 - Go rejects a Node encrypted resource value transplanted into another authenticated store
  ---
  duration_ms: 85.463939
  type: 'test'
  ...
# Subtest: Go rejects a Node encrypted contribution value transplanted into another authenticated store
ok 182 - Go rejects a Node encrypted contribution value transplanted into another authenticated store
  ---
  duration_ms: 85.458119
  type: 'test'
  ...
# Subtest: Go rejects a Node encrypted contribution-inbox value transplanted into another authenticated store
ok 183 - Go rejects a Node encrypted contribution-inbox value transplanted into another authenticated store
  ---
  duration_ms: 80.991464
  type: 'test'
  ...
# Subtest: Go rejects a Node encrypted contribution-receipt value transplanted into another authenticated store
ok 184 - Go rejects a Node encrypted contribution-receipt value transplanted into another authenticated store
  ---
  duration_ms: 83.49617
  type: 'test'
  ...
# Subtest: Go rejects a Node encrypted contribution-rejection value transplanted into another authenticated store
ok 185 - Go rejects a Node encrypted contribution-rejection value transplanted into another authenticated store
  ---
  duration_ms: 81.997941
  type: 'test'
  ...
1..185
# tests 185
# suites 0
# pass 185
# fail 0
# cancelled 0
# skipped 0
# todo 0
# duration_ms 514869.068958
