TAP version 13
# Subtest: owner reception receipts bind the original proposal and exact private envelope across Node, portable crypto and Go
ok 1 - owner reception receipts bind the original proposal and exact private envelope across Node, portable crypto and Go
  ---
  duration_ms: 1549.897277
  type: 'test'
  ...
# Subtest: owner refusals bind the original proposal and exact private envelope across Node, portable crypto and Go
ok 2 - owner refusals bind the original proposal and exact private envelope across Node, portable crypto and Go
  ---
  duration_ms: 754.070658
  type: 'test'
  ...
1..2
# tests 2
# suites 0
# pass 2
# fail 0
# cancelled 0
# skipped 0
# todo 0
# duration_ms 2713.630654
