
Running 10 tests using 1 worker

(node:808226) Warning: The 'NO_COLOR' env is ignored due to the 'FORCE_COLOR' env being set.
(Use `node --trace-warnings ...` to show where the warning was created)
  ✓   1 [webkit] › tests/browser/routing.spec.ts:828:1 › managed relay revocation cancels an in-flight forwarded packet and keeps an authored SOS on that same open link (3.2s)
(node:808964) Warning: The 'NO_COLOR' env is ignored due to the 'FORCE_COLOR' env being set.
(Use `node --trace-warnings ...` to show where the warning was created)
  ✓   2 [webkit] › tests/browser/routing.spec.ts:828:1 › managed relay revocation cancels an in-flight forwarded packet and keeps an authored SOS on that same open link (3.2s)
(node:809793) Warning: The 'NO_COLOR' env is ignored due to the 'FORCE_COLOR' env being set.
(Use `node --trace-warnings ...` to show where the warning was created)
  ✓   3 [webkit] › tests/browser/routing.spec.ts:828:1 › managed relay revocation cancels an in-flight forwarded packet and keeps an authored SOS on that same open link (3.2s)
(node:810337) Warning: The 'NO_COLOR' env is ignored due to the 'FORCE_COLOR' env being set.
(Use `node --trace-warnings ...` to show where the warning was created)
  ✓   4 [webkit] › tests/browser/routing.spec.ts:828:1 › managed relay revocation cancels an in-flight forwarded packet and keeps an authored SOS on that same open link (3.4s)
(node:812044) Warning: The 'NO_COLOR' env is ignored due to the 'FORCE_COLOR' env being set.
(Use `node --trace-warnings ...` to show where the warning was created)
  ✓   5 [webkit] › tests/browser/routing.spec.ts:828:1 › managed relay revocation cancels an in-flight forwarded packet and keeps an authored SOS on that same open link (3.2s)
(node:812865) Warning: The 'NO_COLOR' env is ignored due to the 'FORCE_COLOR' env being set.
(Use `node --trace-warnings ...` to show where the warning was created)
  ✓   6 [webkit] › tests/browser/routing.spec.ts:828:1 › managed relay revocation cancels an in-flight forwarded packet and keeps an authored SOS on that same open link (3.1s)
(node:813468) Warning: The 'NO_COLOR' env is ignored due to the 'FORCE_COLOR' env being set.
(Use `node --trace-warnings ...` to show where the warning was created)
  ✓   7 [webkit] › tests/browser/routing.spec.ts:828:1 › managed relay revocation cancels an in-flight forwarded packet and keeps an authored SOS on that same open link (3.2s)
(node:814314) Warning: The 'NO_COLOR' env is ignored due to the 'FORCE_COLOR' env being set.
(Use `node --trace-warnings ...` to show where the warning was created)
  ✓   8 [webkit] › tests/browser/routing.spec.ts:828:1 › managed relay revocation cancels an in-flight forwarded packet and keeps an authored SOS on that same open link (3.2s)
(node:814943) Warning: The 'NO_COLOR' env is ignored due to the 'FORCE_COLOR' env being set.
(Use `node --trace-warnings ...` to show where the warning was created)
  ✓   9 [webkit] › tests/browser/routing.spec.ts:828:1 › managed relay revocation cancels an in-flight forwarded packet and keeps an authored SOS on that same open link (3.1s)
(node:815521) Warning: The 'NO_COLOR' env is ignored due to the 'FORCE_COLOR' env being set.
(Use `node --trace-warnings ...` to show where the warning was created)
  ✓  10 [webkit] › tests/browser/routing.spec.ts:828:1 › managed relay revocation cancels an in-flight forwarded packet and keeps an authored SOS on that same open link (3.2s)

  10 passed (38.0s)
