vite v7.3.6 building client environment for production...
transforming...
✓ 1835 modules transformed.
rendering chunks...
computing gzip size...
../../dist/web/assets/manifest-BWKlX33v.webmanifest         0.32 kB
../../dist/web/index.html                                   0.81 kB │ gzip:   0.40 kB
../../dist/web/browser/index.html                           1.17 kB │ gzip:   0.57 kB
../../dist/web/browser/worker-BVAeI3LD.js                 146.10 kB
../../dist/web/assets/editor-CHOydSuI.css                   2.56 kB │ gzip:   0.82 kB
../../dist/web/assets/main-DEi_Xkk3.css                    13.87 kB │ gzip:   3.10 kB
../../dist/web/assets/history-D4SGYxMs.css                 19.34 kB │ gzip:   4.35 kB
../../dist/web/assets/peers-zdFnw8Ii.css                   61.71 kB │ gzip:  12.98 kB
../../dist/web/assets/modulepreload-polyfill-B5Qt9EMX.js    0.71 kB │ gzip:   0.40 kB
../../dist/web/assets/visit-DEd0Xmm7.js                     3.55 kB │ gzip:   1.61 kB
../../dist/web/assets/editor-B-JKUv7u.js                   51.41 kB │ gzip:  16.04 kB
../../dist/web/assets/browser-Bh6XAgOf.js                  67.92 kB │ gzip:  23.09 kB
../../dist/web/assets/history-UQtTWg2S.js                 132.81 kB │ gzip:  41.66 kB
../../dist/web/assets/main-B7_YppR6.js                    148.42 kB │ gzip:  45.48 kB
../../dist/web/assets/peers-DHi-onpD.js                   396.93 kB │ gzip: 128.20 kB
✓ built in 2.58s
