TAP version 13
# Subtest: real Node group newcomer cannot read earlier audiences; peer serves author's edit while author is offline
ok 1 - real Node group newcomer cannot read earlier audiences; peer serves author's edit while author is offline
  ---
  duration_ms: 39282.383528
  type: 'test'
  ...
# Subtest: a delayed fixture client submits a non-idempotent operation once after the server closes idle HTTP sockets
ok 2 - a delayed fixture client submits a non-idempotent operation once after the server closes idle HTTP sockets
  ---
  duration_ms: 6889.807998
  type: 'test'
  ...
# Subtest: real native/node/native group event seed takeover and new-reader exclusion
ok 3 - real native/node/native group event seed takeover and new-reader exclusion
  ---
  duration_ms: 18806.574912
  type: 'test'
  ...
# Subtest: real node/native/node group event seed takeover and new-reader exclusion
ok 4 - real node/native/node group event seed takeover and new-reader exclusion
  ---
  duration_ms: 27067.488237
  type: 'test'
  ...
1..4
# tests 4
# suites 0
# pass 4
# fail 0
# cancelled 0
# skipped 0
# todo 0
# duration_ms 92466.340675
