TAP version 13
# Subtest: a delayed fixture client submits a non-idempotent operation once after the server closes idle HTTP sockets
not ok 1 - a delayed fixture client submits a non-idempotent operation once after the server closes idle HTTP sockets
  ---
  duration_ms: 6906.440302
  type: 'test'
  location: '/home/absint0o/projects/relayloom/tests/http-fixture-lifecycle.test.ts:1:138'
  failureType: 'testCodeFailure'
  error: 'Fixture node API publish failed: ECONNRESET; reused=true, headers=false, elapsed=52ms, process exit=null, signal=null'
  code: 'ERR_TEST_FAILURE'
  stack: |-
    Timeout._onTimeout (/home/absint0o/projects/relayloom/tests/helpers.ts:136:29)
    listOnTimeout (node:internal/timers:585:17)
    process.processTimers (node:internal/timers:521:7)
    Object.call (/home/absint0o/projects/relayloom/tests/helpers.ts:101:18)
    TestContext.<anonymous> (/home/absint0o/projects/relayloom/tests/http-fixture-lifecycle.test.ts:22:38)
    process.processTicksAndRejections (node:internal/process/task_queues:103:5)
    async Test.run (node:internal/test_runner/test:1054:7)
    async startSubtestAfterBootstrap (node:internal/test_runner/harness:296:3)
  ...
1..1
# tests 1
# suites 0
# pass 0
# fail 1
# cancelled 0
# skipped 0
# todo 0
# duration_ms 7064.165153
