
Running 19 tests using 1 worker

(node:3097670) Warning: The 'NO_COLOR' env is ignored due to the 'FORCE_COLOR' env being set.
(Use `node --trace-warnings ...` to show where the warning was created)
  ✓   1 [webkit] › tests/browser/site-contribution-copy.spec.ts:12:3 › proposal copy rechecks block and never reports an unavailable envelope as copied (1.0s)
  ✓   2 [webkit] › tests/browser/site-contribution-copy.spec.ts:12:3 › proposal copy rechecks withdraw and never reports an unavailable envelope as copied (1.0s)
  ✓   3 [webkit] › tests/browser/site-contribution-copy.spec.ts:12:3 › proposal copy rechecks lock and never reports an unavailable envelope as copied (1.1s)
  ✓   4 [webkit] › tests/browser/site-contribution-copy.spec.ts:12:3 › proposal copy rechecks lost-copy and never reports an unavailable envelope as copied (1.0s)
  ✓   5 [webkit] › tests/browser/site-contribution-inbox.spec.ts:12:1 › available form permissions are checked before uninvited browser proposals reserve private inbox capacity (1.9s)
  ✓   6 [webkit] › tests/browser/site-contribution-inbox.spec.ts:141:3 › browser durable proposal inbox reopen-conflict preserves original authority and never fabricates approval (914ms)
  ✓   7 [webkit] › tests/browser/site-contribution-inbox.spec.ts:141:3 › browser durable proposal inbox lock-source preserves original authority and never fabricates approval (877ms)
  ✓   8 [webkit] › tests/browser/site-contribution-inbox.spec.ts:141:3 › browser durable proposal inbox corruption-expiry preserves original authority and never fabricates approval (907ms)
  ✓   9 [webkit] › tests/browser/site-contribution-send.spec.ts:122:5 › private form proposals web-to-native cross RTC and WebSocket with node and an intermediary without a reading key (3.6s)
  ✓  10 [webkit] › tests/browser/site-contribution-send.spec.ts:122:5 › private form proposals native-to-web cross RTC and WebSocket with node and an intermediary without a reading key (3.6s)
  ✓  11 [webkit] › tests/browser/site-contribution-send.spec.ts:122:5 › private form proposals web-to-native cross RTC and WebSocket with native and an intermediary without a reading key (3.2s)
  ✓  12 [webkit] › tests/browser/site-contribution-send.spec.ts:122:5 › private form proposals native-to-web cross RTC and WebSocket with native and an intermediary without a reading key (3.1s)
  ✓  13 [webkit] › tests/browser/site-contribution-send.spec.ts:282:1 › two autonomous browser accounts send a private form proposal through real RTC while the sender relay is paused (3.1s)
  ✓  14 [webkit] › tests/browser/site-contribution-send.spec.ts:451:1 › browser reception journals the original source before review and survives actual cache eviction with the RTC sender closed (2.9s)
  ✓  15 [webkit] › tests/browser/site-contribution-serve-race.spec.ts:13:3 › in-flight proposal authorization cannot survive cancel while its policy read is retained (753ms)
  ✓  16 [webkit] › tests/browser/site-contribution-serve-race.spec.ts:13:3 › in-flight proposal authorization cannot survive expire while its policy read is retained (748ms)
  ✓  17 [webkit] › tests/browser/site-contribution-serve-race.spec.ts:13:3 › in-flight proposal authorization cannot survive close while its policy read is retained (755ms)
  ✓  18 [webkit] › tests/browser/site-contribution-worker.spec.ts:53:1 › production worker describes an authenticated form after UI setup and unlock without exposing keys or accepting caller authority (2.3s)
  ✓  19 [webkit] › tests/browser/site-contribution-worker.spec.ts:146:1 › production workers recover queued proposals offline and send through the UI-established RTC link without reviving cancellation (9.4s)

  19 passed (43.3s)
